<html>
<body>
<pre>
<h1>µVision Build Log</h1>
<h2>Project:</h2>
C:\Nuvoton N575 SDS\V5.03.001\SampleCode\VoiceRecognition\OneCommand\Keil\VROneCmdApp.uvproj
Project File Date:  02/14/2016

<h2>Output:</h2>
Rebuild target 'VoiceRecognition'
Before Build - User command #1: .\PreBuild.bat
Set working directory ......
AudioRes.uid
Audio convert wave-table information to C:\Nuvoton N575 SDS\V5.03.001\SampleCode\VoiceRecognition\OneCommand\AudioRes\Output\AudioRes_AudioInfo.h successfully.
Resource convert successful.
        1 file(s) copied.
        1 file(s) copied.
        1 file(s) copied.
compiling main.c...
compiling AppFunctions.c...
compiling AppCallback.c...
compiling InputKeyActions.c...
compiling InterruptHandler.c...
compiling Powerdown.c...
compiling Preload.c...
compiling MicGetApp.c...
compiling MD4App.c...
compiling VROneCmdApp.c...
assembling startup_N575_Keil.s...
compiling system_N575.c...
compiling SysClk.c...
compiling AudioMixer.c...
compiling AudioRom.c...
compiling ConfigIO.c...
compiling BufCtrl.c...
compiling MicSpk.c...
compiling PdmaCtrl.c...
compiling Playback.c...
compiling SPIFlashUtil.c...
compiling VolumeCtrl.c...
compiling Record.c...
compiling SPIFlash.c...
compiling Keypad.c...
compiling acmp.c...
compiling adc.c...
compiling biq.c...
compiling bod.c...
compiling capsense.c...
compiling clk.c...
compiling CRC.c...
compiling dpwm.c...
compiling fmc.c...
compiling gpio.c...
compiling i2c.c...
compiling i2s.c...
compiling pdma.c...
compiling pwm.c...
compiling rtc.c...
compiling spi.c...
compiling sys.c...
compiling talarm.c...
compiling timer.c...
compiling uart.c...
compiling wdt.c...
compiling retarget.c...
linking...
Program Size: Code=25784 RO-data=10896 RW-data=84 ZI-data=10236  
After Build - User command #1: fromelf --bincombined --output "C:\Nuvoton N575 SDS\V5.03.001\SampleCode\VoiceRecognition\OneCommand\Keil\VR\OneCommand.bin" "C:\Nuvoton N575 SDS\V5.03.001\SampleCode\VoiceRecognition\OneCommand\Keil\VR\OneCommand.axf"
".\VR\OneCommand.axf" - 0 Error(s), 0 Warning(s).
</pre>
</body>
</html>
...
compiling spi.c...
compiling sys.c...
compiling talarm.c...
compiling timer.c...
compiling uart.c...
compiling wdt.c...
compiling retarget.c...
linking...
Program Size: Code=25736 RO-data=10896 RW-data=84 ZI-data=10236  
After Build - User command #1: fromelf --bincombined --output "C:\Nuvoton N575 SDS\V5.03.001\SampleCode\VoiceRecognition\OneCommand\Keil\VR\OneCommand.bin" "C:\Nuvoton N575 SDS\V5.03.001\SampleCode\VoiceRecognition\OneCommand\Keil\VR\OneCommand.axf"
".\VR\OneCommand.axf" - 0 Error(s), 0 Warning(s).
ing(s).
Target not created
);
..\AppFunctions.c(281): error:  #20: identifier "SIX_16K" is undefined
                                        App_StartPlay(SIX_16K);
..\AppFunctions.c(284): error:  #20: identifier "SEVEN_16K" is undefined
                                        App_StartPlay(SEVEN_16K);
..\AppFunctions.c(287): error:  #20: identifier "EIGHT_16K" is undefined
                                        App_StartPlay(EIGHT_16K);
..\AppFunctions.c(290): error:  #20: identifier "NIGHT_16K" is undefined
                                        App_StartPlay(NIGHT_16K);
..\AppFunctions.c: 0 warnings, 18 errors
compiling AppCallback.c...
compiling InputKeyActions.c...
compiling InterruptHandler.c...
compiling Powerdown.c...
compiling Preload.c...
compiling MicGetApp.c...
compiling MD4App.c...
compiling VROneCmdApp.c...
assembling startup_N575_Keil.s...
compiling system_N575.c...
compiling SysClk.c...
compiling AudioMixer.c...
compiling AudioRom.c...
compiling ConfigIO.c...
compiling BufCtrl.c...
compiling MicSpk.c...
compiling PdmaCtrl.c...
compiling Playback.c...
compiling SPIFlashUtil.c...
compiling VolumeCtrl.c...
compiling Record.c...
compiling SPIFlash.c...
compiling Keypad.c...
compiling acmp.c...
compiling adc.c...
compiling biq.c...
compiling bod.c...
compiling capsense.c...
compiling clk.c...
compiling CRC.c...
compiling dpwm.c...
compiling fmc.c...
compiling gpio.c...
compiling i2c.c...
compiling i2s.c...
compiling pdma.c...
compiling pwm.c...
compiling rtc.c...
compiling spi.c...
compiling sys.c...
compiling talarm.c...
compiling timer.c...
compiling uart.c...
compiling wdt.c...
compiling retarget.c...
".\VR\OneCommand.axf" - 18 Error(s), 0 Warning(s).
Target not created
