Product: MDK-ARM Standard 5.10
Component: ARM Compiler 5.04 update 1 (build 49)
Tool: armlink [5040049]

==============================================================================

Small function inlining results

Inlined function __aeabi_idiv0 from aeabi_idiv0.o at offset 0x154 in aeabi_sdiv.o(.text).
Inlined Instruction: BX       lr
Inlined function __aeabi_idiv0 from aeabi_idiv0.o at offset 0x154 in aeabi_sdiv_div0.o(.text).
Inlined Instruction: BX       lr
Inlined function _platform_pre_stackheap_init from boardinit1.o at offset 0x0 in rtentry2.o(.ARM.Collect$$rtentry$$00000001).
Inlined Instruction: BX       lr
Inlined function _fp_init from fpinit.o at offset 0x0 in libinit2.o(.ARM.Collect$$libinit$$00000001).
Inlined Instruction: BX       lr
Inlined function _platform_pre_lib_shutdown from boardshut.o at offset 0x0 in rtexit2.o(.ARM.Collect$$rtexit$$00000001).
Inlined Instruction: BX       lr
Inlined function __ARM_get_argv from no_argv.o at offset 0x2 in argv_veneer.o(.text).
Inlined Instruction: BX       lr
Inlined total of 6 calls.

==============================================================================

Section Cross References

    main.o(i.SPIFlash_Initiate) refers to clk.o(i.CLK_EnableModuleClock) for CLK_EnableModuleClock
    main.o(i.SPIFlash_Initiate) refers to sys.o(i.SYS_ResetModule) for SYS_ResetModule
    main.o(i.SPIFlash_Initiate) refers to spiflash.o(i.SPIFlash_Open) for SPIFlash_Open
    main.o(i.SPIFlash_Initiate) refers to spiflash.o(i.SPIFlash_PowerDown) for SPIFlash_PowerDown
    main.o(i.SPIFlash_Initiate) refers to spiflash.o(i.SPIFlash_Read) for SPIFlash_Read
    main.o(i.SPIFlash_Initiate) refers to spiflash.o(i.SPIFlash_GetChipInfo) for SPIFlash_GetChipInfo
    main.o(i.SPIFlash_Initiate) refers to main.o(.bss) for g_sSpiFlash
    main.o(i.main) refers to sysclk.o(i.SysClk_InitiateRC) for SysClk_InitiateRC
    main.o(i.main) refers to clk.o(i.CLK_EnableLDO) for CLK_EnableLDO
    main.o(i.main) refers to main.o(i.SPIFlash_Initiate) for SPIFlash_Initiate
    main.o(i.main) refers to configio.o(i.OutputPin_Initiate) for OutputPin_Initiate
    main.o(i.main) refers to configio.o(i.OutputPin_Set) for OutputPin_Set
    main.o(i.main) refers to configio.o(i.InputKey_Initiate) for InputKey_Initiate
    main.o(i.main) refers to pdmactrl.o(i.PdmaCtrl_Init) for PdmaCtrl_Init
    main.o(i.main) refers to micspk.o(i.SPK_Open) for SPK_Open
    main.o(i.main) refers to micspk.o(i.MIC_Open) for MIC_Open
    main.o(i.main) refers to appfunctions.o(i.App_Initiate) for App_Initiate
    main.o(i.main) refers to appfunctions.o(i.App_Process) for App_Process
    main.o(i.main) refers to keypad.o(i.Keypad_ScanTgr) for Keypad_ScanTgr
    appfunctions.o(i.App_Initiate) refers to playback.o(i.Playback_Initiate) for Playback_Initiate
    appfunctions.o(i.App_Initiate) refers to micgetapp.o(i.MicGetApp_Initiate) for MicGetApp_Initiate
    appfunctions.o(i.App_Initiate) refers to spiflash.o(i.SPIFlash_Read) for SPIFlash_Read
    appfunctions.o(i.App_Initiate) refers to preload.o(i.PreLoad_VRBin) for PreLoad_VRBin
    appfunctions.o(i.App_Initiate) refers to vronecmdapp.o(i.VROneCmdApp_UnpackBin) for VROneCmdApp_UnpackBin
    appfunctions.o(i.App_Initiate) refers to configio.o(i.OutputPin_Set) for OutputPin_Set
    appfunctions.o(i.App_Initiate) refers to appfunctions.o(i.App_StartRecognize) for App_StartRecognize
    appfunctions.o(i.App_Initiate) refers to main.o(.data) for g_u8AppCtrl
    appfunctions.o(i.App_Initiate) refers to main.o(.bss) for g_sApp
    appfunctions.o(i.App_PowerDown) refers to appfunctions.o(i.App_StopRecognize) for App_StopRecognize
    appfunctions.o(i.App_PowerDown) refers to appfunctions.o(i.App_StopPlay) for App_StopPlay
    appfunctions.o(i.App_PowerDown) refers to powerdown.o(i.PowerDown_Enter) for PowerDown_Enter
    appfunctions.o(i.App_PowerDown) refers to powerdown.o(i.PowerDown) for PowerDown
    appfunctions.o(i.App_PowerDown) refers to powerdown.o(i.PowerDown_Exit) for PowerDown_Exit
    appfunctions.o(i.App_PowerDown) refers to playback.o(i.Playback_Initiate) for Playback_Initiate
    appfunctions.o(i.App_PowerDown) refers to micgetapp.o(i.MicGetApp_Initiate) for MicGetApp_Initiate
    appfunctions.o(i.App_PowerDown) refers to appfunctions.o(i.App_StartRecognize) for App_StartRecognize
    appfunctions.o(i.App_PowerDown) refers to configio.o(i.OutputPin_Set) for OutputPin_Set
    appfunctions.o(i.App_PowerDown) refers to main.o(.bss) for g_sApp
    appfunctions.o(i.App_Process) refers to micgetapp.o(i.MicGetApp_ProcessRec) for MicGetApp_ProcessRec
    appfunctions.o(i.App_Process) refers to vronecmdapp.o(i.VROneCmdApp_GetCMDID) for VROneCmdApp_GetCMDID
    appfunctions.o(i.App_Process) refers to configio.o(i.OutputPin_Set) for OutputPin_Set
    appfunctions.o(i.App_Process) refers to micgetapp.o(i.MicGetApp_StopRec) for MicGetApp_StopRec
    appfunctions.o(i.App_Process) refers to appfunctions.o(i.App_StartPlay) for App_StartPlay
[...]
    i.SPK_Stop                               0x00006140   Section        0  micspk.o(i.SPK_Stop)
    i.SYS_Lock                               0x00006154   Section        0  sys.o(i.SYS_Lock)
    i.SYS_ResetModule                        0x00006164   Section        0  sys.o(i.SYS_ResetModule)
    i.SYS_Unlock                             0x00006194   Section        0  sys.o(i.SYS_Unlock)
    i.SysClk_InitiateRC                      0x000061c4   Section        0  sysclk.o(i.SysClk_InitiateRC)
    i.SystemCoreClockUpdate                  0x0000621c   Section        0  system_n575.o(i.SystemCoreClockUpdate)
    i.TIMER_GetModuleClock                   0x00006284   Section        0  timer.o(i.TIMER_GetModuleClock)
    i.TIMER_GetWorkingFreq                   0x000062e8   Section        0  timer.o(i.TIMER_GetWorkingFreq)
    i.TIMER_Open                             0x00006308   Section        0  timer.o(i.TIMER_Open)
    i.TMR0_IRQHandler                        0x00006380   Section        0  interrupthandler.o(i.TMR0_IRQHandler)
    i.TMR1_IRQHandler                        0x00006390   Section        0  interrupthandler.o(i.TMR1_IRQHandler)
    i.UserEvent_ProcessCallback              0x000063a8   Section        0  appcallback.o(i.UserEvent_ProcessCallback)
    i.VROneCmdApp_GetCMDID                   0x000063ae   Section        0  vronecmdapp.o(i.VROneCmdApp_GetCMDID)
    i.VROneCmdApp_Initiate                   0x000063e8   Section        0  vronecmdapp.o(i.VROneCmdApp_Initiate)
    i.VROneCmdApp_UnpackBin                  0x0000646e   Section        0  vronecmdapp.o(i.VROneCmdApp_UnpackBin)
    i.VolumeCtrl_Reset                       0x000064b8   Section        0  volumectrl.o(i.VolumeCtrl_Reset)
    i.VolumeCtrl_VolumeFade                  0x000064d0   Section        0  volumectrl.o(i.VolumeCtrl_VolumeFade)
    i.WDT_IRQHandler                         0x000064f8   Section        0  interrupthandler.o(i.WDT_IRQHandler)
    i.__ARM_common_switch8                   0x000064fa   Section        0  md4decode.o(i.__ARM_common_switch8)
    i.main                                   0x00006514   Section        0  main.o(i.main)
    .constdata                               0x00006578   Section       16  appcallback.o(.constdata)
    x$fpl$usenofp                            0x00006578   Section        0  usenofp.o(x$fpl$usenofp)
    .constdata                               0x00006588   Section      249  configio.o(.constdata)
    .constdata                               0x00006684   Section       66  micspk.o(.constdata)
    .constdata                               0x000066c6   Section       26  volumectrl.o(.constdata)
    .constdata                               0x000066e0   Section       20  timer.o(.constdata)
    .constdata                               0x000066f4   Section       48  md4decode.o(.constdata)
    .constdata                               0x00006724   Section     2180  bsrgo.o(.constdata)
    BsrLori                                  0x00006724   Data        2180  bsrgo.o(.constdata)
    .constdata                               0x00006fa8   Section     4096  bsrben.o(.constdata)
    .constdata                               0x00007fa8   Section      100  bsreli.o(.constdata)
    BsrKory                                  0x00007fa8   Data         100  bsreli.o(.constdata)
    .constdata                               0x0000800c   Section        9  bsrjoy.o(.constdata)
    BsrJudy                                  0x0000800c   Data           9  bsrjoy.o(.constdata)
    .constdata                               0x00008018   Section     1288  bsrana.o(.constdata)
    .constdata                               0x00008520   Section     2056  bsrann.o(.constdata)
    BsrKira                                  0x00008520   Data         516  bsrann.o(.constdata)
    BsrKirk                                  0x00008724   Data         516  bsrann.o(.constdata)
    BsrKobe                                  0x00008928   Data        1024  bsrann.o(.constdata)
    .constdata                               0x00008d28   Section      512  bsrguy.o(.constdata)
    BsrKyla                                  0x00008d28   Data         512  bsrguy.o(.constdata)
    STACK                                    0x20000000   Section     1536  startup_n575_keil.o(STACK)
    Stack_Mem                                0x20000000   Data        1536  startup_n575_keil.o(STACK)
    .data                                    0x20000600   Section        1  main.o(.data)
    __initial_sp                             0x20000600   Data           0  startup_n575_keil.o(STACK)
    .data                                    0x20000604   Section       28  system_n575.o(.data)
    .data                                    0x20000620   Section       13  playback.o(.data)
    s_u8PlayCtrl                             0x20000620   Data           1  playback.o(.data)
    s_u8FlaushCnt                            0x2000062c   Data           1  playback.o(.data)
    .data                                    0x2000062e   Section        8  volumectrl.o(.data)
    .data                                    0x20000638   Section        8  record.o(.data)
    s_pi16AdcBuf                             0x20000638   Data           4  record.o(.data)
    .data                                    0x20000640   Section       18  keypad.o(.data)
    s_u16KeyDebounceCounter                  0x20000640   Data           2  keypad.o(.data)
    s_u16KeyPressingCounter                  0x20000642   Data           2  keypad.o(.data)
    s_u16TgrDebounceCounter                  0x20000644   Data           2  keypad.o(.data)
    s_u16TgrPressingCounter                  0x20000646   Data           2  keypad.o(.data)
    s_u32TouchCaptureCounter                 0x20000648   Data           4  keypad.o(.data)
    s_u16TouchPressingCounter                0x2000064c   Data           2  keypad.o(.data)
    .bss                                     0x20000654   Section     8500  main.o(.bss)
    .bss                                     0x20002788   Section       32  interrupthandler.o(.bss)
    .bss                                     0x200027a8   Section       68  keypad.o(.bss)
    s_sKeypadKeyCtrlHandler                  0x200027a8   Data          24  keypad.o(.bss)
    s_sKeypadTgrCtrlHandler                  0x200027c0   Data          16  keypad.o(.bss)
    s_sKeypadTouchCtrlHandler                0x200027d0   Data          28  keypad.o(.bss)
    .bss                                     0x200027ec   Section       96  libspace.o(.bss)
    HEAP                                     0x20002850   Section        0  startup_n575_keil.o(HEAP)
    Heap_Mem                                 0x20002850   Data           0  startup_n575_keil.o(HEAP)

    Global Symbols

    Symbol Name                              Value     Ov Type        Size  Object(Section)

    BuildAttributes$$THM_ISAv3M$S$PE$A:L22$X:L11$S22$IEEE1$IW$USESV6$~STKCKD$USESV7$~SHL$OSPACE$ROPI$EBA8$UX$STANDARDLIB$REQ8$PRES8$EABIv2 0x00000000   Number         0  anon$$obj.o ABSOLUTE
    __ARM_use_no_argv                        0x00000000   Number         0  main.o ABSOLUTE
    __Vectors                                0x00000000   Data           4  startup_n575_keil.o(RESET)
    _printf_flags                            0x00000000   Number         0  printf_stubs.o ABSOLUTE
    _printf_return_value                     0x00000000   Number         0  printf_stubs.o ABSOLUTE
    _printf_sizespec                         0x00000000   Number         0  printf_stubs.o ABSOLUTE
    _printf_widthprec                        0x00000000   Number         0  printf_stubs.o ABSOLUTE
    __ARM_exceptions_init                     - Undefined Weak Reference
    __alloca_initialize                       - Undefined Weak Reference
    __cpp_initialize__aeabi_                  - Undefined Weak Reference
    __cxa_finalize                            - Undefined Weak Reference
    __rt_locale                               - Undefined Weak Reference
    __sigvec_lookup                           - Undefined Weak Reference
    _atexit_init                              - Undefined Weak Reference
    _call_atexit_fns                          - Undefined Weak Reference
    _clock_init                               - Undefined Weak Reference
    _fp_trap_init                             - Undefined Weak Reference
    _fp_trap_shutdown                         - Undefined Weak Reference
    _get_lc_collate                           - Undefined Weak Reference
    _get_lc_ctype                             - Undefined Weak Reference
    _get_lc_monetary                          - Undefined Weak Reference
    _get_lc_numeric                           - Undefined Weak Reference
    _get_lc_time                              - Undefined Weak Reference
    _getenv_init                              - Undefined Weak Reference
    _handle_redirection                       - Undefined Weak Reference
    _init_alloc                               - Undefined Weak Reference
    _init_user_alloc                          - Undefined Weak Reference
    _initio                                   - Undefined Weak Reference
    _printf_post_padding                      - Undefined Weak Reference
    _printf_pre_padding                       - Undefined Weak Reference
    _printf_truncate_unsigned                 - Undefined Weak Reference
    _rand_init                                - Undefined Weak Reference
    _signal_finish                            - Undefined Weak Reference
    _signal_init                              - Undefined Weak Reference
    _terminate_alloc                          - Undefined Weak Reference
    _terminate_user_alloc                     - Undefined Weak Reference
    _terminateio                              - Undefined Weak Reference
    __main                                   0x000000c1   Thumb Code     8  __main.o(!!!main)
    __scatterload                            0x000000c9   Thumb Code     0  __scatter.o(!!!scatter)
    __scatterload_rt2                        0x000000c9   Thumb Code    52  __scatter.o(!!!scatter)
    __scatterload_rt2_thumb_only             0x000000c9   Thumb Code     0  __scatter.o(!!!scatter)
    __scatterload_null                       0x000000d9   Thumb Code     0  __scatter.o(!!!scatter)
    __scatterload_copy                       0x00000105   Thumb Code    26  __scatter_copy.o(!!handler_copy)
    __scatterload_zeroinit                   0x00000121   Thumb Code    28  __scatter_zi.o(!!handler_zi)
    __rt_lib_init                            0x0000013d   Thumb Code     0  libinit.o(.ARM.Collect$$libinit$$00000000)
    __rt_lib_init_fp_1                       0x0000013f   Thumb Code     0  libinit2.o(.ARM.Collect$$libinit$$00000001)
    __rt_lib_init_alloca_1                   0x00000143   Thumb Code     0  libinit2.o(.ARM.Collect$$libinit$$0000002C)
    __rt_lib_init_argv_1                     0x00000143   Thumb Code     0  libinit2.o(.ARM.Collect$$libinit$$0000002A)
    __rt_lib_init_atexit_1                   0x00000143   Thumb Code     0  libinit2.o(.ARM.Collect$$libinit$$00000019)
    __rt_lib_init_clock_1                    0x00000143   Thumb Code     0  libinit2.o(.ARM.Collect$$libinit$$0000001F)
    __rt_lib_init_cpp_1                      0x00000143   Thumb Code     0  libinit2.o(.ARM.Collect$$libinit$$00000030)
    __rt_lib_init_exceptions_1               0x00000143   Thumb Code     0  libinit2.o(.ARM.Collect$$libinit$$0000002E)
    __rt_lib_init_fp_trap_1                  0x00000143   Thumb Code     0  libinit2.o(.ARM.Collect$$libinit$$0000001D)
    __rt_lib_init_getenv_1                   0x00000143   Thumb Code     0  libinit2.o(.ARM.Collect$$libinit$$00000021)
    __rt_lib_init_heap_1                     0x00000143   Thumb Code     0  libinit2.o(.ARM.Collect$$libinit$$00000008)
    __rt_lib_init_lc_collate_1               0x00000143   Thumb Code     0  libinit2.o(.ARM.Collect$$libinit$$0000000F)
    __rt_lib_init_lc_ctype_1                 0x00000143   Thumb Code     0  libinit2.o(.ARM.Collect$$libinit$$00000011)
    __rt_lib_init_lc_monetary_1              0x00000143   Thumb Code     0  libinit2.o(.ARM.Collect$$libinit$$00000013)
    __rt_lib_init_lc_numeric_1               0x00000143   Thumb Code     0  libinit2.o(.ARM.Collect$$libinit$$00000015)
    __rt_lib_init_lc_time_1                  0x00000143   Thumb Code     0  libinit2.o(.ARM.Collect$$libinit$$00000017)
    __rt_lib_init_rand_1                     0x00000143   Thumb Code     0  libinit2.o(.ARM.Collect$$libinit$$0000000C)
    __rt_lib_init_return                     0x00000143   Thumb Code     0  libinit2.o(.ARM.Collect$$libinit$$00000031)
    __rt_lib_init_signal_1                   0x00000143   Thumb Code     0  libinit2.o(.ARM.Collect$$libinit$$0000001B)
    __rt_lib_init_stdio_1                    0x00000143   Thumb Code     0  libinit2.o(.ARM.Collect$$libinit$$00000023)
    __rt_lib_init_user_alloc_1               0x00000143   Thumb Code     0  libinit2.o(.ARM.Collect$$libinit$$0000000A)
    __rt_lib_shutdown                        0x00000145   Thumb Code     0  libshutdown.o(.ARM.Collect$$libshutdown$$00000000)
    __rt_lib_shutdown_fp_trap_1              0x00000147   Thumb Code     0  libshutdown2.o(.ARM.Collect$$libshutdown$$00000006)
    __rt_lib_shutdown_heap_1                 0x00000147   Thumb Code     0  libshutdown2.o(.ARM.Collect$$libshutdown$$0000000E)
    __rt_lib_shutdown_return                 0x00000147   Thumb Code     0  libshutdown2.o(.ARM.Collect$$libshutdown$$0000000F)
    __rt_lib_shutdown_signal_1               0x00000147   Thumb Code     0  libshutdown2.o(.ARM.Collect$$libshutdown$$00000009)
    __rt_lib_shutdown_stdio_1                0x00000147   Thumb Code     0  libshutdown2.o(.ARM.Collect$$libshutdown$$00000003)
    __rt_lib_shutdown_user_alloc_1           0x00000147   Thumb Code     0  libshutdown2.o(.ARM.Collect$$libshutdown$$0000000B)
    __rt_entry                               0x00000149   Thumb Code     0  rtentry.o(.ARM.Collect$$rtentry$$00000000)
    __rt_entry_presh_1                       0x00000149   Thumb Code     0  rtentry2.o(.ARM.Collect$$rtentry$$00000002)
    __rt_entry_sh                            0x00000149   Thumb Code     0  rtentry4.o(.ARM.Collect$$rtentry$$00000004)
    __rt_entry_li                            0x0000014f   Thumb Code     0  rtentry2.o(.ARM.Collect$$rtentry$$0000000A)
    __rt_entry_postsh_1                      0x0000014f   Thumb Code     0  rtentry2.o(.ARM.Collect$$rtentry$$00000009)
    __rt_entry_main                          0x00000153   Thumb Code     0  rtentry2.o(.ARM.Collect$$rtentry$$0000000D)
    __rt_entry_postli_1                      0x00000153   Thumb Code     0  rtentry2.o(.ARM.Collect$$rtentry$$0000000C)
    __rt_exit                                0x0000015b   Thumb Code     0  rtexit.o(.ARM.Collect$$rtexit$$00000000)
    __rt_exit_ls                             0x0000015d   Thumb Code     0  rtexit2.o(.ARM.Collect$$rtexit$$00000003)
    __rt_exit_prels_1                        0x0000015d   Thumb Code     0  rtexit2.o(.ARM.Collect$$rtexit$$00000002)
    __rt_exit_exit                           0x00000161   Thumb Code     0  rtexit2.o(.ARM.Collect$$rtexit$$00000004)
    __aeabi_memcpy4                          0x00000169   Thumb Code    56  rt_memcpy.o(.emb_text)
    __aeabi_memcpy8                          0x00000169   Thumb Code     0  rt_memcpy.o(.emb_text)
    Reset_Handler                            0x000001a1   Thumb Code    28  startup_n575_keil.o(.text)
    NMI_Handler                              0x000001bd   Thumb Code     2  startup_n575_keil.o(.text)
    HardFault_Handler                        0x000001bf   Thumb Code     2  startup_n575_keil.o(.text)
    SVC_Handler                              0x000001c1   Thumb Code     2  startup_n575_keil.o(.text)
    PendSV_Handler                           0x000001c3   Thumb Code     2  startup_n575_keil.o(.text)
    SysTick_Handler                          0x000001c5   Thumb Code     2  startup_n575_keil.o(.text)
    ACMP_IRQHandler                          0x000001c7   Thumb Code     0  startup_n575_keil.o(.text)
    ADC_IRQHandler                           0x000001c7   Thumb Code     0  startup_n575_keil.o(.text)
    ALC_IRQHandler                           0x000001c7   Thumb Code     0  startup_n575_keil.o(.text)
    BOD_IRQHandler                           0x000001c7   Thumb Code     0  startup_n575_keil.o(.text)
    EINT0_IRQHandler                         0x000001c7   Thumb Code     0  startup_n575_keil.o(.text)
    EINT1_IRQHandler                         0x000001c7   Thumb Code     0  startup_n575_keil.o(.text)
    I2C0_IRQHandler                          0x000001c7   Thumb Code     0  startup_n575_keil.o(.text)
    I2S_IRQHandler                           0x000001c7   Thumb Code     0  startup_n575_keil.o(.text)
    PWM0_IRQHandler                          0x000001c7   Thumb Code     0  startup_n575_keil.o(.text)
    SPI0_IRQHandler                          0x000001c7   Thumb Code     0  startup_n575_keil.o(.text)
    TALARM_IRQHandler                        0x000001c7   Thumb Code     0  startup_n575_keil.o(.text)
    UART0_IRQHandler                         0x000001c7   Thumb Code     0  startup_n575_keil.o(.text)
    __user_initial_stackheap                 0x000001c9   Thumb Code     0  startup_n575_keil.o(.text)
    memcmp                                   0x000001fd   Thumb Code    90  memcmp.o(.text)
    _memset_w                                0x00000257   Thumb Code    26  rt_memclr.o(.text)
    _memset                                  0x00000271   Thumb Code    30  rt_memclr.o(.text)
    __aeabi_memclr                           0x0000028f   Thumb Code     4  rt_memclr.o(.text)
    __rt_memclr                              0x0000028f   Thumb Code     0  rt_memclr.o(.text)
    __aeabi_memclr4                          0x00000293   Thumb Code     0  rt_memclr.o(.text)
    __aeabi_memclr8                          0x00000293   Thumb Code     0  rt_memclr.o(.text)
    __rt_memclr_w                            0x00000293   Thumb Code     4  rt_memclr.o(.text)
    __aeabi_uidiv                            0x00000297   Thumb Code     0  aeabi_sdiv.o(.text)
    __aeabi_uidivmod                         0x00000297   Thumb Code    20  aeabi_sdiv.o(.text)
    __aeabi_idiv                             0x000002ab   Thumb Code     0  aeabi_sdiv.o(.text)
    __aeabi_idivmod                          0x000002ab   Thumb Code   326  aeabi_sdiv.o(.text)
    __use_two_region_memory                  0x000003f1   Thumb Code     2  heapauxi.o(.text)
    __rt_heap_escrow$2region                 0x000003f3   Thumb Code     2  heapauxi.o(.text)
    __rt_heap_expand$2region                 0x000003f5   Thumb Code     2  heapauxi.o(.text)
    __aeabi_d2uiz                            0x000003f9   Thumb Code     0  dfixui.o(.text)
    _dfixu                                   0x000003f9   Thumb Code    64  dfixui.o(.text)
    __aeabi_i2d_normalise                    0x0000043d   Thumb Code    66  dflti.o(.text)
    __aeabi_i2d                              0x0000047f   Thumb Code    16  dflti.o(.text)
    _dflt                                    0x0000047f   Thumb Code     0  dflti.o(.text)
    __aeabi_ui2d                             0x0000048f   Thumb Code     6  dflti.o(.text)
    _dfltu                                   0x0000048f   Thumb Code     0  dflti.o(.text)
    __aeabi_dmul                             0x00000495   Thumb Code     0  dmul.o(.text)
    _dmul                                    0x00000495   Thumb Code   592  dmul.o(.text)
    __user_setup_stackheap                   0x000006fd   Thumb Code    62  sys_stackheap_outer.o(.text)
    exit                                     0x0000073b   Thumb Code    12  exit.o(.text)
    __user_libspace                          0x00000749   Thumb Code     8  libspace.o(.text)
    __user_perproc_libspace                  0x00000749   Thumb Code     0  libspace.o(.text)
    __user_perthread_libspace                0x00000749   Thumb Code     0  libspace.o(.text)
    _sys_exit                                0x00000751   Thumb Code     8  sys_exit.o(.text)
    __I$use$semihosting                      0x0000075d   Thumb Code     0  use_no_semi.o(.text)
    __use_no_semihosting_swi                 0x0000075d   Thumb Code     2  use_no_semi.o(.text)
    ADC_Close                                0x0000075f   Thumb Code     2  adc.o(i.ADC_Close)
    __semihosting_library_function           0x0000075f   Thumb Code     0  indicate_semi.o(.text)
    ADC_DisableInt                           0x00000761   Thumb Code    82  adc.o(i.ADC_DisableInt)
    ADC_DisableMICBias                       0x000007bd   Thumb Code    10  adc.o(i.ADC_DisableMICBias)
    ADC_EnableMICBias                        0x000007cd   Thumb Code    14  adc.o(i.ADC_EnableMICBias)
    ADC_Open                                 0x000007e1   Thumb Code     2  adc.o(i.ADC_Open)
    ADC_SetALCTargetLevel                    0x000007e5   Thumb Code    66  adc.o(i.ADC_SetALCTargetLevel)
    ADC_SetAMUX                              0x00000835   Thumb Code    86  adc.o(i.ADC_SetAMUX)
    ADC_SetPGAGaindB                         0x00000895   Thumb Code    52  adc.o(i.ADC_SetPGAGaindB)
    App_Initiate                             0x000008d5   Thumb Code   124  appfunctions.o(i.App_Initiate)
    App_PowerDown                            0x00000969   Thumb Code    72  appfunctions.o(i.App_PowerDown)
    App_Process                              0x000009bd   Thumb Code   456  appfunctions.o(i.App_Process)
    App_StartPlay                            0x00000b99   Thumb Code    44  appfunctions.o(i.App_StartPlay)
    App_StartRecognize                       0x00000bc9   Thumb Code    40  appfunctions.o(i.App_StartRecognize)
    App_StopPlay                             0x00000bfd   Thumb Code    16  appfunctions.o(i.App_StopPlay)
    App_StopRecognize                        0x00000c11   Thumb Code    26  appfunctions.o(i.App_StopRecognize)
    AudioRom_GetAudioChunkInfo               0x00000c35   Thumb Code    50  audiorom.o(i.AudioRom_GetAudioChunkInfo)
    AudioRom_GetRomHeader                    0x00000c67   Thumb Code    30  audiorom.o(i.AudioRom_GetRomHeader)
    BIQ_Reset                                0x00000cb9   Thumb Code    26  biq.o(i.BIQ_Reset)
    BIQ_SetCoeff                             0x00000cd9   Thumb Code   102  biq.o(i.BIQ_SetCoeff)
    BsrAbby                                  0x00000d45   Thumb Code    44  bsrjoe.o(i.BsrAbby)
    BsrAbel                                  0x00000d71   Thumb Code   120  bsrjoe.o(i.BsrAbel)
    BsrAdam                                  0x00000de9   Thumb Code   192  bsrjoe.o(i.BsrAdam)
    BsrAlma                                  0x00000ea9   Thumb Code   224  bsrdon.o(i.BsrAlma)
    BsrAmir                                  0x00000f89   Thumb Code    26  bsrdon.o(i.BsrAmir)
    BsrAmos                                  0x00000fa3   Thumb Code   282  bsrdon.o(i.BsrAmos)
    BsrAna                                   0x000010bd   Thumb Code    64  bsrjim.o(i.BsrAna)
    BsrAnn                                   0x000010fd   Thumb Code   180  bsrjim.o(i.BsrAnn)
    BsrAnna                                  0x000011b1   Thumb Code    38  bsrdon.o(i.BsrAnna)
    BsrAnne                                  0x000011d7   Thumb Code    24  bsrdon.o(i.BsrAnne)
    BsrAnnie                                 0x000011ef   Thumb Code    28  bsrdon.o(i.BsrAnnie)
    BsrAri                                   0x0000120d   Thumb Code   104  bsrjim.o(i.BsrAri)
    BsrAsa                                   0x00001279   Thumb Code   186  bsrjim.o(i.BsrAsa)
    BsrAva                                   0x00001339   Thumb Code    62  bsrjim.o(i.BsrAva)
    BsrAyla                                  0x00001377   Thumb Code    26  bsrdon.o(i.BsrAyla)
    BsrBaby                                  0x00001391   Thumb Code    14  bsrdon.o(i.BsrBaby)
    BsrBen                                   0x0000139f   Thumb Code   106  bsrjim.o(i.BsrBen)
    BsrBrad                                  0x00001409   Thumb Code    48  bsrben.o(i.BsrBrad)
    BsrBret                                  0x0000143d   Thumb Code   288  bsrjay.o(i.BsrBret)
    BsrCade                                  0x00001565   Thumb Code   306  bsrjay.o(i.BsrCade)
    BsrCale                                  0x0000169d   Thumb Code    28  bsrjay.o(i.BsrCale)
    BsrCara                                  0x000016b9   Thumb Code   492  bsrjay.o(i.BsrCara)
    BsrChad                                  0x000018a9   Thumb Code   142  bsrjay.o(i.BsrChad)
    BsrChaz                                  0x0000193d   Thumb Code   158  bsrjay.o(i.BsrChaz)
    BsrClay                                  0x000019e1   Thumb Code   548  bsrjay.o(i.BsrClay)
    BsrCory                                  0x00001c09   Thumb Code   350  bsrjoy.o(i.BsrCory)
    BsrCoty                                  0x00001d6d   Thumb Code    30  bsrjoy.o(i.BsrCoty)
    BsrDale                                  0x00001d8b   Thumb Code    18  bsrjoy.o(i.BsrDale)
    BsrDan                                   0x00001d9d   Thumb Code    52  bsrjim.o(i.BsrDan)
    BsrDane                                  0x00001dd1   Thumb Code     8  bsrjoy.o(i.BsrDane)
    BsrDawn                                  0x00001dd9   Thumb Code     8  bsrjoy.o(i.BsrDawn)
    BsrDeja                                  0x00001de1   Thumb Code    72  bsrjoy.o(i.BsrDeja)
    BsrDemi                                  0x00001e29   Thumb Code   176  bsrjoy.o(i.BsrDemi)
    BsrDeon                                  0x00001ee1   Thumb Code   206  bsrjoy.o(i.BsrDeon)
    BsrDina                                  0x00001faf   Thumb Code   236  bsrjoy.o(i.BsrDina)
    BsrDion                                  0x0000209d   Thumb Code   116  bsrjoy.o(i.BsrDion)
    BsrEden                                  0x00002115   Thumb Code   286  bsreva.o(i.BsrEden)
    BsrEli                                   0x00002239   Thumb Code    68  bsrjim.o(i.BsrEli)
    BsrElla                                  0x0000227d   Thumb Code   330  bsreva.o(i.BsrElla)
    BsrElsa                                  0x000023cd   Thumb Code   244  bsreva.o(i.BsrElsa)
    BsrEmma                                  0x000024c5   Thumb Code   128  bsreli.o(i.BsrEmma)
    BsrEric                                  0x00002549   Thumb Code    58  bsreli.o(i.BsrEric)
    BsrErica                                 0x00002585   Thumb Code   196  bsreli.o(i.BsrErica)
    BsrErik                                  0x00002651   Thumb Code    46  bsreli.o(i.BsrErik)
    BsrErin                                  0x0000267f   Thumb Code   216  bsreli.o(i.BsrErin)
    BsrEva                                   0x00002757   Thumb Code    32  bsrjim.o(i.BsrEva)
    BsrEvan                                  0x00002777   Thumb Code    36  bsreli.o(i.BsrEvan)
    BsrGary                                  0x0000279d   Thumb Code    96  bsrana.o(i.BsrGary)
    BsrGreg                                  0x00002801   Thumb Code   242  bsrann.o(i.BsrGreg)
    BsrGuy                                   0x000028fd   Thumb Code    52  bsrjim.o(i.BsrGuy)
    BsrHugo                                  0x00002931   Thumb Code    64  bsrguy.o(i.BsrHugo)
    BsrIris                                  0x00002975   Thumb Code    54  bsrguy.o(i.BsrIris)
    BsrIrma                                  0x000029ad   Thumb Code    96  bsrguy.o(i.BsrIrma)
    BsrIsai                                  0x00002a11   Thumb Code    26  bsrguy.o(i.BsrIsai)
    BsrJan                                   0x00002ba9   Thumb Code    22  bsrjim.o(i.BsrJan)
    BsrJohn                                  0x0000312f   Thumb Code    22  bsrali.o(i.BsrJohn)
    BsrJose                                  0x00003145   Thumb Code    34  bsrali.o(i.BsrJose)
    BsrJosh                                  0x00003167   Thumb Code    66  bsrali.o(i.BsrJosh)
    BsrKai                                   0x000031d9   Thumb Code    16  bsrjim.o(i.BsrKai)
    BsrMichael                               0x00003413   Thumb Code   308  bsrjim.o(i.BsrMichael)
    BsrMya                                   0x00003547   Thumb Code    96  bsrkai.o(i.BsrMya)
    BsrNia                                   0x000035a7   Thumb Code    30  bsrkai.o(i.BsrNia)
    BsrRay                                   0x000035c5   Thumb Code   136  bsrkai.o(i.BsrRay)
    BsrRex                                   0x0000364d   Thumb Code    18  bsrkai.o(i.BsrRex)
    BsrRey                                   0x0000365f   Thumb Code    16  bsrkai.o(i.BsrRey)
    BsrRon                                   0x0000366f   Thumb Code   112  bsrkai.o(i.BsrRon)
    BsrRoy                                   0x000036df   Thumb Code    40  bsrkai.o(i.BsrRoy)
    BsrTed                                   0x00003707   Thumb Code    16  bsrkai.o(i.BsrTed)
    BsrTia                                   0x00003717   Thumb Code    70  bsrkai.o(i.BsrTia)
    BsrTom                                   0x0000375d   Thumb Code   124  bsrkai.o(i.BsrTom)
    BsrTre                                   0x000037d9   Thumb Code    20  bsrkai.o(i.BsrTre)
    BsrZoe                                   0x000037ed   Thumb Code     4  bsrjoe.o(i.BsrZoe)
    BufCtrl_UpdateReadWithCount              0x000037f1   Thumb Code    32  bufctrl.o(i.BufCtrl_UpdateReadWithCount)
    BufCtrl_UpdateWriteWithCount             0x00003811   Thumb Code    32  bufctrl.o(i.BufCtrl_UpdateWriteWithCount)
    CAPS_IRQHandler                          0x00003831   Thumb Code    16  interrupthandler.o(i.CAPS_IRQHandler)
    CLK_DeepSleep                            0x00003845   Thumb Code    54  clk.o(i.CLK_DeepSleep)
    CLK_DisableLDO                           0x00003889   Thumb Code    28  clk.o(i.CLK_DisableLDO)
    CLK_DisableModuleClock                   0x000038a9   Thumb Code    32  clk.o(i.CLK_DisableModuleClock)
    CLK_EnableLDO                            0x000038cd   Thumb Code    56  clk.o(i.CLK_EnableLDO)
    CLK_EnableModuleClock                    0x0000390d   Thumb Code    32  clk.o(i.CLK_EnableModuleClock)
    CLK_EnableXtalRC                         0x00003931   Thumb Code    28  clk.o(i.CLK_EnableXtalRC)
    CLK_GetHCLKFreq                          0x00003951   Thumb Code    12  clk.o(i.CLK_GetHCLKFreq)
    CLK_SetHCLK                              0x00003961   Thumb Code    66  clk.o(i.CLK_SetHCLK)
    CLK_SetModuleClock                       0x000039a9   Thumb Code    94  clk.o(i.CLK_SetModuleClock)
    CLK_SetSysTickClockSrc                   0x00003a0d   Thumb Code    32  clk.o(i.CLK_SetSysTickClockSrc)
    CLK_SysTickDelay                         0x00003a31   Thumb Code    36  clk.o(i.CLK_SysTickDelay)
    CSpotter_AddSample                       0x00003a5d   Thumb Code    86  cspottersdkapi.o(i.CSpotter_AddSample)
    CSpotter_GetMemoryUsage_Multi            0x00003abd   Thumb Code    30  cspottersdkapi.o(i.CSpotter_GetMemoryUsage_Multi)
    CSpotter_GetMemoryUsage_Sep              0x00003ae1   Thumb Code    14  cspottersdkapi.o(i.CSpotter_GetMemoryUsage_Sep)
    CSpotter_GetResult                       0x00003af1   Thumb Code    22  cspottersdkapi.o(i.CSpotter_GetResult)
    CSpotter_Init_Multi                      0x00003b0d   Thumb Code   324  cspottersdkapi.o(i.CSpotter_Init_Multi)
    CSpotter_Init_Sep                        0x00003c59   Thumb Code    30  cspottersdkapi.o(i.CSpotter_Init_Sep)
    CSpotter_Release                         0x00003c79   Thumb Code    28  cspottersdkapi.o(i.CSpotter_Release)
    CSpotter_Reset                           0x00003c99   Thumb Code    38  cspottersdkapi.o(i.CSpotter_Reset)
    DPWM_Open                                0x00003cc9   Thumb Code     2  dpwm.o(i.DPWM_Open)
    DPWM_SetSampleRate                       0x00003ccd   Thumb Code    52  dpwm.o(i.DPWM_SetSampleRate)
    Default_KeyHandler                       0x00003d09   Thumb Code   268  inputkeyactions.o(i.Default_KeyHandler)
    FMC_Close                                0x00003e2d   Thumb Code    14  fmc.o(i.FMC_Close)
    FMC_Erase                                0x00003e41   Thumb Code    68  fmc.o(i.FMC_Erase)
    FMC_Open                                 0x00003e89   Thumb Code    14  fmc.o(i.FMC_Open)
    FMC_Write                                0x00003e9d   Thumb Code    36  fmc.o(i.FMC_Write)
    GPAB_IRQHandler                          0x00003ec5   Thumb Code    26  interrupthandler.o(i.GPAB_IRQHandler)
    GPIO_DisableInt                          0x00003ee9   Thumb Code    22  gpio.o(i.GPIO_DisableInt)
    GPIO_EnableInt                           0x00003f05   Thumb Code    26  gpio.o(i.GPIO_EnableInt)
    GPIO_SetMode                             0x00003f1f   Thumb Code    46  gpio.o(i.GPIO_SetMode)
    InputKey_Change                          0x00003f4d   Thumb Code    26  configio.o(i.InputKey_Change)
    InputKey_Initiate                        0x00003f71   Thumb Code   198  configio.o(i.InputKey_Initiate)
    Keypad_CheckTgrPinInPress                0x00004055   Thumb Code    20  keypad.o(i.Keypad_CheckTgrPinInPress)
    Keypad_InitKeypad                        0x0000406d   Thumb Code     8  keypad.o(i.Keypad_InitKeypad)
    Keypad_InitTgr                           0x00004079   Thumb Code    42  keypad.o(i.Keypad_InitTgr)
    Keypad_ResetTgr                          0x000040ad   Thumb Code    58  keypad.o(i.Keypad_ResetTgr)
    Keypad_ScanTgr                           0x000040f5   Thumb Code   138  keypad.o(i.Keypad_ScanTgr)
    Keypad_TgrDecDebounceCounter             0x00004189   Thumb Code    46  keypad.o(i.Keypad_TgrDecDebounceCounter)
    Keypad_TgrGetEvent                       0x000041bd   Thumb Code   168  keypad.o(i.Keypad_TgrGetEvent)
    MD4App_DecodeInitiate                    0x00004271   Thumb Code    34  md4app.o(i.MD4App_DecodeInitiate)
    MD4App_DecodeProcess                     0x00004295   Thumb Code   160  md4app.o(i.MD4App_DecodeProcess)
    MD4App_DecodeStartPlayByAddr             0x00004339   Thumb Code   124  md4app.o(i.MD4App_DecodeStartPlayByAddr)
    MD4App_DecodeStartPlayByID               0x000043b9   Thumb Code    42  md4app.o(i.MD4App_DecodeStartPlayByID)
    MD4App_DecodeStopPlay                    0x000043e9   Thumb Code    26  md4app.o(i.MD4App_DecodeStopPlay)
    MD4_DecodeInitiate                       0x000044f9   Thumb Code   172  md4decode.o(i.MD4_DecodeInitiate)
    MD4_DecodeIsEnd                          0x000045a9   Thumb Code    16  md4decode.o(i.MD4_DecodeIsEnd)
    MD4_DecodeProcess                        0x000045b9   Thumb Code   322  md4decode.o(i.MD4_DecodeProcess)
    MIC_ChangeSR                             0x000046fd   Thumb Code   124  micspk.o(i.MIC_ChangeSR)
    MIC_Close                                0x00004785   Thumb Code    66  micspk.o(i.MIC_Close)
    MIC_Open                                 0x000047d5   Thumb Code   274  micspk.o(i.MIC_Open)
    MIC_Start                                0x00004915   Thumb Code     8  micspk.o(i.MIC_Start)
    MIC_Stop                                 0x00004921   Thumb Code    10  micspk.o(i.MIC_Stop)
    MicGetApp_Initiate                       0x00004931   Thumb Code    24  micgetapp.o(i.MicGetApp_Initiate)
    MicGetApp_ProcessRec                     0x00004949   Thumb Code    54  micgetapp.o(i.MicGetApp_ProcessRec)
    MicGetApp_StartRec                       0x0000497f   Thumb Code    40  micgetapp.o(i.MicGetApp_StartRec)
    MicGetApp_StopRec                        0x000049a7   Thumb Code    18  micgetapp.o(i.MicGetApp_StopRec)
    NINJA_API_1                              0x000049b9   Thumb Code    96  bsrgo.o(i.NINJA_API_1)
    NINJA_API_11                             0x00004a19   Thumb Code   230  bsrgo.o(i.NINJA_API_11)
    NINJA_API_13                             0x00004b01   Thumb Code   262  bsrgo.o(i.NINJA_API_13)
    NINJA_API_15                             0x00004c0d   Thumb Code    32  bsrgo.o(i.NINJA_API_15)
    NINJA_API_19                             0x00004c2d   Thumb Code    32  bsrgo.o(i.NINJA_API_19)
    NINJA_API_2                              0x00004c4d   Thumb Code    40  bsrgo.o(i.NINJA_API_2)
    NINJA_API_23                             0x00004c75   Thumb Code    36  bsrgo.o(i.NINJA_API_23)
    NINJA_API_26                             0x00004c99   Thumb Code    46  bsrgo.o(i.NINJA_API_26)
    NINJA_API_3                              0x00004cc7   Thumb Code    32  bsrgo.o(i.NINJA_API_3)
    NINJA_API_47                             0x00004ce7   Thumb Code    92  bsrgo.o(i.NINJA_API_47)
    NINJA_API_48                             0x00004d43   Thumb Code    82  bsrgo.o(i.NINJA_API_48)
    NINJA_API_8                              0x00004d95   Thumb Code   236  bsrgo.o(i.NINJA_API_8)
    NINJA_API_9                              0x00004e85   Thumb Code   654  bsrgo.o(i.NINJA_API_9)
    OutputPin_Initiate                       0x00005155   Thumb Code    28  configio.o(i.OutputPin_Initiate)
    OutputPin_Set                            0x00005175   Thumb Code    20  configio.o(i.OutputPin_Set)
    PDMA_DisableInt                          0x00005189   Thumb Code    16  pdma.o(i.PDMA_DisableInt)
    PDMA_EnableInt                           0x0000519d   Thumb Code    16  pdma.o(i.PDMA_EnableInt)
    PDMA_IRQHandler                          0x000051b1   Thumb Code    52  interrupthandler.o(i.PDMA_IRQHandler)
    PDMA_Open                                0x000051f5   Thumb Code    14  pdma.o(i.PDMA_Open)
    PDMA_SetTransferAddr                     0x00005209   Thumb Code    30  pdma.o(i.PDMA_SetTransferAddr)
    PDMA_SetTransferCnt                      0x0000522d   Thumb Code    66  pdma.o(i.PDMA_SetTransferCnt)
    PDMA_SetTransferDirection                0x00005275   Thumb Code    20  pdma.o(i.PDMA_SetTransferDirection)
    PDMA_SetTransferMode                     0x0000528d   Thumb Code   228  pdma.o(i.PDMA_SetTransferMode)
    PDMA_Trigger                             0x00005375   Thumb Code    16  pdma.o(i.PDMA_Trigger)
    PdmaCtrl_Close                           0x0000538d   Thumb Code    38  pdmactrl.o(i.PdmaCtrl_Close)
    PdmaCtrl_Init                            0x000053bd   Thumb Code    34  pdmactrl.o(i.PdmaCtrl_Init)
    PdmaCtrl_Open                            0x000053e5   Thumb Code   148  pdmactrl.o(i.PdmaCtrl_Open)
    PdmaCtrl_Start                           0x00005481   Thumb Code   124  pdmactrl.o(i.PdmaCtrl_Start)
    PdmaCtrl_Stop                            0x00005501   Thumb Code    22  pdmactrl.o(i.PdmaCtrl_Stop)
    PdmaCtrl_UnInit                          0x0000551d   Thumb Code    28  pdmactrl.o(i.PdmaCtrl_UnInit)
    Playback_Add                             0x0000553d   Thumb Code    58  playback.o(i.Playback_Add)
    Playback_Initiate                        0x0000557d   Thumb Code    10  playback.o(i.Playback_Initiate)
    Playback_Process                         0x00005589   Thumb Code   342  playback.o(i.Playback_Process)
    Playback_Remove                          0x000056f9   Thumb Code    56  playback.o(i.Playback_Remove)
    Playback_ResetChannelVolume              0x00005735   Thumb Code    24  playback.o(i.Playback_ResetChannelVolume)
    Playback_SetOutputBuf                    0x00005751   Thumb Code    50  playback.o(i.Playback_SetOutputBuf)
    Playback_StartPlay                       0x00005785   Thumb Code    88  playback.o(i.Playback_StartPlay)
    Playback_StopPlay                        0x000057f1   Thumb Code    94  playback.o(i.Playback_StopPlay)
    PowerDown                                0x0000585d   Thumb Code    14  powerdown.o(i.PowerDown)
    PowerDown_Enter                          0x0000586d   Thumb Code   124  powerdown.o(i.PowerDown_Enter)
    PowerDown_Exit                           0x000058f5   Thumb Code    50  powerdown.o(i.PowerDown_Exit)
    PowerDown_GPIOConfigWakePin              0x0000592d   Thumb Code    62  powerdown.o(i.PowerDown_GPIOConfigWakePin)
    PowerDown_GPIOPostProc                   0x00005971   Thumb Code    28  powerdown.o(i.PowerDown_GPIOPostProc)
    PowerDown_GPIOPreProc                    0x00005991   Thumb Code    66  powerdown.o(i.PowerDown_GPIOPreProc)
    PowerDown_GPIOStableCount                0x000059e1   Thumb Code    60  powerdown.o(i.PowerDown_GPIOStableCount)
    PowerDown_KeypadHandler                  0x00005a29   Thumb Code    10  inputkeyactions.o(i.PowerDown_KeypadHandler)
    PreLoad_VRBin                            0x00005a35   Thumb Code   198  preload.o(i.PreLoad_VRBin)
    RTC_IRQHandler                           0x00005b01   Thumb Code     2  interrupthandler.o(i.RTC_IRQHandler)
    Record_Add                               0x00005b05   Thumb Code    22  record.o(i.Record_Add)
    Record_Process                           0x00005b21   Thumb Code    86  record.o(i.Record_Process)
    Record_SetInBufRecord                    0x00005b85   Thumb Code    54  record.o(i.Record_SetInBufRecord)
    Record_StartRec                          0x00005bbd   Thumb Code    76  record.o(i.Record_StartRec)
    Record_StopRec                           0x00005c1d   Thumb Code    26  record.o(i.Record_StopRec)
    SPIFlash_3ByteAddr_Cmd                   0x00005c3d   Thumb Code    48  spiflash.o(i.SPIFlash_3ByteAddr_Cmd)
    SPIFlash_GetChipInfo                     0x00005c6d   Thumb Code    44  spiflash.o(i.SPIFlash_GetChipInfo)
    SPIFlash_Initiate                        0x00005c99   Thumb Code   114  main.o(i.SPIFlash_Initiate)
    SPIFlash_Open                            0x00005d21   Thumb Code   112  spiflash.o(i.SPIFlash_Open)
    SPIFlash_PowerDown                       0x00005d91   Thumb Code    20  spiflash.o(i.SPIFlash_PowerDown)
    SPIFlash_Read                            0x00005da5   Thumb Code    30  spiflash.o(i.SPIFlash_Read)
    SPIFlash_ReadData                        0x00005dc3   Thumb Code   212  spiflash.o(i.SPIFlash_ReadData)
    SPIFlash_ReadDataCallback                0x00005e99   Thumb Code    24  appcallback.o(i.SPIFlash_ReadDataCallback)
    SPIFlash_ReadEnd                         0x00005eb5   Thumb Code    24  spiflash.o(i.SPIFlash_ReadEnd)
    SPIFlash_ReadStart                       0x00005ecd   Thumb Code    78  spiflash.o(i.SPIFlash_ReadStart)
    SPIFlash_SendRecOneData                  0x00005f1b   Thumb Code    82  spiflash.o(i.SPIFlash_SendRecOneData)
    SPI_Close                                0x00005f6d   Thumb Code    38  spi.o(i.SPI_Close)
    SPI_GetBusClock                          0x00005f99   Thumb Code    24  spi.o(i.SPI_GetBusClock)
    SPI_Open                                 0x00005fb1   Thumb Code    40  spi.o(i.SPI_Open)
    SPI_SetBusClock                          0x00005fd9   Thumb Code    76  spi.o(i.SPI_SetBusClock)
    SPI_SetVarClock                          0x00006029   Thumb Code    66  spi.o(i.SPI_SetVarClock)
    SPK_ChangeSR                             0x00006071   Thumb Code    46  micspk.o(i.SPK_ChangeSR)
    SPK_Close                                0x000060ad   Thumb Code    28  micspk.o(i.SPK_Close)
    SPK_Open                                 0x000060d1   Thumb Code    58  micspk.o(i.SPK_Open)
    SPK_Start                                0x0000611d   Thumb Code    32  micspk.o(i.SPK_Start)
    SPK_Stop                                 0x00006141   Thumb Code    14  micspk.o(i.SPK_Stop)
    SYS_Lock                                 0x00006155   Thumb Code    12  sys.o(i.SYS_Lock)
    SYS_ResetModule                          0x00006165   Thumb Code    48  sys.o(i.SYS_ResetModule)
    SYS_Unlock                               0x00006195   Thumb Code    44  sys.o(i.SYS_Unlock)
    SysClk_InitiateRC                        0x000061c5   Thumb Code    78  sysclk.o(i.SysClk_InitiateRC)
    SystemCoreClockUpdate                    0x0000621d   Thumb Code    74  system_n575.o(i.SystemCoreClockUpdate)
    TIMER_GetModuleClock                     0x00006285   Thumb Code    82  timer.o(i.TIMER_GetModuleClock)
    TIMER_GetWorkingFreq                     0x000062e9   Thumb Code    32  timer.o(i.TIMER_GetWorkingFreq)
    TIMER_Open                               0x00006309   Thumb Code   118  timer.o(i.TIMER_Open)
    TMR0_IRQHandler                          0x00006381   Thumb Code    12  interrupthandler.o(i.TMR0_IRQHandler)
    TMR1_IRQHandler                          0x00006391   Thumb Code    18  interrupthandler.o(i.TMR1_IRQHandler)
    UserEvent_ProcessCallback                0x000063a9   Thumb Code     6  appcallback.o(i.UserEvent_ProcessCallback)
    VROneCmdApp_GetCMDID                     0x000063af   Thumb Code    58  vronecmdapp.o(i.VROneCmdApp_GetCMDID)
    VROneCmdApp_Initiate                     0x000063e9   Thumb Code   134  vronecmdapp.o(i.VROneCmdApp_Initiate)
    VROneCmdApp_UnpackBin                    0x0000646f   Thumb Code    74  vronecmdapp.o(i.VROneCmdApp_UnpackBin)
    VolumeCtrl_Reset                         0x000064b9   Thumb Code    24  volumectrl.o(i.VolumeCtrl_Reset)
    VolumeCtrl_VolumeFade                    0x000064d1   Thumb Code    34  volumectrl.o(i.VolumeCtrl_VolumeFade)
    WDT_IRQHandler                           0x000064f9   Thumb Code     2  interrupthandler.o(i.WDT_IRQHandler)
    __ARM_common_switch8                     0x000064fb   Thumb Code    26  md4decode.o(i.__ARM_common_switch8)
    main                                     0x00006515   Thumb Code    90  main.o(i.main)
    __I$use$fp                               0x00006578   Number         0  usenofp.o(x$fpl$usenofp)
    g_asAppCallBack                          0x00006578   Data          16  appcallback.o(.constdata)
    g_asMatrixKeyHandler                     0x00006588   Data          16  configio.o(.constdata)
    g_au8MatrixKeyStateIndex                 0x00006598   Data           1  configio.o(.constdata)
    g_asTriggerKeyHandler                    0x0000659c   Data         228  configio.o(.constdata)
    g_au8TriggerKeyStateIndex                0x00006680   Data           1  configio.o(.constdata)
    g_u32BiqCoeff                            0x00006684   Data          60  micspk.o(.constdata)
    g_u16Playback_Volume_DB_Table            0x000066c6   Data          26  volumectrl.o(.constdata)
    au16MD4StepAry                           0x000066f4   Data          32  md4decode.o(.constdata)
    ai8MD4CoefTable                          0x00006714   Data          16  md4decode.o(.constdata)
    BsrKade                                  0x00006fa8   Data        4096  bsrben.o(.constdata)
    BsrKala                                  0x00008018   Data        1288  bsrana.o(.constdata)
    Region$$Table$$Base                      0x00008f28   Number         0  anon$$obj.o(Region$$Table)
    Region$$Table$$Limit                     0x00008f48   Number         0  anon$$obj.o(Region$$Table)
    g_u8AppCtrl                              0x20000600   Data           1  main.o(.data)
    SystemCoreClock                          0x20000604   Data           4  system_n575.o(.data)
    CyclesPerUs                              0x20000608   Data           4  system_n575.o(.data)
    gau32ClkSrcTbl                           0x2000060c   Data          12  system_n575.o(.data)
    gau32HiRCSrcTbl                          0x20000618   Data           8  system_n575.o(.data)
    g_psDacBufCtrl                           0x20000624   Data           4  playback.o(.data)
    g_pi16PcmBuf                             0x20000628   Data           4  playback.o(.data)
    g_sChannelVolInfo                        0x2000062e   Data           8  volumectrl.o(.data)
    g_psAdcBufCtrl                           0x2000063c   Data           4  record.o(.data)
    g_u16DebounceCount                       0x2000064e   Data           2  keypad.o(.data)
    g_u16PressingCount                       0x20000650   Data           2  keypad.o(.data)
    g_sSpiFlash                              0x20000654   Data          12  main.o(.bss)
    g_sApp                                   0x20000660   Data        8488  main.o(.bss)
    g_ai16DACSamples                         0x20002788   Data          16  interrupthandler.o(.bss)
    g_ai16ADCSamples                         0x20002798   Data          16  interrupthandler.o(.bss)
    __libspace_start                         0x200027ec   Data          96  libspace.o(.bss)
    __temporary_stack_top$libspace           0x2000284c   Data           0  libspace.o(.bss)



==============================================================================

Memory Map of the image

  Image Entry point : 0x000001a1

  Load Region _ROM (Base: 0x00000000, Size: 0x00008f9c, Max: 0x00024400, ABSOLUTE)

    Execution Region _RESET (Base: 0x00000000, Size: 0x000000c0, Max: 0xffffffff, OVERLAY)

    Base Addr    Size         Type   Attr      Idx    E Section Name        Object

    0x00000000   0x000000c0   Data   RO          779    RESET               startup_n575_keil.o


    Execution Region _CODE (Base: 0x000000c0, Size: 0x00008e88, Max: 0xffffffff, ABSOLUTE)

    Base Addr    Size         Type   Attr      Idx    E Section Name        Object

    0x000000c0   0x00000008   Code   RO         3838  * !!!main             c_p.l(__main.o)
    0x000000c8   0x0000003c   Code   RO         4017    !!!scatter          c_p.l(__scatter.o)
    0x00000104   0x0000001a   Code   RO         4019    !!handler_copy      c_p.l(__scatter_copy.o)
    0x0000011e   0x00000002   PAD
    0x00000120   0x0000001c   Code   RO         4021    !!handler_zi        c_p.l(__scatter_zi.o)
    0x0000013c   0x00000002   Code   RO         3892    .ARM.Collect$$libinit$$00000000  c_p.l(libinit.o)
    0x0000013e   0x00000004   Code   RO         3905    .ARM.Collect$$libinit$$00000001  c_p.l(libinit2.o)
    0x00000142   0x00000000   Code   RO         3909    .ARM.Collect$$libinit$$00000008  c_p.l(libinit2.o)
    0x00000142   0x00000000   Code   RO         3911    .ARM.Collect$$libinit$$0000000A  c_p.l(libinit2.o)
    0x00000142   0x00000000   Code   RO         3913    .ARM.Collect$$libinit$$0000000C  c_p.l(libinit2.o)
    0x00000142   0x00000000   Code   RO         3916    .ARM.Collect$$libinit$$0000000F  c_p.l(libinit2.o)
    0x00000142   0x00000000   Code   RO         3918    .ARM.Collect$$libinit$$00000011  c_p.l(libinit2.o)
    0x00000142   0x00000000   Code   RO         3920    .ARM.Collect$$libinit$$00000013  c_p.l(libinit2.o)
    0x00000142   0x00000000   Code   RO         3922    .ARM.Collect$$libinit$$00000015  c_p.l(libinit2.o)
    0x00000142   0x00000000   Code   RO         3924    .ARM.Collect$$libinit$$00000017  c_p.l(libinit2.o)
    0x00000142   0x00000000   Code   RO         3926    .ARM.Collect$$libinit$$00000019  c_p.l(libinit2.o)
    0x00000142   0x00000000   Code   RO         3928    .ARM.Collect$$libinit$$0000001B  c_p.l(libinit2.o)
    0x00000142   0x00000000   Code   RO         3930    .ARM.Collect$$libinit$$0000001D  c_p.l(libinit2.o)
    0x00000142   0x00000000   Code   RO         3932    .ARM.Collect$$libinit$$0000001F  c_p.l(libinit2.o)
    0x00000142   0x00000000   Code   RO         3934    .ARM.Collect$$libinit$$00000021  c_p.l(libinit2.o)
    0x00000142   0x00000000   Code   RO         3936    .ARM.Collect$$libinit$$00000023  c_p.l(libinit2.o)
    0x00000142   0x00000000   Code   RO         3940    .ARM.Collect$$libinit$$0000002A  c_p.l(libinit2.o)
    0x00000142   0x00000000   Code   RO         3942    .ARM.Collect$$libinit$$0000002C  c_p.l(libinit2.o)
    0x00000142   0x00000000   Code   RO         3944    .ARM.Collect$$libinit$$0000002E  c_p.l(libinit2.o)
    0x00000142   0x00000000   Code   RO         3946    .ARM.Collect$$libinit$$00000030  c_p.l(libinit2.o)
    0x00000142   0x00000002   Code   RO         3947    .ARM.Collect$$libinit$$00000031  c_p.l(libinit2.o)
    0x00000144   0x00000002   Code   RO         3976    .ARM.Collect$$libshutdown$$00000000  c_p.l(libshutdown.o)
    0x00000146   0x00000000   Code   RO         4003    .ARM.Collect$$libshutdown$$00000003  c_p.l(libshutdown2.o)
    0x00000146   0x00000000   Code   RO         4006    .ARM.Collect$$libshutdown$$00000006  c_p.l(libshutdown2.o)
    0x00000146   0x00000000   Code   RO         4009    .ARM.Collect$$libshutdown$$00000009  c_p.l(libshutdown2.o)
    0x00000146   0x00000000   Code   RO         4011    .ARM.Collect$$libshutdown$$0000000B  c_p.l(libshutdown2.o)
    0x00000146   0x00000000   Code   RO         4014    .ARM.Collect$$libshutdown$$0000000E  c_p.l(libshutdown2.o)
    0x00000146   0x00000002   Code   RO         4015    .ARM.Collect$$libshutdown$$0000000F  c_p.l(libshutdown2.o)
    0x00000148   0x00000000   Code   RO         3846    .ARM.Collect$$rtentry$$00000000  c_p.l(rtentry.o)
    0x00000148   0x00000000   Code   RO         3858    .ARM.Collect$$rtentry$$00000002  c_p.l(rtentry2.o)
    0x00000148   0x00000006   Code   RO         3870    .ARM.Collect$$rtentry$$00000004  c_p.l(rtentry4.o)
    0x0000014e   0x00000000   Code   RO         3860    .ARM.Collect$$rtentry$$00000009  c_p.l(rtentry2.o)
    0x0000014e   0x00000004   Code   RO         3861    .ARM.Collect$$rtentry$$0000000A  c_p.l(rtentry2.o)
    0x00000152   0x00000000   Code   RO         3863    .ARM.Collect$$rtentry$$0000000C  c_p.l(rtentry2.o)
    0x00000152   0x00000008   Code   RO         3864    .ARM.Collect$$rtentry$$0000000D  c_p.l(rtentry2.o)
    0x0000015a   0x00000002   Code   RO         3897    .ARM.Collect$$rtexit$$00000000  c_p.l(rtexit.o)
    0x0000015c   0x00000000   Code   RO         3951    .ARM.Collect$$rtexit$$00000002  c_p.l(rtexit2.o)
    0x0000015c   0x00000004   Code   RO         3952    .ARM.Collect$$rtexit$$00000003  c_p.l(rtexit2.o)
    0x00000160   0x00000006   Code   RO         3953    .ARM.Collect$$rtexit$$00000004  c_p.l(rtexit2.o)
    0x00000166   0x00000002   PAD
    0x00000168   0x00000038   Code   RO         3826    .emb_text           c_p.l(rt_memcpy.o)
    0x000001a0   0x0000005c   Code   RO          780  * .text               startup_n575_keil.o
    0x000001fc   0x0000005a   Code   RO         3824    .text               c_p.l(memcmp.o)
    0x00000256   0x00000040   Code   RO         3830    .text               c_p.l(rt_memclr.o)
    0x00000296   0x0000015a   Code   RO         3832    .text               c_p.l(aeabi_sdiv.o)
    0x000003f0   0x00000006   Code   RO         3836    .text               c_p.l(heapauxi.o)
    0x000003f6   0x00000002   PAD
    0x000003f8   0x00000044   Code   RO         3840    .text               fz_ps.l(dfixui.o)
    0x0000043c   0x00000058   Code   RO         3842    .text               fz_ps.l(dflti.o)
    0x00000494   0x00000268   Code   RO         3844    .text               fz_ps.l(dmul.o)
    0x000006fc   0x0000003e   Code   RO         3876    .text               c_p.l(sys_stackheap_outer.o)
    0x0000073a   0x0000000c   Code   RO         3881    .text               c_p.l(exit.o)
    0x00000746   0x00000002   PAD
    0x00000748   0x00000008   Code   RO         3893    .text               c_p.l(libspace.o)
    0x00000750   0x0000000c   Code   RO         3948    .text               c_p.l(sys_exit.o)
    0x0000075c   0x00000002   Code   RO         3965    .text               c_p.l(use_no_semi.o)
    0x0000075e   0x00000000   Code   RO         3967    .text               c_p.l(indicate_semi.o)
    0x0000075e   0x00000002   Code   RO         1887    i.ADC_Close         adc.o
    0x00000760   0x0000005c   Code   RO         1888    i.ADC_DisableInt    adc.o
    0x000007bc   0x00000010   Code   RO         1889    i.ADC_DisableMICBias  adc.o
    0x000007cc   0x00000014   Code   RO         1891    i.ADC_EnableMICBias  adc.o
    0x000007e0   0x00000002   Code   RO         1895    i.ADC_Open          adc.o
    0x000007e2   0x00000002   PAD
    0x000007e4   0x00000050   Code   RO         1898    i.ADC_SetALCTargetLevel  adc.o
    0x00000834   0x00000060   Code   RO         1899    i.ADC_SetAMUX       adc.o
    0x00000894   0x00000040   Code   RO         1901    i.ADC_SetPGAGaindB  adc.o
    0x000008d4   0x00000094   Code   RO          205    i.App_Initiate      appfunctions.o
    0x00000968   0x00000054   Code   RO          206    i.App_PowerDown     appfunctions.o
    0x000009bc   0x000001dc   Code   RO          207    i.App_Process       appfunctions.o
    0x00000b98   0x00000030   Code   RO          208    i.App_StartPlay     appfunctions.o
    0x00000bc8   0x00000034   Code   RO          209    i.App_StartRecognize  appfunctions.o
    0x00000bfc   0x00000014   Code   RO          210    i.App_StopPlay      appfunctions.o
    0x00000c10   0x00000024   Code   RO          211    i.App_StopRecognize  appfunctions.o
    0x00000c34   0x00000032   Code   RO          886    i.AudioRom_GetAudioChunkInfo  audiorom.o
    0x00000c66   0x0000001e   Code   RO          888    i.AudioRom_GetRomHeader  audiorom.o
    0x00000c84   0x00000034   Code   RO         1021    i.BIQFilter_Setting  micspk.o
    0x00000cb8   0x00000020   Code   RO         1996    i.BIQ_Reset         biq.o
    0x00000cd8   0x0000006c   Code   RO         1997    i.BIQ_SetCoeff      biq.o
    0x00000d44   0x0000002c   Code   RO         3611    i.BsrAbby           CSpotterSDK_16k24d_N57xxC.lib(bsrjoe.o)
    0x00000d70   0x00000078   Code   RO         3612    i.BsrAbel           CSpotterSDK_16k24d_N57xxC.lib(bsrjoe.o)
    0x00000de8   0x000000c0   Code   RO         3613    i.BsrAdam           CSpotterSDK_16k24d_N57xxC.lib(bsrjoe.o)
    0x00000ea8   0x000000e0   Code   RO         3507    i.BsrAlma           CSpotterSDK_16k24d_N57xxC.lib(bsrdon.o)
    0x00000f88   0x0000001a   Code   RO         3508    i.BsrAmir           CSpotterSDK_16k24d_N57xxC.lib(bsrdon.o)
    0x00000fa2   0x0000011a   Code   RO         3509    i.BsrAmos           CSpotterSDK_16k24d_N57xxC.lib(bsrdon.o)
    0x000010bc   0x00000040   Code   RO         3542    i.BsrAna            CSpotterSDK_16k24d_N57xxC.lib(bsrjim.o)
    0x000010fc   0x000000b4   Code   RO         3543    i.BsrAnn            CSpotterSDK_16k24d_N57xxC.lib(bsrjim.o)
    0x000011b0   0x00000026   Code   RO         3511    i.BsrAnna           CSpotterSDK_16k24d_N57xxC.lib(bsrdon.o)
    0x000011d6   0x00000018   Code   RO         3512    i.BsrAnne           CSpotterSDK_16k24d_N57xxC.lib(bsrdon.o)
    0x000011ee   0x0000001c   Code   RO         3513    i.BsrAnnie          CSpotterSDK_16k24d_N57xxC.lib(bsrdon.o)
    0x0000120a   0x00000002   PAD
    0x0000120c   0x0000006c   Code   RO         3544    i.BsrAri            CSpotterSDK_16k24d_N57xxC.lib(bsrjim.o)
    0x00001278   0x000000c0   Code   RO         3545    i.BsrAsa            CSpotterSDK_16k24d_N57xxC.lib(bsrjim.o)
    0x00001338   0x0000003e   Code   RO         3546    i.BsrAva            CSpotterSDK_16k24d_N57xxC.lib(bsrjim.o)
    0x00001376   0x0000001a   Code   RO         3519    i.BsrAyla           CSpotterSDK_16k24d_N57xxC.lib(bsrdon.o)
    0x00001390   0x0000000e   Code   RO         3520    i.BsrBaby           CSpotterSDK_16k24d_N57xxC.lib(bsrdon.o)
    0x0000139e   0x0000006a   Code   RO         3547    i.BsrBen            CSpotterSDK_16k24d_N57xxC.lib(bsrjim.o)
    0x00001408   0x00000034   Code   RO         3663    i.BsrBrad           CSpotterSDK_16k24d_N57xxC.lib(bsrben.o)
    0x0000143c   0x00000128   Code   RO         3689    i.BsrBret           CSpotterSDK_16k24d_N57xxC.lib(bsrjay.o)
    0x00001564   0x00000138   Code   RO         3690    i.BsrCade           CSpotterSDK_16k24d_N57xxC.lib(bsrjay.o)
    0x0000169c   0x0000001c   Code   RO         3691    i.BsrCale           CSpotterSDK_16k24d_N57xxC.lib(bsrjay.o)
    0x000016b8   0x000001f0   Code   RO         3692    i.BsrCara           CSpotterSDK_16k24d_N57xxC.lib(bsrjay.o)
    0x000018a8   0x00000094   Code   RO         3693    i.BsrChad           CSpotterSDK_16k24d_N57xxC.lib(bsrjay.o)
    0x0000193c   0x000000a4   Code   RO         3694    i.BsrChaz           CSpotterSDK_16k24d_N57xxC.lib(bsrjay.o)
    0x000019e0   0x00000228   Code   RO         3695    i.BsrClay           CSpotterSDK_16k24d_N57xxC.lib(bsrjay.o)
    0x00001c08   0x00000164   Code   RO         3711    i.BsrCory           CSpotterSDK_16k24d_N57xxC.lib(bsrjoy.o)
    0x00001d6c   0x0000001e   Code   RO         3712    i.BsrCoty           CSpotterSDK_16k24d_N57xxC.lib(bsrjoy.o)
    0x00001d8a   0x00000012   Code   RO         3714    i.BsrDale           CSpotterSDK_16k24d_N57xxC.lib(bsrjoy.o)
    0x00001d9c   0x00000034   Code   RO         3549    i.BsrDan            CSpotterSDK_16k24d_N57xxC.lib(bsrjim.o)
    0x00001dd0   0x00000008   Code   RO         3716    i.BsrDane           CSpotterSDK_16k24d_N57xxC.lib(bsrjoy.o)
    0x00001dd8   0x00000008   Code   RO         3718    i.BsrDawn           CSpotterSDK_16k24d_N57xxC.lib(bsrjoy.o)
    0x00001de0   0x00000048   Code   RO         3719    i.BsrDeja           CSpotterSDK_16k24d_N57xxC.lib(bsrjoy.o)
    0x00001e28   0x000000b8   Code   RO         3720    i.BsrDemi           CSpotterSDK_16k24d_N57xxC.lib(bsrjoy.o)
    0x00001ee0   0x000000ce   Code   RO         3721    i.BsrDeon           CSpotterSDK_16k24d_N57xxC.lib(bsrjoy.o)
    0x00001fae   0x000000ec   Code   RO         3722    i.BsrDina           CSpotterSDK_16k24d_N57xxC.lib(bsrjoy.o)
    0x0000209a   0x00000002   PAD
    0x0000209c   0x00000078   Code   RO         3723    i.BsrDion           CSpotterSDK_16k24d_N57xxC.lib(bsrjoy.o)
    0x00002114   0x00000124   Code   RO         3679    i.BsrEden           CSpotterSDK_16k24d_N57xxC.lib(bsreva.o)
    0x00002238   0x00000044   Code   RO         3550    i.BsrEli            CSpotterSDK_16k24d_N57xxC.lib(bsrjim.o)
    0x0000227c   0x00000150   Code   RO         3680    i.BsrElla           CSpotterSDK_16k24d_N57xxC.lib(bsreva.o)
    0x000023cc   0x000000f8   Code   RO         3681    i.BsrElsa           CSpotterSDK_16k24d_N57xxC.lib(bsreva.o)
    0x000024c4   0x00000084   Code   RO         3666    i.BsrEmma           CSpotterSDK_16k24d_N57xxC.lib(bsreli.o)
    0x00002548   0x0000003a   Code   RO         3667    i.BsrEric           CSpotterSDK_16k24d_N57xxC.lib(bsreli.o)
    0x00002582   0x00000002   PAD
    0x00002584   0x000000cc   Code   RO         3668    i.BsrErica          CSpotterSDK_16k24d_N57xxC.lib(bsreli.o)
    0x00002650   0x0000002e   Code   RO         3669    i.BsrErik           CSpotterSDK_16k24d_N57xxC.lib(bsreli.o)
    0x0000267e   0x000000d8   Code   RO         3670    i.BsrErin           CSpotterSDK_16k24d_N57xxC.lib(bsreli.o)
    0x00002756   0x00000020   Code   RO         3551    i.BsrEva            CSpotterSDK_16k24d_N57xxC.lib(bsrjim.o)
    0x00002776   0x00000024   Code   RO         3671    i.BsrEvan           CSpotterSDK_16k24d_N57xxC.lib(bsreli.o)
    0x0000279a   0x00000002   PAD
    0x0000279c   0x00000064   Code   RO         3746    i.BsrGary           CSpotterSDK_16k24d_N57xxC.lib(bsrana.o)
    0x00002800   0x000000fc   Code   RO         3751    i.BsrGreg           CSpotterSDK_16k24d_N57xxC.lib(bsrann.o)
    0x000028fc   0x00000034   Code   RO         3552    i.BsrGuy            CSpotterSDK_16k24d_N57xxC.lib(bsrjim.o)
    0x00002930   0x00000044   Code   RO         3764    i.BsrHugo           CSpotterSDK_16k24d_N57xxC.lib(bsrguy.o)
    0x00002974   0x00000036   Code   RO         3765    i.BsrIris           CSpotterSDK_16k24d_N57xxC.lib(bsrguy.o)
    0x000029aa   0x00000002   PAD
    0x000029ac   0x00000064   Code   RO         3766    i.BsrIrma           CSpotterSDK_16k24d_N57xxC.lib(bsrguy.o)
    0x00002a10   0x0000001a   Code   RO         3767    i.BsrIsai           CSpotterSDK_16k24d_N57xxC.lib(bsrguy.o)
    0x00002a2a   0x00000002   PAD
    0x00002a2c   0x00000070   Code   RO         3755    i.BsrIvan           CSpotterSDK_16k24d_N57xxC.lib(bsrann.o)
    0x00002a9c   0x00000076   Code   RO         3725    i.BsrJade           CSpotterSDK_16k24d_N57xxC.lib(bsrjoy.o)
    0x00002b12   0x0000002c   Code   RO         3726    i.BsrJake           CSpotterSDK_16k24d_N57xxC.lib(bsrjoy.o)
    0x00002b3e   0x0000006a   Code   RO         3727    i.BsrJami           CSpotterSDK_16k24d_N57xxC.lib(bsrjoy.o)
    0x00002ba8   0x00000016   Code   RO         3555    i.BsrJan            CSpotterSDK_16k24d_N57xxC.lib(bsrjim.o)
    0x00002bbe   0x0000002a   Code   RO         3696    i.BsrJana           CSpotterSDK_16k24d_N57xxC.lib(bsrjay.o)
    0x00002be8   0x00000020   Code   RO         3697    i.BsrJane           CSpotterSDK_16k24d_N57xxC.lib(bsrjay.o)
    0x00002c08   0x00000080   Code   RO         3698    i.BsrJean           CSpotterSDK_16k24d_N57xxC.lib(bsrjay.o)
    0x00002c88   0x00000020   Code   RO         3699    i.BsrJena           CSpotterSDK_16k24d_N57xxC.lib(bsrjay.o)
    0x00002ca8   0x0000006e   Code   RO         3627    i.BsrJess           CSpotterSDK_16k24d_N57xxC.lib(bsrkai.o)
    0x00002d16   0x000000c6   Code   RO         3628    i.BsrJill           CSpotterSDK_16k24d_N57xxC.lib(bsrkai.o)
    0x00002ddc   0x000000e4   Code   RO         3629    i.BsrJoan           CSpotterSDK_16k24d_N57xxC.lib(bsrkai.o)
    0x00002ec0   0x00000080   Code   RO         3630    i.BsrJodi           CSpotterSDK_16k24d_N57xxC.lib(bsrkai.o)
    0x00002f40   0x00000084   Code   RO         3631    i.BsrJody           CSpotterSDK_16k24d_N57xxC.lib(bsrkai.o)
    0x00002fc4   0x00000118   Code   RO         3408    i.BsrJoel           CSpotterSDK_16k24d_N57xxC.lib(bsrgo.o)
    0x000030dc   0x00000052   Code   RO         3409    i.BsrJoey           CSpotterSDK_16k24d_N57xxC.lib(bsrgo.o)
    0x0000312e   0x00000016   Code   RO         3400    i.BsrJohn           CSpotterSDK_16k24d_N57xxC.lib(bsrali.o)
    0x00003144   0x00000022   Code   RO         3401    i.BsrJose           CSpotterSDK_16k24d_N57xxC.lib(bsrali.o)
    0x00003166   0x00000042   Code   RO         3402    i.BsrJosh           CSpotterSDK_16k24d_N57xxC.lib(bsrali.o)
    0x000031a8   0x00000018   Code   RO         3682    i.BsrJuanita        CSpotterSDK_16k24d_N57xxC.lib(bsreva.o)
    0x000031c0   0x00000018   Code   RO         3683    i.BsrJuanitez       CSpotterSDK_16k24d_N57xxC.lib(bsreva.o)
    0x000031d8   0x00000010   Code   RO         3561    i.BsrKai            CSpotterSDK_16k24d_N57xxC.lib(bsrjim.o)
    0x000031e8   0x00000028   Code   RO         3356    i.BsrLuke           CSpotterSDK_16k24d_N57xxC.lib(cspottersdkapi.o)
    0x00003210   0x00000158   Code   RO         3568    i.BsrMegan          CSpotterSDK_16k24d_N57xxC.lib(bsrjim.o)
    0x00003368   0x00000084   Code   RO         3569    i.BsrMelissa        CSpotterSDK_16k24d_N57xxC.lib(bsrjim.o)
    0x000033ec   0x00000026   Code   RO         3632    i.BsrMia            CSpotterSDK_16k24d_N57xxC.lib(bsrkai.o)
    0x00003412   0x00000134   Code   RO         3570    i.BsrMichael        CSpotterSDK_16k24d_N57xxC.lib(bsrjim.o)
    0x00003546   0x00000060   Code   RO         3633    i.BsrMya            CSpotterSDK_16k24d_N57xxC.lib(bsrkai.o)
    0x000035a6   0x0000001e   Code   RO         3634    i.BsrNia            CSpotterSDK_16k24d_N57xxC.lib(bsrkai.o)
    0x000035c4   0x00000088   Code   RO         3635    i.BsrRay            CSpotterSDK_16k24d_N57xxC.lib(bsrkai.o)
    0x0000364c   0x00000012   Code   RO         3636    i.BsrRex            CSpotterSDK_16k24d_N57xxC.lib(bsrkai.o)
    0x0000365e   0x00000010   Code   RO         3637    i.BsrRey            CSpotterSDK_16k24d_N57xxC.lib(bsrkai.o)
    0x0000366e   0x00000070   Code   RO         3638    i.BsrRon            CSpotterSDK_16k24d_N57xxC.lib(bsrkai.o)
    0x000036de   0x00000028   Code   RO         3639    i.BsrRoy            CSpotterSDK_16k24d_N57xxC.lib(bsrkai.o)
    0x00003706   0x00000010   Code   RO         3641    i.BsrTed            CSpotterSDK_16k24d_N57xxC.lib(bsrkai.o)
    0x00003716   0x00000046   Code   RO         3642    i.BsrTia            CSpotterSDK_16k24d_N57xxC.lib(bsrkai.o)
    0x0000375c   0x0000007c   Code   RO         3643    i.BsrTom            CSpotterSDK_16k24d_N57xxC.lib(bsrkai.o)
    0x000037d8   0x00000014   Code   RO         3644    i.BsrTre            CSpotterSDK_16k24d_N57xxC.lib(bsrkai.o)
    0x000037ec   0x00000004   Code   RO         3618    i.BsrZoe            CSpotterSDK_16k24d_N57xxC.lib(bsrjoe.o)
    0x000037f0   0x00000020   Code   RO          971    i.BufCtrl_UpdateReadWithCount  bufctrl.o
    0x00003810   0x00000020   Code   RO          972    i.BufCtrl_UpdateWriteWithCount  bufctrl.o
    0x00003830   0x00000014   Code   RO          388    i.CAPS_IRQHandler   interrupthandler.o
    0x00003844   0x00000044   Code   RO         2093    i.CLK_DeepSleep     clk.o
    0x00003888   0x00000020   Code   RO         2094    i.CLK_DisableLDO    clk.o
    0x000038a8   0x00000024   Code   RO         2095    i.CLK_DisableModuleClock  clk.o
    0x000038cc   0x00000040   Code   RO         2097    i.CLK_EnableLDO     clk.o
    0x0000390c   0x00000024   Code   RO         2098    i.CLK_EnableModuleClock  clk.o
    0x00003930   0x00000020   Code   RO         2099    i.CLK_EnableXtalRC  clk.o
    0x00003950   0x00000010   Code   RO         2100    i.CLK_GetHCLKFreq   clk.o
    0x00003960   0x00000048   Code   RO         2103    i.CLK_SetHCLK       clk.o
    0x000039a8   0x00000064   Code   RO         2104    i.CLK_SetModuleClock  clk.o
    0x00003a0c   0x00000024   Code   RO         2105    i.CLK_SetSysTickClockSrc  clk.o
    0x00003a30   0x0000002c   Code   RO         2108    i.CLK_SysTickDelay  clk.o
    0x00003a5c   0x00000060   Code   RO         3357    i.CSpotter_AddSample  CSpotterSDK_16k24d_N57xxC.lib(cspottersdkapi.o)
    0x00003abc   0x00000024   Code   RO         3359    i.CSpotter_GetMemoryUsage_Multi  CSpotterSDK_16k24d_N57xxC.lib(cspottersdkapi.o)
    0x00003ae0   0x0000000e   Code   RO         3360    i.CSpotter_GetMemoryUsage_Sep  CSpotterSDK_16k24d_N57xxC.lib(cspottersdkapi.o)
    0x00003aee   0x00000002   PAD
    0x00003af0   0x0000001c   Code   RO         3362    i.CSpotter_GetResult  CSpotterSDK_16k24d_N57xxC.lib(cspottersdkapi.o)
    0x00003b0c   0x0000014c   Code   RO         3365    i.CSpotter_Init_Multi  CSpotterSDK_16k24d_N57xxC.lib(cspottersdkapi.o)
    0x00003c58   0x0000001e   Code   RO         3366    i.CSpotter_Init_Sep  CSpotterSDK_16k24d_N57xxC.lib(cspottersdkapi.o)
    0x00003c76   0x00000002   PAD
    0x00003c78   0x00000020   Code   RO         3367    i.CSpotter_Release  CSpotterSDK_16k24d_N57xxC.lib(cspottersdkapi.o)
    0x00003c98   0x00000030   Code   RO         3368    i.CSpotter_Reset    CSpotterSDK_16k24d_N57xxC.lib(cspottersdkapi.o)
    0x00003cc8   0x00000002   Code   RO         2248    i.DPWM_Open         dpwm.o
    0x00003cca   0x00000002   PAD
    0x00003ccc   0x0000003c   Code   RO         2249    i.DPWM_SetSampleRate  dpwm.o
    0x00003d08   0x00000124   Code   RO          361    i.Default_KeyHandler  inputkeyactions.o
    0x00003e2c   0x00000014   Code   RO         2290    i.FMC_Close         fmc.o
    0x00003e40   0x00000048   Code   RO         2295    i.FMC_Erase         fmc.o
    0x00003e88   0x00000014   Code   RO         2297    i.FMC_Open          fmc.o
    0x00003e9c   0x00000028   Code   RO         2304    i.FMC_Write         fmc.o
    0x00003ec4   0x00000024   Code   RO          389    i.GPAB_IRQHandler   interrupthandler.o
    0x00003ee8   0x0000001c   Code   RO         2400    i.GPIO_DisableInt   gpio.o
    0x00003f04   0x0000001a   Code   RO         2401    i.GPIO_EnableInt    gpio.o
    0x00003f1e   0x0000002e   Code   RO         2402    i.GPIO_SetMode      gpio.o
    0x00003f4c   0x00000024   Code   RO          921    i.InputKey_Change   configio.o
    0x00003f70   0x000000e4   Code   RO          922    i.InputKey_Initiate  configio.o
    0x00004054   0x00000018   Code   RO         1653    i.Keypad_CheckTgrPinInPress  keypad.o
    0x0000406c   0x0000000c   Code   RO         1659    i.Keypad_InitKeypad  keypad.o
    0x00004078   0x00000034   Code   RO         1660    i.Keypad_InitTgr    keypad.o
    0x000040ac   0x00000048   Code   RO         1670    i.Keypad_ResetTgr   keypad.o
    0x000040f4   0x00000094   Code   RO         1673    i.Keypad_ScanTgr    keypad.o
    0x00004188   0x00000034   Code   RO         1675    i.Keypad_TgrDecDebounceCounter  keypad.o
    0x000041bc   0x000000b4   Code   RO         1676    i.Keypad_TgrGetEvent  keypad.o
    0x00004270   0x00000022   Code   RO          672    i.MD4App_DecodeInitiate  md4app.o
    0x00004292   0x00000002   PAD
    0x00004294   0x000000a4   Code   RO          673    i.MD4App_DecodeProcess  md4app.o
    0x00004338   0x00000080   Code   RO          674    i.MD4App_DecodeStartPlayByAddr  md4app.o
    0x000043b8   0x00000030   Code   RO          675    i.MD4App_DecodeStartPlayByID  md4app.o
    0x000043e8   0x0000001a   Code   RO          676    i.MD4App_DecodeStopPlay  md4app.o
    0x00004402   0x00000020   Code   RO         3334    i.MD4_CheckResLdr   MD4_Keil.lib(md4decode.o)
    0x00004422   0x00000002   PAD
    0x00004424   0x000000d4   Code   RO         3335    i.MD4_DecodeFrame   MD4_Keil.lib(md4decode.o)
    0x000044f8   0x000000b0   Code   RO         3336    i.MD4_DecodeInitiate  MD4_Keil.lib(md4decode.o)
    0x000045a8   0x00000010   Code   RO         3337    i.MD4_DecodeIsEnd   MD4_Keil.lib(md4decode.o)
    0x000045b8   0x00000142   Code   RO         3338    i.MD4_DecodeProcess  MD4_Keil.lib(md4decode.o)
    0x000046fa   0x00000002   PAD
    0x000046fc   0x00000088   Code   RO         1022    i.MIC_ChangeSR      micspk.o
    0x00004784   0x00000050   Code   RO         1023    i.MIC_Close         micspk.o
    0x000047d4   0x00000140   Code   RO         1024    i.MIC_Open          micspk.o
    0x00004914   0x0000000c   Code   RO         1025    i.MIC_Start         micspk.o
    0x00004920   0x00000010   Code   RO         1026    i.MIC_Stop          micspk.o
    0x00004930   0x00000018   Code   RO          613    i.MicGetApp_Initiate  micgetapp.o
    0x00004948   0x00000036   Code   RO          614    i.MicGetApp_ProcessRec  micgetapp.o
    0x0000497e   0x00000028   Code   RO          615    i.MicGetApp_StartRec  micgetapp.o
    0x000049a6   0x00000012   Code   RO          616    i.MicGetApp_StopRec  micgetapp.o
    0x000049b8   0x00000060   Code   RO         3410    i.NINJA_API_1       CSpotterSDK_16k24d_N57xxC.lib(bsrgo.o)
    0x00004a18   0x000000e6   Code   RO         3412    i.NINJA_API_11      CSpotterSDK_16k24d_N57xxC.lib(bsrgo.o)
    0x00004afe   0x00000002   PAD
    0x00004b00   0x0000010c   Code   RO         3414    i.NINJA_API_13      CSpotterSDK_16k24d_N57xxC.lib(bsrgo.o)
    0x00004c0c   0x00000020   Code   RO         3416    i.NINJA_API_15      CSpotterSDK_16k24d_N57xxC.lib(bsrgo.o)
    0x00004c2c   0x00000020   Code   RO         3420    i.NINJA_API_19      CSpotterSDK_16k24d_N57xxC.lib(bsrgo.o)
    0x00004c4c   0x00000028   Code   RO         3421    i.NINJA_API_2       CSpotterSDK_16k24d_N57xxC.lib(bsrgo.o)
    0x00004c74   0x00000024   Code   RO         3425    i.NINJA_API_23      CSpotterSDK_16k24d_N57xxC.lib(bsrgo.o)
    0x00004c98   0x0000002e   Code   RO         3428    i.NINJA_API_26      CSpotterSDK_16k24d_N57xxC.lib(bsrgo.o)
    0x00004cc6   0x00000020   Code   RO         3432    i.NINJA_API_3       CSpotterSDK_16k24d_N57xxC.lib(bsrgo.o)
    0x00004ce6   0x0000005c   Code   RO         3449    i.NINJA_API_47      CSpotterSDK_16k24d_N57xxC.lib(bsrgo.o)
    0x00004d42   0x00000052   Code   RO         3450    i.NINJA_API_48      CSpotterSDK_16k24d_N57xxC.lib(bsrgo.o)
    0x00004d94   0x000000f0   Code   RO         3454    i.NINJA_API_8       CSpotterSDK_16k24d_N57xxC.lib(bsrgo.o)
    0x00004e84   0x00000294   Code   RO         3455    i.NINJA_API_9       CSpotterSDK_16k24d_N57xxC.lib(bsrgo.o)
    0x00005118   0x00000014   Code   RO         1115    i.NVIC_ClearPendingIRQ  pdmactrl.o
    0x0000512c   0x00000014   Code   RO          492    i.NVIC_DisableIRQ   powerdown.o
    0x00005140   0x00000014   Code   RO          493    i.NVIC_EnableIRQ    powerdown.o
    0x00005154   0x00000020   Code   RO          923    i.OutputPin_Initiate  configio.o
    0x00005174   0x00000014   Code   RO          924    i.OutputPin_Set     configio.o
    0x00005188   0x00000014   Code   RO         2601    i.PDMA_DisableInt   pdma.o
    0x0000519c   0x00000014   Code   RO         2602    i.PDMA_EnableInt    pdma.o
    0x000051b0   0x00000044   Code   RO          390    i.PDMA_IRQHandler   interrupthandler.o
    0x000051f4   0x00000014   Code   RO         2603    i.PDMA_Open         pdma.o
    0x00005208   0x00000024   Code   RO         2604    i.PDMA_SetTransferAddr  pdma.o
    0x0000522c   0x00000048   Code   RO         2605    i.PDMA_SetTransferCnt  pdma.o
    0x00005274   0x00000018   Code   RO         2606    i.PDMA_SetTransferDirection  pdma.o
    0x0000528c   0x000000e8   Code   RO         2607    i.PDMA_SetTransferMode  pdma.o
    0x00005374   0x00000018   Code   RO         2608    i.PDMA_Trigger      pdma.o
    0x0000538c   0x00000030   Code   RO         1116    i.PdmaCtrl_Close    pdmactrl.o
    0x000053bc   0x00000028   Code   RO         1117    i.PdmaCtrl_Init     pdmactrl.o
    0x000053e4   0x0000009c   Code   RO         1118    i.PdmaCtrl_Open     pdmactrl.o
    0x00005480   0x00000080   Code   RO         1119    i.PdmaCtrl_Start    pdmactrl.o
    0x00005500   0x0000001c   Code   RO         1120    i.PdmaCtrl_Stop     pdmactrl.o
    0x0000551c   0x00000020   Code   RO         1121    i.PdmaCtrl_UnInit   pdmactrl.o
    0x0000553c   0x00000040   Code   RO         1170    i.Playback_Add      playback.o
    0x0000557c   0x0000000a   Code   RO         1172    i.Playback_Initiate  playback.o
    0x00005586   0x00000002   PAD
    0x00005588   0x00000170   Code   RO         1176    i.Playback_Process  playback.o
    0x000056f8   0x0000003c   Code   RO         1177    i.Playback_Remove   playback.o
    0x00005734   0x0000001c   Code   RO         1178    i.Playback_ResetChannelVolume  playback.o
    0x00005750   0x00000032   Code   RO         1179    i.Playback_SetOutputBuf  playback.o
    0x00005782   0x00000002   PAD
    0x00005784   0x0000006c   Code   RO         1182    i.Playback_StartPlay  playback.o
    0x000057f0   0x0000006c   Code   RO         1183    i.Playback_StopPlay  playback.o
    0x0000585c   0x0000000e   Code   RO          494    i.PowerDown         powerdown.o
    0x0000586a   0x00000002   PAD
    0x0000586c   0x00000088   Code   RO          495    i.PowerDown_Enter   powerdown.o
    0x000058f4   0x00000038   Code   RO          496    i.PowerDown_Exit    powerdown.o
    0x0000592c   0x00000044   Code   RO          497    i.PowerDown_GPIOConfigWakePin  powerdown.o
    0x00005970   0x00000020   Code   RO          498    i.PowerDown_GPIOPostProc  powerdown.o
    0x00005990   0x00000050   Code   RO          499    i.PowerDown_GPIOPreProc  powerdown.o
    0x000059e0   0x00000048   Code   RO          500    i.PowerDown_GPIOStableCount  powerdown.o
    0x00005a28   0x0000000a   Code   RO          362    i.PowerDown_KeypadHandler  inputkeyactions.o
    0x00005a32   0x00000002   PAD
    0x00005a34   0x000000cc   Code   RO          589    i.PreLoad_VRBin     preload.o
    0x00005b00   0x00000002   Code   RO          391    i.RTC_IRQHandler    interrupthandler.o
    0x00005b02   0x00000002   PAD
    0x00005b04   0x0000001c   Code   RO         1421    i.Record_Add        record.o
    0x00005b20   0x00000064   Code   RO         1422    i.Record_Process    record.o
    0x00005b84   0x00000036   Code   RO         1424    i.Record_SetInBufRecord  record.o
    0x00005bba   0x00000002   PAD
    0x00005bbc   0x00000060   Code   RO         1425    i.Record_StartRec   record.o
    0x00005c1c   0x00000020   Code   RO         1426    i.Record_StopRec    record.o
    0x00005c3c   0x00000030   Code   RO         1475    i.SPIFlash_3ByteAddr_Cmd  spiflash.o
    0x00005c6c   0x0000002c   Code   RO         1483    i.SPIFlash_GetChipInfo  spiflash.o
    0x00005c98   0x00000088   Code   RO            3    i.SPIFlash_Initiate  main.o
    0x00005d20   0x00000070   Code   RO         1486    i.SPIFlash_Open     spiflash.o
    0x00005d90   0x00000014   Code   RO         1487    i.SPIFlash_PowerDown  spiflash.o
    0x00005da4   0x0000001e   Code   RO         1488    i.SPIFlash_Read     spiflash.o
    0x00005dc2   0x000000d4   Code   RO         1489    i.SPIFlash_ReadData  spiflash.o
    0x00005e96   0x00000002   PAD
    0x00005e98   0x0000001c   Code   RO          331    i.SPIFlash_ReadDataCallback  appcallback.o
    0x00005eb4   0x00000018   Code   RO         1491    i.SPIFlash_ReadEnd  spiflash.o
    0x00005ecc   0x0000004e   Code   RO         1492    i.SPIFlash_ReadStart  spiflash.o
    0x00005f1a   0x00000052   Code   RO         1494    i.SPIFlash_SendRecOneData  spiflash.o
    0x00005f6c   0x0000002c   Code   RO         2917    i.SPI_Close         spi.o
    0x00005f98   0x00000018   Code   RO         2918    i.SPI_GetBusClock   spi.o
    0x00005fb0   0x00000028   Code   RO         2920    i.SPI_Open          spi.o
    0x00005fd8   0x00000050   Code   RO         2921    i.SPI_SetBusClock   spi.o
    0x00006028   0x00000048   Code   RO         2922    i.SPI_SetVarClock   spi.o
    0x00006070   0x0000003c   Code   RO         1027    i.SPK_ChangeSR      micspk.o
    0x000060ac   0x00000024   Code   RO         1028    i.SPK_Close         micspk.o
    0x000060d0   0x0000004c   Code   RO         1029    i.SPK_Open          micspk.o
    0x0000611c   0x00000024   Code   RO         1032    i.SPK_Start         micspk.o
    0x00006140   0x00000014   Code   RO         1033    i.SPK_Stop          micspk.o
    0x00006154   0x00000010   Code   RO         2970    i.SYS_Lock          sys.o
    0x00006164   0x00000030   Code   RO         2975    i.SYS_ResetModule   sys.o
    0x00006194   0x00000030   Code   RO         2976    i.SYS_Unlock        sys.o
    0x000061c4   0x00000058   Code   RO          818    i.SysClk_InitiateRC  sysclk.o
    0x0000621c   0x00000068   Code   RO          786    i.SystemCoreClockUpdate  system_n575.o
    0x00006284   0x00000064   Code   RO         3075    i.TIMER_GetModuleClock  timer.o
    0x000062e8   0x00000020   Code   RO         3076    i.TIMER_GetWorkingFreq  timer.o
    0x00006308   0x00000076   Code   RO         3077    i.TIMER_Open        timer.o
    0x0000637e   0x00000002   PAD
    0x00006380   0x00000010   Code   RO          392    i.TMR0_IRQHandler   interrupthandler.o
    0x00006390   0x00000018   Code   RO          393    i.TMR1_IRQHandler   interrupthandler.o
    0x000063a8   0x00000006   Code   RO          332    i.UserEvent_ProcessCallback  appcallback.o
    0x000063ae   0x0000003a   Code   RO          744    i.VROneCmdApp_GetCMDID  vronecmdapp.o
    0x000063e8   0x00000086   Code   RO          745    i.VROneCmdApp_Initiate  vronecmdapp.o
    0x0000646e   0x0000004a   Code   RO          746    i.VROneCmdApp_UnpackBin  vronecmdapp.o
    0x000064b8   0x00000018   Code   RO         1344    i.VolumeCtrl_Reset  volumectrl.o
    0x000064d0   0x00000028   Code   RO         1346    i.VolumeCtrl_VolumeFade  volumectrl.o
    0x000064f8   0x00000002   Code   RO          394    i.WDT_IRQHandler    interrupthandler.o
    0x000064fa   0x0000001a   Code   RO         3354    i.__ARM_common_switch8  MD4_Keil.lib(md4decode.o)
    0x00006514   0x00000064   Code   RO            4    i.main              main.o
    0x00006578   0x00000000   Code   RO         3856    x$fpl$usenofp       fz_ps.l(usenofp.o)
    0x00006578   0x00000010   Data   RO          333    .constdata          appcallback.o
    0x00006588   0x000000f9   Data   RO          925    .constdata          configio.o
    0x00006681   0x00000003   PAD
    0x00006684   0x00000042   Data   RO         1034    .constdata          micspk.o
    0x000066c6   0x0000001a   Data   RO         1347    .constdata          volumectrl.o
    0x000066e0   0x00000014   Data   RO         3078    .constdata          timer.o
    0x000066f4   0x00000030   Data   RO         3342    .constdata          MD4_Keil.lib(md4decode.o)
    0x00006724   0x00000884   Data   RO         3456    .constdata          CSpotterSDK_16k24d_N57xxC.lib(bsrgo.o)
    0x00006fa8   0x00001000   Data   RO         3664    .constdata          CSpotterSDK_16k24d_N57xxC.lib(bsrben.o)
    0x00007fa8   0x00000064   Data   RO         3672    .constdata          CSpotterSDK_16k24d_N57xxC.lib(bsreli.o)
    0x0000800c   0x00000009   Data   RO         3728    .constdata          CSpotterSDK_16k24d_N57xxC.lib(bsrjoy.o)
    0x00008015   0x00000003   PAD
    0x00008018   0x00000508   Data   RO         3748    .constdata          CSpotterSDK_16k24d_N57xxC.lib(bsrana.o)
    0x00008520   0x00000808   Data   RO         3756    .constdata          CSpotterSDK_16k24d_N57xxC.lib(bsrann.o)
    0x00008d28   0x00000200   Data   RO         3768    .constdata          CSpotterSDK_16k24d_N57xxC.lib(bsrguy.o)
    0x00008f28   0x00000020   Data   RO         4016    Region$$Table       anon$$obj.o


    Execution Region _STACK (Base: 0x20000000, Size: 0x00000600, Max: 0xffffffff, ABSOLUTE, UNINIT)

    Base Addr    Size         Type   Attr      Idx    E Section Name        Object

    0x20000000   0x00000600   Zero   RW          777    STACK               startup_n575_keil.o


    Execution Region _SRAM (Base: 0x20000600, Size: 0x00002250, Max: 0xffffffff, ABSOLUTE)

    Base Addr    Size         Type   Attr      Idx    E Section Name        Object

    0x20000600   0x00000001   Data   RW            6    .data               main.o
    0x20000601   0x00000003   PAD
    0x20000604   0x0000001c   Data   RW          788    .data               system_n575.o
    0x20000620   0x0000000d   Data   RW         1185    .data               playback.o
    0x2000062d   0x00000001   PAD
    0x2000062e   0x00000008   Data   RW         1348    .data               volumectrl.o
    0x20000636   0x00000002   PAD
    0x20000638   0x00000008   Data   RW         1427    .data               record.o
    0x20000640   0x00000012   Data   RW         1684    .data               keypad.o
    0x20000652   0x00000002   PAD
    0x20000654   0x00002134   Zero   RW            5    .bss                main.o
    0x20002788   0x00000020   Zero   RW          395    .bss                interrupthandler.o
    0x200027a8   0x00000044   Zero   RW         1683    .bss                keypad.o
    0x200027ec   0x00000060   Zero   RW         3894    .bss                c_p.l(libspace.o)
    0x2000284c   0x00000004   PAD
    0x20002850   0x00000000   Zero   RW          778    HEAP                startup_n575_keil.o


==============================================================================

Image component sizes


      Code (inc. data)   RO Data    RW Data    ZI Data      Debug   Object Name

       372         58          0          0          0       4274   adc.o
        34          4         16          0          0       1876   appcallback.o
       864         86          0          0          0     111366   appfunctions.o
        80          0          0          0          0       1877   audiorom.o
       140         12          0          0          0       1483   biq.o
        64          0          0          0          0       3829   bufctrl.o
       536         66          0          0          0       6266   clk.o
       316         44        249          0          0      10251   configio.o
        62          8          0          0          0       1069   dpwm.o
       152         20          0          0          0       2035   fmc.o
       100          6          0          0          0       2158   gpio.o
       302         24          0          0          0       1187   inputkeyactions.o
       168         40          0          0         32     110356   interrupthandler.o
       540         60          0         18         68       6452   keypad.o
       236         32          0          1       8500     118932   main.o
       400         14          0          0          0      12333   md4app.o
       136          0          0          0          0       6017   micgetapp.o
       844        140         66          0          0       6710   micspk.o
       448         52          0          0          0       5338   pdma.o
       452         44          0          0          0       4444   pdmactrl.o
       796         74          0         13          0       6364   playback.o
       498         66          0          0          0      13588   powerdown.o
       204          6          0          0          0       1024   preload.o
       310         46          0          8          0       3797   record.o
       260         16          0          0          0       3565   spi.o
       650          0          0          0          0       6476   spiflash.o
        92         42        192          0       1536        624   startup_n575_keil.o
       112          8          0          0          0       1554   sys.o
        88         10          0          0          0        692   sysclk.o
       104         30          0         28          0       1509   system_n575.o
       250         18         20          0          0       2479   timer.o
        64          6         26          8          0       6545   volumectrl.o
       266          0          0          0          0       3446   vronecmdapp.o

    ----------------------------------------------------------------------
      9962       1032        604         84      10136     469916   Object Totals
         0          0         32          0          0          0   (incl. Generated)
        22          0          3          8          0          0   (incl. Padding)

    ----------------------------------------------------------------------

      Code (inc. data)   RO Data    RW Data    ZI Data      Debug   Library Member Name

       122          0          0          0          0        200   bsrali.o
       100          4       1288          0          0         80   bsrana.o
       364         16       2056          0          0        160   bsrann.o
        52          4       4096          0          0         60   bsrben.o
       662          0          0          0          0        568   bsrdon.o
       692         12        100          0          0        464   bsreli.o
       924         16          0          0          0        384   bsreva.o
      2248         22       2180          0          0       1136   bsrgo.o
       248          8        512          0          0        300   bsrguy.o
      2230         44          0          0          0        820   bsrjay.o
      1738         10          0          0          0       1056   bsrjim.o
       360          0          0          0          0        264   bsrjoe.o
      1506         18          9          0          0        956   bsrjoy.o
      1512          0          0          0          0       1248   bsrkai.o
       656         54          0          0          0        636   cspottersdkapi.o
       784         30         48          0          0        444   md4decode.o
         8          0          0          0          0         68   __main.o
        60          8          0          0          0          0   __scatter.o
        26          0          0          0          0          0   __scatter_copy.o
        28          0          0          0          0          0   __scatter_zi.o
       346          0          0          0          0         92   aeabi_sdiv.o
        12          0          0          0          0         64   exit.o
         6          0          0          0          0        136   heapauxi.o
         0          0          0          0          0          0   indicate_semi.o
         2          0          0          0          0          0   libinit.o
         6          0          0          0          0          0   libinit2.o
         2          0          0          0          0          0   libshutdown.o
         2          0          0          0          0          0   libshutdown2.o
         8          4          0          0         96         68   libspace.o
        90          0          0          0          0         68   memcmp.o
        64          0          0          0          0        108   rt_memclr.o
        56          0          0          0          0         68   rt_memcpy.o
         0          0          0          0          0          0   rtentry.o
        12          0          0          0          0          0   rtentry2.o
         6          0          0          0          0          0   rtentry4.o
         2          0          0          0          0          0   rtexit.o
        10          0          0          0          0          0   rtexit2.o
        12          4          0          0          0         60   sys_exit.o
        62          0          0          0          0         80   sys_stackheap_outer.o
         2          0          0          0          0         68   use_no_semi.o
        68          4          0          0          0         68   dfixui.o
        88          0          0          0          0         92   dflti.o
       616         24          0          0          0         84   dmul.o
         0          0          0          0          0          0   usenofp.o

    ----------------------------------------------------------------------
     15822        282      10292          0        100       9900   Library Totals
        30          0          3          0          4          0   (incl. Padding)

    ----------------------------------------------------------------------

      Code (inc. data)   RO Data    RW Data    ZI Data      Debug   Library Name

     13414        208      10241          0          0       8332   CSpotterSDK_16k24d_N57xxC.lib
       784         30         48          0          0        444   MD4_Keil.lib
       822         16          0          0         96        880   c_p.l
       772         28          0          0          0        244   fz_ps.l

    ----------------------------------------------------------------------
     15822        282      10292          0        100       9900   Library Totals

    ----------------------------------------------------------------------

==============================================================================


      Code (inc. data)   RO Data    RW Data    ZI Data      Debug   

     25784       1314      10896         84      10236     467828   Grand Totals
     25784       1314      10896         84      10236     467828   ELF Image Totals
     25784       1314      10896         84          0          0   ROM Totals

==============================================================================

    Total RO  Size (Code + RO Data)                36680 (  35.82kB)
    Total RW  Size (RW Data + ZI Data)             10320 (  10.08kB)
    Total ROM Size (Code + RO Data + RW Data)      36764 (  35.90kB)

==============================================================================

