<html>
<body>
<pre>
<h1>礦ision Build Log</h1>
<h2>Project:</h2>
D:\app\上海易教\CSpotter VR Nuvoton ISD9160 Demo Code\OneCommand\Keil\VROneCmdApp.uvproj
Project File Date:  04/03/2018

<h2>Output:</h2>
Build target 'VoiceRecognition'
Before Build - User command #1: .\PreBuild.bat
Set working directory ......
AudioRes.uid
Audio convert wave-table information to D:\app\上海易教\CSpotter VR Nuvoton ISD9160 Demo Code\OneCommand\AudioRes\Output\AudioRes_AudioInfo.h successfully.
Resource convert successful.
已复制         1 个文件。
Can't find directory!
已复制         1 个文件。
已复制         1 个文件。
compiling main.c...
compiling AppFunctions.c...
compiling AppCallback.c...
compiling InputKeyActions.c...
compiling InterruptHandler.c...
compiling Powerdown.c...
compiling Preload.c...
compiling MicGetApp.c...
compiling MD4App.c...
compiling VROneCmdApp.c...
compiling system_ISD9100.c...
assembling startup_ISD9100.s...
compiling SysClk.c...
compiling AudioMixer.c...
compiling AudioRom.c...
compiling ConfigIO.c...
compiling BufCtrl.c...
compiling MicSpk.c...
compiling PdmaCtrl.c...
compiling Playback.c...
compiling SPIFlashUtil.c...
compiling VolumeCtrl.c...
compiling Record.c...
compiling SPIFlash.c...
compiling Keypad.c...
compiling acmp.c...
compiling adc.c...
compiling biq.c...
compiling bod.c...
compiling capsense.c...
compiling clk.c...
compiling CRC.c...
compiling dpwm.c...
compiling fmc.c...
compiling gpio.c...
compiling i2c.c...
compiling i2s.c...
compiling pdma.c...
compiling pwm.c...
compiling rtc.c...
compiling spi.c...
compiling sys.c...
compiling talarm.c...
compiling timer.c...
compiling uart.c...
compiling wdt.c...
compiling retarget.c...
linking...
Program Size: Code=33204 RO-data=7472 RW-data=96 ZI-data=11920  
FromELF: creating hex file...
".\VR\VoiceRecognition.axf" - 0 Error(s), 0 Warning(s).
</pre>
</body>
</html>
