<html>
<body>
<pre>
<h1>礦ision Build Log</h1>
<h2>Tool Versions:</h2>
IDE-Version: μVision V5.25.3.0
Copyright (C) 2018 ARM Ltd and ARM Germany GmbH. All rights reserved.
License Information: Haipeng Guo, PKU, LIC=9WSNN-YS047-PCEJ8-3AS66-0VQYN-ZC1AL
 
Tool Versions:
Toolchain:       MDK-ARM Plus  Version: 5.26.2.0
Toolchain Path:  d:\Keil_v5\ARM\ARMCC\Bin
C Compiler:      Armcc.exe V5.06 update 6 (build 750)
Assembler:       Armasm.exe V5.06 update 6 (build 750)
Linker/Locator:  ArmLink.exe V5.06 update 6 (build 750)
Library Manager: ArmAr.exe V5.06 update 6 (build 750)
Hex Converter:   FromElf.exe V5.06 update 6 (build 750)
CPU DLL:         SARMCM3.DLL V5.26.2.0
Dialog DLL:      DARMCM1.DLL V1.19.1.0
Target DLL:      Nu_Link.dll V2.04
Dialog DLL:      TARMCM1.DLL V1.14.0.0
 
<h2>Project:</h2>
F:\shovelhp\Documents\GitHub\isd9160vr\CSpotter VR Nuvoton ISD9160 Demo Code\OneCommand\Keil\VROneCmdApp.uvproj
Project File Date:  12/10/2018

<h2>Output:</h2>
*** Using Compiler 'V5.06 update 6 (build 750)', folder: 'd:\Keil_v5\ARM\ARMCC\Bin'
Rebuild target 'VoiceRecognition'
Before Build - User command #1: .\PreBuild.bat
Set working directory ......
AudioRes.uid
Audio convert wave-table information to F:\shovelhp\Documents\GitHub\isd9160vr\CSpotter VR Nuvoton ISD9160 Demo Code\OneCommand\AudioRes\Output\AudioRes_AudioInfo.h successfully.
Resource convert successful.
已复制         1 个文件。
Can't find directory!
已复制         1 个文件。
已复制         1 个文件。
compiling main.c...
compiling AppFunctions.c...
compiling AppCallback.c...
compiling InputKeyActions.c...
compiling InterruptHandler.c...
compiling Powerdown.c...
compiling Preload.c...
compiling MicGetApp.c...
compiling MD4App.c...
compiling VROneCmdApp.c...
compiling system_ISD9100.c...
assembling startup_ISD9100.s...
compiling SysClk.c...
compiling AudioMixer.c...
compiling AudioRom.c...
compiling ConfigIO.c...
compiling BufCtrl.c...
compiling MicSpk.c...
compiling PdmaCtrl.c...
compiling Playback.c...
compiling SPIFlashUtil.c...
compiling VolumeCtrl.c...
compiling Record.c...
compiling SPIFlash.c...
compiling Keypad.c...
compiling acmp.c...
compiling adc.c...
compiling biq.c...
compiling bod.c...
compiling capsense.c...
compiling clk.c...
compiling CRC.c...
compiling dpwm.c...
compiling fmc.c...
compiling gpio.c...
compiling i2c.c...
compiling i2s.c...
compiling pdma.c...
compiling pwm.c...
compiling rtc.c...
compiling spi.c...
compiling sys.c...
compiling talarm.c...
compiling timer.c...
compiling uart.c...
compiling wdt.c...
compiling retarget.c...
linking...
Program Size: Code=30516 RO-data=7240 RW-data=80 ZI-data=11816  
FromELF: creating hex file...
After Build - User command #1: fromelf --bincombined --output "F:\shovelhp\Documents\GitHub\isd9160vr\CSpotter VR Nuvoton ISD9160 Demo Code\OneCommand\Keil\VR\VoiceRecognition.bin" "F:\shovelhp\Documents\GitHub\isd9160vr\CSpotter VR Nuvoton ISD9160 Demo Code\OneCommand\Keil\VR\VoiceRecognition.axf"
".\VR\VoiceRecognition.axf" - 0 Error(s), 0 Warning(s).
Build Time Elapsed:  00:00:21
</pre>
</body>
</html>
