Component: ARM Compiler 5.06 update 6 (build 750) Tool: armlink [4d35ed]

==============================================================================

Small function inlining results

Inlined function __aeabi_idiv0 from aeabi_idiv0.o at offset 0x1e2 in aeabi_sdivfast.o(.text).
Inlined Instruction: BX       lr
Inlined function __aeabi_idiv0 from aeabi_idiv0.o at offset 0x1e2 in aeabi_sdivfast_div0.o(.text).
Inlined Instruction: BX       lr
Inlined function _platform_pre_stackheap_init from boardinit1.o at offset 0x0 in __rtentry2.o(.ARM.Collect$$rtentry$$00000001).
Inlined Instruction: BX       lr
Inlined function _fp_init from fpinit.o at offset 0x0 in libinit2.o(.ARM.Collect$$libinit$$00000001).
Inlined Instruction: BX       lr
Inlined function _platform_pre_lib_shutdown from boardshut.o at offset 0x0 in rtexit2.o(.ARM.Collect$$rtexit$$00000001).
Inlined Instruction: BX       lr
Inlined function __ARM_get_argv from no_argv.o at offset 0x2 in argv_veneer.o(.text).
Inlined Instruction: BX       lr
Inlined total of 6 calls.

==============================================================================

Section Cross References

    main.o(i.PWM0_IRQHandler) refers to pwm.o(i.PWM_ClearIntFlag) for PWM_ClearIntFlag
    main.o(i.PWM0_IRQHandler) refers to main.o(.bss) for .bss
    main.o(i.SPIFlash_Initiate) refers to clk.o(i.CLK_EnableModuleClock) for CLK_EnableModuleClock
    main.o(i.SPIFlash_Initiate) refers to sys.o(i.SYS_ResetModule) for SYS_ResetModule
    main.o(i.SPIFlash_Initiate) refers to spiflash.o(i.SPIFlash_Open) for SPIFlash_Open
    main.o(i.SPIFlash_Initiate) refers to spiflash.o(i.SPIFlash_PowerDown) for SPIFlash_PowerDown
    main.o(i.SPIFlash_Initiate) refers to spiflash.o(i.SPIFlash_Read) for SPIFlash_Read
    main.o(i.SPIFlash_Initiate) refers to spiflash.o(i.SPIFlash_GetChipInfo) for SPIFlash_GetChipInfo
    main.o(i.SPIFlash_Initiate) refers to main.o(.bss) for .bss
    main.o(i.TMR0_IRQHandler) refers to main.o(.bss) for .bss
    main.o(i.TMR0_IRQHandler) refers to main.o(.data) for .data
    main.o(i.UART0_IRQHandler) refers to main.o(.bss) for .bss
    main.o(i.UART_Init) refers to clk.o(i.CLK_EnableModuleClock) for CLK_EnableModuleClock
    main.o(i.UART_Init) refers to uart.o(i.UART_Open) for UART_Open
    main.o(i.UART_Init) refers to uart.o(i.UART_ClearIntFlag) for UART_ClearIntFlag
    main.o(i.UART_Init) refers to main.o(i.NVIC_EnableIRQ) for NVIC_EnableIRQ
    main.o(i.main) refers to sysclk.o(i.SysClk_InitiateRC) for SysClk_InitiateRC
    main.o(i.main) refers to clk.o(i.CLK_EnableLDO) for CLK_EnableLDO
    main.o(i.main) refers to main.o(i.SPIFlash_Initiate) for SPIFlash_Initiate
    main.o(i.main) refers to configio.o(i.OutputPin_Initiate) for OutputPin_Initiate
    main.o(i.main) refers to configio.o(i.InputKey_Initiate) for InputKey_Initiate
    main.o(i.main) refers to pdmactrl.o(i.PdmaCtrl_Init) for PdmaCtrl_Init
    main.o(i.main) refers to micspk.o(i.SPK_Open) for SPK_Open
    main.o(i.main) refers to micspk.o(i.MIC_Open) for MIC_Open
    main.o(i.main) refers to main.o(i.UART_Init) for UART_Init
    main.o(i.main) refers to main.o(i.time_init) for time_init
    main.o(i.main) refers to main.o(i.pwm_init) for pwm_init
    main.o(i.main) refers to appfunctions.o(i.App_Initiate) for App_Initiate
    main.o(i.main) refers to noretval__2printf.o(.text) for __2printf
    main.o(i.main) refers to appfunctions.o(i.App_Process) for App_Process
    main.o(i.main) refers to main.o(i.uart_rev_task) for uart_rev_task
    main.o(i.pwm_init) refers to clk.o(i.CLK_SetModuleClock) for CLK_SetModuleClock
    main.o(i.pwm_init) refers to clk.o(i.CLK_EnableModuleClock) for CLK_EnableModuleClock
    main.o(i.pwm_init) refers to sys.o(i.SYS_ResetModule) for SYS_ResetModule
    main.o(i.pwm_init) refers to pwm.o(i.PWM_ConfigOutputChannel) for PWM_ConfigOutputChannel
    main.o(i.pwm_init) refers to pwm.o(i.PWM_EnableOutput) for PWM_EnableOutput
    main.o(i.pwm_init) refers to main.o(i.NVIC_EnableIRQ) for NVIC_EnableIRQ
    main.o(i.pwm_init) refers to pwm.o(i.PWM_Start) for PWM_Start
    main.o(i.pwm_init) refers to main.o(.bss) for .bss
    main.o(i.pwm_init_1) refers to clk.o(i.CLK_SetModuleClock) for CLK_SetModuleClock
    main.o(i.pwm_init_1) refers to clk.o(i.CLK_EnableModuleClock) for CLK_EnableModuleClock
    main.o(i.pwm_init_1) refers to sys.o(i.SYS_ResetModule) for SYS_ResetModule
    main.o(i.pwm_init_1) refers to pwm.o(i.PWM_ConfigOutputChannel) for PWM_ConfigOutputChannel
    main.o(i.pwm_init_1) refers to pwm.o(i.PWM_EnableOutput) for PWM_EnableOutput
    main.o(i.pwm_init_1) refers to main.o(i.NVIC_EnableIRQ) for NVIC_EnableIRQ
    main.o(i.pwm_init_1) refers to pwm.o(i.PWM_Start) for PWM_Start
    main.o(i.pwm_init_1) refers to main.o(.bss) for .bss
    main.o(i.time_init) refers to clk.o(i.CLK_EnableModuleClock) for CLK_EnableModuleClock
    main.o(i.time_init) refers to clk.o(i.CLK_SetModuleClock) for CLK_SetModuleClock
[...]
    __aeabi_memcpy8                          0x00000175   Thumb Code     0  rt_memcpy.o(.emb_text)
    Reset_Handler                            0x000001ad   Thumb Code    28  startup_isd9100.o(.text)
    NMI_Handler                              0x000001c9   Thumb Code     2  startup_isd9100.o(.text)
    HardFault_Handler                        0x000001cb   Thumb Code     2  startup_isd9100.o(.text)
    SVC_Handler                              0x000001cd   Thumb Code     2  startup_isd9100.o(.text)
    PendSV_Handler                           0x000001cf   Thumb Code     2  startup_isd9100.o(.text)
    SysTick_Handler                          0x000001d1   Thumb Code     2  startup_isd9100.o(.text)
    ACMP_IRQHandler                          0x000001d3   Thumb Code     0  startup_isd9100.o(.text)
    ADC_IRQHandler                           0x000001d3   Thumb Code     0  startup_isd9100.o(.text)
    ALC_IRQHandler                           0x000001d3   Thumb Code     0  startup_isd9100.o(.text)
    BOD_IRQHandler                           0x000001d3   Thumb Code     0  startup_isd9100.o(.text)
    EINT0_IRQHandler                         0x000001d3   Thumb Code     0  startup_isd9100.o(.text)
    EINT1_IRQHandler                         0x000001d3   Thumb Code     0  startup_isd9100.o(.text)
    I2C0_IRQHandler                          0x000001d3   Thumb Code     0  startup_isd9100.o(.text)
    I2S_IRQHandler                           0x000001d3   Thumb Code     0  startup_isd9100.o(.text)
    SPI0_IRQHandler                          0x000001d3   Thumb Code     0  startup_isd9100.o(.text)
    TALARM_IRQHandler                        0x000001d3   Thumb Code     0  startup_isd9100.o(.text)
    __user_initial_stackheap                 0x000001d5   Thumb Code     0  startup_isd9100.o(.text)
    __2printf                                0x0000020d   Thumb Code    22  noretval__2printf.o(.text)
    _printf_str                              0x00000229   Thumb Code    82  _printf_str.o(.text)
    __printf                                 0x0000027b   Thumb Code   270  __printf_wp.o(.text)
    _memset_w                                0x00000389   Thumb Code    26  rt_memclr.o(.text)
    _memset                                  0x000003a3   Thumb Code    30  rt_memclr.o(.text)
    __aeabi_memclr                           0x000003c1   Thumb Code     4  rt_memclr.o(.text)
    __rt_memclr                              0x000003c1   Thumb Code     0  rt_memclr.o(.text)
    __aeabi_memclr4                          0x000003c5   Thumb Code     0  rt_memclr.o(.text)
    __aeabi_memclr8                          0x000003c5   Thumb Code     0  rt_memclr.o(.text)
    __rt_memclr_w                            0x000003c5   Thumb Code     4  rt_memclr.o(.text)
    __aeabi_uidiv                            0x000003c9   Thumb Code     0  aeabi_sdivfast.o(.text)
    __aeabi_uidivmod                         0x000003c9   Thumb Code    28  aeabi_sdivfast.o(.text)
    __aeabi_idiv                             0x000003e5   Thumb Code     0  aeabi_sdivfast.o(.text)
    __aeabi_idivmod                          0x000003e5   Thumb Code   460  aeabi_sdivfast.o(.text)
    __use_two_region_memory                  0x000005b1   Thumb Code     2  heapauxi.o(.text)
    __rt_heap_escrow$2region                 0x000005b3   Thumb Code     2  heapauxi.o(.text)
    __rt_heap_expand$2region                 0x000005b5   Thumb Code     2  heapauxi.o(.text)
    __aeabi_d2uiz                            0x000005b9   Thumb Code     0  dfixui.o(.text)
    _dfixu                                   0x000005b9   Thumb Code    68  dfixui.o(.text)
    __aeabi_i2d_normalise                    0x00000601   Thumb Code    66  dflti.o(.text)
    __aeabi_i2d                              0x00000643   Thumb Code    16  dflti.o(.text)
    _dflt                                    0x00000643   Thumb Code     0  dflti.o(.text)
    __aeabi_ui2d                             0x00000653   Thumb Code     6  dflti.o(.text)
    _dfltu                                   0x00000653   Thumb Code     0  dflti.o(.text)
    __aeabi_dmul                             0x00000659   Thumb Code     0  dmul.o(.text)
    _dmul                                    0x00000659   Thumb Code   558  dmul.o(.text)
    _printf_cs_common                        0x000008a1   Thumb Code    22  _printf_char.o(.text)
    _printf_char                             0x000008b7   Thumb Code    16  _printf_char.o(.text)
    _printf_string                           0x000008c7   Thumb Code     8  _printf_char.o(.text)
    _printf_char_file                        0x000008d1   Thumb Code    34  _printf_char_file.o(.text)
    _printf_char_common                      0x00000903   Thumb Code    32  _printf_char_common.o(.text)
    __user_setup_stackheap                   0x00000929   Thumb Code    62  sys_stackheap_outer.o(.text)
    exit                                     0x00000967   Thumb Code    16  exit.o(.text)
    __user_libspace                          0x00000979   Thumb Code     8  libspace.o(.text)
    __user_perproc_libspace                  0x00000979   Thumb Code     0  libspace.o(.text)
    __user_perthread_libspace                0x00000979   Thumb Code     0  libspace.o(.text)
    _sys_exit                                0x00000981   Thumb Code     8  sys_exit.o(.text)
    __I$use$semihosting                      0x0000098d   Thumb Code     0  use_no_semi.o(.text)
    __use_no_semihosting_swi                 0x0000098d   Thumb Code     2  use_no_semi.o(.text)
    ADC_Close                                0x0000098f   Thumb Code     2  adc.o(i.ADC_Close)
    __semihosting_library_function           0x0000098f   Thumb Code     0  indicate_semi.o(.text)
    ADC_DisableInt                           0x00000991   Thumb Code    54  adc.o(i.ADC_DisableInt)
    ADC_DisableMICBias                       0x000009d1   Thumb Code    10  adc.o(i.ADC_DisableMICBias)
    ADC_EnableMICBias                        0x000009e1   Thumb Code    12  adc.o(i.ADC_EnableMICBias)
    ADC_Open                                 0x000009f1   Thumb Code     2  adc.o(i.ADC_Open)
    ADC_SetALCTargetLevel                    0x000009f5   Thumb Code    56  adc.o(i.ADC_SetALCTargetLevel)
    ADC_SetAMUX                              0x00000a39   Thumb Code    66  adc.o(i.ADC_SetAMUX)
    ADC_SetPGAGaindB                         0x00000a85   Thumb Code    42  adc.o(i.ADC_SetPGAGaindB)
    App_Initiate                             0x00000abd   Thumb Code    56  appfunctions.o(i.App_Initiate)
    App_PowerDown                            0x00000b0d   Thumb Code    38  appfunctions.o(i.App_PowerDown)
    App_Process                              0x00000b39   Thumb Code   478  appfunctions.o(i.App_Process)
    App_StartPlay                            0x00000d69   Thumb Code    46  appfunctions.o(i.App_StartPlay)
    App_StartRecognize                       0x00000da1   Thumb Code    26  appfunctions.o(i.App_StartRecognize)
    App_StopPlay                             0x00000dc5   Thumb Code    16  appfunctions.o(i.App_StopPlay)
    App_StopRecognize                        0x00000dd9   Thumb Code    18  appfunctions.o(i.App_StopRecognize)
    AudioRom_GetAudioChunkInfo               0x00000df5   Thumb Code    46  audiorom.o(i.AudioRom_GetAudioChunkInfo)
    AudioRom_GetAudioNum                     0x00000e23   Thumb Code    14  audiorom.o(i.AudioRom_GetAudioNum)
    AudioRom_GetRomHeader                    0x00000e31   Thumb Code    28  audiorom.o(i.AudioRom_GetRomHeader)
    BIQ_Reset                                0x00000e7d   Thumb Code    22  biq.o(i.BIQ_Reset)
    BIQ_SetCoeff                             0x00000e99   Thumb Code    62  biq.o(i.BIQ_SetCoeff)
    BsrAbby                                  0x00000edd   Thumb Code    44  BsrJoe.o(i.BsrAbby)
    BsrAbel                                  0x00000f09   Thumb Code   126  BsrJoe.o(i.BsrAbel)
    BsrAdam                                  0x00000f87   Thumb Code   200  BsrJoe.o(i.BsrAdam)
    BsrAlma                                  0x0000104f   Thumb Code   210  BsrDon.o(i.BsrAlma)
    BsrAmir                                  0x00001121   Thumb Code    24  BsrDon.o(i.BsrAmir)
    BsrAmos                                  0x00001139   Thumb Code   294  BsrDon.o(i.BsrAmos)
    BsrAna                                   0x0000125f   Thumb Code    42  BsrJim.o(i.BsrAna)
    BsrAnna                                  0x00001289   Thumb Code    38  BsrDon.o(i.BsrAnna)
    BsrAnne                                  0x000012af   Thumb Code    24  BsrDon.o(i.BsrAnne)
    BsrAnnie                                 0x000012c7   Thumb Code    28  BsrDon.o(i.BsrAnnie)
    BsrAri                                   0x000012e5   Thumb Code   172  BsrJim.o(i.BsrAri)
    BsrAsa                                   0x00001395   Thumb Code   238  BsrJim.o(i.BsrAsa)
    BsrAvea                                  0x00001489   Thumb Code   170  BsrJim.o(i.BsrAvea)
    BsrAyla                                  0x00001533   Thumb Code    26  BsrDon.o(i.BsrAyla)
    BsrBaby                                  0x0000154d   Thumb Code    14  BsrDon.o(i.BsrBaby)
    BsrBrad                                  0x00001609   Thumb Code    54  BsrBen.o(i.BsrBrad)
    BsrCade                                  0x00001795   Thumb Code   394  BsrJay.o(i.BsrCade)
    BsrCadea                                 0x00001921   Thumb Code   254  BsrJay.o(i.BsrCadea)
    BsrCale                                  0x00001a25   Thumb Code    68  BsrJay.o(i.BsrCale)
    BsrCara                                  0x00001a69   Thumb Code  1000  BsrJay.o(i.BsrCara)
    BsrCarae                                 0x00001e51   Thumb Code   198  BsrJay.o(i.BsrCarae)
    BsrChad                                  0x00001f1d   Thumb Code   182  BsrJay.o(i.BsrChad)
    BsrChada                                 0x00001fd9   Thumb Code    68  BsrJay.o(i.BsrChada)
    BsrChaz                                  0x00002021   Thumb Code   218  BsrJay.o(i.BsrChaz)
    BsrChaza                                 0x00002101   Thumb Code   182  BsrJay.o(i.BsrChaza)
    BsrChaze                                 0x000021bd   Thumb Code   204  BsrJay.o(i.BsrChaze)
    BsrChazi                                 0x0000228d   Thumb Code   206  BsrJay.o(i.BsrChazi)
    BsrClay                                  0x0000235d   Thumb Code  1378  BsrJay.o(i.BsrClay)
    BsrCory                                  0x000028c5   Thumb Code   488  BsrJoy.o(i.BsrCory)
    BsrCoty                                  0x00002ab1   Thumb Code    34  BsrJoy.o(i.BsrCoty)
    BsrDan                                   0x00002ad5   Thumb Code    82  BsrJim.o(i.BsrDan)
    BsrDane                                  0x00002b2d   Thumb Code     8  BsrJoy.o(i.BsrDane)
    BsrDawn                                  0x00002b35   Thumb Code     8  BsrJoy.o(i.BsrDawn)
    BsrDeja                                  0x00002b3d   Thumb Code   108  BsrJoy.o(i.BsrDeja)
    BsrDemi                                  0x00002ba9   Thumb Code   374  BsrJoy.o(i.BsrDemi)
    BsrDeon                                  0x00002d29   Thumb Code   374  BsrJoy.o(i.BsrDeon)
    BsrDina                                  0x00002e9f   Thumb Code   586  BsrJoy.o(i.BsrDina)
    BsrDion                                  0x000030e9   Thumb Code   214  BsrJoy.o(i.BsrDion)
    BsrEden                                  0x000031c5   Thumb Code   350  BsrEva.o(i.BsrEden)
    BsrEli                                   0x00003329   Thumb Code    88  BsrJim.o(i.BsrEli)
    BsrElla                                  0x00003381   Thumb Code   426  BsrEva.o(i.BsrElla)
    BsrElsa                                  0x00003531   Thumb Code   370  BsrEva.o(i.BsrElsa)
    BsrEmma                                  0x000036a9   Thumb Code   212  BsrEli.o(i.BsrEmma)
    BsrEric                                  0x00003781   Thumb Code   130  BsrEli.o(i.BsrEric)
    BsrErica                                 0x00003805   Thumb Code   306  BsrEli.o(i.BsrErica)
    BsrErik                                  0x00003941   Thumb Code    46  BsrEli.o(i.BsrErik)
    BsrErin                                  0x0000396f   Thumb Code   230  BsrEli.o(i.BsrErin)
    BsrEva                                   0x00003a55   Thumb Code    34  BsrJim.o(i.BsrEva)
    BsrEvan                                  0x00003a77   Thumb Code    58  BsrEli.o(i.BsrEvan)
    BsrGary                                  0x00003ab1   Thumb Code   188  BsrAna.o(i.BsrGary)
    BsrGreg                                  0x00003b71   Thumb Code   448  BsrAnn.o(i.BsrGreg)
    BsrGuy                                   0x00003d3d   Thumb Code    54  BsrJim.o(i.BsrGuy)
    BsrHugo                                  0x00003d75   Thumb Code   170  BsrGuy.o(i.BsrHugo)
    BsrIris                                  0x00003e25   Thumb Code    54  BsrGuy.o(i.BsrIris)
    BsrIrma                                  0x00003e5d   Thumb Code    80  BsrGuy.o(i.BsrIrma)
    BsrIsai                                  0x00003eb1   Thumb Code    46  BsrGuy.o(i.BsrIsai)
    BsrIvy                                   0x00003edf   Thumb Code   188  BsrJim.o(i.BsrIvy)
    BsrJan                                   0x0000407d   Thumb Code    24  BsrJim.o(i.BsrJan)
    BsrJohn                                  0x0000438f   Thumb Code    42  BsrAli.o(i.BsrJohn)
    BsrJose                                  0x000043b9   Thumb Code    54  BsrAli.o(i.BsrJose)
    BsrJosh                                  0x000043ef   Thumb Code   164  BsrAli.o(i.BsrJosh)
    BsrJoyci                                 0x00004495   Thumb Code   218  BsrJim.o(i.BsrJoyci)
    BsrLei                                   0x000045a9   Thumb Code    24  BsrJim.o(i.BsrLei)
    BsrMaxi                                  0x000045c1   Thumb Code   122  BsrJim.o(i.BsrMaxi)
    BsrMichael                               0x0000463b   Thumb Code  1398  BsrJim.o(i.BsrMichael)
    BsrMichelle                              0x00004bb1   Thumb Code     8  BsrJim.o(i.BsrMichelle)
    BsrMike                                  0x00004bb9   Thumb Code   172  BsrJim.o(i.BsrMike)
    BsrMya                                   0x00004c65   Thumb Code   136  BsrKai.o(i.BsrMya)
    BsrNia                                   0x00004ced   Thumb Code    50  BsrKai.o(i.BsrNia)
    BsrRay                                   0x00004d1f   Thumb Code   310  BsrKai.o(i.BsrRay)
    BsrRex                                   0x00004e55   Thumb Code    18  BsrKai.o(i.BsrRex)
    BsrRey                                   0x00004e67   Thumb Code    16  BsrKai.o(i.BsrRey)
    BsrRon                                   0x00004e77   Thumb Code  1186  BsrKai.o(i.BsrRon)
    BsrRoy                                   0x00005319   Thumb Code    44  BsrKai.o(i.BsrRoy)
    BsrTed                                   0x00005345   Thumb Code    16  BsrKai.o(i.BsrTed)
    BsrTia                                   0x00005355   Thumb Code   104  BsrKai.o(i.BsrTia)
    BsrTom                                   0x000053bd   Thumb Code   146  BsrKai.o(i.BsrTom)
    BsrTop                                   0x0000544f   Thumb Code    94  BsrKai.o(i.BsrTop)
    BsrTre                                   0x000054ad   Thumb Code    18  BsrKai.o(i.BsrTre)
    BsrZoe                                   0x000054bf   Thumb Code     4  BsrJoe.o(i.BsrZoe)
    BufCtrl_UpdateReadWithCount              0x000054c3   Thumb Code    30  bufctrl.o(i.BufCtrl_UpdateReadWithCount)
    BufCtrl_UpdateWriteWithCount             0x000054e1   Thumb Code    30  bufctrl.o(i.BufCtrl_UpdateWriteWithCount)
    CAPS_IRQHandler                          0x00005501   Thumb Code    12  interrupthandler.o(i.CAPS_IRQHandler)
    CLK_DeepSleep                            0x00005511   Thumb Code    42  clk.o(i.CLK_DeepSleep)
    CLK_DisableLDO                           0x00005549   Thumb Code    22  clk.o(i.CLK_DisableLDO)
    CLK_DisableModuleClock                   0x00005565   Thumb Code    24  clk.o(i.CLK_DisableModuleClock)
    CLK_EnableLDO                            0x00005581   Thumb Code    44  clk.o(i.CLK_EnableLDO)
    CLK_EnableModuleClock                    0x000055b5   Thumb Code    24  clk.o(i.CLK_EnableModuleClock)
    CLK_EnableXtalRC                         0x000055d1   Thumb Code    22  clk.o(i.CLK_EnableXtalRC)
    CLK_GetHCLKFreq                          0x000055ed   Thumb Code    12  clk.o(i.CLK_GetHCLKFreq)
    CLK_SetHCLK                              0x000055fd   Thumb Code    56  clk.o(i.CLK_SetHCLK)
    CLK_SetModuleClock                       0x00005639   Thumb Code    74  clk.o(i.CLK_SetModuleClock)
    CLK_SetSysTickClockSrc                   0x00005689   Thumb Code    26  clk.o(i.CLK_SetSysTickClockSrc)
    CLK_SysTickDelay                         0x000056a9   Thumb Code    26  clk.o(i.CLK_SysTickDelay)
    CSpotter_AddSample                       0x000056cd   Thumb Code    82  CSpotterSDKApi.o(i.CSpotter_AddSample)
    CSpotter_GetMemoryUsage_MultiWithSpeakerAndExtRejModel 0x00005731   Thumb Code   178  CSpotterSDKApi.o(i.CSpotter_GetMemoryUsage_MultiWithSpeakerAndExtRejModel)
    CSpotter_GetMemoryUsage_Sep              0x000057ed   Thumb Code    24  CSpotterSDKApi.o(i.CSpotter_GetMemoryUsage_Sep)
    CSpotter_GetResult                       0x00005805   Thumb Code    30  CSpotterSDKApi.o(i.CSpotter_GetResult)
    CSpotter_Init_MultiWithExtRejModel       0x00005829   Thumb Code   488  CSpotterSDKApi.o(i.CSpotter_Init_MultiWithExtRejModel)
    CSpotter_Init_Sep                        0x00005a2d   Thumb Code    36  CSpotterSDKApi.o(i.CSpotter_Init_Sep)
    CSpotter_Release                         0x00005a51   Thumb Code    36  CSpotterSDKApi.o(i.CSpotter_Release)
    CSpotter_Reset                           0x00005a79   Thumb Code    40  CSpotterSDKApi.o(i.CSpotter_Reset)
    DPWM_Open                                0x00005aad   Thumb Code     2  dpwm.o(i.DPWM_Open)
    DPWM_SetSampleRate                       0x00005ab1   Thumb Code    50  dpwm.o(i.DPWM_SetSampleRate)
    Default_KeyHandler                       0x00005aed   Thumb Code   204  inputkeyactions.o(i.Default_KeyHandler)
    FMC_Close                                0x00005bd1   Thumb Code    14  fmc.o(i.FMC_Close)
    FMC_Erase                                0x00005be5   Thumb Code    68  fmc.o(i.FMC_Erase)
    FMC_Open                                 0x00005c2d   Thumb Code    14  fmc.o(i.FMC_Open)
    FMC_Write                                0x00005c41   Thumb Code    36  fmc.o(i.FMC_Write)
    GPAB_IRQHandler                          0x00005c69   Thumb Code    18  interrupthandler.o(i.GPAB_IRQHandler)
    GPIO_DisableInt                          0x00005c85   Thumb Code    22  gpio.o(i.GPIO_DisableInt)
    GPIO_EnableInt                           0x00005ca1   Thumb Code    26  gpio.o(i.GPIO_EnableInt)
    GPIO_SetMode                             0x00005cbb   Thumb Code    40  gpio.o(i.GPIO_SetMode)
    InputKey_Change                          0x00005ce5   Thumb Code    26  configio.o(i.InputKey_Change)
    InputKey_Initiate                        0x00005d05   Thumb Code   148  configio.o(i.InputKey_Initiate)
    Keypad_InitKeypad                        0x00005db1   Thumb Code    14  keypad.o(i.Keypad_InitKeypad)
    Keypad_InitTgr                           0x00005dc9   Thumb Code    42  keypad.o(i.Keypad_InitTgr)
    Keypad_ResetTgr                          0x00005dfd   Thumb Code    14  keypad.o(i.Keypad_ResetTgr)
    Keypad_TgrDecDebounceCounter             0x00005e15   Thumb Code    30  keypad.o(i.Keypad_TgrDecDebounceCounter)
    MD4App_DecodeInitiate                    0x00005e3d   Thumb Code    34  md4app.o(i.MD4App_DecodeInitiate)
    MD4App_DecodeProcess                     0x00005e61   Thumb Code   132  md4app.o(i.MD4App_DecodeProcess)
    MD4App_DecodeStartPlayByAddr             0x00005ee9   Thumb Code   108  md4app.o(i.MD4App_DecodeStartPlayByAddr)
    MD4App_DecodeStartPlayByID               0x00005f59   Thumb Code    42  md4app.o(i.MD4App_DecodeStartPlayByID)
    MD4App_DecodeStopPlay                    0x00005f89   Thumb Code    26  md4app.o(i.MD4App_DecodeStopPlay)
    MD4_DecodeInitiate                       0x0000608d   Thumb Code   154  md4decode.o(i.MD4_DecodeInitiate)
    MD4_DecodeIsEnd                          0x0000612d   Thumb Code    22  md4decode.o(i.MD4_DecodeIsEnd)
    MD4_DecodeProcess                        0x00006143   Thumb Code   256  md4decode.o(i.MD4_DecodeProcess)
    MIC_ChangeSR                             0x00006245   Thumb Code   108  micspk.o(i.MIC_ChangeSR)
    MIC_Close                                0x000062c5   Thumb Code    58  micspk.o(i.MIC_Close)
    MIC_Open                                 0x0000630d   Thumb Code   216  micspk.o(i.MIC_Open)
    MIC_Start                                0x0000640d   Thumb Code     8  micspk.o(i.MIC_Start)
    MIC_Stop                                 0x00006419   Thumb Code    10  micspk.o(i.MIC_Stop)
    MicGetApp_Initiate                       0x00006429   Thumb Code    22  micgetapp.o(i.MicGetApp_Initiate)
    MicGetApp_ProcessRec                     0x0000643f   Thumb Code    40  micgetapp.o(i.MicGetApp_ProcessRec)
    MicGetApp_StartRec                       0x00006467   Thumb Code    40  micgetapp.o(i.MicGetApp_StartRec)
    MicGetApp_StopRec                        0x0000648f   Thumb Code    16  micgetapp.o(i.MicGetApp_StopRec)
    NINJA_API_1                              0x0000649f   Thumb Code   102  BsrGo.o(i.NINJA_API_1)
    NINJA_API_11                             0x00006505   Thumb Code   634  BsrGo.o(i.NINJA_API_11)
    NINJA_API_13                             0x00006785   Thumb Code   358  BsrGo.o(i.NINJA_API_13)
    NINJA_API_15                             0x000068f5   Thumb Code    30  BsrGo.o(i.NINJA_API_15)
    NINJA_API_19                             0x00006913   Thumb Code    30  BsrGo.o(i.NINJA_API_19)
    NINJA_API_2                              0x00006931   Thumb Code    40  BsrGo.o(i.NINJA_API_2)
    NINJA_API_23                             0x00006959   Thumb Code    38  BsrGo.o(i.NINJA_API_23)
    NINJA_API_26                             0x0000697f   Thumb Code    48  BsrGo.o(i.NINJA_API_26)
    NINJA_API_3                              0x000069af   Thumb Code    36  BsrGo.o(i.NINJA_API_3)
    NINJA_API_47                             0x000069d3   Thumb Code   112  BsrGo.o(i.NINJA_API_47)
    NINJA_API_48                             0x00006a43   Thumb Code   126  BsrGo.o(i.NINJA_API_48)
    NINJA_API_55                             0x00006ac1   Thumb Code    60  BsrGo.o(i.NINJA_API_55)
    NINJA_API_56                             0x00006afd   Thumb Code    42  BsrGo.o(i.NINJA_API_56)
    NINJA_API_73                             0x00006b29   Thumb Code   978  BsrGo.o(i.NINJA_API_73)
    NINJA_API_75                             0x00006f09   Thumb Code   174  BsrGo.o(i.NINJA_API_75)
    OutputPin_Initiate                       0x00006fe5   Thumb Code    26  configio.o(i.OutputPin_Initiate)
    OutputPin_Set                            0x00007009   Thumb Code    16  configio.o(i.OutputPin_Set)
    PDMA_DisableInt                          0x00007019   Thumb Code    14  pdma.o(i.PDMA_DisableInt)
    PDMA_EnableInt                           0x0000702d   Thumb Code    14  pdma.o(i.PDMA_EnableInt)
    PDMA_IRQHandler                          0x00007041   Thumb Code    42  interrupthandler.o(i.PDMA_IRQHandler)
    PDMA_Open                                0x00007079   Thumb Code    12  pdma.o(i.PDMA_Open)
    PDMA_SetTransferAddr                     0x00007089   Thumb Code    28  pdma.o(i.PDMA_SetTransferAddr)
    PDMA_SetTransferCnt                      0x000070a9   Thumb Code    50  pdma.o(i.PDMA_SetTransferCnt)
    PDMA_SetTransferDirection                0x000070e1   Thumb Code    18  pdma.o(i.PDMA_SetTransferDirection)
    PDMA_SetTransferMode                     0x000070f9   Thumb Code   148  pdma.o(i.PDMA_SetTransferMode)
    PDMA_Trigger                             0x00007191   Thumb Code    16  pdma.o(i.PDMA_Trigger)
    PWM0_IRQHandler                          0x000071a9   Thumb Code    22  main.o(i.PWM0_IRQHandler)
    PWM_ClearIntFlag                         0x000071c9   Thumb Code     8  pwm.o(i.PWM_ClearIntFlag)
    PWM_ConfigOutputChannel                  0x000071d1   Thumb Code   280  pwm.o(i.PWM_ConfigOutputChannel)
    PWM_EnableOutput                         0x000072f9   Thumb Code     8  pwm.o(i.PWM_EnableOutput)
    PWM_Start                                0x00007301   Thumb Code    38  pwm.o(i.PWM_Start)
    PdmaCtrl_Close                           0x00007329   Thumb Code    30  pdmactrl.o(i.PdmaCtrl_Close)
    PdmaCtrl_Init                            0x00007351   Thumb Code    28  pdmactrl.o(i.PdmaCtrl_Init)
    PdmaCtrl_Open                            0x00007375   Thumb Code   132  pdmactrl.o(i.PdmaCtrl_Open)
    PdmaCtrl_Start                           0x00007401   Thumb Code    60  pdmactrl.o(i.PdmaCtrl_Start)
    PdmaCtrl_Stop                            0x00007441   Thumb Code    16  pdmactrl.o(i.PdmaCtrl_Stop)
    PdmaCtrl_UnInit                          0x00007455   Thumb Code    22  pdmactrl.o(i.PdmaCtrl_UnInit)
    Playback_Add                             0x00007475   Thumb Code    48  playback.o(i.Playback_Add)
    Playback_Initiate                        0x000074a9   Thumb Code    10  playback.o(i.Playback_Initiate)
    Playback_Process                         0x000074b5   Thumb Code   190  playback.o(i.Playback_Process)
    Playback_Remove                          0x00007581   Thumb Code    26  playback.o(i.Playback_Remove)
    Playback_ResetChannelVolume              0x000075a1   Thumb Code    14  playback.o(i.Playback_ResetChannelVolume)
    Playback_SetOutputBuf                    0x000075b5   Thumb Code    40  playback.o(i.Playback_SetOutputBuf)
    Playback_StartPlay                       0x000075dd   Thumb Code    72  playback.o(i.Playback_StartPlay)
    Playback_StopPlay                        0x00007635   Thumb Code    68  playback.o(i.Playback_StopPlay)
    PowerDown                                0x00007681   Thumb Code    14  powerdown.o(i.PowerDown)
    PowerDown_Enter                          0x00007691   Thumb Code   108  powerdown.o(i.PowerDown_Enter)
    PowerDown_Exit                           0x0000770d   Thumb Code    50  powerdown.o(i.PowerDown_Exit)
    PowerDown_GPIOConfigWakePin              0x00007745   Thumb Code    52  powerdown.o(i.PowerDown_GPIOConfigWakePin)
    PowerDown_GPIOPostProc                   0x0000777d   Thumb Code    28  powerdown.o(i.PowerDown_GPIOPostProc)
    PowerDown_GPIOPreProc                    0x0000779d   Thumb Code    56  powerdown.o(i.PowerDown_GPIOPreProc)
    PowerDown_GPIOStableCount                0x000077e5   Thumb Code    52  powerdown.o(i.PowerDown_GPIOStableCount)
    PreLoad_VRBin                            0x00007825   Thumb Code   172  preload.o(i.PreLoad_VRBin)
    RTC_IRQHandler                           0x000078d5   Thumb Code     2  interrupthandler.o(i.RTC_IRQHandler)
    Record_Add                               0x000078d9   Thumb Code    18  record.o(i.Record_Add)
    Record_Process                           0x000078f1   Thumb Code    58  record.o(i.Record_Process)
    Record_SetInBufRecord                    0x00007935   Thumb Code    34  record.o(i.Record_SetInBufRecord)
    Record_StartRec                          0x00007959   Thumb Code    54  record.o(i.Record_StartRec)
    Record_StopRec                           0x000079a1   Thumb Code    24  record.o(i.Record_StopRec)
    SPIFlash_3ByteAddr_Cmd                   0x000079bd   Thumb Code    48  spiflash.o(i.SPIFlash_3ByteAddr_Cmd)
    SPIFlash_GetChipInfo                     0x000079ed   Thumb Code    44  spiflash.o(i.SPIFlash_GetChipInfo)
    SPIFlash_Initiate                        0x00007a19   Thumb Code   102  main.o(i.SPIFlash_Initiate)
    SPIFlash_Open                            0x00007a95   Thumb Code   112  spiflash.o(i.SPIFlash_Open)
    SPIFlash_PowerDown                       0x00007b05   Thumb Code    20  spiflash.o(i.SPIFlash_PowerDown)
    SPIFlash_Read                            0x00007b19   Thumb Code    30  spiflash.o(i.SPIFlash_Read)
    SPIFlash_ReadData                        0x00007b37   Thumb Code   212  spiflash.o(i.SPIFlash_ReadData)
    SPIFlash_ReadDataCallback                0x00007c0d   Thumb Code    18  appcallback.o(i.SPIFlash_ReadDataCallback)
    SPIFlash_ReadEnd                         0x00007c25   Thumb Code    24  spiflash.o(i.SPIFlash_ReadEnd)
    SPIFlash_ReadStart                       0x00007c3d   Thumb Code    78  spiflash.o(i.SPIFlash_ReadStart)
    SPIFlash_SendRecOneData                  0x00007c8b   Thumb Code    82  spiflash.o(i.SPIFlash_SendRecOneData)
    SPI_Close                                0x00007cdd   Thumb Code    26  spi.o(i.SPI_Close)
    SPI_GetBusClock                          0x00007cfd   Thumb Code    22  spi.o(i.SPI_GetBusClock)
    SPI_Open                                 0x00007d13   Thumb Code    36  spi.o(i.SPI_Open)
    SPI_SetBusClock                          0x00007d39   Thumb Code    74  spi.o(i.SPI_SetBusClock)
    SPI_SetVarClock                          0x00007d89   Thumb Code    58  spi.o(i.SPI_SetVarClock)
    SPK_ChangeSR                             0x00007dc9   Thumb Code    42  micspk.o(i.SPK_ChangeSR)
    SPK_Close                                0x00007e01   Thumb Code    28  micspk.o(i.SPK_Close)
    SPK_Open                                 0x00007e25   Thumb Code    56  micspk.o(i.SPK_Open)
    SPK_Start                                0x00007e6d   Thumb Code    26  micspk.o(i.SPK_Start)
    SPK_Stop                                 0x00007e8d   Thumb Code    12  micspk.o(i.SPK_Stop)
    SYS_Lock                                 0x00007e9d   Thumb Code    12  sys.o(i.SYS_Lock)
    SYS_ResetModule                          0x00007ead   Thumb Code    26  sys.o(i.SYS_ResetModule)
    SYS_Unlock                               0x00007ec9   Thumb Code    38  sys.o(i.SYS_Unlock)
    SendChar_ToUART                          0x00007ef5   Thumb Code    26  retarget.o(i.SendChar_ToUART)
    SysClk_InitiateRC                        0x00007f15   Thumb Code    76  sysclk.o(i.SysClk_InitiateRC)
    SystemCoreClockUpdate                    0x00007f69   Thumb Code    62  system_isd9100.o(i.SystemCoreClockUpdate)
    TIMER_GetModuleClock                     0x00007fb9   Thumb Code    70  timer.o(i.TIMER_GetModuleClock)
    TIMER_GetWorkingFreq                     0x00008011   Thumb Code    24  timer.o(i.TIMER_GetWorkingFreq)
    TIMER_Open                               0x00008029   Thumb Code    94  timer.o(i.TIMER_Open)
    TMR0_IRQHandler                          0x00008089   Thumb Code   150  main.o(i.TMR0_IRQHandler)
    TMR1_IRQHandler                          0x00008131   Thumb Code    22  interrupthandler.o(i.TMR1_IRQHandler)
    UART0_IRQHandler                         0x00008151   Thumb Code    96  main.o(i.UART0_IRQHandler)
    UART_ClearIntFlag                        0x000081b9   Thumb Code    50  uart.o(i.UART_ClearIntFlag)
    UART_Init                                0x000081f1   Thumb Code   108  main.o(i.UART_Init)
    UART_Open                                0x00008265   Thumb Code    84  uart.o(i.UART_Open)
    UserEvent_ProcessCallback                0x000082c1   Thumb Code     4  appcallback.o(i.UserEvent_ProcessCallback)
    VROneCmdApp_GetCMDID                     0x000082c5   Thumb Code    42  vronecmdapp.o(i.VROneCmdApp_GetCMDID)
    VROneCmdApp_Initiate                     0x000082ef   Thumb Code    72  vronecmdapp.o(i.VROneCmdApp_Initiate)
    VROneCmdApp_UnpackBin                    0x00008337   Thumb Code    56  vronecmdapp.o(i.VROneCmdApp_UnpackBin)
    VolumeCtrl_Reset                         0x0000836f   Thumb Code    22  volumectrl.o(i.VolumeCtrl_Reset)
    VolumeCtrl_VolumeFade                    0x00008385   Thumb Code    32  volumectrl.o(i.VolumeCtrl_VolumeFade)
    WDT_IRQHandler                           0x000083a9   Thumb Code     2  interrupthandler.o(i.WDT_IRQHandler)
    __ARM_common_switch8                     0x000083ab   Thumb Code    26  appfunctions.o(i.__ARM_common_switch8)
    _is_digit                                0x000083c5   Thumb Code    14  __printf_wp.o(i._is_digit)
    ferror                                   0x000083d3   Thumb Code     6  retarget.o(i.ferror)
    fputc                                    0x000083d9   Thumb Code    12  retarget.o(i.fputc)
    main                                     0x000083e5   Thumb Code    80  main.o(i.main)
    pwm_init                                 0x0000844d   Thumb Code   106  main.o(i.pwm_init)
    time_init                                0x000084cd   Thumb Code    62  main.o(i.time_init)
    uart_rev_task                            0x00008515   Thumb Code    24  main.o(i.uart_rev_task)
    __I$use$fp                               0x00008530   Number         0  usenofp.o(x$fpl$usenofp)
    g_asAppCallBack                          0x00008530   Data          16  appcallback.o(.constdata)
    g_au8TriggerKeyStateIndex                0x00008540   Data           1  configio.o(.constdata)
    g_asTriggerKeyHandler                    0x00008544   Data         228  configio.o(.constdata)
    g_u32BiqCoeff                            0x00008630   Data          60  micspk.o(.constdata)
    g_u16Playback_Volume_DB_Table            0x0000866c   Data          26  volumectrl.o(.constdata)
    au16MD4StepAry                           0x00008744   Data          32  md4decode.o(.constdata)
    ai8MD4CoefTable                          0x00008764   Data          16  md4decode.o(.constdata)
    Region$$Table$$Base                      0x0000a3a4   Number         0  anon$$obj.o(Region$$Table)
    Region$$Table$$Limit                     0x0000a3c4   Number         0  anon$$obj.o(Region$$Table)
    spk_sta                                  0x20000000   Data           1  main.o(.data)
    vr_time                                  0x20000004   Data           2  main.o(.data)
    PB_PIN_STA                               0x20000006   Data           2  main.o(.data)
    g_u8AppCtrl                              0x20000010   Data           1  main.o(.data)
    u8TotalAudioNum                          0x20000014   Data           1  appfunctions.o(.data)
    i32ID                                    0x20000015   Data           1  appfunctions.o(.data)
    AudioResStr                              0x2000001c   Data          72  appfunctions.o(.data)
    AudioOptStr                              0x20000064   Data          72  appfunctions.o(.data)
    VR_count                                 0x200000ac   Data           4  interrupthandler.o(.data)
    SystemCoreClock                          0x200000b0   Data           4  system_isd9100.o(.data)
    CyclesPerUs                              0x200000b4   Data           4  system_isd9100.o(.data)
    gau32HiRCSrcTbl                          0x200000b8   Data           8  system_isd9100.o(.data)
    gau32ClkSrcTbl                           0x200000c0   Data          12  system_isd9100.o(.data)
    g_pi16PcmBuf                             0x200000d0   Data           4  playback.o(.data)
    g_psDacBufCtrl                           0x200000d4   Data           4  playback.o(.data)
    g_sChannelVolInfo                        0x200000d8   Data           8  volumectrl.o(.data)
    g_psAdcBufCtrl                           0x200000e4   Data           4  record.o(.data)
    g_u16DebounceCount                       0x200000ee   Data           2  keypad.o(.data)
    g_u16PressingCount                       0x200000f0   Data           2  keypad.o(.data)
    __stdout                                 0x200000f4   Data           4  retarget.o(.data)
    g_sSpiFlash                              0x200000f8   Data          12  main.o(.bss)
    ap_uart0                                 0x20000104   Data         128  main.o(.bss)
    pwm0                                     0x20000184   Data          12  main.o(.bss)
    pwm1                                     0x20000190   Data          12  main.o(.bss)
    g_sApp                                   0x2000019c   Data        9984  main.o(.bss)
    g_ai16DACSamples                         0x2000289c   Data          16  interrupthandler.o(.bss)
    g_ai16ADCSamples                         0x200028ac   Data          16  interrupthandler.o(.bss)
    __libspace_start                         0x20002934   Data          96  libspace.o(.bss)
    __temporary_stack_top$libspace           0x20002994   Data           0  libspace.o(.bss)



==============================================================================

Memory Map of the image

  Image Entry point : 0x000001ad

  Load Region LR_IROM1 (Base: 0x00000000, Size: 0x0000a4bc, Max: 0x00023400, ABSOLUTE)

    Execution Region ER_IROM1 (Exec base: 0x00000000, Load base: 0x00000000, Size: 0x0000a3c4, Max: 0x00023400, ABSOLUTE)

    Exec Addr    Load Addr    Size         Type   Attr      Idx    E Section Name        Object

    0x00000000   0x00000000   0x000000c0   Data   RO          878    RESET               startup_isd9100.o
    0x000000c0   0x000000c0   0x00000008   Code   RO         3930  * !!!main             c_p.l(__main.o)
    0x000000c8   0x000000c8   0x0000003c   Code   RO         4115    !!!scatter          c_p.l(__scatter.o)
    0x00000104   0x00000104   0x0000001a   Code   RO         4117    !!handler_copy      c_p.l(__scatter_copy.o)
    0x0000011e   0x0000011e   0x00000002   PAD
    0x00000120   0x00000120   0x0000001c   Code   RO         4119    !!handler_zi        c_p.l(__scatter_zi.o)
    0x0000013c   0x0000013c   0x00000002   Code   RO         3917    .ARM.Collect$$_printf_percent$$00000000  c_p.l(_printf_percent.o)
    0x0000013e   0x0000013e   0x0000000a   Code   RO         3915    .ARM.Collect$$_printf_percent$$00000014  c_p.l(_printf_s.o)
    0x00000148   0x00000148   0x00000004   Code   RO         3949    .ARM.Collect$$_printf_percent$$00000017  c_p.l(_printf_percent_end.o)
    0x0000014c   0x0000014c   0x00000002   Code   RO         3986    .ARM.Collect$$libinit$$00000000  c_p.l(libinit.o)
    0x0000014e   0x0000014e   0x00000000   Code   RO         4000    .ARM.Collect$$libinit$$00000002  c_p.l(libinit2.o)
    0x0000014e   0x0000014e   0x00000000   Code   RO         4002    .ARM.Collect$$libinit$$00000004  c_p.l(libinit2.o)
    0x0000014e   0x0000014e   0x00000000   Code   RO         4005    .ARM.Collect$$libinit$$0000000A  c_p.l(libinit2.o)
    0x0000014e   0x0000014e   0x00000000   Code   RO         4007    .ARM.Collect$$libinit$$0000000C  c_p.l(libinit2.o)
    0x0000014e   0x0000014e   0x00000000   Code   RO         4009    .ARM.Collect$$libinit$$0000000E  c_p.l(libinit2.o)
    0x0000014e   0x0000014e   0x00000000   Code   RO         4012    .ARM.Collect$$libinit$$00000011  c_p.l(libinit2.o)
    0x0000014e   0x0000014e   0x00000000   Code   RO         4014    .ARM.Collect$$libinit$$00000013  c_p.l(libinit2.o)
    0x0000014e   0x0000014e   0x00000000   Code   RO         4016    .ARM.Collect$$libinit$$00000015  c_p.l(libinit2.o)
    0x0000014e   0x0000014e   0x00000000   Code   RO         4018    .ARM.Collect$$libinit$$00000017  c_p.l(libinit2.o)
    0x0000014e   0x0000014e   0x00000000   Code   RO         4020    .ARM.Collect$$libinit$$00000019  c_p.l(libinit2.o)
    0x0000014e   0x0000014e   0x00000000   Code   RO         4022    .ARM.Collect$$libinit$$0000001B  c_p.l(libinit2.o)
    0x0000014e   0x0000014e   0x00000000   Code   RO         4024    .ARM.Collect$$libinit$$0000001D  c_p.l(libinit2.o)
    0x0000014e   0x0000014e   0x00000000   Code   RO         4026    .ARM.Collect$$libinit$$0000001F  c_p.l(libinit2.o)
    0x0000014e   0x0000014e   0x00000000   Code   RO         4028    .ARM.Collect$$libinit$$00000021  c_p.l(libinit2.o)
    0x0000014e   0x0000014e   0x00000000   Code   RO         4030    .ARM.Collect$$libinit$$00000023  c_p.l(libinit2.o)
    0x0000014e   0x0000014e   0x00000000   Code   RO         4032    .ARM.Collect$$libinit$$00000025  c_p.l(libinit2.o)
    0x0000014e   0x0000014e   0x00000000   Code   RO         4036    .ARM.Collect$$libinit$$0000002C  c_p.l(libinit2.o)
    0x0000014e   0x0000014e   0x00000000   Code   RO         4038    .ARM.Collect$$libinit$$0000002E  c_p.l(libinit2.o)
    0x0000014e   0x0000014e   0x00000000   Code   RO         4040    .ARM.Collect$$libinit$$00000030  c_p.l(libinit2.o)
    0x0000014e   0x0000014e   0x00000000   Code   RO         4042    .ARM.Collect$$libinit$$00000032  c_p.l(libinit2.o)
    0x0000014e   0x0000014e   0x00000002   Code   RO         4043    .ARM.Collect$$libinit$$00000033  c_p.l(libinit2.o)
    0x00000150   0x00000150   0x00000002   Code   RO         4072    .ARM.Collect$$libshutdown$$00000000  c_p.l(libshutdown.o)
    0x00000152   0x00000152   0x00000000   Code   RO         4098    .ARM.Collect$$libshutdown$$00000002  c_p.l(libshutdown2.o)
    0x00000152   0x00000152   0x00000000   Code   RO         4100    .ARM.Collect$$libshutdown$$00000004  c_p.l(libshutdown2.o)
    0x00000152   0x00000152   0x00000000   Code   RO         4103    .ARM.Collect$$libshutdown$$00000007  c_p.l(libshutdown2.o)
    0x00000152   0x00000152   0x00000000   Code   RO         4106    .ARM.Collect$$libshutdown$$0000000A  c_p.l(libshutdown2.o)
    0x00000152   0x00000152   0x00000000   Code   RO         4108    .ARM.Collect$$libshutdown$$0000000C  c_p.l(libshutdown2.o)
    0x00000152   0x00000152   0x00000000   Code   RO         4111    .ARM.Collect$$libshutdown$$0000000F  c_p.l(libshutdown2.o)
    0x00000152   0x00000152   0x00000002   Code   RO         4112    .ARM.Collect$$libshutdown$$00000010  c_p.l(libshutdown2.o)
    0x00000154   0x00000154   0x00000000   Code   RO         3938    .ARM.Collect$$rtentry$$00000000  c_p.l(__rtentry.o)
    0x00000154   0x00000154   0x00000000   Code   RO         3952    .ARM.Collect$$rtentry$$00000002  c_p.l(__rtentry2.o)
    0x00000154   0x00000154   0x00000006   Code   RO         3964    .ARM.Collect$$rtentry$$00000004  c_p.l(__rtentry4.o)
    0x0000015a   0x0000015a   0x00000000   Code   RO         3954    .ARM.Collect$$rtentry$$00000009  c_p.l(__rtentry2.o)
    0x0000015a   0x0000015a   0x00000004   Code   RO         3955    .ARM.Collect$$rtentry$$0000000A  c_p.l(__rtentry2.o)
    0x0000015e   0x0000015e   0x00000000   Code   RO         3957    .ARM.Collect$$rtentry$$0000000C  c_p.l(__rtentry2.o)
    0x0000015e   0x0000015e   0x00000008   Code   RO         3958    .ARM.Collect$$rtentry$$0000000D  c_p.l(__rtentry2.o)
    0x00000166   0x00000166   0x00000002   Code   RO         3991    .ARM.Collect$$rtexit$$00000000  c_p.l(rtexit.o)
    0x00000168   0x00000168   0x00000000   Code   RO         4047    .ARM.Collect$$rtexit$$00000002  c_p.l(rtexit2.o)
    0x00000168   0x00000168   0x00000004   Code   RO         4048    .ARM.Collect$$rtexit$$00000003  c_p.l(rtexit2.o)
    0x0000016c   0x0000016c   0x00000006   Code   RO         4049    .ARM.Collect$$rtexit$$00000004  c_p.l(rtexit2.o)
    0x00000172   0x00000172   0x00000002   PAD
    0x00000174   0x00000174   0x00000038   Code   RO         3918    .emb_text           c_p.l(rt_memcpy.o)
    0x000001ac   0x000001ac   0x00000060   Code   RO          879  * .text               startup_isd9100.o
    0x0000020c   0x0000020c   0x0000001c   Code   RO         3868    .text               c_p.l(noretval__2printf.o)
    0x00000228   0x00000228   0x00000052   Code   RO         3872    .text               c_p.l(_printf_str.o)
    0x0000027a   0x0000027a   0x0000010e   Code   RO         3903    .text               c_p.l(__printf_wp.o)
    0x00000388   0x00000388   0x00000040   Code   RO         3922    .text               c_p.l(rt_memclr.o)
    0x000003c8   0x000003c8   0x000001e8   Code   RO         3924    .text               c_p.l(aeabi_sdivfast.o)
    0x000005b0   0x000005b0   0x00000006   Code   RO         3928    .text               c_p.l(heapauxi.o)
    0x000005b6   0x000005b6   0x00000002   PAD
    0x000005b8   0x000005b8   0x00000048   Code   RO         3932    .text               fz_ps.l(dfixui.o)
    0x00000600   0x00000600   0x00000058   Code   RO         3934    .text               fz_ps.l(dflti.o)
    0x00000658   0x00000658   0x00000248   Code   RO         3936    .text               fz_ps.l(dmul.o)
    0x000008a0   0x000008a0   0x0000002e   Code   RO         3945    .text               c_p.l(_printf_char.o)
    0x000008ce   0x000008ce   0x00000002   PAD
    0x000008d0   0x000008d0   0x00000028   Code   RO         3947    .text               c_p.l(_printf_char_file.o)
    0x000008f8   0x000008f8   0x00000030   Code   RO         3968    .text               c_p.l(_printf_char_common.o)
    0x00000928   0x00000928   0x0000003e   Code   RO         3970    .text               c_p.l(sys_stackheap_outer.o)
    0x00000966   0x00000966   0x00000010   Code   RO         3975    .text               c_p.l(exit.o)
    0x00000976   0x00000976   0x00000002   PAD
    0x00000978   0x00000978   0x00000008   Code   RO         3987    .text               c_p.l(libspace.o)
    0x00000980   0x00000980   0x0000000c   Code   RO         4044    .text               c_p.l(sys_exit.o)
    0x0000098c   0x0000098c   0x00000002   Code   RO         4061    .text               c_p.l(use_no_semi.o)
    0x0000098e   0x0000098e   0x00000000   Code   RO         4063    .text               c_p.l(indicate_semi.o)
    0x0000098e   0x0000098e   0x00000002   Code   RO         1896    i.ADC_Close         adc.o
    0x00000990   0x00000990   0x00000040   Code   RO         1897    i.ADC_DisableInt    adc.o
    0x000009d0   0x000009d0   0x00000010   Code   RO         1898    i.ADC_DisableMICBias  adc.o
    0x000009e0   0x000009e0   0x00000010   Code   RO         1900    i.ADC_EnableMICBias  adc.o
    0x000009f0   0x000009f0   0x00000002   Code   RO         1904    i.ADC_Open          adc.o
    0x000009f2   0x000009f2   0x00000002   PAD
    0x000009f4   0x000009f4   0x00000044   Code   RO         1907    i.ADC_SetALCTargetLevel  adc.o
    0x00000a38   0x00000a38   0x0000004c   Code   RO         1908    i.ADC_SetAMUX       adc.o
    0x00000a84   0x00000a84   0x00000038   Code   RO         1910    i.ADC_SetPGAGaindB  adc.o
    0x00000abc   0x00000abc   0x00000050   Code   RO          277    i.App_Initiate      appfunctions.o
    0x00000b0c   0x00000b0c   0x0000002c   Code   RO          278    i.App_PowerDown     appfunctions.o
    0x00000b38   0x00000b38   0x00000230   Code   RO          279    i.App_Process       appfunctions.o
    0x00000d68   0x00000d68   0x00000038   Code   RO          280    i.App_StartPlay     appfunctions.o
    0x00000da0   0x00000da0   0x00000024   Code   RO          281    i.App_StartRecognize  appfunctions.o
    0x00000dc4   0x00000dc4   0x00000014   Code   RO          282    i.App_StopPlay      appfunctions.o
    0x00000dd8   0x00000dd8   0x0000001c   Code   RO          283    i.App_StopRecognize  appfunctions.o
    0x00000df4   0x00000df4   0x0000002e   Code   RO          953    i.AudioRom_GetAudioChunkInfo  audiorom.o
    0x00000e22   0x00000e22   0x0000000e   Code   RO          954    i.AudioRom_GetAudioNum  audiorom.o
    0x00000e30   0x00000e30   0x0000001c   Code   RO          955    i.AudioRom_GetRomHeader  audiorom.o
    0x00000e4c   0x00000e4c   0x00000030   Code   RO         1090    i.BIQFilter_Setting  micspk.o
    0x00000e7c   0x00000e7c   0x0000001c   Code   RO         2005    i.BIQ_Reset         biq.o
    0x00000e98   0x00000e98   0x00000044   Code   RO         2006    i.BIQ_SetCoeff      biq.o
    0x00000edc   0x00000edc   0x0000002c   Code   RO         3713    i.BsrAbby           libCSpotterSDK_16k_24d_ISD9xxC_arm-cm0_V6.4.4_b20180328.lib(BsrJoe.o)
    0x00000f08   0x00000f08   0x0000007e   Code   RO         3714    i.BsrAbel           libCSpotterSDK_16k_24d_ISD9xxC_arm-cm0_V6.4.4_b20180328.lib(BsrJoe.o)
    0x00000f86   0x00000f86   0x000000c8   Code   RO         3715    i.BsrAdam           libCSpotterSDK_16k_24d_ISD9xxC_arm-cm0_V6.4.4_b20180328.lib(BsrJoe.o)
    0x0000104e   0x0000104e   0x000000d2   Code   RO         3587    i.BsrAlma           libCSpotterSDK_16k_24d_ISD9xxC_arm-cm0_V6.4.4_b20180328.lib(BsrDon.o)
    0x00001120   0x00001120   0x00000018   Code   RO         3588    i.BsrAmir           libCSpotterSDK_16k_24d_ISD9xxC_arm-cm0_V6.4.4_b20180328.lib(BsrDon.o)
    0x00001138   0x00001138   0x00000126   Code   RO         3589    i.BsrAmos           libCSpotterSDK_16k_24d_ISD9xxC_arm-cm0_V6.4.4_b20180328.lib(BsrDon.o)
    0x0000125e   0x0000125e   0x0000002a   Code   RO         3623    i.BsrAna            libCSpotterSDK_16k_24d_ISD9xxC_arm-cm0_V6.4.4_b20180328.lib(BsrJim.o)
    0x00001288   0x00001288   0x00000026   Code   RO         3591    i.BsrAnna           libCSpotterSDK_16k_24d_ISD9xxC_arm-cm0_V6.4.4_b20180328.lib(BsrDon.o)
    0x000012ae   0x000012ae   0x00000018   Code   RO         3592    i.BsrAnne           libCSpotterSDK_16k_24d_ISD9xxC_arm-cm0_V6.4.4_b20180328.lib(BsrDon.o)
    0x000012c6   0x000012c6   0x0000001c   Code   RO         3593    i.BsrAnnie          libCSpotterSDK_16k_24d_ISD9xxC_arm-cm0_V6.4.4_b20180328.lib(BsrDon.o)
    0x000012e2   0x000012e2   0x00000002   PAD
    0x000012e4   0x000012e4   0x000000b0   Code   RO         3624    i.BsrAri            libCSpotterSDK_16k_24d_ISD9xxC_arm-cm0_V6.4.4_b20180328.lib(BsrJim.o)
    0x00001394   0x00001394   0x000000f4   Code   RO         3625    i.BsrAsa            libCSpotterSDK_16k_24d_ISD9xxC_arm-cm0_V6.4.4_b20180328.lib(BsrJim.o)
    0x00001488   0x00001488   0x000000aa   Code   RO         3627    i.BsrAvea           libCSpotterSDK_16k_24d_ISD9xxC_arm-cm0_V6.4.4_b20180328.lib(BsrJim.o)
    0x00001532   0x00001532   0x0000001a   Code   RO         3599    i.BsrAyla           libCSpotterSDK_16k_24d_ISD9xxC_arm-cm0_V6.4.4_b20180328.lib(BsrDon.o)
    0x0000154c   0x0000154c   0x0000000e   Code   RO         3600    i.BsrBaby           libCSpotterSDK_16k_24d_ISD9xxC_arm-cm0_V6.4.4_b20180328.lib(BsrDon.o)
    0x0000155a   0x0000155a   0x000000ac   Code   RO         3628    i.BsrBen            libCSpotterSDK_16k_24d_ISD9xxC_arm-cm0_V6.4.4_b20180328.lib(BsrJim.o)
    0x00001606   0x00001606   0x00000002   PAD
    0x00001608   0x00001608   0x0000003c   Code   RO         3584    i.BsrBrad           libCSpotterSDK_16k_24d_ISD9xxC_arm-cm0_V6.4.4_b20180328.lib(BsrBen.o)
    0x00001644   0x00001644   0x00000150   Code   RO         3782    i.BsrBret           libCSpotterSDK_16k_24d_ISD9xxC_arm-cm0_V6.4.4_b20180328.lib(BsrJay.o)
    0x00001794   0x00001794   0x0000018a   Code   RO         3783    i.BsrCade           libCSpotterSDK_16k_24d_ISD9xxC_arm-cm0_V6.4.4_b20180328.lib(BsrJay.o)
    0x0000191e   0x0000191e   0x00000002   PAD
    0x00001920   0x00001920   0x00000104   Code   RO         3784    i.BsrCadea          libCSpotterSDK_16k_24d_ISD9xxC_arm-cm0_V6.4.4_b20180328.lib(BsrJay.o)
    0x00001a24   0x00001a24   0x00000044   Code   RO         3785    i.BsrCale           libCSpotterSDK_16k_24d_ISD9xxC_arm-cm0_V6.4.4_b20180328.lib(BsrJay.o)
    0x00001a68   0x00001a68   0x000003e8   Code   RO         3786    i.BsrCara           libCSpotterSDK_16k_24d_ISD9xxC_arm-cm0_V6.4.4_b20180328.lib(BsrJay.o)
    0x00001e50   0x00001e50   0x000000cc   Code   RO         3787    i.BsrCarae          libCSpotterSDK_16k_24d_ISD9xxC_arm-cm0_V6.4.4_b20180328.lib(BsrJay.o)
    0x00001f1c   0x00001f1c   0x000000bc   Code   RO         3788    i.BsrChad           libCSpotterSDK_16k_24d_ISD9xxC_arm-cm0_V6.4.4_b20180328.lib(BsrJay.o)
    0x00001fd8   0x00001fd8   0x00000048   Code   RO         3789    i.BsrChada          libCSpotterSDK_16k_24d_ISD9xxC_arm-cm0_V6.4.4_b20180328.lib(BsrJay.o)
    0x00002020   0x00002020   0x000000e0   Code   RO         3790    i.BsrChaz           libCSpotterSDK_16k_24d_ISD9xxC_arm-cm0_V6.4.4_b20180328.lib(BsrJay.o)
    0x00002100   0x00002100   0x000000bc   Code   RO         3791    i.BsrChaza          libCSpotterSDK_16k_24d_ISD9xxC_arm-cm0_V6.4.4_b20180328.lib(BsrJay.o)
    0x000021bc   0x000021bc   0x000000d0   Code   RO         3792    i.BsrChaze          libCSpotterSDK_16k_24d_ISD9xxC_arm-cm0_V6.4.4_b20180328.lib(BsrJay.o)
    0x0000228c   0x0000228c   0x000000ce   Code   RO         3793    i.BsrChazi          libCSpotterSDK_16k_24d_ISD9xxC_arm-cm0_V6.4.4_b20180328.lib(BsrJay.o)
    0x0000235a   0x0000235a   0x00000002   PAD
    0x0000235c   0x0000235c   0x00000568   Code   RO         3794    i.BsrClay           libCSpotterSDK_16k_24d_ISD9xxC_arm-cm0_V6.4.4_b20180328.lib(BsrJay.o)
    0x000028c4   0x000028c4   0x000001ec   Code   RO         3810    i.BsrCory           libCSpotterSDK_16k_24d_ISD9xxC_arm-cm0_V6.4.4_b20180328.lib(BsrJoy.o)
    0x00002ab0   0x00002ab0   0x00000022   Code   RO         3811    i.BsrCoty           libCSpotterSDK_16k_24d_ISD9xxC_arm-cm0_V6.4.4_b20180328.lib(BsrJoy.o)
    0x00002ad2   0x00002ad2   0x00000002   PAD
    0x00002ad4   0x00002ad4   0x00000058   Code   RO         3630    i.BsrDan            libCSpotterSDK_16k_24d_ISD9xxC_arm-cm0_V6.4.4_b20180328.lib(BsrJim.o)
    0x00002b2c   0x00002b2c   0x00000008   Code   RO         3815    i.BsrDane           libCSpotterSDK_16k_24d_ISD9xxC_arm-cm0_V6.4.4_b20180328.lib(BsrJoy.o)
    0x00002b34   0x00002b34   0x00000008   Code   RO         3817    i.BsrDawn           libCSpotterSDK_16k_24d_ISD9xxC_arm-cm0_V6.4.4_b20180328.lib(BsrJoy.o)
    0x00002b3c   0x00002b3c   0x0000006c   Code   RO         3818    i.BsrDeja           libCSpotterSDK_16k_24d_ISD9xxC_arm-cm0_V6.4.4_b20180328.lib(BsrJoy.o)
    0x00002ba8   0x00002ba8   0x00000180   Code   RO         3819    i.BsrDemi           libCSpotterSDK_16k_24d_ISD9xxC_arm-cm0_V6.4.4_b20180328.lib(BsrJoy.o)
    0x00002d28   0x00002d28   0x00000176   Code   RO         3820    i.BsrDeon           libCSpotterSDK_16k_24d_ISD9xxC_arm-cm0_V6.4.4_b20180328.lib(BsrJoy.o)
    0x00002e9e   0x00002e9e   0x0000024a   Code   RO         3821    i.BsrDina           libCSpotterSDK_16k_24d_ISD9xxC_arm-cm0_V6.4.4_b20180328.lib(BsrJoy.o)
    0x000030e8   0x000030e8   0x000000dc   Code   RO         3822    i.BsrDion           libCSpotterSDK_16k_24d_ISD9xxC_arm-cm0_V6.4.4_b20180328.lib(BsrJoy.o)
    0x000031c4   0x000031c4   0x00000164   Code   RO         3774    i.BsrEden           libCSpotterSDK_16k_24d_ISD9xxC_arm-cm0_V6.4.4_b20180328.lib(BsrEva.o)
    0x00003328   0x00003328   0x00000058   Code   RO         3633    i.BsrEli            libCSpotterSDK_16k_24d_ISD9xxC_arm-cm0_V6.4.4_b20180328.lib(BsrJim.o)
    0x00003380   0x00003380   0x000001b0   Code   RO         3775    i.BsrElla           libCSpotterSDK_16k_24d_ISD9xxC_arm-cm0_V6.4.4_b20180328.lib(BsrEva.o)
    0x00003530   0x00003530   0x00000178   Code   RO         3776    i.BsrElsa           libCSpotterSDK_16k_24d_ISD9xxC_arm-cm0_V6.4.4_b20180328.lib(BsrEva.o)
    0x000036a8   0x000036a8   0x000000d8   Code   RO         3761    i.BsrEmma           libCSpotterSDK_16k_24d_ISD9xxC_arm-cm0_V6.4.4_b20180328.lib(BsrEli.o)
    0x00003780   0x00003780   0x00000082   Code   RO         3762    i.BsrEric           libCSpotterSDK_16k_24d_ISD9xxC_arm-cm0_V6.4.4_b20180328.lib(BsrEli.o)
    0x00003802   0x00003802   0x00000002   PAD
    0x00003804   0x00003804   0x0000013c   Code   RO         3763    i.BsrErica          libCSpotterSDK_16k_24d_ISD9xxC_arm-cm0_V6.4.4_b20180328.lib(BsrEli.o)
    0x00003940   0x00003940   0x0000002e   Code   RO         3764    i.BsrErik           libCSpotterSDK_16k_24d_ISD9xxC_arm-cm0_V6.4.4_b20180328.lib(BsrEli.o)
    0x0000396e   0x0000396e   0x000000e6   Code   RO         3765    i.BsrErin           libCSpotterSDK_16k_24d_ISD9xxC_arm-cm0_V6.4.4_b20180328.lib(BsrEli.o)
    0x00003a54   0x00003a54   0x00000022   Code   RO         3634    i.BsrEva            libCSpotterSDK_16k_24d_ISD9xxC_arm-cm0_V6.4.4_b20180328.lib(BsrJim.o)
    0x00003a76   0x00003a76   0x0000003a   Code   RO         3766    i.BsrEvan           libCSpotterSDK_16k_24d_ISD9xxC_arm-cm0_V6.4.4_b20180328.lib(BsrEli.o)
    0x00003ab0   0x00003ab0   0x000000c0   Code   RO         3841    i.BsrGary           libCSpotterSDK_16k_24d_ISD9xxC_arm-cm0_V6.4.4_b20180328.lib(BsrAna.o)
    0x00003b70   0x00003b70   0x000001cc   Code   RO         3846    i.BsrGreg           libCSpotterSDK_16k_24d_ISD9xxC_arm-cm0_V6.4.4_b20180328.lib(BsrAnn.o)
    0x00003d3c   0x00003d3c   0x00000036   Code   RO         3636    i.BsrGuy            libCSpotterSDK_16k_24d_ISD9xxC_arm-cm0_V6.4.4_b20180328.lib(BsrJim.o)
    0x00003d72   0x00003d72   0x00000002   PAD
    0x00003d74   0x00003d74   0x000000b0   Code   RO         3855    i.BsrHugo           libCSpotterSDK_16k_24d_ISD9xxC_arm-cm0_V6.4.4_b20180328.lib(BsrGuy.o)
    0x00003e24   0x00003e24   0x00000036   Code   RO         3856    i.BsrIris           libCSpotterSDK_16k_24d_ISD9xxC_arm-cm0_V6.4.4_b20180328.lib(BsrGuy.o)
    0x00003e5a   0x00003e5a   0x00000002   PAD
    0x00003e5c   0x00003e5c   0x00000054   Code   RO         3857    i.BsrIrma           libCSpotterSDK_16k_24d_ISD9xxC_arm-cm0_V6.4.4_b20180328.lib(BsrGuy.o)
    0x00003eb0   0x00003eb0   0x0000002e   Code   RO         3858    i.BsrIsai           libCSpotterSDK_16k_24d_ISD9xxC_arm-cm0_V6.4.4_b20180328.lib(BsrGuy.o)
    0x00003ede   0x00003ede   0x000000bc   Code   RO         3638    i.BsrIvy            libCSpotterSDK_16k_24d_ISD9xxC_arm-cm0_V6.4.4_b20180328.lib(BsrJim.o)
    0x00003f9a   0x00003f9a   0x000000e2   Code   RO         3824    i.BsrJamii          libCSpotterSDK_16k_24d_ISD9xxC_arm-cm0_V6.4.4_b20180328.lib(BsrJoy.o)
    0x0000407c   0x0000407c   0x00000018   Code   RO         3639    i.BsrJan            libCSpotterSDK_16k_24d_ISD9xxC_arm-cm0_V6.4.4_b20180328.lib(BsrJim.o)
    0x00004094   0x00004094   0x0000018c   Code   RO         3795    i.BsrJeni           libCSpotterSDK_16k_24d_ISD9xxC_arm-cm0_V6.4.4_b20180328.lib(BsrJay.o)
    0x00004220   0x00004220   0x0000016e   Code   RO         3729    i.BsrJoan           libCSpotterSDK_16k_24d_ISD9xxC_arm-cm0_V6.4.4_b20180328.lib(BsrKai.o)
    0x0000438e   0x0000438e   0x0000002a   Code   RO         3443    i.BsrJohn           libCSpotterSDK_16k_24d_ISD9xxC_arm-cm0_V6.4.4_b20180328.lib(BsrAli.o)
    0x000043b8   0x000043b8   0x00000036   Code   RO         3444    i.BsrJose           libCSpotterSDK_16k_24d_ISD9xxC_arm-cm0_V6.4.4_b20180328.lib(BsrAli.o)
    0x000043ee   0x000043ee   0x000000a4   Code   RO         3445    i.BsrJosh           libCSpotterSDK_16k_24d_ISD9xxC_arm-cm0_V6.4.4_b20180328.lib(BsrAli.o)
    0x00004492   0x00004492   0x00000002   PAD
    0x00004494   0x00004494   0x000000e0   Code   RO         3650    i.BsrJoyci          libCSpotterSDK_16k_24d_ISD9xxC_arm-cm0_V6.4.4_b20180328.lib(BsrJim.o)
    0x00004574   0x00004574   0x00000034   Code   RO         3777    i.BsrJuanitez       libCSpotterSDK_16k_24d_ISD9xxC_arm-cm0_V6.4.4_b20180328.lib(BsrEva.o)
    0x000045a8   0x000045a8   0x00000018   Code   RO         3655    i.BsrLei            libCSpotterSDK_16k_24d_ISD9xxC_arm-cm0_V6.4.4_b20180328.lib(BsrJim.o)
    0x000045c0   0x000045c0   0x0000007a   Code   RO         3660    i.BsrMaxi           libCSpotterSDK_16k_24d_ISD9xxC_arm-cm0_V6.4.4_b20180328.lib(BsrJim.o)
    0x0000463a   0x0000463a   0x00000576   Code   RO         3661    i.BsrMichael        libCSpotterSDK_16k_24d_ISD9xxC_arm-cm0_V6.4.4_b20180328.lib(BsrJim.o)
    0x00004bb0   0x00004bb0   0x00000008   Code   RO         3662    i.BsrMichelle       libCSpotterSDK_16k_24d_ISD9xxC_arm-cm0_V6.4.4_b20180328.lib(BsrJim.o)
    0x00004bb8   0x00004bb8   0x000000ac   Code   RO         3664    i.BsrMike           libCSpotterSDK_16k_24d_ISD9xxC_arm-cm0_V6.4.4_b20180328.lib(BsrJim.o)
    0x00004c64   0x00004c64   0x00000088   Code   RO         3731    i.BsrMya            libCSpotterSDK_16k_24d_ISD9xxC_arm-cm0_V6.4.4_b20180328.lib(BsrKai.o)
    0x00004cec   0x00004cec   0x00000032   Code   RO         3732    i.BsrNia            libCSpotterSDK_16k_24d_ISD9xxC_arm-cm0_V6.4.4_b20180328.lib(BsrKai.o)
    0x00004d1e   0x00004d1e   0x00000136   Code   RO         3735    i.BsrRay            libCSpotterSDK_16k_24d_ISD9xxC_arm-cm0_V6.4.4_b20180328.lib(BsrKai.o)
    0x00004e54   0x00004e54   0x00000012   Code   RO         3736    i.BsrRex            libCSpotterSDK_16k_24d_ISD9xxC_arm-cm0_V6.4.4_b20180328.lib(BsrKai.o)
    0x00004e66   0x00004e66   0x00000010   Code   RO         3737    i.BsrRey            libCSpotterSDK_16k_24d_ISD9xxC_arm-cm0_V6.4.4_b20180328.lib(BsrKai.o)
    0x00004e76   0x00004e76   0x000004a2   Code   RO         3738    i.BsrRon            libCSpotterSDK_16k_24d_ISD9xxC_arm-cm0_V6.4.4_b20180328.lib(BsrKai.o)
    0x00005318   0x00005318   0x0000002c   Code   RO         3739    i.BsrRoy            libCSpotterSDK_16k_24d_ISD9xxC_arm-cm0_V6.4.4_b20180328.lib(BsrKai.o)
    0x00005344   0x00005344   0x00000010   Code   RO         3740    i.BsrTed            libCSpotterSDK_16k_24d_ISD9xxC_arm-cm0_V6.4.4_b20180328.lib(BsrKai.o)
    0x00005354   0x00005354   0x00000068   Code   RO         3741    i.BsrTia            libCSpotterSDK_16k_24d_ISD9xxC_arm-cm0_V6.4.4_b20180328.lib(BsrKai.o)
    0x000053bc   0x000053bc   0x00000092   Code   RO         3742    i.BsrTom            libCSpotterSDK_16k_24d_ISD9xxC_arm-cm0_V6.4.4_b20180328.lib(BsrKai.o)
    0x0000544e   0x0000544e   0x0000005e   Code   RO         3743    i.BsrTop            libCSpotterSDK_16k_24d_ISD9xxC_arm-cm0_V6.4.4_b20180328.lib(BsrKai.o)
    0x000054ac   0x000054ac   0x00000012   Code   RO         3744    i.BsrTre            libCSpotterSDK_16k_24d_ISD9xxC_arm-cm0_V6.4.4_b20180328.lib(BsrKai.o)
    0x000054be   0x000054be   0x00000004   Code   RO         3720    i.BsrZoe            libCSpotterSDK_16k_24d_ISD9xxC_arm-cm0_V6.4.4_b20180328.lib(BsrJoe.o)
    0x000054c2   0x000054c2   0x0000001e   Code   RO         1040    i.BufCtrl_UpdateReadWithCount  bufctrl.o
    0x000054e0   0x000054e0   0x0000001e   Code   RO         1041    i.BufCtrl_UpdateWriteWithCount  bufctrl.o
    0x000054fe   0x000054fe   0x00000002   PAD
    0x00005500   0x00005500   0x00000010   Code   RO          472    i.CAPS_IRQHandler   interrupthandler.o
    0x00005510   0x00005510   0x00000038   Code   RO         2102    i.CLK_DeepSleep     clk.o
    0x00005548   0x00005548   0x0000001c   Code   RO         2103    i.CLK_DisableLDO    clk.o
    0x00005564   0x00005564   0x0000001c   Code   RO         2104    i.CLK_DisableModuleClock  clk.o
    0x00005580   0x00005580   0x00000034   Code   RO         2106    i.CLK_EnableLDO     clk.o
    0x000055b4   0x000055b4   0x0000001c   Code   RO         2107    i.CLK_EnableModuleClock  clk.o
    0x000055d0   0x000055d0   0x0000001c   Code   RO         2108    i.CLK_EnableXtalRC  clk.o
    0x000055ec   0x000055ec   0x00000010   Code   RO         2109    i.CLK_GetHCLKFreq   clk.o
    0x000055fc   0x000055fc   0x0000003c   Code   RO         2112    i.CLK_SetHCLK       clk.o
    0x00005638   0x00005638   0x00000050   Code   RO         2113    i.CLK_SetModuleClock  clk.o
    0x00005688   0x00005688   0x00000020   Code   RO         2114    i.CLK_SetSysTickClockSrc  clk.o
    0x000056a8   0x000056a8   0x00000024   Code   RO         2117    i.CLK_SysTickDelay  clk.o
    0x000056cc   0x000056cc   0x00000064   Code   RO         3357    i.CSpotter_AddSample  libCSpotterSDK_16k_24d_ISD9xxC_arm-cm0_V6.4.4_b20180328.lib(CSpotterSDKApi.o)
    0x00005730   0x00005730   0x000000bc   Code   RO         3361    i.CSpotter_GetMemoryUsage_MultiWithSpeakerAndExtRejModel  libCSpotterSDK_16k_24d_ISD9xxC_arm-cm0_V6.4.4_b20180328.lib(CSpotterSDKApi.o)
    0x000057ec   0x000057ec   0x00000018   Code   RO         3362    i.CSpotter_GetMemoryUsage_Sep  libCSpotterSDK_16k_24d_ISD9xxC_arm-cm0_V6.4.4_b20180328.lib(CSpotterSDKApi.o)
    0x00005804   0x00005804   0x00000024   Code   RO         3368    i.CSpotter_GetResult  libCSpotterSDK_16k_24d_ISD9xxC_arm-cm0_V6.4.4_b20180328.lib(CSpotterSDKApi.o)
    0x00005828   0x00005828   0x00000204   Code   RO         3376    i.CSpotter_Init_MultiWithExtRejModel  libCSpotterSDK_16k_24d_ISD9xxC_arm-cm0_V6.4.4_b20180328.lib(CSpotterSDKApi.o)
    0x00005a2c   0x00005a2c   0x00000024   Code   RO         3377    i.CSpotter_Init_Sep  libCSpotterSDK_16k_24d_ISD9xxC_arm-cm0_V6.4.4_b20180328.lib(CSpotterSDKApi.o)
    0x00005a50   0x00005a50   0x00000028   Code   RO         3381    i.CSpotter_Release  libCSpotterSDK_16k_24d_ISD9xxC_arm-cm0_V6.4.4_b20180328.lib(CSpotterSDKApi.o)
    0x00005a78   0x00005a78   0x00000034   Code   RO         3382    i.CSpotter_Reset    libCSpotterSDK_16k_24d_ISD9xxC_arm-cm0_V6.4.4_b20180328.lib(CSpotterSDKApi.o)
    0x00005aac   0x00005aac   0x00000002   Code   RO         2257    i.DPWM_Open         dpwm.o
    0x00005aae   0x00005aae   0x00000002   PAD
    0x00005ab0   0x00005ab0   0x0000003c   Code   RO         2258    i.DPWM_SetSampleRate  dpwm.o
    0x00005aec   0x00005aec   0x000000e4   Code   RO          446    i.Default_KeyHandler  inputkeyactions.o
    0x00005bd0   0x00005bd0   0x00000014   Code   RO         2299    i.FMC_Close         fmc.o
    0x00005be4   0x00005be4   0x00000048   Code   RO         2304    i.FMC_Erase         fmc.o
    0x00005c2c   0x00005c2c   0x00000014   Code   RO         2306    i.FMC_Open          fmc.o
    0x00005c40   0x00005c40   0x00000028   Code   RO         2313    i.FMC_Write         fmc.o
    0x00005c68   0x00005c68   0x0000001c   Code   RO          473    i.GPAB_IRQHandler   interrupthandler.o
    0x00005c84   0x00005c84   0x0000001c   Code   RO         2409    i.GPIO_DisableInt   gpio.o
    0x00005ca0   0x00005ca0   0x0000001a   Code   RO         2410    i.GPIO_EnableInt    gpio.o
    0x00005cba   0x00005cba   0x00000028   Code   RO         2411    i.GPIO_SetMode      gpio.o
    0x00005ce2   0x00005ce2   0x00000002   PAD
    0x00005ce4   0x00005ce4   0x00000020   Code   RO          988    i.InputKey_Change   configio.o
    0x00005d04   0x00005d04   0x000000ac   Code   RO          989    i.InputKey_Initiate  configio.o
    0x00005db0   0x00005db0   0x00000018   Code   RO         1716    i.Keypad_InitKeypad  keypad.o
    0x00005dc8   0x00005dc8   0x00000034   Code   RO         1717    i.Keypad_InitTgr    keypad.o
    0x00005dfc   0x00005dfc   0x00000018   Code   RO         1723    i.Keypad_ResetTgr   keypad.o
    0x00005e14   0x00005e14   0x00000028   Code   RO         1729    i.Keypad_TgrDecDebounceCounter  keypad.o
    0x00005e3c   0x00005e3c   0x00000022   Code   RO          742    i.MD4App_DecodeInitiate  md4app.o
    0x00005e5e   0x00005e5e   0x00000002   PAD
    0x00005e60   0x00005e60   0x00000088   Code   RO          743    i.MD4App_DecodeProcess  md4app.o
    0x00005ee8   0x00005ee8   0x00000070   Code   RO          744    i.MD4App_DecodeStartPlayByAddr  md4app.o
    0x00005f58   0x00005f58   0x00000030   Code   RO          745    i.MD4App_DecodeStartPlayByID  md4app.o
    0x00005f88   0x00005f88   0x0000001a   Code   RO          746    i.MD4App_DecodeStopPlay  md4app.o
    0x00005fa2   0x00005fa2   0x00000020   Code   RO         3340    i.MD4_CheckResLdr   MD4_Keil.lib(md4decode.o)
    0x00005fc2   0x00005fc2   0x00000002   PAD
    0x00005fc4   0x00005fc4   0x000000c8   Code   RO         3341    i.MD4_DecodeFrame   MD4_Keil.lib(md4decode.o)
    0x0000608c   0x0000608c   0x000000a0   Code   RO         3342    i.MD4_DecodeInitiate  MD4_Keil.lib(md4decode.o)
    0x0000612c   0x0000612c   0x00000016   Code   RO         3343    i.MD4_DecodeIsEnd   MD4_Keil.lib(md4decode.o)
    0x00006142   0x00006142   0x00000100   Code   RO         3344    i.MD4_DecodeProcess  MD4_Keil.lib(md4decode.o)
    0x00006242   0x00006242   0x00000002   PAD
    0x00006244   0x00006244   0x00000080   Code   RO         1091    i.MIC_ChangeSR      micspk.o
    0x000062c4   0x000062c4   0x00000048   Code   RO         1092    i.MIC_Close         micspk.o
    0x0000630c   0x0000630c   0x00000100   Code   RO         1093    i.MIC_Open          micspk.o
    0x0000640c   0x0000640c   0x0000000c   Code   RO         1094    i.MIC_Start         micspk.o
    0x00006418   0x00006418   0x00000010   Code   RO         1095    i.MIC_Stop          micspk.o
    0x00006428   0x00006428   0x00000016   Code   RO          683    i.MicGetApp_Initiate  micgetapp.o
    0x0000643e   0x0000643e   0x00000028   Code   RO          684    i.MicGetApp_ProcessRec  micgetapp.o
    0x00006466   0x00006466   0x00000028   Code   RO          685    i.MicGetApp_StartRec  micgetapp.o
    0x0000648e   0x0000648e   0x00000010   Code   RO          686    i.MicGetApp_StopRec  micgetapp.o
    0x0000649e   0x0000649e   0x00000066   Code   RO         3451    i.NINJA_API_1       libCSpotterSDK_16k_24d_ISD9xxC_arm-cm0_V6.4.4_b20180328.lib(BsrGo.o)
    0x00006504   0x00006504   0x00000280   Code   RO         3453    i.NINJA_API_11      libCSpotterSDK_16k_24d_ISD9xxC_arm-cm0_V6.4.4_b20180328.lib(BsrGo.o)
    0x00006784   0x00006784   0x00000170   Code   RO         3455    i.NINJA_API_13      libCSpotterSDK_16k_24d_ISD9xxC_arm-cm0_V6.4.4_b20180328.lib(BsrGo.o)
    0x000068f4   0x000068f4   0x0000001e   Code   RO         3457    i.NINJA_API_15      libCSpotterSDK_16k_24d_ISD9xxC_arm-cm0_V6.4.4_b20180328.lib(BsrGo.o)
    0x00006912   0x00006912   0x0000001e   Code   RO         3461    i.NINJA_API_19      libCSpotterSDK_16k_24d_ISD9xxC_arm-cm0_V6.4.4_b20180328.lib(BsrGo.o)
    0x00006930   0x00006930   0x00000028   Code   RO         3462    i.NINJA_API_2       libCSpotterSDK_16k_24d_ISD9xxC_arm-cm0_V6.4.4_b20180328.lib(BsrGo.o)
    0x00006958   0x00006958   0x00000026   Code   RO         3465    i.NINJA_API_23      libCSpotterSDK_16k_24d_ISD9xxC_arm-cm0_V6.4.4_b20180328.lib(BsrGo.o)
    0x0000697e   0x0000697e   0x00000030   Code   RO         3468    i.NINJA_API_26      libCSpotterSDK_16k_24d_ISD9xxC_arm-cm0_V6.4.4_b20180328.lib(BsrGo.o)
    0x000069ae   0x000069ae   0x00000024   Code   RO         3472    i.NINJA_API_3       libCSpotterSDK_16k_24d_ISD9xxC_arm-cm0_V6.4.4_b20180328.lib(BsrGo.o)
    0x000069d2   0x000069d2   0x00000070   Code   RO         3489    i.NINJA_API_47      libCSpotterSDK_16k_24d_ISD9xxC_arm-cm0_V6.4.4_b20180328.lib(BsrGo.o)
    0x00006a42   0x00006a42   0x0000007e   Code   RO         3490    i.NINJA_API_48      libCSpotterSDK_16k_24d_ISD9xxC_arm-cm0_V6.4.4_b20180328.lib(BsrGo.o)
    0x00006ac0   0x00006ac0   0x0000003c   Code   RO         3495    i.NINJA_API_55      libCSpotterSDK_16k_24d_ISD9xxC_arm-cm0_V6.4.4_b20180328.lib(BsrGo.o)
    0x00006afc   0x00006afc   0x0000002a   Code   RO         3496    i.NINJA_API_56      libCSpotterSDK_16k_24d_ISD9xxC_arm-cm0_V6.4.4_b20180328.lib(BsrGo.o)
    0x00006b26   0x00006b26   0x00000002   PAD
    0x00006b28   0x00006b28   0x000003e0   Code   RO         3511    i.NINJA_API_73      libCSpotterSDK_16k_24d_ISD9xxC_arm-cm0_V6.4.4_b20180328.lib(BsrGo.o)
    0x00006f08   0x00006f08   0x000000b4   Code   RO         3513    i.NINJA_API_75      libCSpotterSDK_16k_24d_ISD9xxC_arm-cm0_V6.4.4_b20180328.lib(BsrGo.o)
    0x00006fbc   0x00006fbc   0x00000014   Code   RO          568    i.NVIC_DisableIRQ   powerdown.o
    0x00006fd0   0x00006fd0   0x00000014   Code   RO            3    i.NVIC_EnableIRQ    main.o
    0x00006fe4   0x00006fe4   0x00000024   Code   RO          990    i.OutputPin_Initiate  configio.o
    0x00007008   0x00007008   0x00000010   Code   RO          991    i.OutputPin_Set     configio.o
    0x00007018   0x00007018   0x00000014   Code   RO         2610    i.PDMA_DisableInt   pdma.o
    0x0000702c   0x0000702c   0x00000014   Code   RO         2611    i.PDMA_EnableInt    pdma.o
    0x00007040   0x00007040   0x00000038   Code   RO          474    i.PDMA_IRQHandler   interrupthandler.o
    0x00007078   0x00007078   0x00000010   Code   RO         2612    i.PDMA_Open         pdma.o
    0x00007088   0x00007088   0x00000020   Code   RO         2613    i.PDMA_SetTransferAddr  pdma.o
    0x000070a8   0x000070a8   0x00000038   Code   RO         2614    i.PDMA_SetTransferCnt  pdma.o
    0x000070e0   0x000070e0   0x00000018   Code   RO         2615    i.PDMA_SetTransferDirection  pdma.o
    0x000070f8   0x000070f8   0x00000098   Code   RO         2616    i.PDMA_SetTransferMode  pdma.o
    0x00007190   0x00007190   0x00000018   Code   RO         2617    i.PDMA_Trigger      pdma.o
    0x000071a8   0x000071a8   0x00000020   Code   RO            4    i.PWM0_IRQHandler   main.o
    0x000071c8   0x000071c8   0x00000008   Code   RO         2678    i.PWM_ClearIntFlag  pwm.o
    0x000071d0   0x000071d0   0x00000128   Code   RO         2680    i.PWM_ConfigOutputChannel  pwm.o
    0x000072f8   0x000072f8   0x00000008   Code   RO         2690    i.PWM_EnableOutput  pwm.o
    0x00007300   0x00007300   0x00000026   Code   RO         2694    i.PWM_Start         pwm.o
    0x00007326   0x00007326   0x00000002   PAD
    0x00007328   0x00007328   0x00000028   Code   RO         1184    i.PdmaCtrl_Close    pdmactrl.o
    0x00007350   0x00007350   0x00000024   Code   RO         1185    i.PdmaCtrl_Init     pdmactrl.o
    0x00007374   0x00007374   0x0000008c   Code   RO         1186    i.PdmaCtrl_Open     pdmactrl.o
    0x00007400   0x00007400   0x00000040   Code   RO         1187    i.PdmaCtrl_Start    pdmactrl.o
    0x00007440   0x00007440   0x00000014   Code   RO         1188    i.PdmaCtrl_Stop     pdmactrl.o
    0x00007454   0x00007454   0x00000020   Code   RO         1189    i.PdmaCtrl_UnInit   pdmactrl.o
    0x00007474   0x00007474   0x00000034   Code   RO         1234    i.Playback_Add      playback.o
    0x000074a8   0x000074a8   0x0000000a   Code   RO         1236    i.Playback_Initiate  playback.o
    0x000074b2   0x000074b2   0x00000002   PAD
    0x000074b4   0x000074b4   0x000000cc   Code   RO         1240    i.Playback_Process  playback.o
    0x00007580   0x00007580   0x00000020   Code   RO         1241    i.Playback_Remove   playback.o
    0x000075a0   0x000075a0   0x00000014   Code   RO         1242    i.Playback_ResetChannelVolume  playback.o
    0x000075b4   0x000075b4   0x00000028   Code   RO         1243    i.Playback_SetOutputBuf  playback.o
    0x000075dc   0x000075dc   0x00000058   Code   RO         1246    i.Playback_StartPlay  playback.o
    0x00007634   0x00007634   0x0000004c   Code   RO         1247    i.Playback_StopPlay  playback.o
    0x00007680   0x00007680   0x0000000e   Code   RO          569    i.PowerDown         powerdown.o
    0x0000768e   0x0000768e   0x00000002   PAD
    0x00007690   0x00007690   0x0000007c   Code   RO          570    i.PowerDown_Enter   powerdown.o
    0x0000770c   0x0000770c   0x00000038   Code   RO          571    i.PowerDown_Exit    powerdown.o
    0x00007744   0x00007744   0x00000038   Code   RO          572    i.PowerDown_GPIOConfigWakePin  powerdown.o
    0x0000777c   0x0000777c   0x00000020   Code   RO          573    i.PowerDown_GPIOPostProc  powerdown.o
    0x0000779c   0x0000779c   0x00000048   Code   RO          574    i.PowerDown_GPIOPreProc  powerdown.o
    0x000077e4   0x000077e4   0x00000040   Code   RO          575    i.PowerDown_GPIOStableCount  powerdown.o
    0x00007824   0x00007824   0x000000b0   Code   RO          659    i.PreLoad_VRBin     preload.o
    0x000078d4   0x000078d4   0x00000002   Code   RO          475    i.RTC_IRQHandler    interrupthandler.o
    0x000078d6   0x000078d6   0x00000002   PAD
    0x000078d8   0x000078d8   0x00000018   Code   RO         1482    i.Record_Add        record.o
    0x000078f0   0x000078f0   0x00000044   Code   RO         1483    i.Record_Process    record.o
    0x00007934   0x00007934   0x00000022   Code   RO         1485    i.Record_SetInBufRecord  record.o
    0x00007956   0x00007956   0x00000002   PAD
    0x00007958   0x00007958   0x00000048   Code   RO         1486    i.Record_StartRec   record.o
    0x000079a0   0x000079a0   0x0000001c   Code   RO         1487    i.Record_StopRec    record.o
    0x000079bc   0x000079bc   0x00000030   Code   RO         1536    i.SPIFlash_3ByteAddr_Cmd  spiflash.o
    0x000079ec   0x000079ec   0x0000002c   Code   RO         1544    i.SPIFlash_GetChipInfo  spiflash.o
    0x00007a18   0x00007a18   0x0000007c   Code   RO            5    i.SPIFlash_Initiate  main.o
    0x00007a94   0x00007a94   0x00000070   Code   RO         1547    i.SPIFlash_Open     spiflash.o
    0x00007b04   0x00007b04   0x00000014   Code   RO         1548    i.SPIFlash_PowerDown  spiflash.o
    0x00007b18   0x00007b18   0x0000001e   Code   RO         1549    i.SPIFlash_Read     spiflash.o
    0x00007b36   0x00007b36   0x000000d4   Code   RO         1550    i.SPIFlash_ReadData  spiflash.o
    0x00007c0a   0x00007c0a   0x00000002   PAD
    0x00007c0c   0x00007c0c   0x00000018   Code   RO          362    i.SPIFlash_ReadDataCallback  appcallback.o
    0x00007c24   0x00007c24   0x00000018   Code   RO         1552    i.SPIFlash_ReadEnd  spiflash.o
    0x00007c3c   0x00007c3c   0x0000004e   Code   RO         1553    i.SPIFlash_ReadStart  spiflash.o
    0x00007c8a   0x00007c8a   0x00000052   Code   RO         1555    i.SPIFlash_SendRecOneData  spiflash.o
    0x00007cdc   0x00007cdc   0x00000020   Code   RO         2924    i.SPI_Close         spi.o
    0x00007cfc   0x00007cfc   0x00000016   Code   RO         2925    i.SPI_GetBusClock   spi.o
    0x00007d12   0x00007d12   0x00000024   Code   RO         2927    i.SPI_Open          spi.o
    0x00007d36   0x00007d36   0x00000002   PAD
    0x00007d38   0x00007d38   0x00000050   Code   RO         2928    i.SPI_SetBusClock   spi.o
    0x00007d88   0x00007d88   0x00000040   Code   RO         2929    i.SPI_SetVarClock   spi.o
    0x00007dc8   0x00007dc8   0x00000038   Code   RO         1096    i.SPK_ChangeSR      micspk.o
    0x00007e00   0x00007e00   0x00000024   Code   RO         1097    i.SPK_Close         micspk.o
    0x00007e24   0x00007e24   0x00000048   Code   RO         1098    i.SPK_Open          micspk.o
    0x00007e6c   0x00007e6c   0x00000020   Code   RO         1101    i.SPK_Start         micspk.o
    0x00007e8c   0x00007e8c   0x00000010   Code   RO         1102    i.SPK_Stop          micspk.o
    0x00007e9c   0x00007e9c   0x00000010   Code   RO         2977    i.SYS_Lock          sys.o
    0x00007eac   0x00007eac   0x0000001a   Code   RO         2982    i.SYS_ResetModule   sys.o
    0x00007ec6   0x00007ec6   0x00000002   PAD
    0x00007ec8   0x00007ec8   0x0000002c   Code   RO         2983    i.SYS_Unlock        sys.o
    0x00007ef4   0x00007ef4   0x00000020   Code   RO         3259    i.SendChar_ToUART   retarget.o
    0x00007f14   0x00007f14   0x00000054   Code   RO          885    i.SysClk_InitiateRC  sysclk.o
    0x00007f68   0x00007f68   0x00000050   Code   RO          846    i.SystemCoreClockUpdate  system_isd9100.o
    0x00007fb8   0x00007fb8   0x00000058   Code   RO         3082    i.TIMER_GetModuleClock  timer.o
    0x00008010   0x00008010   0x00000018   Code   RO         3083    i.TIMER_GetWorkingFreq  timer.o
    0x00008028   0x00008028   0x0000005e   Code   RO         3084    i.TIMER_Open        timer.o
    0x00008086   0x00008086   0x00000002   PAD
    0x00008088   0x00008088   0x000000a8   Code   RO            6    i.TMR0_IRQHandler   main.o
    0x00008130   0x00008130   0x00000020   Code   RO          476    i.TMR1_IRQHandler   interrupthandler.o
    0x00008150   0x00008150   0x00000068   Code   RO            7    i.UART0_IRQHandler  main.o
    0x000081b8   0x000081b8   0x00000038   Code   RO         3125    i.UART_ClearIntFlag  uart.o
    0x000081f0   0x000081f0   0x00000074   Code   RO            8    i.UART_Init         main.o
    0x00008264   0x00008264   0x0000005c   Code   RO         3129    i.UART_Open         uart.o
    0x000082c0   0x000082c0   0x00000004   Code   RO          363    i.UserEvent_ProcessCallback  appcallback.o
    0x000082c4   0x000082c4   0x0000002a   Code   RO          814    i.VROneCmdApp_GetCMDID  vronecmdapp.o
    0x000082ee   0x000082ee   0x00000048   Code   RO          815    i.VROneCmdApp_Initiate  vronecmdapp.o
    0x00008336   0x00008336   0x00000038   Code   RO          816    i.VROneCmdApp_UnpackBin  vronecmdapp.o
    0x0000836e   0x0000836e   0x00000016   Code   RO         1405    i.VolumeCtrl_Reset  volumectrl.o
    0x00008384   0x00008384   0x00000024   Code   RO         1407    i.VolumeCtrl_VolumeFade  volumectrl.o
    0x000083a8   0x000083a8   0x00000002   Code   RO          477    i.WDT_IRQHandler    interrupthandler.o
    0x000083aa   0x000083aa   0x0000001a   Code   RO          336    i.__ARM_common_switch8  appfunctions.o
    0x000083c4   0x000083c4   0x0000000e   Code   RO         3905    i._is_digit         c_p.l(__printf_wp.o)
    0x000083d2   0x000083d2   0x00000006   Code   RO         3261    i.ferror            retarget.o
    0x000083d8   0x000083d8   0x0000000c   Code   RO         3263    i.fputc             retarget.o
    0x000083e4   0x000083e4   0x00000068   Code   RO            9    i.main              main.o
    0x0000844c   0x0000844c   0x00000080   Code   RO           10    i.pwm_init          main.o
    0x000084cc   0x000084cc   0x00000048   Code   RO           12    i.time_init         main.o
    0x00008514   0x00008514   0x0000001c   Code   RO           13    i.uart_rev_task     main.o
    0x00008530   0x00008530   0x00000000   Code   RO         3950    x$fpl$usenofp       fz_ps.l(usenofp.o)
    0x00008530   0x00008530   0x00000010   Data   RO          364    .constdata          appcallback.o
    0x00008540   0x00008540   0x000000e8   Data   RO          994    .constdata          configio.o
    0x00008628   0x00008628   0x00000044   Data   RO         1103    .constdata          micspk.o
    0x0000866c   0x0000866c   0x0000001a   Data   RO         1408    .constdata          volumectrl.o
    0x00008686   0x00008686   0x00000002   PAD
    0x00008688   0x00008688   0x000000a8   Data   RO         2696    .constdata          pwm.o
    0x00008730   0x00008730   0x00000014   Data   RO         3085    .constdata          timer.o
    0x00008744   0x00008744   0x00000030   Data   RO         3347    .constdata          MD4_Keil.lib(md4decode.o)
    0x00008774   0x00008774   0x00000914   Data   RO         3516    .constdata          libCSpotterSDK_16k_24d_ISD9xxC_arm-cm0_V6.4.4_b20180328.lib(BsrGo.o)
    0x00009088   0x00009088   0x00000800   Data   RO         3585    .constdata          libCSpotterSDK_16k_24d_ISD9xxC_arm-cm0_V6.4.4_b20180328.lib(BsrBen.o)
    0x00009888   0x00009888   0x00000064   Data   RO         3767    .constdata          libCSpotterSDK_16k_24d_ISD9xxC_arm-cm0_V6.4.4_b20180328.lib(BsrEli.o)
    0x000098ec   0x000098ec   0x00000009   Data   RO         3825    .constdata          libCSpotterSDK_16k_24d_ISD9xxC_arm-cm0_V6.4.4_b20180328.lib(BsrJoy.o)
    0x000098f5   0x000098f5   0x00000001   PAD
    0x000098f6   0x000098f6   0x00000284   Data   RO         3843    .constdata          libCSpotterSDK_16k_24d_ISD9xxC_arm-cm0_V6.4.4_b20180328.lib(BsrAna.o)
    0x00009b7a   0x00009b7a   0x00000404   Data   RO         3850    .constdata          libCSpotterSDK_16k_24d_ISD9xxC_arm-cm0_V6.4.4_b20180328.lib(BsrAnn.o)
    0x00009f7e   0x00009f7e   0x00000002   PAD
    0x00009f80   0x00009f80   0x00000200   Data   RO         3859    .constdata          libCSpotterSDK_16k_24d_ISD9xxC_arm-cm0_V6.4.4_b20180328.lib(BsrGuy.o)
    0x0000a180   0x0000a180   0x00000222   Data   RO          285    .conststring        appfunctions.o
    0x0000a3a2   0x0000a3a2   0x00000002   PAD
    0x0000a3a4   0x0000a3a4   0x00000020   Data   RO         4113    Region$$Table       anon$$obj.o


    Execution Region RW_IRAM1 (Exec base: 0x20000000, Load base: 0x0000a3c4, Size: 0x00002f98, Max: 0x00003000, ABSOLUTE)

    Exec Addr    Load Addr    Size         Type   Attr      Idx    E Section Name        Object

    0x20000000   0x0000a3c4   0x00000010   Data   RW           17    .data               main.o
    0x20000010   0x0000a3d4   0x00000001   Data   RW           20    .data               main.o
    0x20000011   0x0000a3d5   0x00000003   PAD
    0x20000014   0x0000a3d8   0x00000098   Data   RW          286    .data               appfunctions.o
    0x200000ac   0x0000a470   0x00000004   Data   RW          479    .data               interrupthandler.o
    0x200000b0   0x0000a474   0x0000001c   Data   RW          848    .data               system_isd9100.o
    0x200000cc   0x0000a490   0x0000000c   Data   RW         1249    .data               playback.o
    0x200000d8   0x0000a49c   0x00000008   Data   RW         1409    .data               volumectrl.o
    0x200000e0   0x0000a4a4   0x00000008   Data   RW         1488    .data               record.o
    0x200000e8   0x0000a4ac   0x0000000a   Data   RW         1737    .data               keypad.o
    0x200000f2   0x0000a4b6   0x00000002   PAD
    0x200000f4   0x0000a4b8   0x00000004   Data   RW         3266    .data               retarget.o
    0x200000f8        -       0x000000a4   Zero   RW           15    .bss                main.o
    0x2000019c        -       0x00002700   Zero   RW           16    .bss                main.o
    0x2000289c        -       0x00000020   Zero   RW          478    .bss                interrupthandler.o
    0x200028bc        -       0x00000078   Zero   RW         1736    .bss                keypad.o
    0x20002934        -       0x00000060   Zero   RW         3988    .bss                c_p.l(libspace.o)
    0x20002994   0x0000a4bc   0x00000004   PAD
    0x20002998        -       0x00000200   Zero   RW          877    HEAP                startup_isd9100.o
    0x20002b98        -       0x00000400   Zero   RW          876    STACK               startup_isd9100.o


==============================================================================

Image component sizes


      Code (inc. data)   RO Data    RW Data    ZI Data      Debug   Object Name

       300         56          0          0          0       4354   adc.o
        28          6         16          0          0     113256   appcallback.o
       850        166        546        152          0       8270   appfunctions.o
        88          0          0          0          0       2648   audiorom.o
        96         12          0          0          0       1579   biq.o
        60          0          0          0          0       3853   bufctrl.o
       444         72          0          0          0       6518   clk.o
       256         40        232          0          0      10307   configio.o
        62         10          0          0          0       1137   dpwm.o
       152         20          0          0          0       2075   fmc.o
        94          6          0          0          0       2206   gpio.o
       228         24          0          0          0       1174   inputkeyactions.o
       136         38          0          4         32     107703   interrupthandler.o
       140         40          0         10        120       4449   keypad.o
       896        132          0         17      10148     125557   main.o
       356         14          0          0          0      12665   md4app.o
       118          0          0          0          0       6181   micgetapp.o
       744        140         68          0          0       6902   micspk.o
       344         54          0          0          0       5478   pdma.o
       332         44          0          0          0       4040   pdmactrl.o
       522         54          0         12          0       6494   playback.o
       438         64          0          0          0      13474   powerdown.o
       176          4          0          0          0       1056   preload.o
       350         16        168          0          0       3504   pwm.o
       226         38          0          8          0       3853   record.o
        50          6          0          4          0       3846   retarget.o
       234         18          0          0          0       3881   spi.o
       650          0          0          0          0       7232   spiflash.o
        96         46        192          0       1536        736   startup_isd9100.o
        86         10          0          0          0       1994   sys.o
        84          8          0          0          0        692   sysclk.o
        80         18          0         28          0       1605   system_isd9100.o
       206         18         20          0          0       2627   timer.o
       148         14          0          0          0       1776   uart.o
        58          4         26          8          0       6665   volumectrl.o
       170          0          0          0          0       2734   vronecmdapp.o

    ----------------------------------------------------------------------
      9326       1192       1304        248      11836     492521   Object Totals
         0          0         32          0          0          0   (incl. Generated)
        28          0          4          5          0          0   (incl. Padding)

    ----------------------------------------------------------------------

      Code (inc. data)   RO Data    RW Data    ZI Data      Debug   Library Member Name

       670         34         48          0          0        360   md4decode.o
         8          0          0          0          0         68   __main.o
       284          0          0          0          0        136   __printf_wp.o
         0          0          0          0          0          0   __rtentry.o
        12          0          0          0          0          0   __rtentry2.o
         6          0          0          0          0          0   __rtentry4.o
        60          8          0          0          0          0   __scatter.o
        26          0          0          0          0          0   __scatter_copy.o
        28          0          0          0          0          0   __scatter_zi.o
        46          0          0          0          0        100   _printf_char.o
        48          6          0          0          0         88   _printf_char_common.o
        40          6          0          0          0         72   _printf_char_file.o
         2          0          0          0          0          0   _printf_percent.o
         4          0          0          0          0          0   _printf_percent_end.o
        10          0          0          0          0          0   _printf_s.o
        82          0          0          0          0         72   _printf_str.o
       488          0          0          0          0         92   aeabi_sdivfast.o
        16          0          0          0          0         68   exit.o
         6          0          0          0          0        136   heapauxi.o
         0          0          0          0          0          0   indicate_semi.o
         2          0          0          0          0          0   libinit.o
         2          0          0          0          0          0   libinit2.o
         2          0          0          0          0          0   libshutdown.o
         2          0          0          0          0          0   libshutdown2.o
         8          4          0          0         96         68   libspace.o
        28          6          0          0          0         84   noretval__2printf.o
        64          0          0          0          0        108   rt_memclr.o
        56          0          0          0          0         68   rt_memcpy.o
         2          0          0          0          0          0   rtexit.o
        10          0          0          0          0          0   rtexit2.o
        12          4          0          0          0         60   sys_exit.o
        62          0          0          0          0         80   sys_stackheap_outer.o
         2          0          0          0          0         68   use_no_semi.o
        72          4          0          0          0         68   dfixui.o
        88          0          0          0          0         92   dflti.o
       584         26          0          0          0         84   dmul.o
         0          0          0          0          0          0   usenofp.o
       260          0          0          0          0        272   BsrAli.o
       192          4        644          0          0         80   BsrAna.o
       460         12       1028          0          0         88   BsrAnn.o
        60          6       2048          0          0         60   BsrBen.o
       658          0          0          0          0        588   BsrDon.o
       996         14        100          0          0        472   BsrEli.o
      1216         18          0          0          0        316   BsrEva.o
      2844         36       2324          0          0       1200   BsrGo.o
       360         10        512          0          0        300   BsrGuy.o
      5128         74          0          0          0       1176   BsrJay.o
      3228         22          0          0          0       1256   BsrJim.o
       374          0          0          0          0        296   BsrJoe.o
      2440         20          9          0          0        764   BsrJoy.o
      2504          0          0          0          0       1012   BsrKai.o
       992         78          0          0          0        600   CSpotterSDKApi.o

    ----------------------------------------------------------------------
     24578        392       6716          0        100      10452   Library Totals
        34          0          3          0          4          0   (incl. Padding)

    ----------------------------------------------------------------------

      Code (inc. data)   RO Data    RW Data    ZI Data      Debug   Library Name

       670         34         48          0          0        360   MD4_Keil.lib
      1418         34          0          0         96       1368   c_p.l
       744         30          0          0          0        244   fz_ps.l
     21712        294       6665          0          0       8480   libCSpotterSDK_16k_24d_ISD9xxC_arm-cm0_V6.4.4_b20180328.lib

    ----------------------------------------------------------------------
     24578        392       6716          0        100      10452   Library Totals

    ----------------------------------------------------------------------

==============================================================================


      Code (inc. data)   RO Data    RW Data    ZI Data      Debug   

     33904       1584       8020        248      11936     490413   Grand Totals
     33904       1584       8020        248      11936     490413   ELF Image Totals
     33904       1584       8020        248          0          0   ROM Totals

==============================================================================

    Total RO  Size (Code + RO Data)                41924 (  40.94kB)
    Total RW  Size (RW Data + ZI Data)             12184 (  11.90kB)
    Total ROM Size (Code + RO Data + RW Data)      42172 (  41.18kB)

==============================================================================

