Component: ARM Compiler 5.06 update 6 (build 750) Tool: armlink [4d35ed]

==============================================================================

Small function inlining results

Inlined function __aeabi_idiv0 from aeabi_idiv0.o at offset 0x1e2 in aeabi_sdivfast.o(.text).
Inlined Instruction: BX       lr
Inlined function __aeabi_idiv0 from aeabi_idiv0.o at offset 0x1e2 in aeabi_sdivfast_div0.o(.text).
Inlined Instruction: BX       lr
Inlined function _platform_pre_stackheap_init from boardinit1.o at offset 0x0 in __rtentry2.o(.ARM.Collect$$rtentry$$00000001).
Inlined Instruction: BX       lr
Inlined function _fp_init from fpinit.o at offset 0x0 in libinit2.o(.ARM.Collect$$libinit$$00000001).
Inlined Instruction: BX       lr
Inlined function _platform_pre_lib_shutdown from boardshut.o at offset 0x0 in rtexit2.o(.ARM.Collect$$rtexit$$00000001).
Inlined Instruction: BX       lr
Inlined function __ARM_get_argv from no_argv.o at offset 0x2 in argv_veneer.o(.text).
Inlined Instruction: BX       lr
Inlined total of 6 calls.

==============================================================================

Section Cross References

    main.o(i.PWM0_IRQHandler) refers to pwm.o(i.PWM_GetIntFlag) for PWM_GetIntFlag
    main.o(i.PWM0_IRQHandler) refers to pwm.o(i.PWM_ClearIntFlag) for PWM_ClearIntFlag
    main.o(i.PWM0_IRQHandler) refers to main.o(.bss) for .bss
    main.o(i.SPIFlash_Initiate) refers to clk.o(i.CLK_EnableModuleClock) for CLK_EnableModuleClock
    main.o(i.SPIFlash_Initiate) refers to sys.o(i.SYS_ResetModule) for SYS_ResetModule
    main.o(i.SPIFlash_Initiate) refers to spiflash.o(i.SPIFlash_Open) for SPIFlash_Open
    main.o(i.SPIFlash_Initiate) refers to spiflash.o(i.SPIFlash_PowerDown) for SPIFlash_PowerDown
    main.o(i.SPIFlash_Initiate) refers to spiflash.o(i.SPIFlash_Read) for SPIFlash_Read
    main.o(i.SPIFlash_Initiate) refers to spiflash.o(i.SPIFlash_GetChipInfo) for SPIFlash_GetChipInfo
    main.o(i.SPIFlash_Initiate) refers to main.o(.bss) for .bss
    main.o(i.TMR0_IRQHandler) refers to main.o(.bss) for .bss
    main.o(i.TMR0_IRQHandler) refers to main.o(.data) for .data
    main.o(i.TMR1_IRQHandler) refers to main.o(.data) for .data
    main.o(i.UART0_IRQHandler) refers to main.o(.bss) for .bss
    main.o(i.UART_Init) refers to clk.o(i.CLK_EnableModuleClock) for CLK_EnableModuleClock
    main.o(i.UART_Init) refers to uart.o(i.UART_Open) for UART_Open
    main.o(i.UART_Init) refers to uart.o(i.UART_ClearIntFlag) for UART_ClearIntFlag
    main.o(i.main) refers to sysclk.o(i.SysClk_InitiateRC) for SysClk_InitiateRC
    main.o(i.main) refers to clk.o(i.CLK_EnableLDO) for CLK_EnableLDO
    main.o(i.main) refers to main.o(i.SPIFlash_Initiate) for SPIFlash_Initiate
    main.o(i.main) refers to configio.o(i.OutputPin_Initiate) for OutputPin_Initiate
    main.o(i.main) refers to pdmactrl.o(i.PdmaCtrl_Init) for PdmaCtrl_Init
    main.o(i.main) refers to micspk.o(i.SPK_Open) for SPK_Open
    main.o(i.main) refers to micspk.o(i.MIC_Open) for MIC_Open
    main.o(i.main) refers to main.o(i.UART_Init) for UART_Init
    main.o(i.main) refers to main.o(i.time_init) for time_init
    main.o(i.main) refers to main.o(i.pwm_init) for pwm_init
    main.o(i.main) refers to appfunctions.o(i.App_Initiate) for App_Initiate
    main.o(i.main) refers to noretval__2printf.o(.text) for __2printf
    main.o(i.main) refers to appfunctions.o(i.App_Process) for App_Process
    main.o(i.main) refers to main.o(i.uart_rev_task) for uart_rev_task
    main.o(i.pwm_init) refers to clk.o(i.CLK_SetModuleClock) for CLK_SetModuleClock
    main.o(i.pwm_init) refers to clk.o(i.CLK_EnableModuleClock) for CLK_EnableModuleClock
    main.o(i.pwm_init) refers to sys.o(i.SYS_ResetModule) for SYS_ResetModule
    main.o(i.pwm_init) refers to main.o(.bss) for .bss
    main.o(i.time_init) refers to clk.o(i.CLK_EnableModuleClock) for CLK_EnableModuleClock
    main.o(i.time_init) refers to clk.o(i.CLK_SetModuleClock) for CLK_SetModuleClock
    main.o(i.time_init) refers to timer.o(i.TIMER_Open) for TIMER_Open
    main.o(i.uart_rev_task) refers to main.o(.bss) for .bss
    main.o(i.uart_send) refers to main.o(.bss) for .bss
    main.o(i.uart_send) refers to main.o(.data) for .data
    appfunctions.o(i.App_Initiate) refers to playback.o(i.Playback_Initiate) for Playback_Initiate
    appfunctions.o(i.App_Initiate) refers to micgetapp.o(i.MicGetApp_Initiate) for MicGetApp_Initiate
    appfunctions.o(i.App_Initiate) refers to audiorom.o(i.AudioRom_GetAudioNum) for AudioRom_GetAudioNum
    appfunctions.o(i.App_Initiate) refers to vronecmdapp.o(i.VROneCmdApp_UnpackBin) for VROneCmdApp_UnpackBin
    appfunctions.o(i.App_Initiate) refers to appfunctions.o(i.App_StartRecognize) for App_StartRecognize
    appfunctions.o(i.App_Initiate) refers to main.o(.data) for g_u8AppCtrl
    appfunctions.o(i.App_Initiate) refers to main.o(.bss) for g_sApp
[...]
    .data                                    0x2000009c   Section        4  retarget.o(.data)
    .bss                                     0x200000a0   Section      152  main.o(.bss)
    .bss                                     0x20000138   Section     9984  main.o(.bss)
    .bss                                     0x20002838   Section       12  main.o(.bss)
    .bss                                     0x20002844   Section       32  interrupthandler.o(.bss)
    .bss                                     0x20002864   Section       96  libspace.o(.bss)
    HEAP                                     0x200028c8   Section      512  startup_isd9100.o(HEAP)
    Heap_Mem                                 0x200028c8   Data         512  startup_isd9100.o(HEAP)
    STACK                                    0x20002ac8   Section     1024  startup_isd9100.o(STACK)
    Stack_Mem                                0x20002ac8   Data        1024  startup_isd9100.o(STACK)
    __initial_sp                             0x20002ec8   Data           0  startup_isd9100.o(STACK)

    Global Symbols

    Symbol Name                              Value     Ov Type        Size  Object(Section)

    BuildAttributes$$THM_ISAv3M$S$PE$A:L22$X:L11$S22$IEEE1$IW$USESV6$~STKCKD$USESV7$~SHL$OTIME$ROPI$EBA8$UX$STANDARDLIB$REQ8$PRES8$EABIv2 0x00000000   Number         0  anon$$obj.o ABSOLUTE
    __ARM_use_no_argv                        0x00000000   Number         0  main.o ABSOLUTE
    __Vectors                                0x00000000   Data           4  startup_isd9100.o(RESET)
    _printf_flags                            0x00000000   Number         0  printf_stubs.o ABSOLUTE
    _printf_return_value                     0x00000000   Number         0  printf_stubs.o ABSOLUTE
    _printf_sizespec                         0x00000000   Number         0  printf_stubs.o ABSOLUTE
    _printf_widthprec                        0x00000000   Number         0  printf_stubs.o ABSOLUTE
    __ARM_exceptions_init                     - Undefined Weak Reference
    __alloca_initialize                       - Undefined Weak Reference
    __arm_preinit_                            - Undefined Weak Reference
    __cpp_initialize__aeabi_                  - Undefined Weak Reference
    __cxa_finalize                            - Undefined Weak Reference
    __rt_locale                               - Undefined Weak Reference
    __sigvec_lookup                           - Undefined Weak Reference
    _atexit_init                              - Undefined Weak Reference
    _call_atexit_fns                          - Undefined Weak Reference
    _clock_init                               - Undefined Weak Reference
    _fp_trap_init                             - Undefined Weak Reference
    _fp_trap_shutdown                         - Undefined Weak Reference
    _get_lc_collate                           - Undefined Weak Reference
    _get_lc_ctype                             - Undefined Weak Reference
    _get_lc_monetary                          - Undefined Weak Reference
    _get_lc_numeric                           - Undefined Weak Reference
    _get_lc_time                              - Undefined Weak Reference
    _getenv_init                              - Undefined Weak Reference
    _handle_redirection                       - Undefined Weak Reference
    _init_alloc                               - Undefined Weak Reference
    _init_user_alloc                          - Undefined Weak Reference
    _initio                                   - Undefined Weak Reference
    _printf_mbtowc                            - Undefined Weak Reference
    _printf_post_padding                      - Undefined Weak Reference
    _printf_pre_padding                       - Undefined Weak Reference
    _printf_truncate_unsigned                 - Undefined Weak Reference
    _rand_init                                - Undefined Weak Reference
    _signal_finish                            - Undefined Weak Reference
    _signal_init                              - Undefined Weak Reference
    _terminate_alloc                          - Undefined Weak Reference
    _terminate_user_alloc                     - Undefined Weak Reference
    _terminateio                              - Undefined Weak Reference
    __main                                   0x000000c1   Thumb Code     8  __main.o(!!!main)
    __scatterload                            0x000000c9   Thumb Code     0  __scatter.o(!!!scatter)
    __scatterload_rt2                        0x000000c9   Thumb Code    52  __scatter.o(!!!scatter)
    __scatterload_rt2_thumb_only             0x000000c9   Thumb Code     0  __scatter.o(!!!scatter)
    __scatterload_null                       0x000000d9   Thumb Code     0  __scatter.o(!!!scatter)
    __scatterload_copy                       0x00000105   Thumb Code    26  __scatter_copy.o(!!handler_copy)
    __scatterload_zeroinit                   0x00000121   Thumb Code    28  __scatter_zi.o(!!handler_zi)
    _printf_percent                          0x0000013d   Thumb Code     0  _printf_percent.o(.ARM.Collect$$_printf_percent$$00000000)
    _printf_s                                0x0000013f   Thumb Code     0  _printf_s.o(.ARM.Collect$$_printf_percent$$00000014)
    _printf_percent_end                      0x00000149   Thumb Code     0  _printf_percent_end.o(.ARM.Collect$$_printf_percent$$00000017)
    __rt_lib_init                            0x0000014d   Thumb Code     0  libinit.o(.ARM.Collect$$libinit$$00000000)
    __rt_lib_init_alloca_1                   0x0000014f   Thumb Code     0  libinit2.o(.ARM.Collect$$libinit$$0000002E)
    __rt_lib_init_argv_1                     0x0000014f   Thumb Code     0  libinit2.o(.ARM.Collect$$libinit$$0000002C)
    __rt_lib_init_atexit_1                   0x0000014f   Thumb Code     0  libinit2.o(.ARM.Collect$$libinit$$0000001B)
    __rt_lib_init_clock_1                    0x0000014f   Thumb Code     0  libinit2.o(.ARM.Collect$$libinit$$00000021)
    __rt_lib_init_cpp_1                      0x0000014f   Thumb Code     0  libinit2.o(.ARM.Collect$$libinit$$00000032)
    __rt_lib_init_exceptions_1               0x0000014f   Thumb Code     0  libinit2.o(.ARM.Collect$$libinit$$00000030)
    __rt_lib_init_fp_1                       0x0000014f   Thumb Code     0  libinit2.o(.ARM.Collect$$libinit$$00000002)
    __rt_lib_init_fp_trap_1                  0x0000014f   Thumb Code     0  libinit2.o(.ARM.Collect$$libinit$$0000001F)
    __rt_lib_init_getenv_1                   0x0000014f   Thumb Code     0  libinit2.o(.ARM.Collect$$libinit$$00000023)
    __rt_lib_init_heap_1                     0x0000014f   Thumb Code     0  libinit2.o(.ARM.Collect$$libinit$$0000000A)
    __rt_lib_init_lc_collate_1               0x0000014f   Thumb Code     0  libinit2.o(.ARM.Collect$$libinit$$00000011)
    __rt_lib_init_lc_ctype_1                 0x0000014f   Thumb Code     0  libinit2.o(.ARM.Collect$$libinit$$00000013)
    __rt_lib_init_lc_monetary_1              0x0000014f   Thumb Code     0  libinit2.o(.ARM.Collect$$libinit$$00000015)
    __rt_lib_init_lc_numeric_1               0x0000014f   Thumb Code     0  libinit2.o(.ARM.Collect$$libinit$$00000017)
    __rt_lib_init_lc_time_1                  0x0000014f   Thumb Code     0  libinit2.o(.ARM.Collect$$libinit$$00000019)
    __rt_lib_init_preinit_1                  0x0000014f   Thumb Code     0  libinit2.o(.ARM.Collect$$libinit$$00000004)
    __rt_lib_init_rand_1                     0x0000014f   Thumb Code     0  libinit2.o(.ARM.Collect$$libinit$$0000000E)
    __rt_lib_init_return                     0x0000014f   Thumb Code     0  libinit2.o(.ARM.Collect$$libinit$$00000033)
    __rt_lib_init_signal_1                   0x0000014f   Thumb Code     0  libinit2.o(.ARM.Collect$$libinit$$0000001D)
    __rt_lib_init_stdio_1                    0x0000014f   Thumb Code     0  libinit2.o(.ARM.Collect$$libinit$$00000025)
    __rt_lib_init_user_alloc_1               0x0000014f   Thumb Code     0  libinit2.o(.ARM.Collect$$libinit$$0000000C)
    __rt_lib_shutdown                        0x00000151   Thumb Code     0  libshutdown.o(.ARM.Collect$$libshutdown$$00000000)
    __rt_lib_shutdown_cpp_1                  0x00000153   Thumb Code     0  libshutdown2.o(.ARM.Collect$$libshutdown$$00000002)
    __rt_lib_shutdown_fp_trap_1              0x00000153   Thumb Code     0  libshutdown2.o(.ARM.Collect$$libshutdown$$00000007)
    __rt_lib_shutdown_heap_1                 0x00000153   Thumb Code     0  libshutdown2.o(.ARM.Collect$$libshutdown$$0000000F)
    __rt_lib_shutdown_return                 0x00000153   Thumb Code     0  libshutdown2.o(.ARM.Collect$$libshutdown$$00000010)
    __rt_lib_shutdown_signal_1               0x00000153   Thumb Code     0  libshutdown2.o(.ARM.Collect$$libshutdown$$0000000A)
    __rt_lib_shutdown_stdio_1                0x00000153   Thumb Code     0  libshutdown2.o(.ARM.Collect$$libshutdown$$00000004)
    __rt_lib_shutdown_user_alloc_1           0x00000153   Thumb Code     0  libshutdown2.o(.ARM.Collect$$libshutdown$$0000000C)
    __rt_entry                               0x00000155   Thumb Code     0  __rtentry.o(.ARM.Collect$$rtentry$$00000000)
    __rt_entry_presh_1                       0x00000155   Thumb Code     0  __rtentry2.o(.ARM.Collect$$rtentry$$00000002)
    __rt_entry_sh                            0x00000155   Thumb Code     0  __rtentry4.o(.ARM.Collect$$rtentry$$00000004)
    __rt_entry_li                            0x0000015b   Thumb Code     0  __rtentry2.o(.ARM.Collect$$rtentry$$0000000A)
    __rt_entry_postsh_1                      0x0000015b   Thumb Code     0  __rtentry2.o(.ARM.Collect$$rtentry$$00000009)
    __rt_entry_main                          0x0000015f   Thumb Code     0  __rtentry2.o(.ARM.Collect$$rtentry$$0000000D)
    __rt_entry_postli_1                      0x0000015f   Thumb Code     0  __rtentry2.o(.ARM.Collect$$rtentry$$0000000C)
    __rt_exit                                0x00000167   Thumb Code     0  rtexit.o(.ARM.Collect$$rtexit$$00000000)
    __rt_exit_ls                             0x00000169   Thumb Code     0  rtexit2.o(.ARM.Collect$$rtexit$$00000003)
    __rt_exit_prels_1                        0x00000169   Thumb Code     0  rtexit2.o(.ARM.Collect$$rtexit$$00000002)
    __rt_exit_exit                           0x0000016d   Thumb Code     0  rtexit2.o(.ARM.Collect$$rtexit$$00000004)
    __aeabi_memcpy4                          0x00000175   Thumb Code    56  rt_memcpy.o(.emb_text)
    __aeabi_memcpy8                          0x00000175   Thumb Code     0  rt_memcpy.o(.emb_text)
    Reset_Handler                            0x000001ad   Thumb Code    28  startup_isd9100.o(.text)
    NMI_Handler                              0x000001c9   Thumb Code     2  startup_isd9100.o(.text)
    HardFault_Handler                        0x000001cb   Thumb Code     2  startup_isd9100.o(.text)
    SVC_Handler                              0x000001cd   Thumb Code     2  startup_isd9100.o(.text)
    PendSV_Handler                           0x000001cf   Thumb Code     2  startup_isd9100.o(.text)
    SysTick_Handler                          0x000001d1   Thumb Code     2  startup_isd9100.o(.text)
    ACMP_IRQHandler                          0x000001d3   Thumb Code     0  startup_isd9100.o(.text)
    ADC_IRQHandler                           0x000001d3   Thumb Code     0  startup_isd9100.o(.text)
    ALC_IRQHandler                           0x000001d3   Thumb Code     0  startup_isd9100.o(.text)
    BOD_IRQHandler                           0x000001d3   Thumb Code     0  startup_isd9100.o(.text)
    EINT0_IRQHandler                         0x000001d3   Thumb Code     0  startup_isd9100.o(.text)
    EINT1_IRQHandler                         0x000001d3   Thumb Code     0  startup_isd9100.o(.text)
    I2C0_IRQHandler                          0x000001d3   Thumb Code     0  startup_isd9100.o(.text)
    I2S_IRQHandler                           0x000001d3   Thumb Code     0  startup_isd9100.o(.text)
    SPI0_IRQHandler                          0x000001d3   Thumb Code     0  startup_isd9100.o(.text)
    TALARM_IRQHandler                        0x000001d3   Thumb Code     0  startup_isd9100.o(.text)
    __user_initial_stackheap                 0x000001d5   Thumb Code     0  startup_isd9100.o(.text)
    __2printf                                0x0000020d   Thumb Code    22  noretval__2printf.o(.text)
    _printf_str                              0x00000229   Thumb Code    82  _printf_str.o(.text)
    __printf                                 0x0000027b   Thumb Code   270  __printf_wp.o(.text)
    _memset_w                                0x00000389   Thumb Code    26  rt_memclr.o(.text)
    _memset                                  0x000003a3   Thumb Code    30  rt_memclr.o(.text)
    __aeabi_memclr                           0x000003c1   Thumb Code     4  rt_memclr.o(.text)
    __rt_memclr                              0x000003c1   Thumb Code     0  rt_memclr.o(.text)
    __aeabi_memclr4                          0x000003c5   Thumb Code     0  rt_memclr.o(.text)
    __aeabi_memclr8                          0x000003c5   Thumb Code     0  rt_memclr.o(.text)
    __rt_memclr_w                            0x000003c5   Thumb Code     4  rt_memclr.o(.text)
    __aeabi_uidiv                            0x000003c9   Thumb Code     0  aeabi_sdivfast.o(.text)
    __aeabi_uidivmod                         0x000003c9   Thumb Code    28  aeabi_sdivfast.o(.text)
    __aeabi_idiv                             0x000003e5   Thumb Code     0  aeabi_sdivfast.o(.text)
    __aeabi_idivmod                          0x000003e5   Thumb Code   460  aeabi_sdivfast.o(.text)
    __use_two_region_memory                  0x000005b1   Thumb Code     2  heapauxi.o(.text)
    __rt_heap_escrow$2region                 0x000005b3   Thumb Code     2  heapauxi.o(.text)
    __rt_heap_expand$2region                 0x000005b5   Thumb Code     2  heapauxi.o(.text)
    _printf_cs_common                        0x000005b7   Thumb Code    22  _printf_char.o(.text)
    _printf_char                             0x000005cd   Thumb Code    16  _printf_char.o(.text)
    _printf_string                           0x000005dd   Thumb Code     8  _printf_char.o(.text)
    _printf_char_file                        0x000005e5   Thumb Code    34  _printf_char_file.o(.text)
    _printf_char_common                      0x00000617   Thumb Code    32  _printf_char_common.o(.text)
    __user_setup_stackheap                   0x0000063d   Thumb Code    62  sys_stackheap_outer.o(.text)
    exit                                     0x0000067b   Thumb Code    16  exit.o(.text)
    __user_libspace                          0x0000068d   Thumb Code     8  libspace.o(.text)
    __user_perproc_libspace                  0x0000068d   Thumb Code     0  libspace.o(.text)
    __user_perthread_libspace                0x0000068d   Thumb Code     0  libspace.o(.text)
    _sys_exit                                0x00000695   Thumb Code     8  sys_exit.o(.text)
    __I$use$semihosting                      0x000006a1   Thumb Code     0  use_no_semi.o(.text)
    __use_no_semihosting_swi                 0x000006a1   Thumb Code     2  use_no_semi.o(.text)
    __semihosting_library_function           0x000006a3   Thumb Code     0  indicate_semi.o(.text)
    ADC_EnableMICBias                        0x000006a5   Thumb Code    12  adc.o(i.ADC_EnableMICBias)
    ADC_Open                                 0x000006b5   Thumb Code     2  adc.o(i.ADC_Open)
    ADC_SetALCTargetLevel                    0x000006b9   Thumb Code    56  adc.o(i.ADC_SetALCTargetLevel)
    ADC_SetAMUX                              0x000006fd   Thumb Code    66  adc.o(i.ADC_SetAMUX)
    ADC_SetPGAGaindB                         0x00000749   Thumb Code    42  adc.o(i.ADC_SetPGAGaindB)
    App_Initiate                             0x00000781   Thumb Code    60  appfunctions.o(i.App_Initiate)
    App_Process                              0x000007d9   Thumb Code   274  appfunctions.o(i.App_Process)
    App_StartPlay                            0x00000935   Thumb Code    46  appfunctions.o(i.App_StartPlay)
    App_StartRecognize                       0x0000096d   Thumb Code    26  appfunctions.o(i.App_StartRecognize)
    App_StopPlay                             0x00000991   Thumb Code    16  appfunctions.o(i.App_StopPlay)
    AudioRom_GetAudioChunkInfo               0x000009a5   Thumb Code    46  audiorom.o(i.AudioRom_GetAudioChunkInfo)
    AudioRom_GetAudioNum                     0x000009d3   Thumb Code    14  audiorom.o(i.AudioRom_GetAudioNum)
    AudioRom_GetRomHeader                    0x000009e1   Thumb Code    28  audiorom.o(i.AudioRom_GetRomHeader)
    BIQ_Reset                                0x00000a2d   Thumb Code    22  biq.o(i.BIQ_Reset)
    BIQ_SetCoeff                             0x00000a49   Thumb Code    62  biq.o(i.BIQ_SetCoeff)
    BsrAbby                                  0x00000a8d   Thumb Code    44  BsrJoe.o(i.BsrAbby)
    BsrAbel                                  0x00000ab9   Thumb Code   126  BsrJoe.o(i.BsrAbel)
    BsrAdam                                  0x00000b37   Thumb Code   200  BsrJoe.o(i.BsrAdam)
    BsrAlma                                  0x00000bff   Thumb Code   210  BsrDon.o(i.BsrAlma)
    BsrAmir                                  0x00000cd1   Thumb Code    24  BsrDon.o(i.BsrAmir)
    BsrAmos                                  0x00000ce9   Thumb Code   294  BsrDon.o(i.BsrAmos)
    BsrAna                                   0x00000e0f   Thumb Code    42  BsrJim.o(i.BsrAna)
    BsrAnna                                  0x00000e39   Thumb Code    38  BsrDon.o(i.BsrAnna)
    BsrAnne                                  0x00000e5f   Thumb Code    24  BsrDon.o(i.BsrAnne)
    BsrAnnie                                 0x00000e77   Thumb Code    28  BsrDon.o(i.BsrAnnie)
    BsrAri                                   0x00000e95   Thumb Code   172  BsrJim.o(i.BsrAri)
    BsrAsa                                   0x00000f45   Thumb Code   238  BsrJim.o(i.BsrAsa)
    BsrAvea                                  0x00001039   Thumb Code   170  BsrJim.o(i.BsrAvea)
    BsrAyla                                  0x000010e3   Thumb Code    26  BsrDon.o(i.BsrAyla)
    BsrBaby                                  0x000010fd   Thumb Code    14  BsrDon.o(i.BsrBaby)
    BsrBrad                                  0x000011b9   Thumb Code    54  BsrBen.o(i.BsrBrad)
    BsrCade                                  0x00001345   Thumb Code   394  BsrJay.o(i.BsrCade)
    BsrCadea                                 0x000014d1   Thumb Code   254  BsrJay.o(i.BsrCadea)
    BsrCale                                  0x000015d5   Thumb Code    68  BsrJay.o(i.BsrCale)
    BsrCara                                  0x00001619   Thumb Code  1000  BsrJay.o(i.BsrCara)
    BsrCarae                                 0x00001a01   Thumb Code   198  BsrJay.o(i.BsrCarae)
    BsrChad                                  0x00001acd   Thumb Code   182  BsrJay.o(i.BsrChad)
    BsrChada                                 0x00001b89   Thumb Code    68  BsrJay.o(i.BsrChada)
    BsrChaz                                  0x00001bd1   Thumb Code   218  BsrJay.o(i.BsrChaz)
    BsrChaza                                 0x00001cb1   Thumb Code   182  BsrJay.o(i.BsrChaza)
    BsrChaze                                 0x00001d6d   Thumb Code   204  BsrJay.o(i.BsrChaze)
    BsrChazi                                 0x00001e3d   Thumb Code   206  BsrJay.o(i.BsrChazi)
    BsrClay                                  0x00001f0d   Thumb Code  1378  BsrJay.o(i.BsrClay)
    BsrCory                                  0x00002475   Thumb Code   488  BsrJoy.o(i.BsrCory)
    BsrCoty                                  0x00002661   Thumb Code    34  BsrJoy.o(i.BsrCoty)
    BsrDan                                   0x00002685   Thumb Code    82  BsrJim.o(i.BsrDan)
    BsrDane                                  0x000026dd   Thumb Code     8  BsrJoy.o(i.BsrDane)
    BsrDawn                                  0x000026e5   Thumb Code     8  BsrJoy.o(i.BsrDawn)
    BsrDeja                                  0x000026ed   Thumb Code   108  BsrJoy.o(i.BsrDeja)
    BsrDemi                                  0x00002759   Thumb Code   374  BsrJoy.o(i.BsrDemi)
    BsrDeon                                  0x000028d9   Thumb Code   374  BsrJoy.o(i.BsrDeon)
    BsrDina                                  0x00002a4f   Thumb Code   586  BsrJoy.o(i.BsrDina)
    BsrDion                                  0x00002c99   Thumb Code   214  BsrJoy.o(i.BsrDion)
    BsrEden                                  0x00002d75   Thumb Code   350  BsrEva.o(i.BsrEden)
    BsrEli                                   0x00002ed9   Thumb Code    88  BsrJim.o(i.BsrEli)
    BsrElla                                  0x00002f31   Thumb Code   426  BsrEva.o(i.BsrElla)
    BsrElsa                                  0x000030e1   Thumb Code   370  BsrEva.o(i.BsrElsa)
    BsrEmma                                  0x00003259   Thumb Code   212  BsrEli.o(i.BsrEmma)
    BsrEric                                  0x00003331   Thumb Code   130  BsrEli.o(i.BsrEric)
    BsrErica                                 0x000033b5   Thumb Code   306  BsrEli.o(i.BsrErica)
    BsrErik                                  0x000034f1   Thumb Code    46  BsrEli.o(i.BsrErik)
    BsrErin                                  0x0000351f   Thumb Code   230  BsrEli.o(i.BsrErin)
    BsrEva                                   0x00003605   Thumb Code    34  BsrJim.o(i.BsrEva)
    BsrEvan                                  0x00003627   Thumb Code    58  BsrEli.o(i.BsrEvan)
    BsrGary                                  0x00003661   Thumb Code   188  BsrAna.o(i.BsrGary)
    BsrGreg                                  0x00003721   Thumb Code   448  BsrAnn.o(i.BsrGreg)
    BsrGuy                                   0x000038ed   Thumb Code    54  BsrJim.o(i.BsrGuy)
    BsrHugo                                  0x00003925   Thumb Code   170  BsrGuy.o(i.BsrHugo)
    BsrIris                                  0x000039d5   Thumb Code    54  BsrGuy.o(i.BsrIris)
    BsrIrma                                  0x00003a0d   Thumb Code    80  BsrGuy.o(i.BsrIrma)
    BsrIsai                                  0x00003a61   Thumb Code    46  BsrGuy.o(i.BsrIsai)
    BsrIvy                                   0x00003a8f   Thumb Code   188  BsrJim.o(i.BsrIvy)
    BsrJan                                   0x00003c2d   Thumb Code    24  BsrJim.o(i.BsrJan)
    BsrJohn                                  0x00003f3f   Thumb Code    42  BsrAli.o(i.BsrJohn)
    BsrJose                                  0x00003f69   Thumb Code    54  BsrAli.o(i.BsrJose)
    BsrJosh                                  0x00003f9f   Thumb Code   164  BsrAli.o(i.BsrJosh)
    BsrJoyci                                 0x00004045   Thumb Code   218  BsrJim.o(i.BsrJoyci)
    BsrLei                                   0x00004159   Thumb Code    24  BsrJim.o(i.BsrLei)
    BsrMaxi                                  0x00004171   Thumb Code   122  BsrJim.o(i.BsrMaxi)
    BsrMichael                               0x000041eb   Thumb Code  1398  BsrJim.o(i.BsrMichael)
    BsrMichelle                              0x00004761   Thumb Code     8  BsrJim.o(i.BsrMichelle)
    BsrMike                                  0x00004769   Thumb Code   172  BsrJim.o(i.BsrMike)
    BsrMya                                   0x00004815   Thumb Code   136  BsrKai.o(i.BsrMya)
    BsrNia                                   0x0000489d   Thumb Code    50  BsrKai.o(i.BsrNia)
    BsrRay                                   0x000048cf   Thumb Code   310  BsrKai.o(i.BsrRay)
    BsrRex                                   0x00004a05   Thumb Code    18  BsrKai.o(i.BsrRex)
    BsrRey                                   0x00004a17   Thumb Code    16  BsrKai.o(i.BsrRey)
    BsrRon                                   0x00004a27   Thumb Code  1186  BsrKai.o(i.BsrRon)
    BsrRoy                                   0x00004ec9   Thumb Code    44  BsrKai.o(i.BsrRoy)
    BsrTed                                   0x00004ef5   Thumb Code    16  BsrKai.o(i.BsrTed)
    BsrTia                                   0x00004f05   Thumb Code   104  BsrKai.o(i.BsrTia)
    BsrTom                                   0x00004f6d   Thumb Code   146  BsrKai.o(i.BsrTom)
    BsrTop                                   0x00004fff   Thumb Code    94  BsrKai.o(i.BsrTop)
    BsrTre                                   0x0000505d   Thumb Code    18  BsrKai.o(i.BsrTre)
    BsrZoe                                   0x0000506f   Thumb Code     4  BsrJoe.o(i.BsrZoe)
    BufCtrl_UpdateReadWithCount              0x00005073   Thumb Code    30  bufctrl.o(i.BufCtrl_UpdateReadWithCount)
    BufCtrl_UpdateWriteWithCount             0x00005091   Thumb Code    30  bufctrl.o(i.BufCtrl_UpdateWriteWithCount)
    CAPS_IRQHandler                          0x000050b1   Thumb Code    12  interrupthandler.o(i.CAPS_IRQHandler)
    CLK_EnableLDO                            0x000050c1   Thumb Code    44  clk.o(i.CLK_EnableLDO)
    CLK_EnableModuleClock                    0x000050f5   Thumb Code    24  clk.o(i.CLK_EnableModuleClock)
    CLK_EnableXtalRC                         0x00005111   Thumb Code    22  clk.o(i.CLK_EnableXtalRC)
    CLK_GetHCLKFreq                          0x0000512d   Thumb Code    12  clk.o(i.CLK_GetHCLKFreq)
    CLK_SetHCLK                              0x0000513d   Thumb Code    56  clk.o(i.CLK_SetHCLK)
    CLK_SetModuleClock                       0x00005179   Thumb Code    74  clk.o(i.CLK_SetModuleClock)
    CSpotter_AddSample                       0x000051c9   Thumb Code    82  CSpotterSDKApi.o(i.CSpotter_AddSample)
    CSpotter_GetMemoryUsage_MultiWithSpeakerAndExtRejModel 0x0000522d   Thumb Code   178  CSpotterSDKApi.o(i.CSpotter_GetMemoryUsage_MultiWithSpeakerAndExtRejModel)
    CSpotter_GetMemoryUsage_Sep              0x000052e9   Thumb Code    24  CSpotterSDKApi.o(i.CSpotter_GetMemoryUsage_Sep)
    CSpotter_GetResult                       0x00005301   Thumb Code    30  CSpotterSDKApi.o(i.CSpotter_GetResult)
    CSpotter_Init_MultiWithExtRejModel       0x00005325   Thumb Code   488  CSpotterSDKApi.o(i.CSpotter_Init_MultiWithExtRejModel)
    CSpotter_Init_Sep                        0x00005529   Thumb Code    36  CSpotterSDKApi.o(i.CSpotter_Init_Sep)
    CSpotter_Reset                           0x0000554d   Thumb Code    40  CSpotterSDKApi.o(i.CSpotter_Reset)
    DPWM_Open                                0x00005581   Thumb Code     2  dpwm.o(i.DPWM_Open)
    DPWM_SetSampleRate                       0x00005585   Thumb Code    50  dpwm.o(i.DPWM_SetSampleRate)
    GPAB_IRQHandler                          0x000055c1   Thumb Code    18  interrupthandler.o(i.GPAB_IRQHandler)
    GPIO_SetMode                             0x000055dd   Thumb Code    40  gpio.o(i.GPIO_SetMode)
    MD4App_DecodeInitiate                    0x00005605   Thumb Code    34  md4app.o(i.MD4App_DecodeInitiate)
    MD4App_DecodeProcess                     0x00005629   Thumb Code   132  md4app.o(i.MD4App_DecodeProcess)
    MD4App_DecodeStartPlayByAddr             0x000056b1   Thumb Code   108  md4app.o(i.MD4App_DecodeStartPlayByAddr)
    MD4App_DecodeStartPlayByID               0x00005721   Thumb Code    42  md4app.o(i.MD4App_DecodeStartPlayByID)
    MD4App_DecodeStopPlay                    0x00005751   Thumb Code    26  md4app.o(i.MD4App_DecodeStopPlay)
    MD4_DecodeInitiate                       0x00005855   Thumb Code   154  md4decode.o(i.MD4_DecodeInitiate)
    MD4_DecodeIsEnd                          0x000058f5   Thumb Code    22  md4decode.o(i.MD4_DecodeIsEnd)
    MD4_DecodeProcess                        0x0000590b   Thumb Code   256  md4decode.o(i.MD4_DecodeProcess)
    MIC_ChangeSR                             0x00005a0d   Thumb Code   108  micspk.o(i.MIC_ChangeSR)
    MIC_Open                                 0x00005a8d   Thumb Code   216  micspk.o(i.MIC_Open)
    MIC_Start                                0x00005b8d   Thumb Code     8  micspk.o(i.MIC_Start)
    MIC_Stop                                 0x00005b99   Thumb Code    10  micspk.o(i.MIC_Stop)
    MicGetApp_Initiate                       0x00005ba9   Thumb Code    22  micgetapp.o(i.MicGetApp_Initiate)
    MicGetApp_ProcessRec                     0x00005bbf   Thumb Code    40  micgetapp.o(i.MicGetApp_ProcessRec)
    MicGetApp_StartRec                       0x00005be7   Thumb Code    40  micgetapp.o(i.MicGetApp_StartRec)
    MicGetApp_StopRec                        0x00005c0f   Thumb Code    16  micgetapp.o(i.MicGetApp_StopRec)
    NINJA_API_1                              0x00005c1f   Thumb Code   102  BsrGo.o(i.NINJA_API_1)
    NINJA_API_11                             0x00005c85   Thumb Code   634  BsrGo.o(i.NINJA_API_11)
    NINJA_API_13                             0x00005f05   Thumb Code   358  BsrGo.o(i.NINJA_API_13)
    NINJA_API_15                             0x00006075   Thumb Code    30  BsrGo.o(i.NINJA_API_15)
    NINJA_API_19                             0x00006093   Thumb Code    30  BsrGo.o(i.NINJA_API_19)
    NINJA_API_2                              0x000060b1   Thumb Code    40  BsrGo.o(i.NINJA_API_2)
    NINJA_API_23                             0x000060d9   Thumb Code    38  BsrGo.o(i.NINJA_API_23)
    NINJA_API_26                             0x000060ff   Thumb Code    48  BsrGo.o(i.NINJA_API_26)
    NINJA_API_3                              0x0000612f   Thumb Code    36  BsrGo.o(i.NINJA_API_3)
    NINJA_API_47                             0x00006153   Thumb Code   112  BsrGo.o(i.NINJA_API_47)
    NINJA_API_48                             0x000061c3   Thumb Code   126  BsrGo.o(i.NINJA_API_48)
    NINJA_API_55                             0x00006241   Thumb Code    60  BsrGo.o(i.NINJA_API_55)
    NINJA_API_56                             0x0000627d   Thumb Code    42  BsrGo.o(i.NINJA_API_56)
    NINJA_API_73                             0x000062a9   Thumb Code   978  BsrGo.o(i.NINJA_API_73)
    NINJA_API_75                             0x00006689   Thumb Code   174  BsrGo.o(i.NINJA_API_75)
    OutputPin_Initiate                       0x0000673d   Thumb Code    40  configio.o(i.OutputPin_Initiate)
    PDMA_DisableInt                          0x0000676d   Thumb Code    14  pdma.o(i.PDMA_DisableInt)
    PDMA_EnableInt                           0x00006781   Thumb Code    14  pdma.o(i.PDMA_EnableInt)
    PDMA_IRQHandler                          0x00006795   Thumb Code    42  interrupthandler.o(i.PDMA_IRQHandler)
    PDMA_Open                                0x000067cd   Thumb Code    12  pdma.o(i.PDMA_Open)
    PDMA_SetTransferAddr                     0x000067dd   Thumb Code    28  pdma.o(i.PDMA_SetTransferAddr)
    PDMA_SetTransferCnt                      0x000067fd   Thumb Code    50  pdma.o(i.PDMA_SetTransferCnt)
    PDMA_SetTransferDirection                0x00006835   Thumb Code    18  pdma.o(i.PDMA_SetTransferDirection)
    PDMA_SetTransferMode                     0x0000684d   Thumb Code   148  pdma.o(i.PDMA_SetTransferMode)
    PDMA_Trigger                             0x000068e5   Thumb Code    16  pdma.o(i.PDMA_Trigger)
    PWM0_IRQHandler                          0x000068fd   Thumb Code    36  main.o(i.PWM0_IRQHandler)
    PWM_ClearIntFlag                         0x00006929   Thumb Code     8  pwm.o(i.PWM_ClearIntFlag)
    PWM_GetIntFlag                           0x00006931   Thumb Code    14  pwm.o(i.PWM_GetIntFlag)
    PdmaCtrl_Init                            0x00006941   Thumb Code    28  pdmactrl.o(i.PdmaCtrl_Init)
    PdmaCtrl_Open                            0x00006965   Thumb Code   132  pdmactrl.o(i.PdmaCtrl_Open)
    PdmaCtrl_Start                           0x000069f1   Thumb Code    60  pdmactrl.o(i.PdmaCtrl_Start)
    PdmaCtrl_Stop                            0x00006a31   Thumb Code    16  pdmactrl.o(i.PdmaCtrl_Stop)
    Playback_Add                             0x00006a45   Thumb Code    48  playback.o(i.Playback_Add)
    Playback_Initiate                        0x00006a79   Thumb Code    10  playback.o(i.Playback_Initiate)
    Playback_Process                         0x00006a85   Thumb Code   190  playback.o(i.Playback_Process)
    Playback_Remove                          0x00006b51   Thumb Code    26  playback.o(i.Playback_Remove)
    Playback_ResetChannelVolume              0x00006b71   Thumb Code    14  playback.o(i.Playback_ResetChannelVolume)
    Playback_SetOutputBuf                    0x00006b85   Thumb Code    40  playback.o(i.Playback_SetOutputBuf)
    Playback_StartPlay                       0x00006bad   Thumb Code    72  playback.o(i.Playback_StartPlay)
    Playback_StopPlay                        0x00006c05   Thumb Code    68  playback.o(i.Playback_StopPlay)
    RTC_IRQHandler                           0x00006c51   Thumb Code     2  interrupthandler.o(i.RTC_IRQHandler)
    Record_Add                               0x00006c55   Thumb Code    18  record.o(i.Record_Add)
    Record_Process                           0x00006c6d   Thumb Code    58  record.o(i.Record_Process)
    Record_SetInBufRecord                    0x00006cb1   Thumb Code    34  record.o(i.Record_SetInBufRecord)
    Record_StartRec                          0x00006cd5   Thumb Code    54  record.o(i.Record_StartRec)
    Record_StopRec                           0x00006d1d   Thumb Code    24  record.o(i.Record_StopRec)
    SPIFlash_3ByteAddr_Cmd                   0x00006d39   Thumb Code    48  spiflash.o(i.SPIFlash_3ByteAddr_Cmd)
    SPIFlash_GetChipInfo                     0x00006d69   Thumb Code    44  spiflash.o(i.SPIFlash_GetChipInfo)
    SPIFlash_Initiate                        0x00006d95   Thumb Code   102  main.o(i.SPIFlash_Initiate)
    SPIFlash_Open                            0x00006e11   Thumb Code   112  spiflash.o(i.SPIFlash_Open)
    SPIFlash_PowerDown                       0x00006e81   Thumb Code    20  spiflash.o(i.SPIFlash_PowerDown)
    SPIFlash_Read                            0x00006e95   Thumb Code    30  spiflash.o(i.SPIFlash_Read)
    SPIFlash_ReadData                        0x00006eb3   Thumb Code   212  spiflash.o(i.SPIFlash_ReadData)
    SPIFlash_ReadDataCallback                0x00006f89   Thumb Code    18  appcallback.o(i.SPIFlash_ReadDataCallback)
    SPIFlash_ReadEnd                         0x00006fa1   Thumb Code    24  spiflash.o(i.SPIFlash_ReadEnd)
    SPIFlash_ReadStart                       0x00006fb9   Thumb Code    78  spiflash.o(i.SPIFlash_ReadStart)
    SPIFlash_SendRecOneData                  0x00007007   Thumb Code    82  spiflash.o(i.SPIFlash_SendRecOneData)
    SPI_GetBusClock                          0x00007059   Thumb Code    22  spi.o(i.SPI_GetBusClock)
    SPI_Open                                 0x0000706f   Thumb Code    36  spi.o(i.SPI_Open)
    SPI_SetBusClock                          0x00007095   Thumb Code    74  spi.o(i.SPI_SetBusClock)
    SPI_SetVarClock                          0x000070e5   Thumb Code    58  spi.o(i.SPI_SetVarClock)
    SPK_ChangeSR                             0x00007125   Thumb Code    42  micspk.o(i.SPK_ChangeSR)
    SPK_Open                                 0x0000715d   Thumb Code    56  micspk.o(i.SPK_Open)
    SPK_Start                                0x000071a5   Thumb Code    26  micspk.o(i.SPK_Start)
    SPK_Stop                                 0x000071c5   Thumb Code    12  micspk.o(i.SPK_Stop)
    SYS_Lock                                 0x000071d5   Thumb Code    12  sys.o(i.SYS_Lock)
    SYS_ResetModule                          0x000071e5   Thumb Code    26  sys.o(i.SYS_ResetModule)
    SYS_Unlock                               0x00007201   Thumb Code    38  sys.o(i.SYS_Unlock)
    SendCMD                                  0x0000722d   Thumb Code    30  appfunctions.o(i.SendCMD)
    SendCMD1time                             0x0000724b   Thumb Code    36  appfunctions.o(i.SendCMD1time)
    SendCMDByteTimer                         0x00007271   Thumb Code   112  appfunctions.o(i.SendCMDByteTimer)
    SendChar_ToUART                          0x000072e9   Thumb Code    26  retarget.o(i.SendChar_ToUART)
    SysClk_InitiateRC                        0x00007309   Thumb Code    76  sysclk.o(i.SysClk_InitiateRC)
    SystemCoreClockUpdate                    0x0000735d   Thumb Code    62  system_isd9100.o(i.SystemCoreClockUpdate)
    TIMER_GetModuleClock                     0x000073ad   Thumb Code    70  timer.o(i.TIMER_GetModuleClock)
    TIMER_Open                               0x00007405   Thumb Code    94  timer.o(i.TIMER_Open)
    TMR0_IRQHandler                          0x00007465   Thumb Code   150  main.o(i.TMR0_IRQHandler)
    TMR1_IRQHandler                          0x0000750d   Thumb Code    50  main.o(i.TMR1_IRQHandler)
    UART0_IRQHandler                         0x0000754d   Thumb Code    96  main.o(i.UART0_IRQHandler)
    UART_ClearIntFlag                        0x000075b5   Thumb Code    50  uart.o(i.UART_ClearIntFlag)
    UART_Init                                0x000075ed   Thumb Code   108  main.o(i.UART_Init)
    UART_Open                                0x00007665   Thumb Code    84  uart.o(i.UART_Open)
    UserEvent_ProcessCallback                0x000076c1   Thumb Code     4  appcallback.o(i.UserEvent_ProcessCallback)
    VROneCmdApp_GetCMDID                     0x000076c5   Thumb Code    42  vronecmdapp.o(i.VROneCmdApp_GetCMDID)
    VROneCmdApp_Initiate                     0x000076ef   Thumb Code    72  vronecmdapp.o(i.VROneCmdApp_Initiate)
    VROneCmdApp_UnpackBin                    0x00007737   Thumb Code    56  vronecmdapp.o(i.VROneCmdApp_UnpackBin)
    VolumeCtrl_Reset                         0x0000776f   Thumb Code    22  volumectrl.o(i.VolumeCtrl_Reset)
    VolumeCtrl_VolumeFade                    0x00007785   Thumb Code    32  volumectrl.o(i.VolumeCtrl_VolumeFade)
    WDT_IRQHandler                           0x000077a9   Thumb Code     2  interrupthandler.o(i.WDT_IRQHandler)
    __ARM_common_switch8                     0x000077ab   Thumb Code    26  pdma.o(i.__ARM_common_switch8)
    _is_digit                                0x000077c5   Thumb Code    14  __printf_wp.o(i._is_digit)
    delayms                                  0x000077d5   Thumb Code    30  appfunctions.o(i.delayms)
    ferror                                   0x000077f9   Thumb Code     6  retarget.o(i.ferror)
    fputc                                    0x000077ff   Thumb Code    12  retarget.o(i.fputc)
    main                                     0x0000780d   Thumb Code    82  main.o(i.main)
    pwm_init                                 0x00007889   Thumb Code    46  main.o(i.pwm_init)
    time_init                                0x000078c9   Thumb Code   110  main.o(i.time_init)
    uart_rev_task                            0x0000794d   Thumb Code    24  main.o(i.uart_rev_task)
    g_asAppCallBack                          0x00007968   Data          16  appcallback.o(.constdata)
    g_u32BiqCoeff                            0x00007980   Data          60  micspk.o(.constdata)
    g_u16Playback_Volume_DB_Table            0x000079bc   Data          26  volumectrl.o(.constdata)
    au16MD4StepAry                           0x000079ec   Data          32  md4decode.o(.constdata)
    ai8MD4CoefTable                          0x00007a0c   Data          16  md4decode.o(.constdata)
    Region$$Table$$Base                      0x00009554   Number         0  anon$$obj.o(Region$$Table)
    Region$$Table$$Limit                     0x00009574   Number         0  anon$$obj.o(Region$$Table)
    flag_1p25ms                              0x20000000   Data           1  main.o(.data)
    sendbline                                0x20000001   Data           1  main.o(.data)
    spk_sta                                  0x20000002   Data           1  main.o(.data)
    vr_time                                  0x20000006   Data           2  main.o(.data)
    PB_PIN_STA                               0x20000008   Data           2  main.o(.data)
    Fan_Stauts                               0x20000010   Data           1  main.o(.data)
    g_u8AppCtrl                              0x20000011   Data           1  main.o(.data)
    u8TotalAudioNum                          0x20000014   Data           1  appfunctions.o(.data)
    i32ID                                    0x20000015   Data           1  appfunctions.o(.data)
    AudioResStr                              0x2000001c   Data          36  appfunctions.o(.data)
    AudioOptStr                              0x20000040   Data          36  appfunctions.o(.data)
    SystemCoreClock                          0x20000064   Data           4  system_isd9100.o(.data)
    CyclesPerUs                              0x20000068   Data           4  system_isd9100.o(.data)
    gau32HiRCSrcTbl                          0x2000006c   Data           8  system_isd9100.o(.data)
    gau32ClkSrcTbl                           0x20000074   Data          12  system_isd9100.o(.data)
    g_pi16PcmBuf                             0x20000084   Data           4  playback.o(.data)
    g_psDacBufCtrl                           0x20000088   Data           4  playback.o(.data)
    g_sChannelVolInfo                        0x2000008c   Data           8  volumectrl.o(.data)
    g_psAdcBufCtrl                           0x20000098   Data           4  record.o(.data)
    __stdout                                 0x2000009c   Data           4  retarget.o(.data)
    g_sSpiFlash                              0x200000a0   Data          12  main.o(.bss)
    ap_uart0                                 0x200000ac   Data         128  main.o(.bss)
    pwm0                                     0x2000012c   Data          12  main.o(.bss)
    g_sApp                                   0x20000138   Data        9984  main.o(.bss)
    pwm1                                     0x20002838   Data          12  main.o(.bss)
    g_ai16DACSamples                         0x20002844   Data          16  interrupthandler.o(.bss)
    g_ai16ADCSamples                         0x20002854   Data          16  interrupthandler.o(.bss)
    __libspace_start                         0x20002864   Data          96  libspace.o(.bss)
    __temporary_stack_top$libspace           0x200028c4   Data           0  libspace.o(.bss)



==============================================================================

Memory Map of the image

  Image Entry point : 0x000001ad

  Load Region LR_IROM1 (Base: 0x00000000, Size: 0x00009614, Max: 0x00023400, ABSOLUTE)

    Execution Region ER_IROM1 (Exec base: 0x00000000, Load base: 0x00000000, Size: 0x00009574, Max: 0x00023400, ABSOLUTE)

    Exec Addr    Load Addr    Size         Type   Attr      Idx    E Section Name        Object

    0x00000000   0x00000000   0x000000c0   Data   RO          903    RESET               startup_isd9100.o
    0x000000c0   0x000000c0   0x00000008   Code   RO         3972  * !!!main             c_p.l(__main.o)
    0x000000c8   0x000000c8   0x0000003c   Code   RO         4157    !!!scatter          c_p.l(__scatter.o)
    0x00000104   0x00000104   0x0000001a   Code   RO         4159    !!handler_copy      c_p.l(__scatter_copy.o)
    0x0000011e   0x0000011e   0x00000002   PAD
    0x00000120   0x00000120   0x0000001c   Code   RO         4161    !!handler_zi        c_p.l(__scatter_zi.o)
    0x0000013c   0x0000013c   0x00000002   Code   RO         3959    .ARM.Collect$$_printf_percent$$00000000  c_p.l(_printf_percent.o)
    0x0000013e   0x0000013e   0x0000000a   Code   RO         3957    .ARM.Collect$$_printf_percent$$00000014  c_p.l(_printf_s.o)
    0x00000148   0x00000148   0x00000004   Code   RO         3991    .ARM.Collect$$_printf_percent$$00000017  c_p.l(_printf_percent_end.o)
    0x0000014c   0x0000014c   0x00000002   Code   RO         4028    .ARM.Collect$$libinit$$00000000  c_p.l(libinit.o)
    0x0000014e   0x0000014e   0x00000000   Code   RO         4042    .ARM.Collect$$libinit$$00000002  c_p.l(libinit2.o)
    0x0000014e   0x0000014e   0x00000000   Code   RO         4044    .ARM.Collect$$libinit$$00000004  c_p.l(libinit2.o)
    0x0000014e   0x0000014e   0x00000000   Code   RO         4047    .ARM.Collect$$libinit$$0000000A  c_p.l(libinit2.o)
    0x0000014e   0x0000014e   0x00000000   Code   RO         4049    .ARM.Collect$$libinit$$0000000C  c_p.l(libinit2.o)
    0x0000014e   0x0000014e   0x00000000   Code   RO         4051    .ARM.Collect$$libinit$$0000000E  c_p.l(libinit2.o)
    0x0000014e   0x0000014e   0x00000000   Code   RO         4054    .ARM.Collect$$libinit$$00000011  c_p.l(libinit2.o)
    0x0000014e   0x0000014e   0x00000000   Code   RO         4056    .ARM.Collect$$libinit$$00000013  c_p.l(libinit2.o)
    0x0000014e   0x0000014e   0x00000000   Code   RO         4058    .ARM.Collect$$libinit$$00000015  c_p.l(libinit2.o)
    0x0000014e   0x0000014e   0x00000000   Code   RO         4060    .ARM.Collect$$libinit$$00000017  c_p.l(libinit2.o)
    0x0000014e   0x0000014e   0x00000000   Code   RO         4062    .ARM.Collect$$libinit$$00000019  c_p.l(libinit2.o)
    0x0000014e   0x0000014e   0x00000000   Code   RO         4064    .ARM.Collect$$libinit$$0000001B  c_p.l(libinit2.o)
    0x0000014e   0x0000014e   0x00000000   Code   RO         4066    .ARM.Collect$$libinit$$0000001D  c_p.l(libinit2.o)
    0x0000014e   0x0000014e   0x00000000   Code   RO         4068    .ARM.Collect$$libinit$$0000001F  c_p.l(libinit2.o)
    0x0000014e   0x0000014e   0x00000000   Code   RO         4070    .ARM.Collect$$libinit$$00000021  c_p.l(libinit2.o)
    0x0000014e   0x0000014e   0x00000000   Code   RO         4072    .ARM.Collect$$libinit$$00000023  c_p.l(libinit2.o)
    0x0000014e   0x0000014e   0x00000000   Code   RO         4074    .ARM.Collect$$libinit$$00000025  c_p.l(libinit2.o)
    0x0000014e   0x0000014e   0x00000000   Code   RO         4078    .ARM.Collect$$libinit$$0000002C  c_p.l(libinit2.o)
    0x0000014e   0x0000014e   0x00000000   Code   RO         4080    .ARM.Collect$$libinit$$0000002E  c_p.l(libinit2.o)
    0x0000014e   0x0000014e   0x00000000   Code   RO         4082    .ARM.Collect$$libinit$$00000030  c_p.l(libinit2.o)
    0x0000014e   0x0000014e   0x00000000   Code   RO         4084    .ARM.Collect$$libinit$$00000032  c_p.l(libinit2.o)
    0x0000014e   0x0000014e   0x00000002   Code   RO         4085    .ARM.Collect$$libinit$$00000033  c_p.l(libinit2.o)
    0x00000150   0x00000150   0x00000002   Code   RO         4114    .ARM.Collect$$libshutdown$$00000000  c_p.l(libshutdown.o)
    0x00000152   0x00000152   0x00000000   Code   RO         4140    .ARM.Collect$$libshutdown$$00000002  c_p.l(libshutdown2.o)
    0x00000152   0x00000152   0x00000000   Code   RO         4142    .ARM.Collect$$libshutdown$$00000004  c_p.l(libshutdown2.o)
    0x00000152   0x00000152   0x00000000   Code   RO         4145    .ARM.Collect$$libshutdown$$00000007  c_p.l(libshutdown2.o)
    0x00000152   0x00000152   0x00000000   Code   RO         4148    .ARM.Collect$$libshutdown$$0000000A  c_p.l(libshutdown2.o)
    0x00000152   0x00000152   0x00000000   Code   RO         4150    .ARM.Collect$$libshutdown$$0000000C  c_p.l(libshutdown2.o)
    0x00000152   0x00000152   0x00000000   Code   RO         4153    .ARM.Collect$$libshutdown$$0000000F  c_p.l(libshutdown2.o)
    0x00000152   0x00000152   0x00000002   Code   RO         4154    .ARM.Collect$$libshutdown$$00000010  c_p.l(libshutdown2.o)
    0x00000154   0x00000154   0x00000000   Code   RO         3980    .ARM.Collect$$rtentry$$00000000  c_p.l(__rtentry.o)
    0x00000154   0x00000154   0x00000000   Code   RO         3994    .ARM.Collect$$rtentry$$00000002  c_p.l(__rtentry2.o)
    0x00000154   0x00000154   0x00000006   Code   RO         4006    .ARM.Collect$$rtentry$$00000004  c_p.l(__rtentry4.o)
    0x0000015a   0x0000015a   0x00000000   Code   RO         3996    .ARM.Collect$$rtentry$$00000009  c_p.l(__rtentry2.o)
    0x0000015a   0x0000015a   0x00000004   Code   RO         3997    .ARM.Collect$$rtentry$$0000000A  c_p.l(__rtentry2.o)
    0x0000015e   0x0000015e   0x00000000   Code   RO         3999    .ARM.Collect$$rtentry$$0000000C  c_p.l(__rtentry2.o)
    0x0000015e   0x0000015e   0x00000008   Code   RO         4000    .ARM.Collect$$rtentry$$0000000D  c_p.l(__rtentry2.o)
    0x00000166   0x00000166   0x00000002   Code   RO         4033    .ARM.Collect$$rtexit$$00000000  c_p.l(rtexit.o)
    0x00000168   0x00000168   0x00000000   Code   RO         4089    .ARM.Collect$$rtexit$$00000002  c_p.l(rtexit2.o)
    0x00000168   0x00000168   0x00000004   Code   RO         4090    .ARM.Collect$$rtexit$$00000003  c_p.l(rtexit2.o)
    0x0000016c   0x0000016c   0x00000006   Code   RO         4091    .ARM.Collect$$rtexit$$00000004  c_p.l(rtexit2.o)
    0x00000172   0x00000172   0x00000002   PAD
    0x00000174   0x00000174   0x00000038   Code   RO         3960    .emb_text           c_p.l(rt_memcpy.o)
    0x000001ac   0x000001ac   0x00000060   Code   RO          904  * .text               startup_isd9100.o
    0x0000020c   0x0000020c   0x0000001c   Code   RO         3910    .text               c_p.l(noretval__2printf.o)
    0x00000228   0x00000228   0x00000052   Code   RO         3914    .text               c_p.l(_printf_str.o)
    0x0000027a   0x0000027a   0x0000010e   Code   RO         3945    .text               c_p.l(__printf_wp.o)
    0x00000388   0x00000388   0x00000040   Code   RO         3964    .text               c_p.l(rt_memclr.o)
    0x000003c8   0x000003c8   0x000001e8   Code   RO         3966    .text               c_p.l(aeabi_sdivfast.o)
    0x000005b0   0x000005b0   0x00000006   Code   RO         3970    .text               c_p.l(heapauxi.o)
    0x000005b6   0x000005b6   0x0000002e   Code   RO         3987    .text               c_p.l(_printf_char.o)
    0x000005e4   0x000005e4   0x00000028   Code   RO         3989    .text               c_p.l(_printf_char_file.o)
    0x0000060c   0x0000060c   0x00000030   Code   RO         4010    .text               c_p.l(_printf_char_common.o)
    0x0000063c   0x0000063c   0x0000003e   Code   RO         4012    .text               c_p.l(sys_stackheap_outer.o)
    0x0000067a   0x0000067a   0x00000010   Code   RO         4017    .text               c_p.l(exit.o)
    0x0000068a   0x0000068a   0x00000002   PAD
    0x0000068c   0x0000068c   0x00000008   Code   RO         4029    .text               c_p.l(libspace.o)
    0x00000694   0x00000694   0x0000000c   Code   RO         4086    .text               c_p.l(sys_exit.o)
    0x000006a0   0x000006a0   0x00000002   Code   RO         4103    .text               c_p.l(use_no_semi.o)
    0x000006a2   0x000006a2   0x00000000   Code   RO         4105    .text               c_p.l(indicate_semi.o)
    0x000006a2   0x000006a2   0x00000002   PAD
    0x000006a4   0x000006a4   0x00000010   Code   RO         1940    i.ADC_EnableMICBias  adc.o
    0x000006b4   0x000006b4   0x00000002   Code   RO         1944    i.ADC_Open          adc.o
    0x000006b6   0x000006b6   0x00000002   PAD
    0x000006b8   0x000006b8   0x00000044   Code   RO         1947    i.ADC_SetALCTargetLevel  adc.o
    0x000006fc   0x000006fc   0x0000004c   Code   RO         1948    i.ADC_SetAMUX       adc.o
    0x00000748   0x00000748   0x00000038   Code   RO         1950    i.ADC_SetPGAGaindB  adc.o
    0x00000780   0x00000780   0x00000058   Code   RO          274    i.App_Initiate      appfunctions.o
    0x000007d8   0x000007d8   0x0000015c   Code   RO          276    i.App_Process       appfunctions.o
    0x00000934   0x00000934   0x00000038   Code   RO          277    i.App_StartPlay     appfunctions.o
    0x0000096c   0x0000096c   0x00000024   Code   RO          278    i.App_StartRecognize  appfunctions.o
    0x00000990   0x00000990   0x00000014   Code   RO          279    i.App_StopPlay      appfunctions.o
    0x000009a4   0x000009a4   0x0000002e   Code   RO          978    i.AudioRom_GetAudioChunkInfo  audiorom.o
    0x000009d2   0x000009d2   0x0000000e   Code   RO          979    i.AudioRom_GetAudioNum  audiorom.o
    0x000009e0   0x000009e0   0x0000001c   Code   RO          980    i.AudioRom_GetRomHeader  audiorom.o
    0x000009fc   0x000009fc   0x00000030   Code   RO         1130    i.BIQFilter_Setting  micspk.o
    0x00000a2c   0x00000a2c   0x0000001c   Code   RO         2045    i.BIQ_Reset         biq.o
    0x00000a48   0x00000a48   0x00000044   Code   RO         2046    i.BIQ_SetCoeff      biq.o
    0x00000a8c   0x00000a8c   0x0000002c   Code   RO         3755    i.BsrAbby           libCSpotterSDK_16k_24d_ISD9xxC_arm-cm0_V6.4.4_b20180328.lib(BsrJoe.o)
    0x00000ab8   0x00000ab8   0x0000007e   Code   RO         3756    i.BsrAbel           libCSpotterSDK_16k_24d_ISD9xxC_arm-cm0_V6.4.4_b20180328.lib(BsrJoe.o)
    0x00000b36   0x00000b36   0x000000c8   Code   RO         3757    i.BsrAdam           libCSpotterSDK_16k_24d_ISD9xxC_arm-cm0_V6.4.4_b20180328.lib(BsrJoe.o)
    0x00000bfe   0x00000bfe   0x000000d2   Code   RO         3629    i.BsrAlma           libCSpotterSDK_16k_24d_ISD9xxC_arm-cm0_V6.4.4_b20180328.lib(BsrDon.o)
    0x00000cd0   0x00000cd0   0x00000018   Code   RO         3630    i.BsrAmir           libCSpotterSDK_16k_24d_ISD9xxC_arm-cm0_V6.4.4_b20180328.lib(BsrDon.o)
    0x00000ce8   0x00000ce8   0x00000126   Code   RO         3631    i.BsrAmos           libCSpotterSDK_16k_24d_ISD9xxC_arm-cm0_V6.4.4_b20180328.lib(BsrDon.o)
    0x00000e0e   0x00000e0e   0x0000002a   Code   RO         3665    i.BsrAna            libCSpotterSDK_16k_24d_ISD9xxC_arm-cm0_V6.4.4_b20180328.lib(BsrJim.o)
    0x00000e38   0x00000e38   0x00000026   Code   RO         3633    i.BsrAnna           libCSpotterSDK_16k_24d_ISD9xxC_arm-cm0_V6.4.4_b20180328.lib(BsrDon.o)
    0x00000e5e   0x00000e5e   0x00000018   Code   RO         3634    i.BsrAnne           libCSpotterSDK_16k_24d_ISD9xxC_arm-cm0_V6.4.4_b20180328.lib(BsrDon.o)
    0x00000e76   0x00000e76   0x0000001c   Code   RO         3635    i.BsrAnnie          libCSpotterSDK_16k_24d_ISD9xxC_arm-cm0_V6.4.4_b20180328.lib(BsrDon.o)
    0x00000e92   0x00000e92   0x00000002   PAD
    0x00000e94   0x00000e94   0x000000b0   Code   RO         3666    i.BsrAri            libCSpotterSDK_16k_24d_ISD9xxC_arm-cm0_V6.4.4_b20180328.lib(BsrJim.o)
    0x00000f44   0x00000f44   0x000000f4   Code   RO         3667    i.BsrAsa            libCSpotterSDK_16k_24d_ISD9xxC_arm-cm0_V6.4.4_b20180328.lib(BsrJim.o)
    0x00001038   0x00001038   0x000000aa   Code   RO         3669    i.BsrAvea           libCSpotterSDK_16k_24d_ISD9xxC_arm-cm0_V6.4.4_b20180328.lib(BsrJim.o)
    0x000010e2   0x000010e2   0x0000001a   Code   RO         3641    i.BsrAyla           libCSpotterSDK_16k_24d_ISD9xxC_arm-cm0_V6.4.4_b20180328.lib(BsrDon.o)
    0x000010fc   0x000010fc   0x0000000e   Code   RO         3642    i.BsrBaby           libCSpotterSDK_16k_24d_ISD9xxC_arm-cm0_V6.4.4_b20180328.lib(BsrDon.o)
    0x0000110a   0x0000110a   0x000000ac   Code   RO         3670    i.BsrBen            libCSpotterSDK_16k_24d_ISD9xxC_arm-cm0_V6.4.4_b20180328.lib(BsrJim.o)
    0x000011b6   0x000011b6   0x00000002   PAD
    0x000011b8   0x000011b8   0x0000003c   Code   RO         3626    i.BsrBrad           libCSpotterSDK_16k_24d_ISD9xxC_arm-cm0_V6.4.4_b20180328.lib(BsrBen.o)
    0x000011f4   0x000011f4   0x00000150   Code   RO         3824    i.BsrBret           libCSpotterSDK_16k_24d_ISD9xxC_arm-cm0_V6.4.4_b20180328.lib(BsrJay.o)
    0x00001344   0x00001344   0x0000018a   Code   RO         3825    i.BsrCade           libCSpotterSDK_16k_24d_ISD9xxC_arm-cm0_V6.4.4_b20180328.lib(BsrJay.o)
    0x000014ce   0x000014ce   0x00000002   PAD
    0x000014d0   0x000014d0   0x00000104   Code   RO         3826    i.BsrCadea          libCSpotterSDK_16k_24d_ISD9xxC_arm-cm0_V6.4.4_b20180328.lib(BsrJay.o)
    0x000015d4   0x000015d4   0x00000044   Code   RO         3827    i.BsrCale           libCSpotterSDK_16k_24d_ISD9xxC_arm-cm0_V6.4.4_b20180328.lib(BsrJay.o)
    0x00001618   0x00001618   0x000003e8   Code   RO         3828    i.BsrCara           libCSpotterSDK_16k_24d_ISD9xxC_arm-cm0_V6.4.4_b20180328.lib(BsrJay.o)
    0x00001a00   0x00001a00   0x000000cc   Code   RO         3829    i.BsrCarae          libCSpotterSDK_16k_24d_ISD9xxC_arm-cm0_V6.4.4_b20180328.lib(BsrJay.o)
    0x00001acc   0x00001acc   0x000000bc   Code   RO         3830    i.BsrChad           libCSpotterSDK_16k_24d_ISD9xxC_arm-cm0_V6.4.4_b20180328.lib(BsrJay.o)
    0x00001b88   0x00001b88   0x00000048   Code   RO         3831    i.BsrChada          libCSpotterSDK_16k_24d_ISD9xxC_arm-cm0_V6.4.4_b20180328.lib(BsrJay.o)
    0x00001bd0   0x00001bd0   0x000000e0   Code   RO         3832    i.BsrChaz           libCSpotterSDK_16k_24d_ISD9xxC_arm-cm0_V6.4.4_b20180328.lib(BsrJay.o)
    0x00001cb0   0x00001cb0   0x000000bc   Code   RO         3833    i.BsrChaza          libCSpotterSDK_16k_24d_ISD9xxC_arm-cm0_V6.4.4_b20180328.lib(BsrJay.o)
    0x00001d6c   0x00001d6c   0x000000d0   Code   RO         3834    i.BsrChaze          libCSpotterSDK_16k_24d_ISD9xxC_arm-cm0_V6.4.4_b20180328.lib(BsrJay.o)
    0x00001e3c   0x00001e3c   0x000000ce   Code   RO         3835    i.BsrChazi          libCSpotterSDK_16k_24d_ISD9xxC_arm-cm0_V6.4.4_b20180328.lib(BsrJay.o)
    0x00001f0a   0x00001f0a   0x00000002   PAD
    0x00001f0c   0x00001f0c   0x00000568   Code   RO         3836    i.BsrClay           libCSpotterSDK_16k_24d_ISD9xxC_arm-cm0_V6.4.4_b20180328.lib(BsrJay.o)
    0x00002474   0x00002474   0x000001ec   Code   RO         3852    i.BsrCory           libCSpotterSDK_16k_24d_ISD9xxC_arm-cm0_V6.4.4_b20180328.lib(BsrJoy.o)
    0x00002660   0x00002660   0x00000022   Code   RO         3853    i.BsrCoty           libCSpotterSDK_16k_24d_ISD9xxC_arm-cm0_V6.4.4_b20180328.lib(BsrJoy.o)
    0x00002682   0x00002682   0x00000002   PAD
    0x00002684   0x00002684   0x00000058   Code   RO         3672    i.BsrDan            libCSpotterSDK_16k_24d_ISD9xxC_arm-cm0_V6.4.4_b20180328.lib(BsrJim.o)
    0x000026dc   0x000026dc   0x00000008   Code   RO         3857    i.BsrDane           libCSpotterSDK_16k_24d_ISD9xxC_arm-cm0_V6.4.4_b20180328.lib(BsrJoy.o)
    0x000026e4   0x000026e4   0x00000008   Code   RO         3859    i.BsrDawn           libCSpotterSDK_16k_24d_ISD9xxC_arm-cm0_V6.4.4_b20180328.lib(BsrJoy.o)
    0x000026ec   0x000026ec   0x0000006c   Code   RO         3860    i.BsrDeja           libCSpotterSDK_16k_24d_ISD9xxC_arm-cm0_V6.4.4_b20180328.lib(BsrJoy.o)
    0x00002758   0x00002758   0x00000180   Code   RO         3861    i.BsrDemi           libCSpotterSDK_16k_24d_ISD9xxC_arm-cm0_V6.4.4_b20180328.lib(BsrJoy.o)
    0x000028d8   0x000028d8   0x00000176   Code   RO         3862    i.BsrDeon           libCSpotterSDK_16k_24d_ISD9xxC_arm-cm0_V6.4.4_b20180328.lib(BsrJoy.o)
    0x00002a4e   0x00002a4e   0x0000024a   Code   RO         3863    i.BsrDina           libCSpotterSDK_16k_24d_ISD9xxC_arm-cm0_V6.4.4_b20180328.lib(BsrJoy.o)
    0x00002c98   0x00002c98   0x000000dc   Code   RO         3864    i.BsrDion           libCSpotterSDK_16k_24d_ISD9xxC_arm-cm0_V6.4.4_b20180328.lib(BsrJoy.o)
    0x00002d74   0x00002d74   0x00000164   Code   RO         3816    i.BsrEden           libCSpotterSDK_16k_24d_ISD9xxC_arm-cm0_V6.4.4_b20180328.lib(BsrEva.o)
    0x00002ed8   0x00002ed8   0x00000058   Code   RO         3675    i.BsrEli            libCSpotterSDK_16k_24d_ISD9xxC_arm-cm0_V6.4.4_b20180328.lib(BsrJim.o)
    0x00002f30   0x00002f30   0x000001b0   Code   RO         3817    i.BsrElla           libCSpotterSDK_16k_24d_ISD9xxC_arm-cm0_V6.4.4_b20180328.lib(BsrEva.o)
    0x000030e0   0x000030e0   0x00000178   Code   RO         3818    i.BsrElsa           libCSpotterSDK_16k_24d_ISD9xxC_arm-cm0_V6.4.4_b20180328.lib(BsrEva.o)
    0x00003258   0x00003258   0x000000d8   Code   RO         3803    i.BsrEmma           libCSpotterSDK_16k_24d_ISD9xxC_arm-cm0_V6.4.4_b20180328.lib(BsrEli.o)
    0x00003330   0x00003330   0x00000082   Code   RO         3804    i.BsrEric           libCSpotterSDK_16k_24d_ISD9xxC_arm-cm0_V6.4.4_b20180328.lib(BsrEli.o)
    0x000033b2   0x000033b2   0x00000002   PAD
    0x000033b4   0x000033b4   0x0000013c   Code   RO         3805    i.BsrErica          libCSpotterSDK_16k_24d_ISD9xxC_arm-cm0_V6.4.4_b20180328.lib(BsrEli.o)
    0x000034f0   0x000034f0   0x0000002e   Code   RO         3806    i.BsrErik           libCSpotterSDK_16k_24d_ISD9xxC_arm-cm0_V6.4.4_b20180328.lib(BsrEli.o)
    0x0000351e   0x0000351e   0x000000e6   Code   RO         3807    i.BsrErin           libCSpotterSDK_16k_24d_ISD9xxC_arm-cm0_V6.4.4_b20180328.lib(BsrEli.o)
    0x00003604   0x00003604   0x00000022   Code   RO         3676    i.BsrEva            libCSpotterSDK_16k_24d_ISD9xxC_arm-cm0_V6.4.4_b20180328.lib(BsrJim.o)
    0x00003626   0x00003626   0x0000003a   Code   RO         3808    i.BsrEvan           libCSpotterSDK_16k_24d_ISD9xxC_arm-cm0_V6.4.4_b20180328.lib(BsrEli.o)
    0x00003660   0x00003660   0x000000c0   Code   RO         3883    i.BsrGary           libCSpotterSDK_16k_24d_ISD9xxC_arm-cm0_V6.4.4_b20180328.lib(BsrAna.o)
    0x00003720   0x00003720   0x000001cc   Code   RO         3888    i.BsrGreg           libCSpotterSDK_16k_24d_ISD9xxC_arm-cm0_V6.4.4_b20180328.lib(BsrAnn.o)
    0x000038ec   0x000038ec   0x00000036   Code   RO         3678    i.BsrGuy            libCSpotterSDK_16k_24d_ISD9xxC_arm-cm0_V6.4.4_b20180328.lib(BsrJim.o)
    0x00003922   0x00003922   0x00000002   PAD
    0x00003924   0x00003924   0x000000b0   Code   RO         3897    i.BsrHugo           libCSpotterSDK_16k_24d_ISD9xxC_arm-cm0_V6.4.4_b20180328.lib(BsrGuy.o)
    0x000039d4   0x000039d4   0x00000036   Code   RO         3898    i.BsrIris           libCSpotterSDK_16k_24d_ISD9xxC_arm-cm0_V6.4.4_b20180328.lib(BsrGuy.o)
    0x00003a0a   0x00003a0a   0x00000002   PAD
    0x00003a0c   0x00003a0c   0x00000054   Code   RO         3899    i.BsrIrma           libCSpotterSDK_16k_24d_ISD9xxC_arm-cm0_V6.4.4_b20180328.lib(BsrGuy.o)
    0x00003a60   0x00003a60   0x0000002e   Code   RO         3900    i.BsrIsai           libCSpotterSDK_16k_24d_ISD9xxC_arm-cm0_V6.4.4_b20180328.lib(BsrGuy.o)
    0x00003a8e   0x00003a8e   0x000000bc   Code   RO         3680    i.BsrIvy            libCSpotterSDK_16k_24d_ISD9xxC_arm-cm0_V6.4.4_b20180328.lib(BsrJim.o)
    0x00003b4a   0x00003b4a   0x000000e2   Code   RO         3866    i.BsrJamii          libCSpotterSDK_16k_24d_ISD9xxC_arm-cm0_V6.4.4_b20180328.lib(BsrJoy.o)
    0x00003c2c   0x00003c2c   0x00000018   Code   RO         3681    i.BsrJan            libCSpotterSDK_16k_24d_ISD9xxC_arm-cm0_V6.4.4_b20180328.lib(BsrJim.o)
    0x00003c44   0x00003c44   0x0000018c   Code   RO         3837    i.BsrJeni           libCSpotterSDK_16k_24d_ISD9xxC_arm-cm0_V6.4.4_b20180328.lib(BsrJay.o)
    0x00003dd0   0x00003dd0   0x0000016e   Code   RO         3771    i.BsrJoan           libCSpotterSDK_16k_24d_ISD9xxC_arm-cm0_V6.4.4_b20180328.lib(BsrKai.o)
    0x00003f3e   0x00003f3e   0x0000002a   Code   RO         3485    i.BsrJohn           libCSpotterSDK_16k_24d_ISD9xxC_arm-cm0_V6.4.4_b20180328.lib(BsrAli.o)
    0x00003f68   0x00003f68   0x00000036   Code   RO         3486    i.BsrJose           libCSpotterSDK_16k_24d_ISD9xxC_arm-cm0_V6.4.4_b20180328.lib(BsrAli.o)
    0x00003f9e   0x00003f9e   0x000000a4   Code   RO         3487    i.BsrJosh           libCSpotterSDK_16k_24d_ISD9xxC_arm-cm0_V6.4.4_b20180328.lib(BsrAli.o)
    0x00004042   0x00004042   0x00000002   PAD
    0x00004044   0x00004044   0x000000e0   Code   RO         3692    i.BsrJoyci          libCSpotterSDK_16k_24d_ISD9xxC_arm-cm0_V6.4.4_b20180328.lib(BsrJim.o)
    0x00004124   0x00004124   0x00000034   Code   RO         3819    i.BsrJuanitez       libCSpotterSDK_16k_24d_ISD9xxC_arm-cm0_V6.4.4_b20180328.lib(BsrEva.o)
    0x00004158   0x00004158   0x00000018   Code   RO         3697    i.BsrLei            libCSpotterSDK_16k_24d_ISD9xxC_arm-cm0_V6.4.4_b20180328.lib(BsrJim.o)
    0x00004170   0x00004170   0x0000007a   Code   RO         3702    i.BsrMaxi           libCSpotterSDK_16k_24d_ISD9xxC_arm-cm0_V6.4.4_b20180328.lib(BsrJim.o)
    0x000041ea   0x000041ea   0x00000576   Code   RO         3703    i.BsrMichael        libCSpotterSDK_16k_24d_ISD9xxC_arm-cm0_V6.4.4_b20180328.lib(BsrJim.o)
    0x00004760   0x00004760   0x00000008   Code   RO         3704    i.BsrMichelle       libCSpotterSDK_16k_24d_ISD9xxC_arm-cm0_V6.4.4_b20180328.lib(BsrJim.o)
    0x00004768   0x00004768   0x000000ac   Code   RO         3706    i.BsrMike           libCSpotterSDK_16k_24d_ISD9xxC_arm-cm0_V6.4.4_b20180328.lib(BsrJim.o)
    0x00004814   0x00004814   0x00000088   Code   RO         3773    i.BsrMya            libCSpotterSDK_16k_24d_ISD9xxC_arm-cm0_V6.4.4_b20180328.lib(BsrKai.o)
    0x0000489c   0x0000489c   0x00000032   Code   RO         3774    i.BsrNia            libCSpotterSDK_16k_24d_ISD9xxC_arm-cm0_V6.4.4_b20180328.lib(BsrKai.o)
    0x000048ce   0x000048ce   0x00000136   Code   RO         3777    i.BsrRay            libCSpotterSDK_16k_24d_ISD9xxC_arm-cm0_V6.4.4_b20180328.lib(BsrKai.o)
    0x00004a04   0x00004a04   0x00000012   Code   RO         3778    i.BsrRex            libCSpotterSDK_16k_24d_ISD9xxC_arm-cm0_V6.4.4_b20180328.lib(BsrKai.o)
    0x00004a16   0x00004a16   0x00000010   Code   RO         3779    i.BsrRey            libCSpotterSDK_16k_24d_ISD9xxC_arm-cm0_V6.4.4_b20180328.lib(BsrKai.o)
    0x00004a26   0x00004a26   0x000004a2   Code   RO         3780    i.BsrRon            libCSpotterSDK_16k_24d_ISD9xxC_arm-cm0_V6.4.4_b20180328.lib(BsrKai.o)
    0x00004ec8   0x00004ec8   0x0000002c   Code   RO         3781    i.BsrRoy            libCSpotterSDK_16k_24d_ISD9xxC_arm-cm0_V6.4.4_b20180328.lib(BsrKai.o)
    0x00004ef4   0x00004ef4   0x00000010   Code   RO         3782    i.BsrTed            libCSpotterSDK_16k_24d_ISD9xxC_arm-cm0_V6.4.4_b20180328.lib(BsrKai.o)
    0x00004f04   0x00004f04   0x00000068   Code   RO         3783    i.BsrTia            libCSpotterSDK_16k_24d_ISD9xxC_arm-cm0_V6.4.4_b20180328.lib(BsrKai.o)
    0x00004f6c   0x00004f6c   0x00000092   Code   RO         3784    i.BsrTom            libCSpotterSDK_16k_24d_ISD9xxC_arm-cm0_V6.4.4_b20180328.lib(BsrKai.o)
    0x00004ffe   0x00004ffe   0x0000005e   Code   RO         3785    i.BsrTop            libCSpotterSDK_16k_24d_ISD9xxC_arm-cm0_V6.4.4_b20180328.lib(BsrKai.o)
    0x0000505c   0x0000505c   0x00000012   Code   RO         3786    i.BsrTre            libCSpotterSDK_16k_24d_ISD9xxC_arm-cm0_V6.4.4_b20180328.lib(BsrKai.o)
    0x0000506e   0x0000506e   0x00000004   Code   RO         3762    i.BsrZoe            libCSpotterSDK_16k_24d_ISD9xxC_arm-cm0_V6.4.4_b20180328.lib(BsrJoe.o)
    0x00005072   0x00005072   0x0000001e   Code   RO         1080    i.BufCtrl_UpdateReadWithCount  bufctrl.o
    0x00005090   0x00005090   0x0000001e   Code   RO         1081    i.BufCtrl_UpdateWriteWithCount  bufctrl.o
    0x000050ae   0x000050ae   0x00000002   PAD
    0x000050b0   0x000050b0   0x00000010   Code   RO          506    i.CAPS_IRQHandler   interrupthandler.o
    0x000050c0   0x000050c0   0x00000034   Code   RO         2146    i.CLK_EnableLDO     clk.o
    0x000050f4   0x000050f4   0x0000001c   Code   RO         2147    i.CLK_EnableModuleClock  clk.o
    0x00005110   0x00005110   0x0000001c   Code   RO         2148    i.CLK_EnableXtalRC  clk.o
    0x0000512c   0x0000512c   0x00000010   Code   RO         2149    i.CLK_GetHCLKFreq   clk.o
    0x0000513c   0x0000513c   0x0000003c   Code   RO         2152    i.CLK_SetHCLK       clk.o
    0x00005178   0x00005178   0x00000050   Code   RO         2153    i.CLK_SetModuleClock  clk.o
    0x000051c8   0x000051c8   0x00000064   Code   RO         3399    i.CSpotter_AddSample  libCSpotterSDK_16k_24d_ISD9xxC_arm-cm0_V6.4.4_b20180328.lib(CSpotterSDKApi.o)
    0x0000522c   0x0000522c   0x000000bc   Code   RO         3403    i.CSpotter_GetMemoryUsage_MultiWithSpeakerAndExtRejModel  libCSpotterSDK_16k_24d_ISD9xxC_arm-cm0_V6.4.4_b20180328.lib(CSpotterSDKApi.o)
    0x000052e8   0x000052e8   0x00000018   Code   RO         3404    i.CSpotter_GetMemoryUsage_Sep  libCSpotterSDK_16k_24d_ISD9xxC_arm-cm0_V6.4.4_b20180328.lib(CSpotterSDKApi.o)
    0x00005300   0x00005300   0x00000024   Code   RO         3410    i.CSpotter_GetResult  libCSpotterSDK_16k_24d_ISD9xxC_arm-cm0_V6.4.4_b20180328.lib(CSpotterSDKApi.o)
    0x00005324   0x00005324   0x00000204   Code   RO         3418    i.CSpotter_Init_MultiWithExtRejModel  libCSpotterSDK_16k_24d_ISD9xxC_arm-cm0_V6.4.4_b20180328.lib(CSpotterSDKApi.o)
    0x00005528   0x00005528   0x00000024   Code   RO         3419    i.CSpotter_Init_Sep  libCSpotterSDK_16k_24d_ISD9xxC_arm-cm0_V6.4.4_b20180328.lib(CSpotterSDKApi.o)
    0x0000554c   0x0000554c   0x00000034   Code   RO         3424    i.CSpotter_Reset    libCSpotterSDK_16k_24d_ISD9xxC_arm-cm0_V6.4.4_b20180328.lib(CSpotterSDKApi.o)
    0x00005580   0x00005580   0x00000002   Code   RO         2297    i.DPWM_Open         dpwm.o
    0x00005582   0x00005582   0x00000002   PAD
    0x00005584   0x00005584   0x0000003c   Code   RO         2298    i.DPWM_SetSampleRate  dpwm.o
    0x000055c0   0x000055c0   0x0000001c   Code   RO          507    i.GPAB_IRQHandler   interrupthandler.o
    0x000055dc   0x000055dc   0x00000028   Code   RO         2451    i.GPIO_SetMode      gpio.o
    0x00005604   0x00005604   0x00000022   Code   RO          767    i.MD4App_DecodeInitiate  md4app.o
    0x00005626   0x00005626   0x00000002   PAD
    0x00005628   0x00005628   0x00000088   Code   RO          768    i.MD4App_DecodeProcess  md4app.o
    0x000056b0   0x000056b0   0x00000070   Code   RO          769    i.MD4App_DecodeStartPlayByAddr  md4app.o
    0x00005720   0x00005720   0x00000030   Code   RO          770    i.MD4App_DecodeStartPlayByID  md4app.o
    0x00005750   0x00005750   0x0000001a   Code   RO          771    i.MD4App_DecodeStopPlay  md4app.o
    0x0000576a   0x0000576a   0x00000020   Code   RO         3382    i.MD4_CheckResLdr   MD4_Keil.lib(md4decode.o)
    0x0000578a   0x0000578a   0x00000002   PAD
    0x0000578c   0x0000578c   0x000000c8   Code   RO         3383    i.MD4_DecodeFrame   MD4_Keil.lib(md4decode.o)
    0x00005854   0x00005854   0x000000a0   Code   RO         3384    i.MD4_DecodeInitiate  MD4_Keil.lib(md4decode.o)
    0x000058f4   0x000058f4   0x00000016   Code   RO         3385    i.MD4_DecodeIsEnd   MD4_Keil.lib(md4decode.o)
    0x0000590a   0x0000590a   0x00000100   Code   RO         3386    i.MD4_DecodeProcess  MD4_Keil.lib(md4decode.o)
    0x00005a0a   0x00005a0a   0x00000002   PAD
    0x00005a0c   0x00005a0c   0x00000080   Code   RO         1131    i.MIC_ChangeSR      micspk.o
    0x00005a8c   0x00005a8c   0x00000100   Code   RO         1133    i.MIC_Open          micspk.o
    0x00005b8c   0x00005b8c   0x0000000c   Code   RO         1134    i.MIC_Start         micspk.o
    0x00005b98   0x00005b98   0x00000010   Code   RO         1135    i.MIC_Stop          micspk.o
    0x00005ba8   0x00005ba8   0x00000016   Code   RO          711    i.MicGetApp_Initiate  micgetapp.o
    0x00005bbe   0x00005bbe   0x00000028   Code   RO          712    i.MicGetApp_ProcessRec  micgetapp.o
    0x00005be6   0x00005be6   0x00000028   Code   RO          713    i.MicGetApp_StartRec  micgetapp.o
    0x00005c0e   0x00005c0e   0x00000010   Code   RO          714    i.MicGetApp_StopRec  micgetapp.o
    0x00005c1e   0x00005c1e   0x00000066   Code   RO         3493    i.NINJA_API_1       libCSpotterSDK_16k_24d_ISD9xxC_arm-cm0_V6.4.4_b20180328.lib(BsrGo.o)
    0x00005c84   0x00005c84   0x00000280   Code   RO         3495    i.NINJA_API_11      libCSpotterSDK_16k_24d_ISD9xxC_arm-cm0_V6.4.4_b20180328.lib(BsrGo.o)
    0x00005f04   0x00005f04   0x00000170   Code   RO         3497    i.NINJA_API_13      libCSpotterSDK_16k_24d_ISD9xxC_arm-cm0_V6.4.4_b20180328.lib(BsrGo.o)
    0x00006074   0x00006074   0x0000001e   Code   RO         3499    i.NINJA_API_15      libCSpotterSDK_16k_24d_ISD9xxC_arm-cm0_V6.4.4_b20180328.lib(BsrGo.o)
    0x00006092   0x00006092   0x0000001e   Code   RO         3503    i.NINJA_API_19      libCSpotterSDK_16k_24d_ISD9xxC_arm-cm0_V6.4.4_b20180328.lib(BsrGo.o)
    0x000060b0   0x000060b0   0x00000028   Code   RO         3504    i.NINJA_API_2       libCSpotterSDK_16k_24d_ISD9xxC_arm-cm0_V6.4.4_b20180328.lib(BsrGo.o)
    0x000060d8   0x000060d8   0x00000026   Code   RO         3507    i.NINJA_API_23      libCSpotterSDK_16k_24d_ISD9xxC_arm-cm0_V6.4.4_b20180328.lib(BsrGo.o)
    0x000060fe   0x000060fe   0x00000030   Code   RO         3510    i.NINJA_API_26      libCSpotterSDK_16k_24d_ISD9xxC_arm-cm0_V6.4.4_b20180328.lib(BsrGo.o)
    0x0000612e   0x0000612e   0x00000024   Code   RO         3514    i.NINJA_API_3       libCSpotterSDK_16k_24d_ISD9xxC_arm-cm0_V6.4.4_b20180328.lib(BsrGo.o)
    0x00006152   0x00006152   0x00000070   Code   RO         3531    i.NINJA_API_47      libCSpotterSDK_16k_24d_ISD9xxC_arm-cm0_V6.4.4_b20180328.lib(BsrGo.o)
    0x000061c2   0x000061c2   0x0000007e   Code   RO         3532    i.NINJA_API_48      libCSpotterSDK_16k_24d_ISD9xxC_arm-cm0_V6.4.4_b20180328.lib(BsrGo.o)
    0x00006240   0x00006240   0x0000003c   Code   RO         3537    i.NINJA_API_55      libCSpotterSDK_16k_24d_ISD9xxC_arm-cm0_V6.4.4_b20180328.lib(BsrGo.o)
    0x0000627c   0x0000627c   0x0000002a   Code   RO         3538    i.NINJA_API_56      libCSpotterSDK_16k_24d_ISD9xxC_arm-cm0_V6.4.4_b20180328.lib(BsrGo.o)
    0x000062a6   0x000062a6   0x00000002   PAD
    0x000062a8   0x000062a8   0x000003e0   Code   RO         3553    i.NINJA_API_73      libCSpotterSDK_16k_24d_ISD9xxC_arm-cm0_V6.4.4_b20180328.lib(BsrGo.o)
    0x00006688   0x00006688   0x000000b4   Code   RO         3555    i.NINJA_API_75      libCSpotterSDK_16k_24d_ISD9xxC_arm-cm0_V6.4.4_b20180328.lib(BsrGo.o)
    0x0000673c   0x0000673c   0x00000030   Code   RO         1015    i.OutputPin_Initiate  configio.o
    0x0000676c   0x0000676c   0x00000014   Code   RO         2650    i.PDMA_DisableInt   pdma.o
    0x00006780   0x00006780   0x00000014   Code   RO         2651    i.PDMA_EnableInt    pdma.o
    0x00006794   0x00006794   0x00000038   Code   RO          508    i.PDMA_IRQHandler   interrupthandler.o
    0x000067cc   0x000067cc   0x00000010   Code   RO         2652    i.PDMA_Open         pdma.o
    0x000067dc   0x000067dc   0x00000020   Code   RO         2653    i.PDMA_SetTransferAddr  pdma.o
    0x000067fc   0x000067fc   0x00000038   Code   RO         2654    i.PDMA_SetTransferCnt  pdma.o
    0x00006834   0x00006834   0x00000018   Code   RO         2655    i.PDMA_SetTransferDirection  pdma.o
    0x0000684c   0x0000684c   0x00000098   Code   RO         2656    i.PDMA_SetTransferMode  pdma.o
    0x000068e4   0x000068e4   0x00000018   Code   RO         2657    i.PDMA_Trigger      pdma.o
    0x000068fc   0x000068fc   0x0000002c   Code   RO            3    i.PWM0_IRQHandler   main.o
    0x00006928   0x00006928   0x00000008   Code   RO         2720    i.PWM_ClearIntFlag  pwm.o
    0x00006930   0x00006930   0x0000000e   Code   RO         2735    i.PWM_GetIntFlag    pwm.o
    0x0000693e   0x0000693e   0x00000002   PAD
    0x00006940   0x00006940   0x00000024   Code   RO         1225    i.PdmaCtrl_Init     pdmactrl.o
    0x00006964   0x00006964   0x0000008c   Code   RO         1226    i.PdmaCtrl_Open     pdmactrl.o
    0x000069f0   0x000069f0   0x00000040   Code   RO         1227    i.PdmaCtrl_Start    pdmactrl.o
    0x00006a30   0x00006a30   0x00000014   Code   RO         1228    i.PdmaCtrl_Stop     pdmactrl.o
    0x00006a44   0x00006a44   0x00000034   Code   RO         1274    i.Playback_Add      playback.o
    0x00006a78   0x00006a78   0x0000000a   Code   RO         1276    i.Playback_Initiate  playback.o
    0x00006a82   0x00006a82   0x00000002   PAD
    0x00006a84   0x00006a84   0x000000cc   Code   RO         1280    i.Playback_Process  playback.o
    0x00006b50   0x00006b50   0x00000020   Code   RO         1281    i.Playback_Remove   playback.o
    0x00006b70   0x00006b70   0x00000014   Code   RO         1282    i.Playback_ResetChannelVolume  playback.o
    0x00006b84   0x00006b84   0x00000028   Code   RO         1283    i.Playback_SetOutputBuf  playback.o
    0x00006bac   0x00006bac   0x00000058   Code   RO         1286    i.Playback_StartPlay  playback.o
    0x00006c04   0x00006c04   0x0000004c   Code   RO         1287    i.Playback_StopPlay  playback.o
    0x00006c50   0x00006c50   0x00000002   Code   RO          509    i.RTC_IRQHandler    interrupthandler.o
    0x00006c52   0x00006c52   0x00000002   PAD
    0x00006c54   0x00006c54   0x00000018   Code   RO         1522    i.Record_Add        record.o
    0x00006c6c   0x00006c6c   0x00000044   Code   RO         1523    i.Record_Process    record.o
    0x00006cb0   0x00006cb0   0x00000022   Code   RO         1525    i.Record_SetInBufRecord  record.o
    0x00006cd2   0x00006cd2   0x00000002   PAD
    0x00006cd4   0x00006cd4   0x00000048   Code   RO         1526    i.Record_StartRec   record.o
    0x00006d1c   0x00006d1c   0x0000001c   Code   RO         1527    i.Record_StopRec    record.o
    0x00006d38   0x00006d38   0x00000030   Code   RO         1576    i.SPIFlash_3ByteAddr_Cmd  spiflash.o
    0x00006d68   0x00006d68   0x0000002c   Code   RO         1584    i.SPIFlash_GetChipInfo  spiflash.o
    0x00006d94   0x00006d94   0x0000007c   Code   RO            4    i.SPIFlash_Initiate  main.o
    0x00006e10   0x00006e10   0x00000070   Code   RO         1587    i.SPIFlash_Open     spiflash.o
    0x00006e80   0x00006e80   0x00000014   Code   RO         1588    i.SPIFlash_PowerDown  spiflash.o
    0x00006e94   0x00006e94   0x0000001e   Code   RO         1589    i.SPIFlash_Read     spiflash.o
    0x00006eb2   0x00006eb2   0x000000d4   Code   RO         1590    i.SPIFlash_ReadData  spiflash.o
    0x00006f86   0x00006f86   0x00000002   PAD
    0x00006f88   0x00006f88   0x00000018   Code   RO          396    i.SPIFlash_ReadDataCallback  appcallback.o
    0x00006fa0   0x00006fa0   0x00000018   Code   RO         1592    i.SPIFlash_ReadEnd  spiflash.o
    0x00006fb8   0x00006fb8   0x0000004e   Code   RO         1593    i.SPIFlash_ReadStart  spiflash.o
    0x00007006   0x00007006   0x00000052   Code   RO         1595    i.SPIFlash_SendRecOneData  spiflash.o
    0x00007058   0x00007058   0x00000016   Code   RO         2967    i.SPI_GetBusClock   spi.o
    0x0000706e   0x0000706e   0x00000024   Code   RO         2969    i.SPI_Open          spi.o
    0x00007092   0x00007092   0x00000002   PAD
    0x00007094   0x00007094   0x00000050   Code   RO         2970    i.SPI_SetBusClock   spi.o
    0x000070e4   0x000070e4   0x00000040   Code   RO         2971    i.SPI_SetVarClock   spi.o
    0x00007124   0x00007124   0x00000038   Code   RO         1136    i.SPK_ChangeSR      micspk.o
    0x0000715c   0x0000715c   0x00000048   Code   RO         1138    i.SPK_Open          micspk.o
    0x000071a4   0x000071a4   0x00000020   Code   RO         1141    i.SPK_Start         micspk.o
    0x000071c4   0x000071c4   0x00000010   Code   RO         1142    i.SPK_Stop          micspk.o
    0x000071d4   0x000071d4   0x00000010   Code   RO         3019    i.SYS_Lock          sys.o
    0x000071e4   0x000071e4   0x0000001a   Code   RO         3024    i.SYS_ResetModule   sys.o
    0x000071fe   0x000071fe   0x00000002   PAD
    0x00007200   0x00007200   0x0000002c   Code   RO         3025    i.SYS_Unlock        sys.o
    0x0000722c   0x0000722c   0x0000001e   Code   RO          281    i.SendCMD           appfunctions.o
    0x0000724a   0x0000724a   0x00000024   Code   RO          282    i.SendCMD1time      appfunctions.o
    0x0000726e   0x0000726e   0x00000002   PAD
    0x00007270   0x00007270   0x00000078   Code   RO          284    i.SendCMDByteTimer  appfunctions.o
    0x000072e8   0x000072e8   0x00000020   Code   RO         3301    i.SendChar_ToUART   retarget.o
    0x00007308   0x00007308   0x00000054   Code   RO          910    i.SysClk_InitiateRC  sysclk.o
    0x0000735c   0x0000735c   0x00000050   Code   RO          871    i.SystemCoreClockUpdate  system_isd9100.o
    0x000073ac   0x000073ac   0x00000058   Code   RO         3124    i.TIMER_GetModuleClock  timer.o
    0x00007404   0x00007404   0x0000005e   Code   RO         3126    i.TIMER_Open        timer.o
    0x00007462   0x00007462   0x00000002   PAD
    0x00007464   0x00007464   0x000000a8   Code   RO            5    i.TMR0_IRQHandler   main.o
    0x0000750c   0x0000750c   0x00000040   Code   RO            6    i.TMR1_IRQHandler   main.o
    0x0000754c   0x0000754c   0x00000068   Code   RO            7    i.UART0_IRQHandler  main.o
    0x000075b4   0x000075b4   0x00000038   Code   RO         3167    i.UART_ClearIntFlag  uart.o
    0x000075ec   0x000075ec   0x00000078   Code   RO            8    i.UART_Init         main.o
    0x00007664   0x00007664   0x0000005c   Code   RO         3171    i.UART_Open         uart.o
    0x000076c0   0x000076c0   0x00000004   Code   RO          397    i.UserEvent_ProcessCallback  appcallback.o
    0x000076c4   0x000076c4   0x0000002a   Code   RO          839    i.VROneCmdApp_GetCMDID  vronecmdapp.o
    0x000076ee   0x000076ee   0x00000048   Code   RO          840    i.VROneCmdApp_Initiate  vronecmdapp.o
    0x00007736   0x00007736   0x00000038   Code   RO          841    i.VROneCmdApp_UnpackBin  vronecmdapp.o
    0x0000776e   0x0000776e   0x00000016   Code   RO         1445    i.VolumeCtrl_Reset  volumectrl.o
    0x00007784   0x00007784   0x00000024   Code   RO         1447    i.VolumeCtrl_VolumeFade  volumectrl.o
    0x000077a8   0x000077a8   0x00000002   Code   RO          510    i.WDT_IRQHandler    interrupthandler.o
    0x000077aa   0x000077aa   0x0000001a   Code   RO         2712    i.__ARM_common_switch8  pdma.o
    0x000077c4   0x000077c4   0x0000000e   Code   RO         3947    i._is_digit         c_p.l(__printf_wp.o)
    0x000077d2   0x000077d2   0x00000002   PAD
    0x000077d4   0x000077d4   0x00000024   Code   RO          287    i.delayms           appfunctions.o
    0x000077f8   0x000077f8   0x00000006   Code   RO         3303    i.ferror            retarget.o
    0x000077fe   0x000077fe   0x0000000c   Code   RO         3305    i.fputc             retarget.o
    0x0000780a   0x0000780a   0x00000002   PAD
    0x0000780c   0x0000780c   0x0000007c   Code   RO            9    i.main              main.o
    0x00007888   0x00007888   0x00000040   Code   RO           10    i.pwm_init          main.o
    0x000078c8   0x000078c8   0x00000084   Code   RO           11    i.time_init         main.o
    0x0000794c   0x0000794c   0x0000001c   Code   RO           12    i.uart_rev_task     main.o
    0x00007968   0x00007968   0x00000010   Data   RO          398    .constdata          appcallback.o
    0x00007978   0x00007978   0x00000044   Data   RO         1143    .constdata          micspk.o
    0x000079bc   0x000079bc   0x0000001a   Data   RO         1448    .constdata          volumectrl.o
    0x000079d6   0x000079d6   0x00000002   PAD
    0x000079d8   0x000079d8   0x00000014   Data   RO         3127    .constdata          timer.o
    0x000079ec   0x000079ec   0x00000030   Data   RO         3389    .constdata          MD4_Keil.lib(md4decode.o)
    0x00007a1c   0x00007a1c   0x00000914   Data   RO         3558    .constdata          libCSpotterSDK_16k_24d_ISD9xxC_arm-cm0_V6.4.4_b20180328.lib(BsrGo.o)
    0x00008330   0x00008330   0x00000800   Data   RO         3627    .constdata          libCSpotterSDK_16k_24d_ISD9xxC_arm-cm0_V6.4.4_b20180328.lib(BsrBen.o)
    0x00008b30   0x00008b30   0x00000064   Data   RO         3809    .constdata          libCSpotterSDK_16k_24d_ISD9xxC_arm-cm0_V6.4.4_b20180328.lib(BsrEli.o)
    0x00008b94   0x00008b94   0x00000009   Data   RO         3867    .constdata          libCSpotterSDK_16k_24d_ISD9xxC_arm-cm0_V6.4.4_b20180328.lib(BsrJoy.o)
    0x00008b9d   0x00008b9d   0x00000001   PAD
    0x00008b9e   0x00008b9e   0x00000284   Data   RO         3885    .constdata          libCSpotterSDK_16k_24d_ISD9xxC_arm-cm0_V6.4.4_b20180328.lib(BsrAna.o)
    0x00008e22   0x00008e22   0x00000404   Data   RO         3892    .constdata          libCSpotterSDK_16k_24d_ISD9xxC_arm-cm0_V6.4.4_b20180328.lib(BsrAnn.o)
    0x00009226   0x00009226   0x00000002   PAD
    0x00009228   0x00009228   0x00000200   Data   RO         3901    .constdata          libCSpotterSDK_16k_24d_ISD9xxC_arm-cm0_V6.4.4_b20180328.lib(BsrGuy.o)
    0x00009428   0x00009428   0x0000012c   Data   RO          289    .conststring        appfunctions.o
    0x00009554   0x00009554   0x00000020   Data   RO         4155    Region$$Table       anon$$obj.o


    Execution Region RW_IRAM1 (Exec base: 0x20000000, Load base: 0x00009574, Size: 0x00002ec8, Max: 0x00003000, ABSOLUTE)

    Exec Addr    Load Addr    Size         Type   Attr      Idx    E Section Name        Object

    0x20000000   0x00009574   0x00000010   Data   RW           17    .data               main.o
    0x20000010   0x00009584   0x00000001   Data   RW           20    .data               main.o
    0x20000011   0x00009585   0x00000001   Data   RW           21    .data               main.o
    0x20000012   0x00009586   0x00000002   PAD
    0x20000014   0x00009588   0x00000050   Data   RW          290    .data               appfunctions.o
    0x20000064   0x000095d8   0x0000001c   Data   RW          873    .data               system_isd9100.o
    0x20000080   0x000095f4   0x0000000c   Data   RW         1289    .data               playback.o
    0x2000008c   0x00009600   0x00000008   Data   RW         1449    .data               volumectrl.o
    0x20000094   0x00009608   0x00000008   Data   RW         1528    .data               record.o
    0x2000009c   0x00009610   0x00000004   Data   RW         3308    .data               retarget.o
    0x200000a0        -       0x00000098   Zero   RW           14    .bss                main.o
    0x20000138        -       0x00002700   Zero   RW           15    .bss                main.o
    0x20002838        -       0x0000000c   Zero   RW           16    .bss                main.o
    0x20002844        -       0x00000020   Zero   RW          511    .bss                interrupthandler.o
    0x20002864        -       0x00000060   Zero   RW         4030    .bss                c_p.l(libspace.o)
    0x200028c4   0x00009614   0x00000004   PAD
    0x200028c8        -       0x00000200   Zero   RW          902    HEAP                startup_isd9100.o
    0x20002ac8        -       0x00000400   Zero   RW          901    STACK               startup_isd9100.o


==============================================================================

Image component sizes


      Code (inc. data)   RO Data    RW Data    ZI Data      Debug   Object Name

       218         40          0          0          0       2852   adc.o
        28          6         16          0          0     109480   appcallback.o
       770        140        300         80          0      10553   appfunctions.o
        88          0          0          0          0       2648   audiorom.o
        96         12          0          0          0       1579   biq.o
        60          0          0          0          0       3853   bufctrl.o
       264         32          0          0          0       3760   clk.o
        48          8          0          0          0        529   configio.o
        62         10          0          0          0       1137   dpwm.o
        40          0          0          0          0       1039   gpio.o
       104         28          0          0         32     106129   interrupthandler.o
       972        168          0         18      10148     126012   main.o
       356         14          0          0          0      12665   md4app.o
       118          0          0          0          0       6181   micgetapp.o
       636        118         68          0          0       5870   micspk.o
       370         54          0          0          0       5550   pdma.o
       260         24          0          0          0       2897   pdmactrl.o
       522         54          0         12          0       6494   playback.o
         0          0          0          0          0       5720   powerdown.o
        22          0          0          0          0       1504   pwm.o
       226         38          0          8          0       3853   record.o
        50          6          0          4          0       3846   retarget.o
       202         12          0          0          0       3365   spi.o
       650          0          0          0          0       7232   spiflash.o
        96         46        192          0       1536        736   startup_isd9100.o
        86         10          0          0          0       1994   sys.o
        84          8          0          0          0        692   sysclk.o
        80         18          0         28          0       1605   system_isd9100.o
       182         18         20          0          0       2040   timer.o
       148         14          0          0          0       1776   uart.o
        58          4         26          8          0       6665   volumectrl.o
       170          0          0          0          0       2734   vronecmdapp.o

    ----------------------------------------------------------------------
      7094        882        656        160      11716     452990   Object Totals
         0          0         32          0          0          0   (incl. Generated)
        28          0          2          2          0          0   (incl. Padding)

    ----------------------------------------------------------------------

      Code (inc. data)   RO Data    RW Data    ZI Data      Debug   Library Member Name

       670         34         48          0          0        360   md4decode.o
         8          0          0          0          0         68   __main.o
       284          0          0          0          0        136   __printf_wp.o
         0          0          0          0          0          0   __rtentry.o
        12          0          0          0          0          0   __rtentry2.o
         6          0          0          0          0          0   __rtentry4.o
        60          8          0          0          0          0   __scatter.o
        26          0          0          0          0          0   __scatter_copy.o
        28          0          0          0          0          0   __scatter_zi.o
        46          0          0          0          0        100   _printf_char.o
        48          6          0          0          0         88   _printf_char_common.o
        40          6          0          0          0         72   _printf_char_file.o
         2          0          0          0          0          0   _printf_percent.o
         4          0          0          0          0          0   _printf_percent_end.o
        10          0          0          0          0          0   _printf_s.o
        82          0          0          0          0         72   _printf_str.o
       488          0          0          0          0         92   aeabi_sdivfast.o
        16          0          0          0          0         68   exit.o
         6          0          0          0          0        136   heapauxi.o
         0          0          0          0          0          0   indicate_semi.o
         2          0          0          0          0          0   libinit.o
         2          0          0          0          0          0   libinit2.o
         2          0          0          0          0          0   libshutdown.o
         2          0          0          0          0          0   libshutdown2.o
         8          4          0          0         96         68   libspace.o
        28          6          0          0          0         84   noretval__2printf.o
        64          0          0          0          0        108   rt_memclr.o
        56          0          0          0          0         68   rt_memcpy.o
         2          0          0          0          0          0   rtexit.o
        10          0          0          0          0          0   rtexit2.o
        12          4          0          0          0         60   sys_exit.o
        62          0          0          0          0         80   sys_stackheap_outer.o
         2          0          0          0          0         68   use_no_semi.o
       260          0          0          0          0        272   BsrAli.o
       192          4        644          0          0         80   BsrAna.o
       460         12       1028          0          0         88   BsrAnn.o
        60          6       2048          0          0         60   BsrBen.o
       658          0          0          0          0        588   BsrDon.o
       996         14        100          0          0        472   BsrEli.o
      1216         18          0          0          0        316   BsrEva.o
      2844         36       2324          0          0       1200   BsrGo.o
       360         10        512          0          0        300   BsrGuy.o
      5128         74          0          0          0       1176   BsrJay.o
      3228         22          0          0          0       1256   BsrJim.o
       374          0          0          0          0        296   BsrJoe.o
      2440         20          9          0          0        764   BsrJoy.o
      2504          0          0          0          0       1012   BsrKai.o
       952         74          0          0          0        532   CSpotterSDKApi.o

    ----------------------------------------------------------------------
     23794        358       6716          0        100      10140   Library Totals
        34          0          3          0          4          0   (incl. Padding)

    ----------------------------------------------------------------------

      Code (inc. data)   RO Data    RW Data    ZI Data      Debug   Library Name

       670         34         48          0          0        360   MD4_Keil.lib
      1418         34          0          0         96       1368   c_p.l
     21672        290       6665          0          0       8412   libCSpotterSDK_16k_24d_ISD9xxC_arm-cm0_V6.4.4_b20180328.lib

    ----------------------------------------------------------------------
     23794        358       6716          0        100      10140   Library Totals

    ----------------------------------------------------------------------

==============================================================================


      Code (inc. data)   RO Data    RW Data    ZI Data      Debug   

     30888       1240       7372        160      11816     452330   Grand Totals
     30888       1240       7372        160      11816     452330   ELF Image Totals
     30888       1240       7372        160          0          0   ROM Totals

==============================================================================

    Total RO  Size (Code + RO Data)                38260 (  37.36kB)
    Total RW  Size (RW Data + ZI Data)             11976 (  11.70kB)
    Total ROM Size (Code + RO Data + RW Data)      38420 (  37.52kB)

==============================================================================

