ARM Linker, 5.03 [Build 76] [MDK-ARM Standard]

==============================================================================

Small function inlining results

Inlined function __aeabi_idiv0 from aeabi_idiv0.o at offset 0x1e2 in aeabi_sdivfast.o(.text).
Inlined Instruction: BX       lr
Inlined function __aeabi_idiv0 from aeabi_idiv0.o at offset 0x1e2 in aeabi_sdivfast_div0.o(.text).
Inlined Instruction: BX       lr
Inlined function _platform_pre_stackheap_init from boardinit1.o at offset 0x0 in rtentry2.o(.ARM.Collect$$rtentry$$00000001).
Inlined Instruction: BX       lr
Inlined function _fp_init from fpinit.o at offset 0x0 in libinit2.o(.ARM.Collect$$libinit$$00000001).
Inlined Instruction: BX       lr
Inlined function _platform_pre_lib_shutdown from boardshut.o at offset 0x0 in rtexit2.o(.ARM.Collect$$rtexit$$00000001).
Inlined Instruction: BX       lr
Inlined function __ARM_get_argv from no_argv.o at offset 0x2 in argv_veneer.o(.text).
Inlined Instruction: BX       lr
Inlined total of 6 calls.

==============================================================================

Section Cross References

    main.o(i.PWM0_IRQHandler) refers to pwm.o(i.PWM_ClearIntFlag) for PWM_ClearIntFlag
    main.o(i.PWM0_IRQHandler) refers to main.o(.bss) for .bss
    main.o(i.SPIFlash_Initiate) refers to clk.o(i.CLK_EnableModuleClock) for CLK_EnableModuleClock
    main.o(i.SPIFlash_Initiate) refers to sys.o(i.SYS_ResetModule) for SYS_ResetModule
    main.o(i.SPIFlash_Initiate) refers to spiflash.o(i.SPIFlash_Open) for SPIFlash_Open
    main.o(i.SPIFlash_Initiate) refers to spiflash.o(i.SPIFlash_PowerDown) for SPIFlash_PowerDown
    main.o(i.SPIFlash_Initiate) refers to spiflash.o(i.SPIFlash_Read) for SPIFlash_Read
    main.o(i.SPIFlash_Initiate) refers to spiflash.o(i.SPIFlash_GetChipInfo) for SPIFlash_GetChipInfo
    main.o(i.SPIFlash_Initiate) refers to main.o(.bss) for .bss
    main.o(i.TMR0_IRQHandler) refers to main.o(.bss) for .bss
    main.o(i.TMR0_IRQHandler) refers to main.o(.data) for .data
    main.o(i.UART0_IRQHandler) refers to main.o(.bss) for .bss
    main.o(i.UART_Init) refers to clk.o(i.CLK_EnableModuleClock) for CLK_EnableModuleClock
    main.o(i.UART_Init) refers to uart.o(i.UART_Open) for UART_Open
    main.o(i.UART_Init) refers to uart.o(i.UART_ClearIntFlag) for UART_ClearIntFlag
    main.o(i.main) refers to sysclk.o(i.SysClk_InitiateRC) for SysClk_InitiateRC
    main.o(i.main) refers to clk.o(i.CLK_EnableLDO) for CLK_EnableLDO
    main.o(i.main) refers to main.o(i.SPIFlash_Initiate) for SPIFlash_Initiate
    main.o(i.main) refers to configio.o(i.OutputPin_Initiate) for OutputPin_Initiate
    main.o(i.main) refers to configio.o(i.InputKey_Initiate) for InputKey_Initiate
    main.o(i.main) refers to pdmactrl.o(i.PdmaCtrl_Init) for PdmaCtrl_Init
    main.o(i.main) refers to micspk.o(i.SPK_Open) for SPK_Open
    main.o(i.main) refers to micspk.o(i.MIC_Open) for MIC_Open
    main.o(i.main) refers to main.o(i.UART_Init) for UART_Init
    main.o(i.main) refers to main.o(i.time_init) for time_init
    main.o(i.main) refers to main.o(i.pwm_init) for pwm_init
    main.o(i.main) refers to appfunctions.o(i.App_Initiate) for App_Initiate
    main.o(i.main) refers to appfunctions.o(i.App_Process) for App_Process
    main.o(i.main) refers to main.o(i.uart_rev_task) for uart_rev_task
    main.o(i.pwm_init) refers to clk.o(i.CLK_SetModuleClock) for CLK_SetModuleClock
    main.o(i.pwm_init) refers to clk.o(i.CLK_EnableModuleClock) for CLK_EnableModuleClock
    main.o(i.pwm_init) refers to sys.o(i.SYS_ResetModule) for SYS_ResetModule
    main.o(i.pwm_init) refers to pwm.o(i.PWM_ConfigOutputChannel) for PWM_ConfigOutputChannel
    main.o(i.pwm_init) refers to pwm.o(i.PWM_EnableOutput) for PWM_EnableOutput
    main.o(i.pwm_init) refers to pwm.o(i.PWM_Start) for PWM_Start
    main.o(i.pwm_init) refers to main.o(.bss) for .bss
    main.o(i.time_init) refers to clk.o(i.CLK_EnableModuleClock) for CLK_EnableModuleClock
    main.o(i.time_init) refers to clk.o(i.CLK_SetModuleClock) for CLK_SetModuleClock
    main.o(i.time_init) refers to timer.o(i.TIMER_Open) for TIMER_Open
    main.o(i.uart_rev_task) refers to main.o(.bss) for .bss
    main.o(i.uart_send) refers to main.o(.bss) for .bss
    main.o(i.uart_send) refers to main.o(.data) for .data
    appfunctions.o(i.App_Initiate) refers to playback.o(i.Playback_Initiate) for Playback_Initiate
    appfunctions.o(i.App_Initiate) refers to micgetapp.o(i.MicGetApp_Initiate) for MicGetApp_Initiate
    appfunctions.o(i.App_Initiate) refers to audiorom.o(i.AudioRom_GetAudioNum) for AudioRom_GetAudioNum
    appfunctions.o(i.App_Initiate) refers to vronecmdapp.o(i.VROneCmdApp_UnpackBin) for VROneCmdApp_UnpackBin
    appfunctions.o(i.App_Initiate) refers to appfunctions.o(i.App_StartRecognize) for App_StartRecognize
    appfunctions.o(i.App_Initiate) refers to main.o(.data) for g_u8AppCtrl
    appfunctions.o(i.App_Initiate) refers to main.o(.bss) for g_sApp
[...]
    s_sKeypadTgrCtrlHandler                  0x20002c38   Data          20  keypad.o(.bss)
    s_sKeypadTouchCtrlHandler                0x20002c4c   Data          68  keypad.o(.bss)
    .bss                                     0x20002c90   Section       96  libspace.o(.bss)
    HEAP                                     0x20002cf0   Section      512  startup_isd9100.o(HEAP)
    Heap_Mem                                 0x20002cf0   Data         512  startup_isd9100.o(HEAP)

    Global Symbols

    Symbol Name                              Value     Ov Type        Size  Object(Section)

    BuildAttributes$$THM_ISAv3M$S$PE$A:L22$X:L11$S22$IEEE1$IW$USESV6$~STKCKD$USESV7$~SHL$OTIME$ROPI$EBA8$UX$STANDARDLIB$REQ8$PRES8$EABIv2 0x00000000   Number         0  anon$$obj.o ABSOLUTE
    __ARM_use_no_argv                        0x00000000   Number         0  main.o ABSOLUTE
    __Vectors                                0x00000000   Data           4  startup_isd9100.o(RESET)
    _printf_flags                            0x00000000   Number         0  printf_stubs.o ABSOLUTE
    _printf_return_value                     0x00000000   Number         0  printf_stubs.o ABSOLUTE
    _printf_sizespec                         0x00000000   Number         0  printf_stubs.o ABSOLUTE
    _printf_widthprec                        0x00000000   Number         0  printf_stubs.o ABSOLUTE
    __ARM_exceptions_init                     - Undefined Weak Reference
    __alloca_initialize                       - Undefined Weak Reference
    __cpp_initialize__aeabi_                  - Undefined Weak Reference
    __cxa_finalize                            - Undefined Weak Reference
    __rt_locale                               - Undefined Weak Reference
    __sigvec_lookup                           - Undefined Weak Reference
    _atexit_init                              - Undefined Weak Reference
    _call_atexit_fns                          - Undefined Weak Reference
    _clock_init                               - Undefined Weak Reference
    _fp_trap_init                             - Undefined Weak Reference
    _fp_trap_shutdown                         - Undefined Weak Reference
    _get_lc_collate                           - Undefined Weak Reference
    _get_lc_ctype                             - Undefined Weak Reference
    _get_lc_monetary                          - Undefined Weak Reference
    _get_lc_numeric                           - Undefined Weak Reference
    _get_lc_time                              - Undefined Weak Reference
    _getenv_init                              - Undefined Weak Reference
    _handle_redirection                       - Undefined Weak Reference
    _init_alloc                               - Undefined Weak Reference
    _init_user_alloc                          - Undefined Weak Reference
    _initio                                   - Undefined Weak Reference
    _printf_post_padding                      - Undefined Weak Reference
    _printf_pre_padding                       - Undefined Weak Reference
    _printf_truncate_unsigned                 - Undefined Weak Reference
    _rand_init                                - Undefined Weak Reference
    _signal_finish                            - Undefined Weak Reference
    _signal_init                              - Undefined Weak Reference
    _terminate_alloc                          - Undefined Weak Reference
    _terminate_user_alloc                     - Undefined Weak Reference
    _terminateio                              - Undefined Weak Reference
    __main                                   0x000000c1   Thumb Code     8  __main.o(!!!main)
    __scatterload                            0x000000c9   Thumb Code     0  __scatter.o(!!!scatter)
    __scatterload_rt2                        0x000000c9   Thumb Code    52  __scatter.o(!!!scatter)
    __scatterload_rt2_thumb_only             0x000000c9   Thumb Code     0  __scatter.o(!!!scatter)
    __scatterload_null                       0x000000d9   Thumb Code     0  __scatter.o(!!!scatter)
    __scatterload_copy                       0x00000105   Thumb Code    26  __scatter_copy.o(!!handler_copy)
    __scatterload_zeroinit                   0x00000121   Thumb Code    28  __scatter_zi.o(!!handler_zi)
    __rt_lib_init                            0x0000013d   Thumb Code     0  libinit.o(.ARM.Collect$$libinit$$00000000)
    __rt_lib_init_fp_1                       0x0000013f   Thumb Code     0  libinit2.o(.ARM.Collect$$libinit$$00000001)
    __rt_lib_init_alloca_1                   0x00000143   Thumb Code     0  libinit2.o(.ARM.Collect$$libinit$$0000002C)
    __rt_lib_init_argv_1                     0x00000143   Thumb Code     0  libinit2.o(.ARM.Collect$$libinit$$0000002A)
    __rt_lib_init_atexit_1                   0x00000143   Thumb Code     0  libinit2.o(.ARM.Collect$$libinit$$00000019)
    __rt_lib_init_clock_1                    0x00000143   Thumb Code     0  libinit2.o(.ARM.Collect$$libinit$$0000001F)
    __rt_lib_init_cpp_1                      0x00000143   Thumb Code     0  libinit2.o(.ARM.Collect$$libinit$$00000030)
    __rt_lib_init_exceptions_1               0x00000143   Thumb Code     0  libinit2.o(.ARM.Collect$$libinit$$0000002E)
    __rt_lib_init_fp_trap_1                  0x00000143   Thumb Code     0  libinit2.o(.ARM.Collect$$libinit$$0000001D)
    __rt_lib_init_getenv_1                   0x00000143   Thumb Code     0  libinit2.o(.ARM.Collect$$libinit$$00000021)
    __rt_lib_init_heap_1                     0x00000143   Thumb Code     0  libinit2.o(.ARM.Collect$$libinit$$00000008)
    __rt_lib_init_lc_collate_1               0x00000143   Thumb Code     0  libinit2.o(.ARM.Collect$$libinit$$0000000F)
    __rt_lib_init_lc_ctype_1                 0x00000143   Thumb Code     0  libinit2.o(.ARM.Collect$$libinit$$00000011)
    __rt_lib_init_lc_monetary_1              0x00000143   Thumb Code     0  libinit2.o(.ARM.Collect$$libinit$$00000013)
    __rt_lib_init_lc_numeric_1               0x00000143   Thumb Code     0  libinit2.o(.ARM.Collect$$libinit$$00000015)
    __rt_lib_init_lc_time_1                  0x00000143   Thumb Code     0  libinit2.o(.ARM.Collect$$libinit$$00000017)
    __rt_lib_init_rand_1                     0x00000143   Thumb Code     0  libinit2.o(.ARM.Collect$$libinit$$0000000C)
    __rt_lib_init_return                     0x00000143   Thumb Code     0  libinit2.o(.ARM.Collect$$libinit$$00000031)
    __rt_lib_init_signal_1                   0x00000143   Thumb Code     0  libinit2.o(.ARM.Collect$$libinit$$0000001B)
    __rt_lib_init_stdio_1                    0x00000143   Thumb Code     0  libinit2.o(.ARM.Collect$$libinit$$00000023)
    __rt_lib_init_user_alloc_1               0x00000143   Thumb Code     0  libinit2.o(.ARM.Collect$$libinit$$0000000A)
    __rt_lib_shutdown                        0x00000145   Thumb Code     0  libshutdown.o(.ARM.Collect$$libshutdown$$00000000)
    __rt_lib_shutdown_fp_trap_1              0x00000147   Thumb Code     0  libshutdown2.o(.ARM.Collect$$libshutdown$$00000006)
    __rt_lib_shutdown_heap_1                 0x00000147   Thumb Code     0  libshutdown2.o(.ARM.Collect$$libshutdown$$0000000E)
    __rt_lib_shutdown_return                 0x00000147   Thumb Code     0  libshutdown2.o(.ARM.Collect$$libshutdown$$0000000F)
    __rt_lib_shutdown_signal_1               0x00000147   Thumb Code     0  libshutdown2.o(.ARM.Collect$$libshutdown$$00000009)
    __rt_lib_shutdown_stdio_1                0x00000147   Thumb Code     0  libshutdown2.o(.ARM.Collect$$libshutdown$$00000003)
    __rt_lib_shutdown_user_alloc_1           0x00000147   Thumb Code     0  libshutdown2.o(.ARM.Collect$$libshutdown$$0000000B)
    __rt_entry                               0x00000149   Thumb Code     0  rtentry.o(.ARM.Collect$$rtentry$$00000000)
    __rt_entry_presh_1                       0x00000149   Thumb Code     0  rtentry2.o(.ARM.Collect$$rtentry$$00000002)
    __rt_entry_sh                            0x00000149   Thumb Code     0  rtentry4.o(.ARM.Collect$$rtentry$$00000004)
    __rt_entry_li                            0x0000014f   Thumb Code     0  rtentry2.o(.ARM.Collect$$rtentry$$0000000A)
    __rt_entry_postsh_1                      0x0000014f   Thumb Code     0  rtentry2.o(.ARM.Collect$$rtentry$$00000009)
    __rt_entry_main                          0x00000153   Thumb Code     0  rtentry2.o(.ARM.Collect$$rtentry$$0000000D)
    __rt_entry_postli_1                      0x00000153   Thumb Code     0  rtentry2.o(.ARM.Collect$$rtentry$$0000000C)
    __rt_exit                                0x0000015b   Thumb Code     0  rtexit.o(.ARM.Collect$$rtexit$$00000000)
    __rt_exit_ls                             0x0000015d   Thumb Code     0  rtexit2.o(.ARM.Collect$$rtexit$$00000003)
    __rt_exit_prels_1                        0x0000015d   Thumb Code     0  rtexit2.o(.ARM.Collect$$rtexit$$00000002)
    __rt_exit_exit                           0x00000161   Thumb Code     0  rtexit2.o(.ARM.Collect$$rtexit$$00000004)
    __aeabi_memcpy4                          0x00000169   Thumb Code    56  rt_memcpy.o(.emb_text)
    __aeabi_memcpy8                          0x00000169   Thumb Code     0  rt_memcpy.o(.emb_text)
    Reset_Handler                            0x000001a1   Thumb Code    28  startup_isd9100.o(.text)
    NMI_Handler                              0x000001bd   Thumb Code     2  startup_isd9100.o(.text)
    HardFault_Handler                        0x000001bf   Thumb Code     2  startup_isd9100.o(.text)
    SVC_Handler                              0x000001c1   Thumb Code     2  startup_isd9100.o(.text)
    PendSV_Handler                           0x000001c3   Thumb Code     2  startup_isd9100.o(.text)
    SysTick_Handler                          0x000001c5   Thumb Code     2  startup_isd9100.o(.text)
    ACMP_IRQHandler                          0x000001c7   Thumb Code     0  startup_isd9100.o(.text)
    ADC_IRQHandler                           0x000001c7   Thumb Code     0  startup_isd9100.o(.text)
    ALC_IRQHandler                           0x000001c7   Thumb Code     0  startup_isd9100.o(.text)
    BOD_IRQHandler                           0x000001c7   Thumb Code     0  startup_isd9100.o(.text)
    EINT0_IRQHandler                         0x000001c7   Thumb Code     0  startup_isd9100.o(.text)
    EINT1_IRQHandler                         0x000001c7   Thumb Code     0  startup_isd9100.o(.text)
    I2C0_IRQHandler                          0x000001c7   Thumb Code     0  startup_isd9100.o(.text)
    I2S_IRQHandler                           0x000001c7   Thumb Code     0  startup_isd9100.o(.text)
    SPI0_IRQHandler                          0x000001c7   Thumb Code     0  startup_isd9100.o(.text)
    TALARM_IRQHandler                        0x000001c7   Thumb Code     0  startup_isd9100.o(.text)
    __user_initial_stackheap                 0x000001c9   Thumb Code     0  startup_isd9100.o(.text)
    _memset_w                                0x00000201   Thumb Code    26  rt_memclr.o(.text)
    _memset                                  0x0000021b   Thumb Code    30  rt_memclr.o(.text)
    __aeabi_memclr                           0x00000239   Thumb Code     4  rt_memclr.o(.text)
    __rt_memclr                              0x00000239   Thumb Code     0  rt_memclr.o(.text)
    __aeabi_memclr4                          0x0000023d   Thumb Code     0  rt_memclr.o(.text)
    __aeabi_memclr8                          0x0000023d   Thumb Code     0  rt_memclr.o(.text)
    __rt_memclr_w                            0x0000023d   Thumb Code     4  rt_memclr.o(.text)
    __aeabi_uidiv                            0x00000241   Thumb Code     0  aeabi_sdivfast.o(.text)
    __aeabi_uidivmod                         0x00000241   Thumb Code    28  aeabi_sdivfast.o(.text)
    __aeabi_idiv                             0x0000025d   Thumb Code     0  aeabi_sdivfast.o(.text)
    __aeabi_idivmod                          0x0000025d   Thumb Code   460  aeabi_sdivfast.o(.text)
    __use_two_region_memory                  0x00000429   Thumb Code     2  heapauxi.o(.text)
    __rt_heap_escrow$2region                 0x0000042b   Thumb Code     2  heapauxi.o(.text)
    __rt_heap_expand$2region                 0x0000042d   Thumb Code     2  heapauxi.o(.text)
    __aeabi_d2uiz                            0x00000431   Thumb Code     0  dfixui.o(.text)
    _dfixu                                   0x00000431   Thumb Code    62  dfixui.o(.text)
    __aeabi_i2d_normalise                    0x00000479   Thumb Code    66  dflti.o(.text)
    __aeabi_i2d                              0x000004bb   Thumb Code    16  dflti.o(.text)
    _dflt                                    0x000004bb   Thumb Code     0  dflti.o(.text)
    __aeabi_ui2d                             0x000004cb   Thumb Code     6  dflti.o(.text)
    _dfltu                                   0x000004cb   Thumb Code     0  dflti.o(.text)
    __aeabi_dmul                             0x000004d1   Thumb Code     0  dmul.o(.text)
    _dmul                                    0x000004d1   Thumb Code   578  dmul.o(.text)
    __user_setup_stackheap                   0x00000729   Thumb Code    62  sys_stackheap_outer.o(.text)
    exit                                     0x00000767   Thumb Code    12  exit.o(.text)
    __user_libspace                          0x00000775   Thumb Code     8  libspace.o(.text)
    __user_perproc_libspace                  0x00000775   Thumb Code     0  libspace.o(.text)
    __user_perthread_libspace                0x00000775   Thumb Code     0  libspace.o(.text)
    _sys_exit                                0x0000077d   Thumb Code     8  sys_exit.o(.text)
    __I$use$semihosting                      0x00000789   Thumb Code     0  use_no_semi.o(.text)
    __use_no_semihosting_swi                 0x00000789   Thumb Code     2  use_no_semi.o(.text)
    ADC_Close                                0x0000078b   Thumb Code     2  adc.o(i.ADC_Close)
    __semihosting_library_function           0x0000078b   Thumb Code     0  indicate_semi.o(.text)
    ADC_DisableInt                           0x0000078d   Thumb Code    54  adc.o(i.ADC_DisableInt)
    ADC_DisableMICBias                       0x000007cd   Thumb Code    10  adc.o(i.ADC_DisableMICBias)
    ADC_EnableMICBias                        0x000007dd   Thumb Code    12  adc.o(i.ADC_EnableMICBias)
    ADC_Open                                 0x000007ed   Thumb Code     2  adc.o(i.ADC_Open)
    ADC_SetALCTargetLevel                    0x000007f1   Thumb Code    56  adc.o(i.ADC_SetALCTargetLevel)
    ADC_SetAMUX                              0x00000835   Thumb Code    66  adc.o(i.ADC_SetAMUX)
    ADC_SetPGAGaindB                         0x00000881   Thumb Code    42  adc.o(i.ADC_SetPGAGaindB)
    App_Initiate                             0x000008b9   Thumb Code    56  appfunctions.o(i.App_Initiate)
    App_PowerDown                            0x00000909   Thumb Code    38  appfunctions.o(i.App_PowerDown)
    App_Process                              0x00000935   Thumb Code   308  appfunctions.o(i.App_Process)
    App_StartPlay                            0x00000a89   Thumb Code    46  appfunctions.o(i.App_StartPlay)
    App_StartRecognize                       0x00000ac1   Thumb Code    26  appfunctions.o(i.App_StartRecognize)
    App_StopPlay                             0x00000ae5   Thumb Code    16  appfunctions.o(i.App_StopPlay)
    App_StopRecognize                        0x00000af9   Thumb Code    18  appfunctions.o(i.App_StopRecognize)
    AudioRom_GetAudioChunkInfo               0x00000b15   Thumb Code    46  audiorom.o(i.AudioRom_GetAudioChunkInfo)
    AudioRom_GetAudioNum                     0x00000b43   Thumb Code    14  audiorom.o(i.AudioRom_GetAudioNum)
    AudioRom_GetRomHeader                    0x00000b51   Thumb Code    28  audiorom.o(i.AudioRom_GetRomHeader)
    BIQ_Reset                                0x00000b9d   Thumb Code    22  biq.o(i.BIQ_Reset)
    BIQ_SetCoeff                             0x00000bb9   Thumb Code    62  biq.o(i.BIQ_SetCoeff)
    BsrAbby                                  0x00000bfd   Thumb Code    44  BsrJoe.o(i.BsrAbby)
    BsrAbel                                  0x00000c29   Thumb Code   126  BsrJoe.o(i.BsrAbel)
    BsrAdam                                  0x00000ca7   Thumb Code   200  BsrJoe.o(i.BsrAdam)
    BsrAlma                                  0x00000d6f   Thumb Code   210  BsrDon.o(i.BsrAlma)
    BsrAmir                                  0x00000e41   Thumb Code    24  BsrDon.o(i.BsrAmir)
    BsrAmos                                  0x00000e59   Thumb Code   294  BsrDon.o(i.BsrAmos)
    BsrAna                                   0x00000f7f   Thumb Code    42  BsrJim.o(i.BsrAna)
    BsrAnna                                  0x00000fa9   Thumb Code    38  BsrDon.o(i.BsrAnna)
    BsrAnne                                  0x00000fcf   Thumb Code    24  BsrDon.o(i.BsrAnne)
    BsrAnnie                                 0x00000fe7   Thumb Code    28  BsrDon.o(i.BsrAnnie)
    BsrAri                                   0x00001005   Thumb Code   172  BsrJim.o(i.BsrAri)
    BsrAsa                                   0x000010b5   Thumb Code   238  BsrJim.o(i.BsrAsa)
    BsrAvea                                  0x000011a9   Thumb Code   170  BsrJim.o(i.BsrAvea)
    BsrAyla                                  0x00001253   Thumb Code    26  BsrDon.o(i.BsrAyla)
    BsrBaby                                  0x0000126d   Thumb Code    14  BsrDon.o(i.BsrBaby)
    BsrBrad                                  0x00001329   Thumb Code    54  BsrBen.o(i.BsrBrad)
    BsrCade                                  0x000014b5   Thumb Code   394  BsrJay.o(i.BsrCade)
    BsrCadea                                 0x00001641   Thumb Code   254  BsrJay.o(i.BsrCadea)
    BsrCale                                  0x00001745   Thumb Code    68  BsrJay.o(i.BsrCale)
    BsrCara                                  0x00001789   Thumb Code  1000  BsrJay.o(i.BsrCara)
    BsrCarae                                 0x00001b71   Thumb Code   198  BsrJay.o(i.BsrCarae)
    BsrChad                                  0x00001c3d   Thumb Code   182  BsrJay.o(i.BsrChad)
    BsrChada                                 0x00001cf9   Thumb Code    68  BsrJay.o(i.BsrChada)
    BsrChaz                                  0x00001d41   Thumb Code   218  BsrJay.o(i.BsrChaz)
    BsrChaza                                 0x00001e21   Thumb Code   182  BsrJay.o(i.BsrChaza)
    BsrChaze                                 0x00001edd   Thumb Code   204  BsrJay.o(i.BsrChaze)
    BsrChazi                                 0x00001fad   Thumb Code   206  BsrJay.o(i.BsrChazi)
    BsrClay                                  0x0000207d   Thumb Code  1378  BsrJay.o(i.BsrClay)
    BsrCory                                  0x000025e5   Thumb Code   488  BsrJoy.o(i.BsrCory)
    BsrCoty                                  0x000027d1   Thumb Code    34  BsrJoy.o(i.BsrCoty)
    BsrDan                                   0x000027f5   Thumb Code    82  BsrJim.o(i.BsrDan)
    BsrDane                                  0x0000284d   Thumb Code     8  BsrJoy.o(i.BsrDane)
    BsrDawn                                  0x00002855   Thumb Code     8  BsrJoy.o(i.BsrDawn)
    BsrDeja                                  0x0000285d   Thumb Code   108  BsrJoy.o(i.BsrDeja)
    BsrDemi                                  0x000028c9   Thumb Code   374  BsrJoy.o(i.BsrDemi)
    BsrDeon                                  0x00002a49   Thumb Code   374  BsrJoy.o(i.BsrDeon)
    BsrDina                                  0x00002bbf   Thumb Code   586  BsrJoy.o(i.BsrDina)
    BsrDion                                  0x00002e09   Thumb Code   214  BsrJoy.o(i.BsrDion)
    BsrEden                                  0x00002ee5   Thumb Code   350  BsrEva.o(i.BsrEden)
    BsrEli                                   0x00003049   Thumb Code    88  BsrJim.o(i.BsrEli)
    BsrElla                                  0x000030a1   Thumb Code   426  BsrEva.o(i.BsrElla)
    BsrElsa                                  0x00003251   Thumb Code   370  BsrEva.o(i.BsrElsa)
    BsrEmma                                  0x000033c9   Thumb Code   212  BsrEli.o(i.BsrEmma)
    BsrEric                                  0x000034a1   Thumb Code   130  BsrEli.o(i.BsrEric)
    BsrErica                                 0x00003525   Thumb Code   306  BsrEli.o(i.BsrErica)
    BsrErik                                  0x00003661   Thumb Code    46  BsrEli.o(i.BsrErik)
    BsrErin                                  0x0000368f   Thumb Code   230  BsrEli.o(i.BsrErin)
    BsrEva                                   0x00003775   Thumb Code    34  BsrJim.o(i.BsrEva)
    BsrEvan                                  0x00003797   Thumb Code    58  BsrEli.o(i.BsrEvan)
    BsrGary                                  0x000037d1   Thumb Code   188  BsrAna.o(i.BsrGary)
    BsrGreg                                  0x00003891   Thumb Code   448  BsrAnn.o(i.BsrGreg)
    BsrGuy                                   0x00003a5d   Thumb Code    54  BsrJim.o(i.BsrGuy)
    BsrHugo                                  0x00003a95   Thumb Code   170  BsrGuy.o(i.BsrHugo)
    BsrIris                                  0x00003b45   Thumb Code    54  BsrGuy.o(i.BsrIris)
    BsrIrma                                  0x00003b7d   Thumb Code    80  BsrGuy.o(i.BsrIrma)
    BsrIsai                                  0x00003bd1   Thumb Code    46  BsrGuy.o(i.BsrIsai)
    BsrIvy                                   0x00003bff   Thumb Code   188  BsrJim.o(i.BsrIvy)
    BsrJan                                   0x00003d9d   Thumb Code    24  BsrJim.o(i.BsrJan)
    BsrJohn                                  0x000040af   Thumb Code    42  BsrAli.o(i.BsrJohn)
    BsrJose                                  0x000040d9   Thumb Code    54  BsrAli.o(i.BsrJose)
    BsrJosh                                  0x0000410f   Thumb Code   164  BsrAli.o(i.BsrJosh)
    BsrJoyci                                 0x000041b5   Thumb Code   218  BsrJim.o(i.BsrJoyci)
    BsrLei                                   0x000042c9   Thumb Code    24  BsrJim.o(i.BsrLei)
    BsrMaxi                                  0x000042e1   Thumb Code   122  BsrJim.o(i.BsrMaxi)
    BsrMichael                               0x0000435b   Thumb Code  1398  BsrJim.o(i.BsrMichael)
    BsrMichelle                              0x000048d1   Thumb Code     8  BsrJim.o(i.BsrMichelle)
    BsrMike                                  0x000048d9   Thumb Code   172  BsrJim.o(i.BsrMike)
    BsrMya                                   0x00004985   Thumb Code   136  BsrKai.o(i.BsrMya)
    BsrNia                                   0x00004a0d   Thumb Code    50  BsrKai.o(i.BsrNia)
    BsrRay                                   0x00004a3f   Thumb Code   310  BsrKai.o(i.BsrRay)
    BsrRex                                   0x00004b75   Thumb Code    18  BsrKai.o(i.BsrRex)
    BsrRey                                   0x00004b87   Thumb Code    16  BsrKai.o(i.BsrRey)
    BsrRon                                   0x00004b97   Thumb Code  1186  BsrKai.o(i.BsrRon)
    BsrRoy                                   0x00005039   Thumb Code    44  BsrKai.o(i.BsrRoy)
    BsrTed                                   0x00005065   Thumb Code    16  BsrKai.o(i.BsrTed)
    BsrTia                                   0x00005075   Thumb Code   104  BsrKai.o(i.BsrTia)
    BsrTom                                   0x000050dd   Thumb Code   146  BsrKai.o(i.BsrTom)
    BsrTop                                   0x0000516f   Thumb Code    94  BsrKai.o(i.BsrTop)
    BsrTre                                   0x000051cd   Thumb Code    18  BsrKai.o(i.BsrTre)
    BsrZoe                                   0x000051df   Thumb Code     4  BsrJoe.o(i.BsrZoe)
    BufCtrl_UpdateReadWithCount              0x000051e3   Thumb Code    30  bufctrl.o(i.BufCtrl_UpdateReadWithCount)
    BufCtrl_UpdateWriteWithCount             0x00005201   Thumb Code    30  bufctrl.o(i.BufCtrl_UpdateWriteWithCount)
    CAPS_IRQHandler                          0x00005221   Thumb Code    12  interrupthandler.o(i.CAPS_IRQHandler)
    CLK_DeepSleep                            0x00005231   Thumb Code    42  clk.o(i.CLK_DeepSleep)
    CLK_DisableLDO                           0x00005269   Thumb Code    22  clk.o(i.CLK_DisableLDO)
    CLK_DisableModuleClock                   0x00005285   Thumb Code    24  clk.o(i.CLK_DisableModuleClock)
    CLK_EnableLDO                            0x000052a1   Thumb Code    44  clk.o(i.CLK_EnableLDO)
    CLK_EnableModuleClock                    0x000052d5   Thumb Code    24  clk.o(i.CLK_EnableModuleClock)
    CLK_EnableXtalRC                         0x000052f1   Thumb Code    22  clk.o(i.CLK_EnableXtalRC)
    CLK_GetHCLKFreq                          0x0000530d   Thumb Code    12  clk.o(i.CLK_GetHCLKFreq)
    CLK_SetHCLK                              0x0000531d   Thumb Code    56  clk.o(i.CLK_SetHCLK)
    CLK_SetModuleClock                       0x00005359   Thumb Code    74  clk.o(i.CLK_SetModuleClock)
    CLK_SetSysTickClockSrc                   0x000053a9   Thumb Code    26  clk.o(i.CLK_SetSysTickClockSrc)
    CLK_SysTickDelay                         0x000053c9   Thumb Code    26  clk.o(i.CLK_SysTickDelay)
    CSpotter_AddSample                       0x000053ed   Thumb Code    82  CSpotterSDKApi.o(i.CSpotter_AddSample)
    CSpotter_GetMemoryUsage_MultiWithSpeakerAndExtRejModel 0x00005451   Thumb Code   178  CSpotterSDKApi.o(i.CSpotter_GetMemoryUsage_MultiWithSpeakerAndExtRejModel)
    CSpotter_GetMemoryUsage_Sep              0x0000550d   Thumb Code    24  CSpotterSDKApi.o(i.CSpotter_GetMemoryUsage_Sep)
    CSpotter_GetResult                       0x00005525   Thumb Code    30  CSpotterSDKApi.o(i.CSpotter_GetResult)
    CSpotter_Init_MultiWithExtRejModel       0x00005549   Thumb Code   488  CSpotterSDKApi.o(i.CSpotter_Init_MultiWithExtRejModel)
    CSpotter_Init_Sep                        0x0000574d   Thumb Code    36  CSpotterSDKApi.o(i.CSpotter_Init_Sep)
    CSpotter_Release                         0x00005771   Thumb Code    36  CSpotterSDKApi.o(i.CSpotter_Release)
    CSpotter_Reset                           0x00005799   Thumb Code    40  CSpotterSDKApi.o(i.CSpotter_Reset)
    DPWM_Open                                0x000057cd   Thumb Code     2  dpwm.o(i.DPWM_Open)
    DPWM_SetSampleRate                       0x000057d1   Thumb Code    50  dpwm.o(i.DPWM_SetSampleRate)
    Default_KeyHandler                       0x0000580d   Thumb Code   202  inputkeyactions.o(i.Default_KeyHandler)
    FMC_Close                                0x000058f1   Thumb Code    14  fmc.o(i.FMC_Close)
    FMC_Erase                                0x00005905   Thumb Code    66  fmc.o(i.FMC_Erase)
    FMC_Open                                 0x0000594d   Thumb Code    14  fmc.o(i.FMC_Open)
    FMC_Write                                0x00005961   Thumb Code    36  fmc.o(i.FMC_Write)
    GPAB_IRQHandler                          0x00005989   Thumb Code    18  interrupthandler.o(i.GPAB_IRQHandler)
    GPIO_DisableInt                          0x000059a5   Thumb Code    22  gpio.o(i.GPIO_DisableInt)
    GPIO_EnableInt                           0x000059c1   Thumb Code    26  gpio.o(i.GPIO_EnableInt)
    GPIO_SetMode                             0x000059db   Thumb Code    40  gpio.o(i.GPIO_SetMode)
    InputKey_Change                          0x00005a05   Thumb Code    26  configio.o(i.InputKey_Change)
    InputKey_Initiate                        0x00005a25   Thumb Code   148  configio.o(i.InputKey_Initiate)
    Keypad_InitKeypad                        0x00005ad1   Thumb Code    14  keypad.o(i.Keypad_InitKeypad)
    Keypad_InitTgr                           0x00005ae9   Thumb Code    42  keypad.o(i.Keypad_InitTgr)
    Keypad_ResetTgr                          0x00005b1d   Thumb Code    14  keypad.o(i.Keypad_ResetTgr)
    Keypad_TgrDecDebounceCounter             0x00005b35   Thumb Code    30  keypad.o(i.Keypad_TgrDecDebounceCounter)
    MD4App_DecodeInitiate                    0x00005b5d   Thumb Code    34  md4app.o(i.MD4App_DecodeInitiate)
    MD4App_DecodeProcess                     0x00005b81   Thumb Code   134  md4app.o(i.MD4App_DecodeProcess)
    MD4App_DecodeStartPlayByAddr             0x00005c0d   Thumb Code   108  md4app.o(i.MD4App_DecodeStartPlayByAddr)
    MD4App_DecodeStartPlayByID               0x00005c7d   Thumb Code    42  md4app.o(i.MD4App_DecodeStartPlayByID)
    MD4App_DecodeStopPlay                    0x00005cad   Thumb Code    26  md4app.o(i.MD4App_DecodeStopPlay)
    MD4_DecodeInitiate                       0x00005db1   Thumb Code   154  md4decode.o(i.MD4_DecodeInitiate)
    MD4_DecodeIsEnd                          0x00005e51   Thumb Code    22  md4decode.o(i.MD4_DecodeIsEnd)
    MD4_DecodeProcess                        0x00005e67   Thumb Code   256  md4decode.o(i.MD4_DecodeProcess)
    MIC_ChangeSR                             0x00005f69   Thumb Code   108  micspk.o(i.MIC_ChangeSR)
    MIC_Close                                0x00005fe9   Thumb Code    58  micspk.o(i.MIC_Close)
    MIC_Open                                 0x00006031   Thumb Code   216  micspk.o(i.MIC_Open)
    MIC_Start                                0x00006131   Thumb Code     8  micspk.o(i.MIC_Start)
    MIC_Stop                                 0x0000613d   Thumb Code    10  micspk.o(i.MIC_Stop)
    MicGetApp_Initiate                       0x0000614d   Thumb Code    22  micgetapp.o(i.MicGetApp_Initiate)
    MicGetApp_ProcessRec                     0x00006163   Thumb Code    40  micgetapp.o(i.MicGetApp_ProcessRec)
    MicGetApp_StartRec                       0x0000618b   Thumb Code    40  micgetapp.o(i.MicGetApp_StartRec)
    MicGetApp_StopRec                        0x000061b3   Thumb Code    16  micgetapp.o(i.MicGetApp_StopRec)
    NINJA_API_1                              0x000061c3   Thumb Code   102  BsrGo.o(i.NINJA_API_1)
    NINJA_API_11                             0x00006229   Thumb Code   634  BsrGo.o(i.NINJA_API_11)
    NINJA_API_13                             0x000064a9   Thumb Code   358  BsrGo.o(i.NINJA_API_13)
    NINJA_API_15                             0x00006619   Thumb Code    30  BsrGo.o(i.NINJA_API_15)
    NINJA_API_19                             0x00006637   Thumb Code    30  BsrGo.o(i.NINJA_API_19)
    NINJA_API_2                              0x00006655   Thumb Code    40  BsrGo.o(i.NINJA_API_2)
    NINJA_API_23                             0x0000667d   Thumb Code    38  BsrGo.o(i.NINJA_API_23)
    NINJA_API_26                             0x000066a3   Thumb Code    48  BsrGo.o(i.NINJA_API_26)
    NINJA_API_3                              0x000066d3   Thumb Code    36  BsrGo.o(i.NINJA_API_3)
    NINJA_API_47                             0x000066f7   Thumb Code   112  BsrGo.o(i.NINJA_API_47)
    NINJA_API_48                             0x00006767   Thumb Code   126  BsrGo.o(i.NINJA_API_48)
    NINJA_API_55                             0x000067e5   Thumb Code    60  BsrGo.o(i.NINJA_API_55)
    NINJA_API_56                             0x00006821   Thumb Code    42  BsrGo.o(i.NINJA_API_56)
    NINJA_API_73                             0x0000684d   Thumb Code   978  BsrGo.o(i.NINJA_API_73)
    NINJA_API_75                             0x00006c2d   Thumb Code   174  BsrGo.o(i.NINJA_API_75)
    OutputPin_Initiate                       0x00006cf5   Thumb Code    28  configio.o(i.OutputPin_Initiate)
    OutputPin_Set                            0x00006d15   Thumb Code    16  configio.o(i.OutputPin_Set)
    PDMA_DisableInt                          0x00006d25   Thumb Code    14  pdma.o(i.PDMA_DisableInt)
    PDMA_EnableInt                           0x00006d39   Thumb Code    14  pdma.o(i.PDMA_EnableInt)
    PDMA_IRQHandler                          0x00006d4d   Thumb Code    42  interrupthandler.o(i.PDMA_IRQHandler)
    PDMA_Open                                0x00006d85   Thumb Code    12  pdma.o(i.PDMA_Open)
    PDMA_SetTransferAddr                     0x00006d95   Thumb Code    28  pdma.o(i.PDMA_SetTransferAddr)
    PDMA_SetTransferCnt                      0x00006db5   Thumb Code    50  pdma.o(i.PDMA_SetTransferCnt)
    PDMA_SetTransferDirection                0x00006ded   Thumb Code    18  pdma.o(i.PDMA_SetTransferDirection)
    PDMA_SetTransferMode                     0x00006e05   Thumb Code   148  pdma.o(i.PDMA_SetTransferMode)
    PDMA_Trigger                             0x00006e9d   Thumb Code    16  pdma.o(i.PDMA_Trigger)
    PWM0_IRQHandler                          0x00006eb5   Thumb Code    22  main.o(i.PWM0_IRQHandler)
    PWM_ClearIntFlag                         0x00006ed5   Thumb Code     8  pwm.o(i.PWM_ClearIntFlag)
    PWM_ConfigOutputChannel                  0x00006edd   Thumb Code   282  pwm.o(i.PWM_ConfigOutputChannel)
    PWM_EnableOutput                         0x00007009   Thumb Code     8  pwm.o(i.PWM_EnableOutput)
    PWM_Start                                0x00007011   Thumb Code    38  pwm.o(i.PWM_Start)
    PdmaCtrl_Close                           0x00007039   Thumb Code    30  pdmactrl.o(i.PdmaCtrl_Close)
    PdmaCtrl_Init                            0x00007061   Thumb Code    28  pdmactrl.o(i.PdmaCtrl_Init)
    PdmaCtrl_Open                            0x00007085   Thumb Code   134  pdmactrl.o(i.PdmaCtrl_Open)
    PdmaCtrl_Start                           0x00007115   Thumb Code    60  pdmactrl.o(i.PdmaCtrl_Start)
    PdmaCtrl_Stop                            0x00007155   Thumb Code    16  pdmactrl.o(i.PdmaCtrl_Stop)
    PdmaCtrl_UnInit                          0x00007169   Thumb Code    22  pdmactrl.o(i.PdmaCtrl_UnInit)
    Playback_Add                             0x00007189   Thumb Code    48  playback.o(i.Playback_Add)
    Playback_Initiate                        0x000071bd   Thumb Code    10  playback.o(i.Playback_Initiate)
    Playback_Process                         0x000071c9   Thumb Code   190  playback.o(i.Playback_Process)
    Playback_Remove                          0x00007295   Thumb Code    26  playback.o(i.Playback_Remove)
    Playback_ResetChannelVolume              0x000072b5   Thumb Code    14  playback.o(i.Playback_ResetChannelVolume)
    Playback_SetOutputBuf                    0x000072c9   Thumb Code    40  playback.o(i.Playback_SetOutputBuf)
    Playback_StartPlay                       0x000072f1   Thumb Code    72  playback.o(i.Playback_StartPlay)
    Playback_StopPlay                        0x00007349   Thumb Code    68  playback.o(i.Playback_StopPlay)
    PowerDown                                0x00007395   Thumb Code    14  powerdown.o(i.PowerDown)
    PowerDown_Enter                          0x000073a5   Thumb Code   110  powerdown.o(i.PowerDown_Enter)
    PowerDown_Exit                           0x00007421   Thumb Code    50  powerdown.o(i.PowerDown_Exit)
    PowerDown_GPIOConfigWakePin              0x00007459   Thumb Code    52  powerdown.o(i.PowerDown_GPIOConfigWakePin)
    PowerDown_GPIOPostProc                   0x00007491   Thumb Code    28  powerdown.o(i.PowerDown_GPIOPostProc)
    PowerDown_GPIOPreProc                    0x000074b1   Thumb Code    56  powerdown.o(i.PowerDown_GPIOPreProc)
    PowerDown_GPIOStableCount                0x000074f9   Thumb Code    52  powerdown.o(i.PowerDown_GPIOStableCount)
    PreLoad_VRBin                            0x00007539   Thumb Code   172  preload.o(i.PreLoad_VRBin)
    RTC_IRQHandler                           0x000075e9   Thumb Code     2  interrupthandler.o(i.RTC_IRQHandler)
    Record_Add                               0x000075ed   Thumb Code    18  record.o(i.Record_Add)
    Record_Process                           0x00007605   Thumb Code    58  record.o(i.Record_Process)
    Record_SetInBufRecord                    0x00007649   Thumb Code    34  record.o(i.Record_SetInBufRecord)
    Record_StartRec                          0x0000766d   Thumb Code    54  record.o(i.Record_StartRec)
    Record_StopRec                           0x000076b5   Thumb Code    24  record.o(i.Record_StopRec)
    SPIFlash_3ByteAddr_Cmd                   0x000076d1   Thumb Code    48  spiflash.o(i.SPIFlash_3ByteAddr_Cmd)
    SPIFlash_GetChipInfo                     0x00007701   Thumb Code    44  spiflash.o(i.SPIFlash_GetChipInfo)
    SPIFlash_Initiate                        0x0000772d   Thumb Code   102  main.o(i.SPIFlash_Initiate)
    SPIFlash_Open                            0x000077a9   Thumb Code   112  spiflash.o(i.SPIFlash_Open)
    SPIFlash_PowerDown                       0x00007819   Thumb Code    20  spiflash.o(i.SPIFlash_PowerDown)
    SPIFlash_Read                            0x0000782d   Thumb Code    30  spiflash.o(i.SPIFlash_Read)
    SPIFlash_ReadData                        0x0000784b   Thumb Code   212  spiflash.o(i.SPIFlash_ReadData)
    SPIFlash_ReadDataCallback                0x00007921   Thumb Code    18  appcallback.o(i.SPIFlash_ReadDataCallback)
    SPIFlash_ReadEnd                         0x00007939   Thumb Code    24  spiflash.o(i.SPIFlash_ReadEnd)
    SPIFlash_ReadStart                       0x00007951   Thumb Code    78  spiflash.o(i.SPIFlash_ReadStart)
    SPIFlash_SendRecOneData                  0x0000799f   Thumb Code    82  spiflash.o(i.SPIFlash_SendRecOneData)
    SPI_Close                                0x000079f1   Thumb Code    26  spi.o(i.SPI_Close)
    SPI_GetBusClock                          0x00007a11   Thumb Code    22  spi.o(i.SPI_GetBusClock)
    SPI_Open                                 0x00007a27   Thumb Code    36  spi.o(i.SPI_Open)
    SPI_SetBusClock                          0x00007a4d   Thumb Code    74  spi.o(i.SPI_SetBusClock)
    SPI_SetVarClock                          0x00007a9d   Thumb Code    58  spi.o(i.SPI_SetVarClock)
    SPK_ChangeSR                             0x00007add   Thumb Code    42  micspk.o(i.SPK_ChangeSR)
    SPK_Close                                0x00007b15   Thumb Code    28  micspk.o(i.SPK_Close)
    SPK_Open                                 0x00007b39   Thumb Code    56  micspk.o(i.SPK_Open)
    SPK_Start                                0x00007b81   Thumb Code    26  micspk.o(i.SPK_Start)
    SPK_Stop                                 0x00007ba1   Thumb Code    12  micspk.o(i.SPK_Stop)
    SYS_Lock                                 0x00007bb1   Thumb Code    12  sys.o(i.SYS_Lock)
    SYS_ResetModule                          0x00007bc1   Thumb Code    26  sys.o(i.SYS_ResetModule)
    SYS_Unlock                               0x00007bdd   Thumb Code    38  sys.o(i.SYS_Unlock)
    SysClk_InitiateRC                        0x00007c09   Thumb Code    76  sysclk.o(i.SysClk_InitiateRC)
    SystemCoreClockUpdate                    0x00007c5d   Thumb Code    62  system_isd9100.o(i.SystemCoreClockUpdate)
    TIMER_GetModuleClock                     0x00007cad   Thumb Code    70  timer.o(i.TIMER_GetModuleClock)
    TIMER_GetWorkingFreq                     0x00007d05   Thumb Code    24  timer.o(i.TIMER_GetWorkingFreq)
    TIMER_Open                               0x00007d1d   Thumb Code    94  timer.o(i.TIMER_Open)
    TMR0_IRQHandler                          0x00007d7d   Thumb Code   150  main.o(i.TMR0_IRQHandler)
    TMR1_IRQHandler                          0x00007e25   Thumb Code    22  interrupthandler.o(i.TMR1_IRQHandler)
    UART0_IRQHandler                         0x00007e45   Thumb Code   100  main.o(i.UART0_IRQHandler)
    UART_ClearIntFlag                        0x00007eb1   Thumb Code    50  uart.o(i.UART_ClearIntFlag)
    UART_Init                                0x00007ee9   Thumb Code   108  main.o(i.UART_Init)
    UART_Open                                0x00007f61   Thumb Code    84  uart.o(i.UART_Open)
    UserEvent_ProcessCallback                0x00007fbd   Thumb Code     4  appcallback.o(i.UserEvent_ProcessCallback)
    VROneCmdApp_GetCMDID                     0x00007fc1   Thumb Code    42  vronecmdapp.o(i.VROneCmdApp_GetCMDID)
    VROneCmdApp_Initiate                     0x00007feb   Thumb Code    78  vronecmdapp.o(i.VROneCmdApp_Initiate)
    VROneCmdApp_UnpackBin                    0x00008039   Thumb Code    62  vronecmdapp.o(i.VROneCmdApp_UnpackBin)
    VolumeCtrl_Reset                         0x00008077   Thumb Code    22  volumectrl.o(i.VolumeCtrl_Reset)
    VolumeCtrl_VolumeFade                    0x0000808d   Thumb Code    32  volumectrl.o(i.VolumeCtrl_VolumeFade)
    WDT_IRQHandler                           0x000080b1   Thumb Code     2  interrupthandler.o(i.WDT_IRQHandler)
    __ARM_common_switch8                     0x000080b3   Thumb Code    26  appfunctions.o(i.__ARM_common_switch8)
    main                                     0x000080cd   Thumb Code    68  main.o(i.main)
    pwm_init                                 0x00008115   Thumb Code   106  main.o(i.pwm_init)
    time_init                                0x00008199   Thumb Code    62  main.o(i.time_init)
    uart_rev_task                            0x000081e5   Thumb Code    24  main.o(i.uart_rev_task)
    uart_send                                0x00008201   Thumb Code    78  main.o(i.uart_send)
    vr_uart_send                             0x0000825d   Thumb Code    20  appfunctions.o(i.vr_uart_send)
    __I$use$fp                               0x00008274   Number         0  usenofp.o(x$fpl$usenofp)
    g_asAppCallBack                          0x00008274   Data          16  appcallback.o(.constdata)
    g_au8TriggerKeyStateIndex                0x00008284   Data           1  configio.o(.constdata)
    g_asTriggerKeyHandler                    0x00008288   Data         228  configio.o(.constdata)
    g_u32BiqCoeff                            0x00008374   Data          60  micspk.o(.constdata)
    g_u16Playback_Volume_DB_Table            0x000083b0   Data          26  volumectrl.o(.constdata)
    au16MD4StepAry                           0x00008488   Data          32  md4decode.o(.constdata)
    ai8MD4CoefTable                          0x000084a8   Data          16  md4decode.o(.constdata)
    Region$$Table$$Base                      0x00009ec4   Number         0  anon$$obj.o(Region$$Table)
    Region$$Table$$Limit                     0x00009ee4   Number         0  anon$$obj.o(Region$$Table)
    spk_sta                                  0x20000400   Data           1  main.o(.data)
    vr_time                                  0x20000404   Data           2  main.o(.data)
    PB_PIN_STA                               0x20000406   Data           2  main.o(.data)
    g_u8AppCtrl                              0x20000410   Data           1  main.o(.data)
    u8TotalAudioNum                          0x20000411   Data           1  appfunctions.o(.data)
    i32ID                                    0x20000412   Data           1  appfunctions.o(.data)
    VR_count                                 0x20000418   Data           4  interrupthandler.o(.data)
    SystemCoreClock                          0x2000041c   Data           4  system_isd9100.o(.data)
    CyclesPerUs                              0x20000420   Data           4  system_isd9100.o(.data)
    gau32HiRCSrcTbl                          0x20000424   Data           8  system_isd9100.o(.data)
    gau32ClkSrcTbl                           0x2000042c   Data          12  system_isd9100.o(.data)
    g_pi16PcmBuf                             0x2000043c   Data           4  playback.o(.data)
    g_psDacBufCtrl                           0x20000440   Data           4  playback.o(.data)
    g_sChannelVolInfo                        0x20000444   Data           8  volumectrl.o(.data)
    g_psAdcBufCtrl                           0x20000450   Data           4  record.o(.data)
    g_u16DebounceCount                       0x2000045a   Data           2  keypad.o(.data)
    g_u16PressingCount                       0x2000045c   Data           2  keypad.o(.data)
    g_sSpiFlash                              0x20000460   Data          12  main.o(.bss)
    ap_uart0                                 0x2000046c   Data         128  main.o(.bss)
    pwm0                                     0x200004ec   Data          12  main.o(.bss)
    g_sApp                                   0x200004f8   Data        9984  main.o(.bss)
    g_ai16DACSamples                         0x20002bf8   Data          16  interrupthandler.o(.bss)
    g_ai16ADCSamples                         0x20002c08   Data          16  interrupthandler.o(.bss)
    __libspace_start                         0x20002c90   Data          96  libspace.o(.bss)
    __temporary_stack_top$libspace           0x20002cf0   Data           0  libspace.o(.bss)



==============================================================================

Memory Map of the image

  Image Entry point : 0x000001a1

  Load Region _ROM (Base: 0x00000000, Size: 0x00009f44, Max: 0x00024400, ABSOLUTE)

    Execution Region _RESET (Base: 0x00000000, Size: 0x000000c0, Max: 0xffffffff, OVERLAY)

    Base Addr    Size         Type   Attr      Idx    E Section Name        Object

    0x00000000   0x000000c0   Data   RO          860    RESET               startup_isd9100.o


    Execution Region _CODE (Base: 0x000000c0, Size: 0x00009e24, Max: 0xffffffff, ABSOLUTE)

    Base Addr    Size         Type   Attr      Idx    E Section Name        Object

    0x000000c0   0x00000008   Code   RO         3912  * !!!main             c_p.l(__main.o)
    0x000000c8   0x0000003c   Code   RO         4092    !!!scatter          c_p.l(__scatter.o)
    0x00000104   0x0000001a   Code   RO         4094    !!handler_copy      c_p.l(__scatter_copy.o)
    0x0000011e   0x00000002   PAD
    0x00000120   0x0000001c   Code   RO         4096    !!handler_zi        c_p.l(__scatter_zi.o)
    0x0000013c   0x00000002   Code   RO         3966    .ARM.Collect$$libinit$$00000000  c_p.l(libinit.o)
    0x0000013e   0x00000004   Code   RO         3979    .ARM.Collect$$libinit$$00000001  c_p.l(libinit2.o)
    0x00000142   0x00000000   Code   RO         3983    .ARM.Collect$$libinit$$00000008  c_p.l(libinit2.o)
    0x00000142   0x00000000   Code   RO         3985    .ARM.Collect$$libinit$$0000000A  c_p.l(libinit2.o)
    0x00000142   0x00000000   Code   RO         3987    .ARM.Collect$$libinit$$0000000C  c_p.l(libinit2.o)
    0x00000142   0x00000000   Code   RO         3990    .ARM.Collect$$libinit$$0000000F  c_p.l(libinit2.o)
    0x00000142   0x00000000   Code   RO         3992    .ARM.Collect$$libinit$$00000011  c_p.l(libinit2.o)
    0x00000142   0x00000000   Code   RO         3994    .ARM.Collect$$libinit$$00000013  c_p.l(libinit2.o)
    0x00000142   0x00000000   Code   RO         3996    .ARM.Collect$$libinit$$00000015  c_p.l(libinit2.o)
    0x00000142   0x00000000   Code   RO         3998    .ARM.Collect$$libinit$$00000017  c_p.l(libinit2.o)
    0x00000142   0x00000000   Code   RO         4000    .ARM.Collect$$libinit$$00000019  c_p.l(libinit2.o)
    0x00000142   0x00000000   Code   RO         4002    .ARM.Collect$$libinit$$0000001B  c_p.l(libinit2.o)
    0x00000142   0x00000000   Code   RO         4004    .ARM.Collect$$libinit$$0000001D  c_p.l(libinit2.o)
    0x00000142   0x00000000   Code   RO         4006    .ARM.Collect$$libinit$$0000001F  c_p.l(libinit2.o)
    0x00000142   0x00000000   Code   RO         4008    .ARM.Collect$$libinit$$00000021  c_p.l(libinit2.o)
    0x00000142   0x00000000   Code   RO         4010    .ARM.Collect$$libinit$$00000023  c_p.l(libinit2.o)
    0x00000142   0x00000000   Code   RO         4014    .ARM.Collect$$libinit$$0000002A  c_p.l(libinit2.o)
    0x00000142   0x00000000   Code   RO         4016    .ARM.Collect$$libinit$$0000002C  c_p.l(libinit2.o)
    0x00000142   0x00000000   Code   RO         4018    .ARM.Collect$$libinit$$0000002E  c_p.l(libinit2.o)
    0x00000142   0x00000000   Code   RO         4020    .ARM.Collect$$libinit$$00000030  c_p.l(libinit2.o)
    0x00000142   0x00000002   Code   RO         4021    .ARM.Collect$$libinit$$00000031  c_p.l(libinit2.o)
    0x00000144   0x00000002   Code   RO         4050    .ARM.Collect$$libshutdown$$00000000  c_p.l(libshutdown.o)
    0x00000146   0x00000000   Code   RO         4077    .ARM.Collect$$libshutdown$$00000003  c_p.l(libshutdown2.o)
    0x00000146   0x00000000   Code   RO         4080    .ARM.Collect$$libshutdown$$00000006  c_p.l(libshutdown2.o)
    0x00000146   0x00000000   Code   RO         4083    .ARM.Collect$$libshutdown$$00000009  c_p.l(libshutdown2.o)
    0x00000146   0x00000000   Code   RO         4085    .ARM.Collect$$libshutdown$$0000000B  c_p.l(libshutdown2.o)
    0x00000146   0x00000000   Code   RO         4088    .ARM.Collect$$libshutdown$$0000000E  c_p.l(libshutdown2.o)
    0x00000146   0x00000002   Code   RO         4089    .ARM.Collect$$libshutdown$$0000000F  c_p.l(libshutdown2.o)
    0x00000148   0x00000000   Code   RO         3920    .ARM.Collect$$rtentry$$00000000  c_p.l(rtentry.o)
    0x00000148   0x00000000   Code   RO         3932    .ARM.Collect$$rtentry$$00000002  c_p.l(rtentry2.o)
    0x00000148   0x00000006   Code   RO         3944    .ARM.Collect$$rtentry$$00000004  c_p.l(rtentry4.o)
    0x0000014e   0x00000000   Code   RO         3934    .ARM.Collect$$rtentry$$00000009  c_p.l(rtentry2.o)
    0x0000014e   0x00000004   Code   RO         3935    .ARM.Collect$$rtentry$$0000000A  c_p.l(rtentry2.o)
    0x00000152   0x00000000   Code   RO         3937    .ARM.Collect$$rtentry$$0000000C  c_p.l(rtentry2.o)
    0x00000152   0x00000008   Code   RO         3938    .ARM.Collect$$rtentry$$0000000D  c_p.l(rtentry2.o)
    0x0000015a   0x00000002   Code   RO         3971    .ARM.Collect$$rtexit$$00000000  c_p.l(rtexit.o)
    0x0000015c   0x00000000   Code   RO         4025    .ARM.Collect$$rtexit$$00000002  c_p.l(rtexit2.o)
    0x0000015c   0x00000004   Code   RO         4026    .ARM.Collect$$rtexit$$00000003  c_p.l(rtexit2.o)
    0x00000160   0x00000006   Code   RO         4027    .ARM.Collect$$rtexit$$00000004  c_p.l(rtexit2.o)
    0x00000166   0x00000002   PAD
    0x00000168   0x00000038   Code   RO         3900    .emb_text           c_p.l(rt_memcpy.o)
    0x000001a0   0x00000060   Code   RO          861  * .text               startup_isd9100.o
    0x00000200   0x00000040   Code   RO         3904    .text               c_p.l(rt_memclr.o)
    0x00000240   0x000001e8   Code   RO         3906    .text               c_p.l(aeabi_sdivfast.o)
    0x00000428   0x00000006   Code   RO         3910    .text               c_p.l(heapauxi.o)
    0x0000042e   0x00000002   PAD
    0x00000430   0x00000048   Code   RO         3914    .text               fz_ps.l(dfixui.o)
    0x00000478   0x00000058   Code   RO         3916    .text               fz_ps.l(dflti.o)
    0x000004d0   0x00000258   Code   RO         3918    .text               fz_ps.l(dmul.o)
    0x00000728   0x0000003e   Code   RO         3950    .text               c_p.l(sys_stackheap_outer.o)
    0x00000766   0x0000000c   Code   RO         3955    .text               c_p.l(exit.o)
    0x00000772   0x00000002   PAD
    0x00000774   0x00000008   Code   RO         3967    .text               c_p.l(libspace.o)
    0x0000077c   0x0000000c   Code   RO         4022    .text               c_p.l(sys_exit.o)
    0x00000788   0x00000002   Code   RO         4039    .text               c_p.l(use_no_semi.o)
    0x0000078a   0x00000000   Code   RO         4041    .text               c_p.l(indicate_semi.o)
    0x0000078a   0x00000002   Code   RO         1881    i.ADC_Close         adc.o
    0x0000078c   0x00000040   Code   RO         1882    i.ADC_DisableInt    adc.o
    0x000007cc   0x00000010   Code   RO         1883    i.ADC_DisableMICBias  adc.o
    0x000007dc   0x00000010   Code   RO         1885    i.ADC_EnableMICBias  adc.o
    0x000007ec   0x00000002   Code   RO         1889    i.ADC_Open          adc.o
    0x000007ee   0x00000002   PAD
    0x000007f0   0x00000044   Code   RO         1892    i.ADC_SetALCTargetLevel  adc.o
    0x00000834   0x0000004c   Code   RO         1893    i.ADC_SetAMUX       adc.o
    0x00000880   0x00000038   Code   RO         1895    i.ADC_SetPGAGaindB  adc.o
    0x000008b8   0x00000050   Code   RO          262    i.App_Initiate      appfunctions.o
    0x00000908   0x0000002c   Code   RO          263    i.App_PowerDown     appfunctions.o
    0x00000934   0x00000154   Code   RO          264    i.App_Process       appfunctions.o
    0x00000a88   0x00000038   Code   RO          265    i.App_StartPlay     appfunctions.o
    0x00000ac0   0x00000024   Code   RO          266    i.App_StartRecognize  appfunctions.o
    0x00000ae4   0x00000014   Code   RO          267    i.App_StopPlay      appfunctions.o
    0x00000af8   0x0000001c   Code   RO          268    i.App_StopRecognize  appfunctions.o
    0x00000b14   0x0000002e   Code   RO          935    i.AudioRom_GetAudioChunkInfo  audiorom.o
    0x00000b42   0x0000000e   Code   RO          936    i.AudioRom_GetAudioNum  audiorom.o
    0x00000b50   0x0000001c   Code   RO          937    i.AudioRom_GetRomHeader  audiorom.o
    0x00000b6c   0x00000030   Code   RO         1075    i.BIQFilter_Setting  micspk.o
    0x00000b9c   0x0000001c   Code   RO         1990    i.BIQ_Reset         biq.o
    0x00000bb8   0x00000044   Code   RO         1991    i.BIQ_SetCoeff      biq.o
    0x00000bfc   0x0000002c   Code   RO         3698    i.BsrAbby           libCSpotterSDK_16k_24d_ISD9xxC_arm-cm0_V6.4.4_b20180328.lib(BsrJoe.o)
    0x00000c28   0x0000007e   Code   RO         3699    i.BsrAbel           libCSpotterSDK_16k_24d_ISD9xxC_arm-cm0_V6.4.4_b20180328.lib(BsrJoe.o)
    0x00000ca6   0x000000c8   Code   RO         3700    i.BsrAdam           libCSpotterSDK_16k_24d_ISD9xxC_arm-cm0_V6.4.4_b20180328.lib(BsrJoe.o)
    0x00000d6e   0x000000d2   Code   RO         3572    i.BsrAlma           libCSpotterSDK_16k_24d_ISD9xxC_arm-cm0_V6.4.4_b20180328.lib(BsrDon.o)
    0x00000e40   0x00000018   Code   RO         3573    i.BsrAmir           libCSpotterSDK_16k_24d_ISD9xxC_arm-cm0_V6.4.4_b20180328.lib(BsrDon.o)
    0x00000e58   0x00000126   Code   RO         3574    i.BsrAmos           libCSpotterSDK_16k_24d_ISD9xxC_arm-cm0_V6.4.4_b20180328.lib(BsrDon.o)
    0x00000f7e   0x0000002a   Code   RO         3608    i.BsrAna            libCSpotterSDK_16k_24d_ISD9xxC_arm-cm0_V6.4.4_b20180328.lib(BsrJim.o)
    0x00000fa8   0x00000026   Code   RO         3576    i.BsrAnna           libCSpotterSDK_16k_24d_ISD9xxC_arm-cm0_V6.4.4_b20180328.lib(BsrDon.o)
    0x00000fce   0x00000018   Code   RO         3577    i.BsrAnne           libCSpotterSDK_16k_24d_ISD9xxC_arm-cm0_V6.4.4_b20180328.lib(BsrDon.o)
    0x00000fe6   0x0000001c   Code   RO         3578    i.BsrAnnie          libCSpotterSDK_16k_24d_ISD9xxC_arm-cm0_V6.4.4_b20180328.lib(BsrDon.o)
    0x00001002   0x00000002   PAD
    0x00001004   0x000000b0   Code   RO         3609    i.BsrAri            libCSpotterSDK_16k_24d_ISD9xxC_arm-cm0_V6.4.4_b20180328.lib(BsrJim.o)
    0x000010b4   0x000000f4   Code   RO         3610    i.BsrAsa            libCSpotterSDK_16k_24d_ISD9xxC_arm-cm0_V6.4.4_b20180328.lib(BsrJim.o)
    0x000011a8   0x000000aa   Code   RO         3612    i.BsrAvea           libCSpotterSDK_16k_24d_ISD9xxC_arm-cm0_V6.4.4_b20180328.lib(BsrJim.o)
    0x00001252   0x0000001a   Code   RO         3584    i.BsrAyla           libCSpotterSDK_16k_24d_ISD9xxC_arm-cm0_V6.4.4_b20180328.lib(BsrDon.o)
    0x0000126c   0x0000000e   Code   RO         3585    i.BsrBaby           libCSpotterSDK_16k_24d_ISD9xxC_arm-cm0_V6.4.4_b20180328.lib(BsrDon.o)
    0x0000127a   0x000000ac   Code   RO         3613    i.BsrBen            libCSpotterSDK_16k_24d_ISD9xxC_arm-cm0_V6.4.4_b20180328.lib(BsrJim.o)
    0x00001326   0x00000002   PAD
    0x00001328   0x0000003c   Code   RO         3569    i.BsrBrad           libCSpotterSDK_16k_24d_ISD9xxC_arm-cm0_V6.4.4_b20180328.lib(BsrBen.o)
    0x00001364   0x00000150   Code   RO         3767    i.BsrBret           libCSpotterSDK_16k_24d_ISD9xxC_arm-cm0_V6.4.4_b20180328.lib(BsrJay.o)
    0x000014b4   0x0000018a   Code   RO         3768    i.BsrCade           libCSpotterSDK_16k_24d_ISD9xxC_arm-cm0_V6.4.4_b20180328.lib(BsrJay.o)
    0x0000163e   0x00000002   PAD
    0x00001640   0x00000104   Code   RO         3769    i.BsrCadea          libCSpotterSDK_16k_24d_ISD9xxC_arm-cm0_V6.4.4_b20180328.lib(BsrJay.o)
    0x00001744   0x00000044   Code   RO         3770    i.BsrCale           libCSpotterSDK_16k_24d_ISD9xxC_arm-cm0_V6.4.4_b20180328.lib(BsrJay.o)
    0x00001788   0x000003e8   Code   RO         3771    i.BsrCara           libCSpotterSDK_16k_24d_ISD9xxC_arm-cm0_V6.4.4_b20180328.lib(BsrJay.o)
    0x00001b70   0x000000cc   Code   RO         3772    i.BsrCarae          libCSpotterSDK_16k_24d_ISD9xxC_arm-cm0_V6.4.4_b20180328.lib(BsrJay.o)
    0x00001c3c   0x000000bc   Code   RO         3773    i.BsrChad           libCSpotterSDK_16k_24d_ISD9xxC_arm-cm0_V6.4.4_b20180328.lib(BsrJay.o)
    0x00001cf8   0x00000048   Code   RO         3774    i.BsrChada          libCSpotterSDK_16k_24d_ISD9xxC_arm-cm0_V6.4.4_b20180328.lib(BsrJay.o)
    0x00001d40   0x000000e0   Code   RO         3775    i.BsrChaz           libCSpotterSDK_16k_24d_ISD9xxC_arm-cm0_V6.4.4_b20180328.lib(BsrJay.o)
    0x00001e20   0x000000bc   Code   RO         3776    i.BsrChaza          libCSpotterSDK_16k_24d_ISD9xxC_arm-cm0_V6.4.4_b20180328.lib(BsrJay.o)
    0x00001edc   0x000000d0   Code   RO         3777    i.BsrChaze          libCSpotterSDK_16k_24d_ISD9xxC_arm-cm0_V6.4.4_b20180328.lib(BsrJay.o)
    0x00001fac   0x000000ce   Code   RO         3778    i.BsrChazi          libCSpotterSDK_16k_24d_ISD9xxC_arm-cm0_V6.4.4_b20180328.lib(BsrJay.o)
    0x0000207a   0x00000002   PAD
    0x0000207c   0x00000568   Code   RO         3779    i.BsrClay           libCSpotterSDK_16k_24d_ISD9xxC_arm-cm0_V6.4.4_b20180328.lib(BsrJay.o)
    0x000025e4   0x000001ec   Code   RO         3795    i.BsrCory           libCSpotterSDK_16k_24d_ISD9xxC_arm-cm0_V6.4.4_b20180328.lib(BsrJoy.o)
    0x000027d0   0x00000022   Code   RO         3796    i.BsrCoty           libCSpotterSDK_16k_24d_ISD9xxC_arm-cm0_V6.4.4_b20180328.lib(BsrJoy.o)
    0x000027f2   0x00000002   PAD
    0x000027f4   0x00000058   Code   RO         3615    i.BsrDan            libCSpotterSDK_16k_24d_ISD9xxC_arm-cm0_V6.4.4_b20180328.lib(BsrJim.o)
    0x0000284c   0x00000008   Code   RO         3800    i.BsrDane           libCSpotterSDK_16k_24d_ISD9xxC_arm-cm0_V6.4.4_b20180328.lib(BsrJoy.o)
    0x00002854   0x00000008   Code   RO         3802    i.BsrDawn           libCSpotterSDK_16k_24d_ISD9xxC_arm-cm0_V6.4.4_b20180328.lib(BsrJoy.o)
    0x0000285c   0x0000006c   Code   RO         3803    i.BsrDeja           libCSpotterSDK_16k_24d_ISD9xxC_arm-cm0_V6.4.4_b20180328.lib(BsrJoy.o)
    0x000028c8   0x00000180   Code   RO         3804    i.BsrDemi           libCSpotterSDK_16k_24d_ISD9xxC_arm-cm0_V6.4.4_b20180328.lib(BsrJoy.o)
    0x00002a48   0x00000176   Code   RO         3805    i.BsrDeon           libCSpotterSDK_16k_24d_ISD9xxC_arm-cm0_V6.4.4_b20180328.lib(BsrJoy.o)
    0x00002bbe   0x0000024a   Code   RO         3806    i.BsrDina           libCSpotterSDK_16k_24d_ISD9xxC_arm-cm0_V6.4.4_b20180328.lib(BsrJoy.o)
    0x00002e08   0x000000dc   Code   RO         3807    i.BsrDion           libCSpotterSDK_16k_24d_ISD9xxC_arm-cm0_V6.4.4_b20180328.lib(BsrJoy.o)
    0x00002ee4   0x00000164   Code   RO         3759    i.BsrEden           libCSpotterSDK_16k_24d_ISD9xxC_arm-cm0_V6.4.4_b20180328.lib(BsrEva.o)
    0x00003048   0x00000058   Code   RO         3618    i.BsrEli            libCSpotterSDK_16k_24d_ISD9xxC_arm-cm0_V6.4.4_b20180328.lib(BsrJim.o)
    0x000030a0   0x000001b0   Code   RO         3760    i.BsrElla           libCSpotterSDK_16k_24d_ISD9xxC_arm-cm0_V6.4.4_b20180328.lib(BsrEva.o)
    0x00003250   0x00000178   Code   RO         3761    i.BsrElsa           libCSpotterSDK_16k_24d_ISD9xxC_arm-cm0_V6.4.4_b20180328.lib(BsrEva.o)
    0x000033c8   0x000000d8   Code   RO         3746    i.BsrEmma           libCSpotterSDK_16k_24d_ISD9xxC_arm-cm0_V6.4.4_b20180328.lib(BsrEli.o)
    0x000034a0   0x00000082   Code   RO         3747    i.BsrEric           libCSpotterSDK_16k_24d_ISD9xxC_arm-cm0_V6.4.4_b20180328.lib(BsrEli.o)
    0x00003522   0x00000002   PAD
    0x00003524   0x0000013c   Code   RO         3748    i.BsrErica          libCSpotterSDK_16k_24d_ISD9xxC_arm-cm0_V6.4.4_b20180328.lib(BsrEli.o)
    0x00003660   0x0000002e   Code   RO         3749    i.BsrErik           libCSpotterSDK_16k_24d_ISD9xxC_arm-cm0_V6.4.4_b20180328.lib(BsrEli.o)
    0x0000368e   0x000000e6   Code   RO         3750    i.BsrErin           libCSpotterSDK_16k_24d_ISD9xxC_arm-cm0_V6.4.4_b20180328.lib(BsrEli.o)
    0x00003774   0x00000022   Code   RO         3619    i.BsrEva            libCSpotterSDK_16k_24d_ISD9xxC_arm-cm0_V6.4.4_b20180328.lib(BsrJim.o)
    0x00003796   0x0000003a   Code   RO         3751    i.BsrEvan           libCSpotterSDK_16k_24d_ISD9xxC_arm-cm0_V6.4.4_b20180328.lib(BsrEli.o)
    0x000037d0   0x000000c0   Code   RO         3826    i.BsrGary           libCSpotterSDK_16k_24d_ISD9xxC_arm-cm0_V6.4.4_b20180328.lib(BsrAna.o)
    0x00003890   0x000001cc   Code   RO         3831    i.BsrGreg           libCSpotterSDK_16k_24d_ISD9xxC_arm-cm0_V6.4.4_b20180328.lib(BsrAnn.o)
    0x00003a5c   0x00000036   Code   RO         3621    i.BsrGuy            libCSpotterSDK_16k_24d_ISD9xxC_arm-cm0_V6.4.4_b20180328.lib(BsrJim.o)
    0x00003a92   0x00000002   PAD
    0x00003a94   0x000000b0   Code   RO         3840    i.BsrHugo           libCSpotterSDK_16k_24d_ISD9xxC_arm-cm0_V6.4.4_b20180328.lib(BsrGuy.o)
    0x00003b44   0x00000036   Code   RO         3841    i.BsrIris           libCSpotterSDK_16k_24d_ISD9xxC_arm-cm0_V6.4.4_b20180328.lib(BsrGuy.o)
    0x00003b7a   0x00000002   PAD
    0x00003b7c   0x00000054   Code   RO         3842    i.BsrIrma           libCSpotterSDK_16k_24d_ISD9xxC_arm-cm0_V6.4.4_b20180328.lib(BsrGuy.o)
    0x00003bd0   0x0000002e   Code   RO         3843    i.BsrIsai           libCSpotterSDK_16k_24d_ISD9xxC_arm-cm0_V6.4.4_b20180328.lib(BsrGuy.o)
    0x00003bfe   0x000000bc   Code   RO         3623    i.BsrIvy            libCSpotterSDK_16k_24d_ISD9xxC_arm-cm0_V6.4.4_b20180328.lib(BsrJim.o)
    0x00003cba   0x000000e2   Code   RO         3809    i.BsrJamii          libCSpotterSDK_16k_24d_ISD9xxC_arm-cm0_V6.4.4_b20180328.lib(BsrJoy.o)
    0x00003d9c   0x00000018   Code   RO         3624    i.BsrJan            libCSpotterSDK_16k_24d_ISD9xxC_arm-cm0_V6.4.4_b20180328.lib(BsrJim.o)
    0x00003db4   0x0000018c   Code   RO         3780    i.BsrJeni           libCSpotterSDK_16k_24d_ISD9xxC_arm-cm0_V6.4.4_b20180328.lib(BsrJay.o)
    0x00003f40   0x0000016e   Code   RO         3714    i.BsrJoan           libCSpotterSDK_16k_24d_ISD9xxC_arm-cm0_V6.4.4_b20180328.lib(BsrKai.o)
    0x000040ae   0x0000002a   Code   RO         3428    i.BsrJohn           libCSpotterSDK_16k_24d_ISD9xxC_arm-cm0_V6.4.4_b20180328.lib(BsrAli.o)
    0x000040d8   0x00000036   Code   RO         3429    i.BsrJose           libCSpotterSDK_16k_24d_ISD9xxC_arm-cm0_V6.4.4_b20180328.lib(BsrAli.o)
    0x0000410e   0x000000a4   Code   RO         3430    i.BsrJosh           libCSpotterSDK_16k_24d_ISD9xxC_arm-cm0_V6.4.4_b20180328.lib(BsrAli.o)
    0x000041b2   0x00000002   PAD
    0x000041b4   0x000000e0   Code   RO         3635    i.BsrJoyci          libCSpotterSDK_16k_24d_ISD9xxC_arm-cm0_V6.4.4_b20180328.lib(BsrJim.o)
    0x00004294   0x00000034   Code   RO         3762    i.BsrJuanitez       libCSpotterSDK_16k_24d_ISD9xxC_arm-cm0_V6.4.4_b20180328.lib(BsrEva.o)
    0x000042c8   0x00000018   Code   RO         3640    i.BsrLei            libCSpotterSDK_16k_24d_ISD9xxC_arm-cm0_V6.4.4_b20180328.lib(BsrJim.o)
    0x000042e0   0x0000007a   Code   RO         3645    i.BsrMaxi           libCSpotterSDK_16k_24d_ISD9xxC_arm-cm0_V6.4.4_b20180328.lib(BsrJim.o)
    0x0000435a   0x00000576   Code   RO         3646    i.BsrMichael        libCSpotterSDK_16k_24d_ISD9xxC_arm-cm0_V6.4.4_b20180328.lib(BsrJim.o)
    0x000048d0   0x00000008   Code   RO         3647    i.BsrMichelle       libCSpotterSDK_16k_24d_ISD9xxC_arm-cm0_V6.4.4_b20180328.lib(BsrJim.o)
    0x000048d8   0x000000ac   Code   RO         3649    i.BsrMike           libCSpotterSDK_16k_24d_ISD9xxC_arm-cm0_V6.4.4_b20180328.lib(BsrJim.o)
    0x00004984   0x00000088   Code   RO         3716    i.BsrMya            libCSpotterSDK_16k_24d_ISD9xxC_arm-cm0_V6.4.4_b20180328.lib(BsrKai.o)
    0x00004a0c   0x00000032   Code   RO         3717    i.BsrNia            libCSpotterSDK_16k_24d_ISD9xxC_arm-cm0_V6.4.4_b20180328.lib(BsrKai.o)
    0x00004a3e   0x00000136   Code   RO         3720    i.BsrRay            libCSpotterSDK_16k_24d_ISD9xxC_arm-cm0_V6.4.4_b20180328.lib(BsrKai.o)
    0x00004b74   0x00000012   Code   RO         3721    i.BsrRex            libCSpotterSDK_16k_24d_ISD9xxC_arm-cm0_V6.4.4_b20180328.lib(BsrKai.o)
    0x00004b86   0x00000010   Code   RO         3722    i.BsrRey            libCSpotterSDK_16k_24d_ISD9xxC_arm-cm0_V6.4.4_b20180328.lib(BsrKai.o)
    0x00004b96   0x000004a2   Code   RO         3723    i.BsrRon            libCSpotterSDK_16k_24d_ISD9xxC_arm-cm0_V6.4.4_b20180328.lib(BsrKai.o)
    0x00005038   0x0000002c   Code   RO         3724    i.BsrRoy            libCSpotterSDK_16k_24d_ISD9xxC_arm-cm0_V6.4.4_b20180328.lib(BsrKai.o)
    0x00005064   0x00000010   Code   RO         3725    i.BsrTed            libCSpotterSDK_16k_24d_ISD9xxC_arm-cm0_V6.4.4_b20180328.lib(BsrKai.o)
    0x00005074   0x00000068   Code   RO         3726    i.BsrTia            libCSpotterSDK_16k_24d_ISD9xxC_arm-cm0_V6.4.4_b20180328.lib(BsrKai.o)
    0x000050dc   0x00000092   Code   RO         3727    i.BsrTom            libCSpotterSDK_16k_24d_ISD9xxC_arm-cm0_V6.4.4_b20180328.lib(BsrKai.o)
    0x0000516e   0x0000005e   Code   RO         3728    i.BsrTop            libCSpotterSDK_16k_24d_ISD9xxC_arm-cm0_V6.4.4_b20180328.lib(BsrKai.o)
    0x000051cc   0x00000012   Code   RO         3729    i.BsrTre            libCSpotterSDK_16k_24d_ISD9xxC_arm-cm0_V6.4.4_b20180328.lib(BsrKai.o)
    0x000051de   0x00000004   Code   RO         3705    i.BsrZoe            libCSpotterSDK_16k_24d_ISD9xxC_arm-cm0_V6.4.4_b20180328.lib(BsrJoe.o)
    0x000051e2   0x0000001e   Code   RO         1022    i.BufCtrl_UpdateReadWithCount  bufctrl.o
    0x00005200   0x0000001e   Code   RO         1023    i.BufCtrl_UpdateWriteWithCount  bufctrl.o
    0x0000521e   0x00000002   PAD
    0x00005220   0x00000010   Code   RO          451    i.CAPS_IRQHandler   interrupthandler.o
    0x00005230   0x00000038   Code   RO         2087    i.CLK_DeepSleep     clk.o
    0x00005268   0x0000001c   Code   RO         2088    i.CLK_DisableLDO    clk.o
    0x00005284   0x0000001c   Code   RO         2089    i.CLK_DisableModuleClock  clk.o
    0x000052a0   0x00000034   Code   RO         2091    i.CLK_EnableLDO     clk.o
    0x000052d4   0x0000001c   Code   RO         2092    i.CLK_EnableModuleClock  clk.o
    0x000052f0   0x0000001c   Code   RO         2093    i.CLK_EnableXtalRC  clk.o
    0x0000530c   0x00000010   Code   RO         2094    i.CLK_GetHCLKFreq   clk.o
    0x0000531c   0x0000003c   Code   RO         2097    i.CLK_SetHCLK       clk.o
    0x00005358   0x00000050   Code   RO         2098    i.CLK_SetModuleClock  clk.o
    0x000053a8   0x00000020   Code   RO         2099    i.CLK_SetSysTickClockSrc  clk.o
    0x000053c8   0x00000024   Code   RO         2102    i.CLK_SysTickDelay  clk.o
    0x000053ec   0x00000064   Code   RO         3342    i.CSpotter_AddSample  libCSpotterSDK_16k_24d_ISD9xxC_arm-cm0_V6.4.4_b20180328.lib(CSpotterSDKApi.o)
    0x00005450   0x000000bc   Code   RO         3346    i.CSpotter_GetMemoryUsage_MultiWithSpeakerAndExtRejModel  libCSpotterSDK_16k_24d_ISD9xxC_arm-cm0_V6.4.4_b20180328.lib(CSpotterSDKApi.o)
    0x0000550c   0x00000018   Code   RO         3347    i.CSpotter_GetMemoryUsage_Sep  libCSpotterSDK_16k_24d_ISD9xxC_arm-cm0_V6.4.4_b20180328.lib(CSpotterSDKApi.o)
    0x00005524   0x00000024   Code   RO         3353    i.CSpotter_GetResult  libCSpotterSDK_16k_24d_ISD9xxC_arm-cm0_V6.4.4_b20180328.lib(CSpotterSDKApi.o)
    0x00005548   0x00000204   Code   RO         3361    i.CSpotter_Init_MultiWithExtRejModel  libCSpotterSDK_16k_24d_ISD9xxC_arm-cm0_V6.4.4_b20180328.lib(CSpotterSDKApi.o)
    0x0000574c   0x00000024   Code   RO         3362    i.CSpotter_Init_Sep  libCSpotterSDK_16k_24d_ISD9xxC_arm-cm0_V6.4.4_b20180328.lib(CSpotterSDKApi.o)
    0x00005770   0x00000028   Code   RO         3366    i.CSpotter_Release  libCSpotterSDK_16k_24d_ISD9xxC_arm-cm0_V6.4.4_b20180328.lib(CSpotterSDKApi.o)
    0x00005798   0x00000034   Code   RO         3367    i.CSpotter_Reset    libCSpotterSDK_16k_24d_ISD9xxC_arm-cm0_V6.4.4_b20180328.lib(CSpotterSDKApi.o)
    0x000057cc   0x00000002   Code   RO         2242    i.DPWM_Open         dpwm.o
    0x000057ce   0x00000002   PAD
    0x000057d0   0x0000003c   Code   RO         2243    i.DPWM_SetSampleRate  dpwm.o
    0x0000580c   0x000000e4   Code   RO          425    i.Default_KeyHandler  inputkeyactions.o
    0x000058f0   0x00000014   Code   RO         2284    i.FMC_Close         fmc.o
    0x00005904   0x00000048   Code   RO         2289    i.FMC_Erase         fmc.o
    0x0000594c   0x00000014   Code   RO         2291    i.FMC_Open          fmc.o
    0x00005960   0x00000028   Code   RO         2298    i.FMC_Write         fmc.o
    0x00005988   0x0000001c   Code   RO          452    i.GPAB_IRQHandler   interrupthandler.o
    0x000059a4   0x0000001c   Code   RO         2394    i.GPIO_DisableInt   gpio.o
    0x000059c0   0x0000001a   Code   RO         2395    i.GPIO_EnableInt    gpio.o
    0x000059da   0x00000028   Code   RO         2396    i.GPIO_SetMode      gpio.o
    0x00005a02   0x00000002   PAD
    0x00005a04   0x00000020   Code   RO          970    i.InputKey_Change   configio.o
    0x00005a24   0x000000ac   Code   RO          971    i.InputKey_Initiate  configio.o
    0x00005ad0   0x00000018   Code   RO         1701    i.Keypad_InitKeypad  keypad.o
    0x00005ae8   0x00000034   Code   RO         1702    i.Keypad_InitTgr    keypad.o
    0x00005b1c   0x00000018   Code   RO         1708    i.Keypad_ResetTgr   keypad.o
    0x00005b34   0x00000028   Code   RO         1714    i.Keypad_TgrDecDebounceCounter  keypad.o
    0x00005b5c   0x00000022   Code   RO          721    i.MD4App_DecodeInitiate  md4app.o
    0x00005b7e   0x00000002   PAD
    0x00005b80   0x0000008c   Code   RO          722    i.MD4App_DecodeProcess  md4app.o
    0x00005c0c   0x00000070   Code   RO          723    i.MD4App_DecodeStartPlayByAddr  md4app.o
    0x00005c7c   0x00000030   Code   RO          724    i.MD4App_DecodeStartPlayByID  md4app.o
    0x00005cac   0x0000001a   Code   RO          725    i.MD4App_DecodeStopPlay  md4app.o
    0x00005cc6   0x00000020   Code   RO         3325    i.MD4_CheckResLdr   MD4_Keil.lib(md4decode.o)
    0x00005ce6   0x00000002   PAD
    0x00005ce8   0x000000c8   Code   RO         3326    i.MD4_DecodeFrame   MD4_Keil.lib(md4decode.o)
    0x00005db0   0x000000a0   Code   RO         3327    i.MD4_DecodeInitiate  MD4_Keil.lib(md4decode.o)
    0x00005e50   0x00000016   Code   RO         3328    i.MD4_DecodeIsEnd   MD4_Keil.lib(md4decode.o)
    0x00005e66   0x00000100   Code   RO         3329    i.MD4_DecodeProcess  MD4_Keil.lib(md4decode.o)
    0x00005f66   0x00000002   PAD
    0x00005f68   0x00000080   Code   RO         1076    i.MIC_ChangeSR      micspk.o
    0x00005fe8   0x00000048   Code   RO         1077    i.MIC_Close         micspk.o
    0x00006030   0x00000100   Code   RO         1078    i.MIC_Open          micspk.o
    0x00006130   0x0000000c   Code   RO         1079    i.MIC_Start         micspk.o
    0x0000613c   0x00000010   Code   RO         1080    i.MIC_Stop          micspk.o
    0x0000614c   0x00000016   Code   RO          662    i.MicGetApp_Initiate  micgetapp.o
    0x00006162   0x00000028   Code   RO          663    i.MicGetApp_ProcessRec  micgetapp.o
    0x0000618a   0x00000028   Code   RO          664    i.MicGetApp_StartRec  micgetapp.o
    0x000061b2   0x00000010   Code   RO          665    i.MicGetApp_StopRec  micgetapp.o
    0x000061c2   0x00000066   Code   RO         3436    i.NINJA_API_1       libCSpotterSDK_16k_24d_ISD9xxC_arm-cm0_V6.4.4_b20180328.lib(BsrGo.o)
    0x00006228   0x00000280   Code   RO         3438    i.NINJA_API_11      libCSpotterSDK_16k_24d_ISD9xxC_arm-cm0_V6.4.4_b20180328.lib(BsrGo.o)
    0x000064a8   0x00000170   Code   RO         3440    i.NINJA_API_13      libCSpotterSDK_16k_24d_ISD9xxC_arm-cm0_V6.4.4_b20180328.lib(BsrGo.o)
    0x00006618   0x0000001e   Code   RO         3442    i.NINJA_API_15      libCSpotterSDK_16k_24d_ISD9xxC_arm-cm0_V6.4.4_b20180328.lib(BsrGo.o)
    0x00006636   0x0000001e   Code   RO         3446    i.NINJA_API_19      libCSpotterSDK_16k_24d_ISD9xxC_arm-cm0_V6.4.4_b20180328.lib(BsrGo.o)
    0x00006654   0x00000028   Code   RO         3447    i.NINJA_API_2       libCSpotterSDK_16k_24d_ISD9xxC_arm-cm0_V6.4.4_b20180328.lib(BsrGo.o)
    0x0000667c   0x00000026   Code   RO         3450    i.NINJA_API_23      libCSpotterSDK_16k_24d_ISD9xxC_arm-cm0_V6.4.4_b20180328.lib(BsrGo.o)
    0x000066a2   0x00000030   Code   RO         3453    i.NINJA_API_26      libCSpotterSDK_16k_24d_ISD9xxC_arm-cm0_V6.4.4_b20180328.lib(BsrGo.o)
    0x000066d2   0x00000024   Code   RO         3457    i.NINJA_API_3       libCSpotterSDK_16k_24d_ISD9xxC_arm-cm0_V6.4.4_b20180328.lib(BsrGo.o)
    0x000066f6   0x00000070   Code   RO         3474    i.NINJA_API_47      libCSpotterSDK_16k_24d_ISD9xxC_arm-cm0_V6.4.4_b20180328.lib(BsrGo.o)
    0x00006766   0x0000007e   Code   RO         3475    i.NINJA_API_48      libCSpotterSDK_16k_24d_ISD9xxC_arm-cm0_V6.4.4_b20180328.lib(BsrGo.o)
    0x000067e4   0x0000003c   Code   RO         3480    i.NINJA_API_55      libCSpotterSDK_16k_24d_ISD9xxC_arm-cm0_V6.4.4_b20180328.lib(BsrGo.o)
    0x00006820   0x0000002a   Code   RO         3481    i.NINJA_API_56      libCSpotterSDK_16k_24d_ISD9xxC_arm-cm0_V6.4.4_b20180328.lib(BsrGo.o)
    0x0000684a   0x00000002   PAD
    0x0000684c   0x000003e0   Code   RO         3496    i.NINJA_API_73      libCSpotterSDK_16k_24d_ISD9xxC_arm-cm0_V6.4.4_b20180328.lib(BsrGo.o)
    0x00006c2c   0x000000b4   Code   RO         3498    i.NINJA_API_75      libCSpotterSDK_16k_24d_ISD9xxC_arm-cm0_V6.4.4_b20180328.lib(BsrGo.o)
    0x00006ce0   0x00000014   Code   RO          547    i.NVIC_DisableIRQ   powerdown.o
    0x00006cf4   0x00000020   Code   RO          972    i.OutputPin_Initiate  configio.o
    0x00006d14   0x00000010   Code   RO          973    i.OutputPin_Set     configio.o
    0x00006d24   0x00000014   Code   RO         2595    i.PDMA_DisableInt   pdma.o
    0x00006d38   0x00000014   Code   RO         2596    i.PDMA_EnableInt    pdma.o
    0x00006d4c   0x00000038   Code   RO          453    i.PDMA_IRQHandler   interrupthandler.o
    0x00006d84   0x00000010   Code   RO         2597    i.PDMA_Open         pdma.o
    0x00006d94   0x00000020   Code   RO         2598    i.PDMA_SetTransferAddr  pdma.o
    0x00006db4   0x00000038   Code   RO         2599    i.PDMA_SetTransferCnt  pdma.o
    0x00006dec   0x00000018   Code   RO         2600    i.PDMA_SetTransferDirection  pdma.o
    0x00006e04   0x00000098   Code   RO         2601    i.PDMA_SetTransferMode  pdma.o
    0x00006e9c   0x00000018   Code   RO         2602    i.PDMA_Trigger      pdma.o
    0x00006eb4   0x00000020   Code   RO            3    i.PWM0_IRQHandler   main.o
    0x00006ed4   0x00000008   Code   RO         2663    i.PWM_ClearIntFlag  pwm.o
    0x00006edc   0x0000012c   Code   RO         2665    i.PWM_ConfigOutputChannel  pwm.o
    0x00007008   0x00000008   Code   RO         2675    i.PWM_EnableOutput  pwm.o
    0x00007010   0x00000026   Code   RO         2679    i.PWM_Start         pwm.o
    0x00007036   0x00000002   PAD
    0x00007038   0x00000028   Code   RO         1169    i.PdmaCtrl_Close    pdmactrl.o
    0x00007060   0x00000024   Code   RO         1170    i.PdmaCtrl_Init     pdmactrl.o
    0x00007084   0x00000090   Code   RO         1171    i.PdmaCtrl_Open     pdmactrl.o
    0x00007114   0x00000040   Code   RO         1172    i.PdmaCtrl_Start    pdmactrl.o
    0x00007154   0x00000014   Code   RO         1173    i.PdmaCtrl_Stop     pdmactrl.o
    0x00007168   0x00000020   Code   RO         1174    i.PdmaCtrl_UnInit   pdmactrl.o
    0x00007188   0x00000034   Code   RO         1219    i.Playback_Add      playback.o
    0x000071bc   0x0000000a   Code   RO         1221    i.Playback_Initiate  playback.o
    0x000071c6   0x00000002   PAD
    0x000071c8   0x000000cc   Code   RO         1225    i.Playback_Process  playback.o
    0x00007294   0x00000020   Code   RO         1226    i.Playback_Remove   playback.o
    0x000072b4   0x00000014   Code   RO         1227    i.Playback_ResetChannelVolume  playback.o
    0x000072c8   0x00000028   Code   RO         1228    i.Playback_SetOutputBuf  playback.o
    0x000072f0   0x00000058   Code   RO         1231    i.Playback_StartPlay  playback.o
    0x00007348   0x0000004c   Code   RO         1232    i.Playback_StopPlay  playback.o
    0x00007394   0x0000000e   Code   RO          548    i.PowerDown         powerdown.o
    0x000073a2   0x00000002   PAD
    0x000073a4   0x0000007c   Code   RO          549    i.PowerDown_Enter   powerdown.o
    0x00007420   0x00000038   Code   RO          550    i.PowerDown_Exit    powerdown.o
    0x00007458   0x00000038   Code   RO          551    i.PowerDown_GPIOConfigWakePin  powerdown.o
    0x00007490   0x00000020   Code   RO          552    i.PowerDown_GPIOPostProc  powerdown.o
    0x000074b0   0x00000048   Code   RO          553    i.PowerDown_GPIOPreProc  powerdown.o
    0x000074f8   0x00000040   Code   RO          554    i.PowerDown_GPIOStableCount  powerdown.o
    0x00007538   0x000000b0   Code   RO          638    i.PreLoad_VRBin     preload.o
    0x000075e8   0x00000002   Code   RO          454    i.RTC_IRQHandler    interrupthandler.o
    0x000075ea   0x00000002   PAD
    0x000075ec   0x00000018   Code   RO         1467    i.Record_Add        record.o
    0x00007604   0x00000044   Code   RO         1468    i.Record_Process    record.o
    0x00007648   0x00000022   Code   RO         1470    i.Record_SetInBufRecord  record.o
    0x0000766a   0x00000002   PAD
    0x0000766c   0x00000048   Code   RO         1471    i.Record_StartRec   record.o
    0x000076b4   0x0000001c   Code   RO         1472    i.Record_StopRec    record.o
    0x000076d0   0x00000030   Code   RO         1521    i.SPIFlash_3ByteAddr_Cmd  spiflash.o
    0x00007700   0x0000002c   Code   RO         1529    i.SPIFlash_GetChipInfo  spiflash.o
    0x0000772c   0x0000007c   Code   RO            4    i.SPIFlash_Initiate  main.o
    0x000077a8   0x00000070   Code   RO         1532    i.SPIFlash_Open     spiflash.o
    0x00007818   0x00000014   Code   RO         1533    i.SPIFlash_PowerDown  spiflash.o
    0x0000782c   0x0000001e   Code   RO         1534    i.SPIFlash_Read     spiflash.o
    0x0000784a   0x000000d4   Code   RO         1535    i.SPIFlash_ReadData  spiflash.o
    0x0000791e   0x00000002   PAD
    0x00007920   0x00000018   Code   RO          389    i.SPIFlash_ReadDataCallback  appcallback.o
    0x00007938   0x00000018   Code   RO         1537    i.SPIFlash_ReadEnd  spiflash.o
    0x00007950   0x0000004e   Code   RO         1538    i.SPIFlash_ReadStart  spiflash.o
    0x0000799e   0x00000052   Code   RO         1540    i.SPIFlash_SendRecOneData  spiflash.o
    0x000079f0   0x00000020   Code   RO         2909    i.SPI_Close         spi.o
    0x00007a10   0x00000016   Code   RO         2910    i.SPI_GetBusClock   spi.o
    0x00007a26   0x00000024   Code   RO         2912    i.SPI_Open          spi.o
    0x00007a4a   0x00000002   PAD
    0x00007a4c   0x00000050   Code   RO         2913    i.SPI_SetBusClock   spi.o
    0x00007a9c   0x00000040   Code   RO         2914    i.SPI_SetVarClock   spi.o
    0x00007adc   0x00000038   Code   RO         1081    i.SPK_ChangeSR      micspk.o
    0x00007b14   0x00000024   Code   RO         1082    i.SPK_Close         micspk.o
    0x00007b38   0x00000048   Code   RO         1083    i.SPK_Open          micspk.o
    0x00007b80   0x00000020   Code   RO         1086    i.SPK_Start         micspk.o
    0x00007ba0   0x00000010   Code   RO         1087    i.SPK_Stop          micspk.o
    0x00007bb0   0x00000010   Code   RO         2962    i.SYS_Lock          sys.o
    0x00007bc0   0x0000001a   Code   RO         2967    i.SYS_ResetModule   sys.o
    0x00007bda   0x00000002   PAD
    0x00007bdc   0x0000002c   Code   RO         2968    i.SYS_Unlock        sys.o
    0x00007c08   0x00000054   Code   RO          867    i.SysClk_InitiateRC  sysclk.o
    0x00007c5c   0x00000050   Code   RO          828    i.SystemCoreClockUpdate  system_isd9100.o
    0x00007cac   0x00000058   Code   RO         3067    i.TIMER_GetModuleClock  timer.o
    0x00007d04   0x00000018   Code   RO         3068    i.TIMER_GetWorkingFreq  timer.o
    0x00007d1c   0x0000005e   Code   RO         3069    i.TIMER_Open        timer.o
    0x00007d7a   0x00000002   PAD
    0x00007d7c   0x000000a8   Code   RO            5    i.TMR0_IRQHandler   main.o
    0x00007e24   0x00000020   Code   RO          455    i.TMR1_IRQHandler   interrupthandler.o
    0x00007e44   0x0000006c   Code   RO            6    i.UART0_IRQHandler  main.o
    0x00007eb0   0x00000038   Code   RO         3110    i.UART_ClearIntFlag  uart.o
    0x00007ee8   0x00000078   Code   RO            7    i.UART_Init         main.o
    0x00007f60   0x0000005c   Code   RO         3114    i.UART_Open         uart.o
    0x00007fbc   0x00000004   Code   RO          390    i.UserEvent_ProcessCallback  appcallback.o
    0x00007fc0   0x0000002a   Code   RO          793    i.VROneCmdApp_GetCMDID  vronecmdapp.o
    0x00007fea   0x0000004e   Code   RO          794    i.VROneCmdApp_Initiate  vronecmdapp.o
    0x00008038   0x0000003e   Code   RO          795    i.VROneCmdApp_UnpackBin  vronecmdapp.o
    0x00008076   0x00000016   Code   RO         1390    i.VolumeCtrl_Reset  volumectrl.o
    0x0000808c   0x00000024   Code   RO         1392    i.VolumeCtrl_VolumeFade  volumectrl.o
    0x000080b0   0x00000002   Code   RO          456    i.WDT_IRQHandler    interrupthandler.o
    0x000080b2   0x0000001a   Code   RO          320    i.__ARM_common_switch8  appfunctions.o
    0x000080cc   0x00000048   Code   RO            8    i.main              main.o
    0x00008114   0x00000084   Code   RO            9    i.pwm_init          main.o
    0x00008198   0x0000004c   Code   RO           10    i.time_init         main.o
    0x000081e4   0x0000001c   Code   RO           11    i.uart_rev_task     main.o
    0x00008200   0x0000005c   Code   RO           12    i.uart_send         main.o
    0x0000825c   0x00000018   Code   RO          269    i.vr_uart_send      appfunctions.o
    0x00008274   0x00000000   Code   RO         3930    x$fpl$usenofp       fz_ps.l(usenofp.o)
    0x00008274   0x00000010   Data   RO          391    .constdata          appcallback.o
    0x00008284   0x000000e8   Data   RO          976    .constdata          configio.o
    0x0000836c   0x00000044   Data   RO         1088    .constdata          micspk.o
    0x000083b0   0x0000001a   Data   RO         1393    .constdata          volumectrl.o
    0x000083ca   0x00000002   PAD
    0x000083cc   0x000000a8   Data   RO         2681    .constdata          pwm.o
    0x00008474   0x00000014   Data   RO         3070    .constdata          timer.o
    0x00008488   0x00000030   Data   RO         3332    .constdata          MD4_Keil.lib(md4decode.o)
    0x000084b8   0x00000914   Data   RO         3501    .constdata          libCSpotterSDK_16k_24d_ISD9xxC_arm-cm0_V6.4.4_b20180328.lib(BsrGo.o)
    0x00008dcc   0x00000800   Data   RO         3570    .constdata          libCSpotterSDK_16k_24d_ISD9xxC_arm-cm0_V6.4.4_b20180328.lib(BsrBen.o)
    0x000095cc   0x00000064   Data   RO         3752    .constdata          libCSpotterSDK_16k_24d_ISD9xxC_arm-cm0_V6.4.4_b20180328.lib(BsrEli.o)
    0x00009630   0x00000009   Data   RO         3810    .constdata          libCSpotterSDK_16k_24d_ISD9xxC_arm-cm0_V6.4.4_b20180328.lib(BsrJoy.o)
    0x00009639   0x00000001   PAD
    0x0000963a   0x00000284   Data   RO         3828    .constdata          libCSpotterSDK_16k_24d_ISD9xxC_arm-cm0_V6.4.4_b20180328.lib(BsrAna.o)
    0x000098be   0x00000404   Data   RO         3835    .constdata          libCSpotterSDK_16k_24d_ISD9xxC_arm-cm0_V6.4.4_b20180328.lib(BsrAnn.o)
    0x00009cc2   0x00000002   PAD
    0x00009cc4   0x00000200   Data   RO         3844    .constdata          libCSpotterSDK_16k_24d_ISD9xxC_arm-cm0_V6.4.4_b20180328.lib(BsrGuy.o)
    0x00009ec4   0x00000020   Data   RO         4090    Region$$Table       anon$$obj.o


    Execution Region _STACK (Base: 0x20000000, Size: 0x00000400, Max: 0xffffffff, ABSOLUTE, UNINIT)

    Base Addr    Size         Type   Attr      Idx    E Section Name        Object

    0x20000000   0x00000400   Zero   RW          858    STACK               startup_isd9100.o


    Execution Region _SRAM (Base: 0x20000400, Size: 0x00002af0, Max: 0xffffffff, ABSOLUTE)

    Base Addr    Size         Type   Attr      Idx    E Section Name        Object

    0x20000400   0x00000010   Data   RW           15    .data               main.o
    0x20000410   0x00000001   Data   RW           18    .data               main.o
    0x20000411   0x00000006   Data   RW          270    .data               appfunctions.o
    0x20000417   0x00000001   PAD
    0x20000418   0x00000004   Data   RW          458    .data               interrupthandler.o
    0x2000041c   0x0000001c   Data   RW          830    .data               system_isd9100.o
    0x20000438   0x0000000c   Data   RW         1234    .data               playback.o
    0x20000444   0x00000008   Data   RW         1394    .data               volumectrl.o
    0x2000044c   0x00000008   Data   RW         1473    .data               record.o
    0x20000454   0x0000000a   Data   RW         1722    .data               keypad.o
    0x2000045e   0x00000002   PAD
    0x20000460   0x00000098   Zero   RW           13    .bss                main.o
    0x200004f8   0x00002700   Zero   RW           14    .bss                main.o
    0x20002bf8   0x00000020   Zero   RW          457    .bss                interrupthandler.o
    0x20002c18   0x00000078   Zero   RW         1721    .bss                keypad.o
    0x20002c90   0x00000060   Zero   RW         3968    .bss                c_p.l(libspace.o)
    0x20002cf0   0x00000200   Zero   RW          859    HEAP                startup_isd9100.o


==============================================================================

Image component sizes


      Code (inc. data)   RO Data    RW Data    ZI Data      Debug   Object Name

       300         56          0          0          0       3794   adc.o
        28          6         16          0          0       1612   appcallback.o
       654        108          0          6          0     111289   appfunctions.o
        88          0          0          0          0       2176   audiorom.o
        96         12          0          0          0       1323   biq.o
        60          0          0          0          0       3613   bufctrl.o
       444         72          0          0          0       5406   clk.o
       252         34        232          0          0       9795   configio.o
        62         10          0          0          0        981   dpwm.o
       152         22          0          0          0       1867   fmc.o
        94          6          0          0          0       1802   gpio.o
       228         26          0          0          0       1062   inputkeyactions.o
       136         38          0          4         32     107083   interrupthandler.o
       140         40          0         10        120       4033   keypad.o
       952        132          0         17      10136     128648   main.o
       360         16          0          0          0      11717   md4app.o
       118          0          0          0          0       5641   micgetapp.o
       744        140         68          0          0       6094   micspk.o
       344         54          0          0          0       4438   pdma.o
       336         46          0          0          0       3480   pdmactrl.o
       522         54          0         12          0       5650   playback.o
       438         62          0          0          0      12654   powerdown.o
       176          4          0          0          0        836   preload.o
       354         18        168          0          0       2756   pwm.o
       226         38          0          8          0       3301   record.o
       234         18          0          0          0       3073   spi.o
       650          0          0          0          0       5988   spiflash.o
        96         46        192          0       1536        672   startup_isd9100.o
        86         10          0          0          0       1746   sys.o
        84          8          0          0          0        620   sysclk.o
        80         18          0         28          0       1433   system_isd9100.o
       206         18         20          0          0       2187   timer.o
       148         14          0          0          0       1456   uart.o
        58          4         26          8          0       6297   volumectrl.o
       182          0          0          0          0       3114   vronecmdapp.o

    ----------------------------------------------------------------------
      9156       1130        756         96      11824     467637   Object Totals
         0          0         32          0          0          0   (incl. Generated)
        28          0          2          3          0          0   (incl. Padding)

    ----------------------------------------------------------------------

      Code (inc. data)   RO Data    RW Data    ZI Data      Debug   Library Member Name

       670         34         48          0          0        360   md4decode.o
         8          0          0          0          0         68   __main.o
        60          8          0          0          0          0   __scatter.o
        26          0          0          0          0          0   __scatter_copy.o
        28          0          0          0          0          0   __scatter_zi.o
       488          0          0          0          0         92   aeabi_sdivfast.o
        12          0          0          0          0         64   exit.o
         6          0          0          0          0        136   heapauxi.o
         0          0          0          0          0          0   indicate_semi.o
         2          0          0          0          0          0   libinit.o
         6          0          0          0          0          0   libinit2.o
         2          0          0          0          0          0   libshutdown.o
         2          0          0          0          0          0   libshutdown2.o
         8          4          0          0         96         68   libspace.o
        64          0          0          0          0        108   rt_memclr.o
        56          0          0          0          0         68   rt_memcpy.o
         0          0          0          0          0          0   rtentry.o
        12          0          0          0          0          0   rtentry2.o
         6          0          0          0          0          0   rtentry4.o
         2          0          0          0          0          0   rtexit.o
        10          0          0          0          0          0   rtexit2.o
        12          4          0          0          0         60   sys_exit.o
        62          0          0          0          0         80   sys_stackheap_outer.o
         2          0          0          0          0         68   use_no_semi.o
        72         10          0          0          0         68   dfixui.o
        88          0          0          0          0         92   dflti.o
       600         22          0          0          0         84   dmul.o
         0          0          0          0          0          0   usenofp.o
       260          0          0          0          0        272   BsrAli.o
       192          4        644          0          0         80   BsrAna.o
       460         12       1028          0          0         88   BsrAnn.o
        60          6       2048          0          0         60   BsrBen.o
       658          0          0          0          0        588   BsrDon.o
       996         14        100          0          0        472   BsrEli.o
      1216         18          0          0          0        316   BsrEva.o
      2844         36       2324          0          0       1200   BsrGo.o
       360         10        512          0          0        300   BsrGuy.o
      5128         74          0          0          0       1176   BsrJay.o
      3228         22          0          0          0       1256   BsrJim.o
       374          0          0          0          0        296   BsrJoe.o
      2440         20          9          0          0        764   BsrJoy.o
      2504          0          0          0          0       1012   BsrKai.o
       992         78          0          0          0        600   CSpotterSDKApi.o

    ----------------------------------------------------------------------
     24048        376       6716          0         96       9896   Library Totals
        32          0          3          0          0          0   (incl. Padding)

    ----------------------------------------------------------------------

      Code (inc. data)   RO Data    RW Data    ZI Data      Debug   Library Name

       670         34         48          0          0        360   MD4_Keil.lib
       874         16          0          0         96        812   c_p.l
       760         32          0          0          0        244   fz_ps.l
     21712        294       6665          0          0       8480   libCSpotterSDK_16k_24d_ISD9xxC_arm-cm0_V6.4.4_b20180328.lib

    ----------------------------------------------------------------------
     24048        376       6716          0         96       9896   Library Totals

    ----------------------------------------------------------------------

==============================================================================


      Code (inc. data)   RO Data    RW Data    ZI Data      Debug   

     33204       1506       7472         96      11920     465165   Grand Totals
     33204       1506       7472         96      11920     465165   ELF Image Totals
     33204       1506       7472         96          0          0   ROM Totals

==============================================================================

    Total RO  Size (Code + RO Data)                40676 (  39.72kB)
    Total RW  Size (RW Data + ZI Data)             12016 (  11.73kB)
    Total ROM Size (Code + RO Data + RW Data)      40772 (  39.82kB)

==============================================================================

