Component: ARM Compiler 5.06 update 6 (build 750) Tool: armlink [4d35ed]

==============================================================================

Small function inlining results

Inlined function __aeabi_idiv0 from aeabi_idiv0.o at offset 0x1e2 in aeabi_sdivfast.o(.text).
Inlined Instruction: BX       lr
Inlined function __aeabi_idiv0 from aeabi_idiv0.o at offset 0x1e2 in aeabi_sdivfast_div0.o(.text).
Inlined Instruction: BX       lr
Inlined function _platform_pre_stackheap_init from boardinit1.o at offset 0x0 in __rtentry2.o(.ARM.Collect$$rtentry$$00000001).
Inlined Instruction: BX       lr
Inlined function _fp_init from fpinit.o at offset 0x0 in libinit2.o(.ARM.Collect$$libinit$$00000001).
Inlined Instruction: BX       lr
Inlined function _platform_pre_lib_shutdown from boardshut.o at offset 0x0 in rtexit2.o(.ARM.Collect$$rtexit$$00000001).
Inlined Instruction: BX       lr
Inlined function __ARM_get_argv from no_argv.o at offset 0x2 in argv_veneer.o(.text).
Inlined Instruction: BX       lr
Inlined total of 6 calls.

==============================================================================

Section Cross References

    main.o(i.PWM0_IRQHandler) refers to pwm.o(i.PWM_GetIntFlag) for PWM_GetIntFlag
    main.o(i.PWM0_IRQHandler) refers to pwm.o(i.PWM_ClearIntFlag) for PWM_ClearIntFlag
    main.o(i.PWM0_IRQHandler) refers to main.o(.bss) for .bss
    main.o(i.SPIFlash_Initiate) refers to clk.o(i.CLK_EnableModuleClock) for CLK_EnableModuleClock
    main.o(i.SPIFlash_Initiate) refers to sys.o(i.SYS_ResetModule) for SYS_ResetModule
    main.o(i.SPIFlash_Initiate) refers to spiflash.o(i.SPIFlash_Open) for SPIFlash_Open
    main.o(i.SPIFlash_Initiate) refers to spiflash.o(i.SPIFlash_PowerDown) for SPIFlash_PowerDown
    main.o(i.SPIFlash_Initiate) refers to spiflash.o(i.SPIFlash_Read) for SPIFlash_Read
    main.o(i.SPIFlash_Initiate) refers to spiflash.o(i.SPIFlash_GetChipInfo) for SPIFlash_GetChipInfo
    main.o(i.SPIFlash_Initiate) refers to main.o(.bss) for .bss
    main.o(i.TMR0_IRQHandler) refers to main.o(.bss) for .bss
    main.o(i.TMR0_IRQHandler) refers to main.o(.data) for .data
    main.o(i.TMR1_IRQHandler) refers to main.o(.data) for .data
    main.o(i.UART0_IRQHandler) refers to main.o(.bss) for .bss
    main.o(i.UART_Init) refers to clk.o(i.CLK_EnableModuleClock) for CLK_EnableModuleClock
    main.o(i.UART_Init) refers to uart.o(i.UART_Open) for UART_Open
    main.o(i.UART_Init) refers to uart.o(i.UART_ClearIntFlag) for UART_ClearIntFlag
    main.o(i.UART_Init) refers to main.o(i.NVIC_EnableIRQ) for NVIC_EnableIRQ
    main.o(i.main) refers to sysclk.o(i.SysClk_InitiateRC) for SysClk_InitiateRC
    main.o(i.main) refers to clk.o(i.CLK_EnableLDO) for CLK_EnableLDO
    main.o(i.main) refers to configio.o(i.OutputPin_Initiate) for OutputPin_Initiate
    main.o(i.main) refers to pdmactrl.o(i.PdmaCtrl_Init) for PdmaCtrl_Init
    main.o(i.main) refers to micspk.o(i.SPK_Open) for SPK_Open
    main.o(i.main) refers to micspk.o(i.MIC_Open) for MIC_Open
    main.o(i.main) refers to main.o(i.UART_Init) for UART_Init
    main.o(i.main) refers to main.o(i.time_init) for time_init
    main.o(i.main) refers to main.o(i.pwm_init) for pwm_init
    main.o(i.main) refers to appfunctions.o(i.App_Initiate) for App_Initiate
    main.o(i.main) refers to gpio.o(i.GPIO_SetMode) for GPIO_SetMode
    main.o(i.main) refers to appfunctions.o(i.App_Process) for App_Process
    main.o(i.main) refers to main.o(i.uart_rev_task) for uart_rev_task
    main.o(i.pwm_init) refers to clk.o(i.CLK_SetModuleClock) for CLK_SetModuleClock
    main.o(i.pwm_init) refers to clk.o(i.CLK_EnableModuleClock) for CLK_EnableModuleClock
    main.o(i.pwm_init) refers to sys.o(i.SYS_ResetModule) for SYS_ResetModule
    main.o(i.pwm_init) refers to pwm.o(i.PWM_ConfigOutputChannel) for PWM_ConfigOutputChannel
    main.o(i.pwm_init) refers to pwm.o(i.PWM_EnableOutput) for PWM_EnableOutput
    main.o(i.pwm_init) refers to main.o(i.NVIC_EnableIRQ) for NVIC_EnableIRQ
    main.o(i.pwm_init) refers to pwm.o(i.PWM_Start) for PWM_Start
    main.o(i.pwm_init) refers to pwm.o(i.PWM_DisableDeadZone) for PWM_DisableDeadZone
    main.o(i.pwm_init) refers to main.o(.bss) for .bss
    main.o(i.time_init) refers to clk.o(i.CLK_EnableModuleClock) for CLK_EnableModuleClock
    main.o(i.time_init) refers to clk.o(i.CLK_SetModuleClock) for CLK_SetModuleClock
    main.o(i.time_init) refers to timer.o(i.TIMER_Open) for TIMER_Open
    main.o(i.time_init) refers to main.o(i.NVIC_EnableIRQ) for NVIC_EnableIRQ
    main.o(i.uart_rev_task) refers to main.o(.bss) for .bss
    main.o(i.uart_send) refers to main.o(.bss) for .bss
    main.o(i.uart_send) refers to main.o(.data) for .data
    appfunctions.o(i.App_Initiate) refers to playback.o(i.Playback_Initiate) for Playback_Initiate
    appfunctions.o(i.App_Initiate) refers to micgetapp.o(i.MicGetApp_Initiate) for MicGetApp_Initiate
[...]
    i.PWM_DisableDeadZone                    0x0000662c   Section        0  pwm.o(i.PWM_DisableDeadZone)
    i.PWM_EnableOutput                       0x0000663a   Section        0  pwm.o(i.PWM_EnableOutput)
    i.PWM_GetIntFlag                         0x00006642   Section        0  pwm.o(i.PWM_GetIntFlag)
    i.PWM_Start                              0x00006650   Section        0  pwm.o(i.PWM_Start)
    i.PdmaCtrl_Init                          0x00006678   Section        0  pdmactrl.o(i.PdmaCtrl_Init)
    i.PdmaCtrl_Open                          0x0000669c   Section        0  pdmactrl.o(i.PdmaCtrl_Open)
    i.PdmaCtrl_Start                         0x00006728   Section        0  pdmactrl.o(i.PdmaCtrl_Start)
    i.PdmaCtrl_Stop                          0x00006768   Section        0  pdmactrl.o(i.PdmaCtrl_Stop)
    i.Playback_Initiate                      0x0000677c   Section        0  playback.o(i.Playback_Initiate)
    i.Playback_Process                       0x00006788   Section        0  playback.o(i.Playback_Process)
    i.Playback_Remove                        0x00006854   Section        0  playback.o(i.Playback_Remove)
    i.Playback_ResetChannelVolume            0x00006874   Section        0  playback.o(i.Playback_ResetChannelVolume)
    i.Playback_StopPlay                      0x00006888   Section        0  playback.o(i.Playback_StopPlay)
    i.RTC_IRQHandler                         0x000068d4   Section        0  interrupthandler.o(i.RTC_IRQHandler)
    i.Record_Add                             0x000068d8   Section        0  record.o(i.Record_Add)
    i.Record_Process                         0x000068f0   Section        0  record.o(i.Record_Process)
    i.Record_SetInBufRecord                  0x00006934   Section        0  record.o(i.Record_SetInBufRecord)
    i.Record_StartRec                        0x00006958   Section        0  record.o(i.Record_StartRec)
    i.SPIFlash_3ByteAddr_Cmd                 0x000069a0   Section        0  spiflash.o(i.SPIFlash_3ByteAddr_Cmd)
    i.SPIFlash_Read                          0x000069d0   Section        0  spiflash.o(i.SPIFlash_Read)
    i.SPIFlash_ReadData                      0x000069ee   Section        0  spiflash.o(i.SPIFlash_ReadData)
    i.SPIFlash_ReadDataCallback              0x00006ac4   Section        0  appcallback.o(i.SPIFlash_ReadDataCallback)
    i.SPIFlash_ReadEnd                       0x00006adc   Section        0  spiflash.o(i.SPIFlash_ReadEnd)
    i.SPIFlash_ReadStart                     0x00006af4   Section        0  spiflash.o(i.SPIFlash_ReadStart)
    i.SPK_Open                               0x00006b44   Section        0  micspk.o(i.SPK_Open)
    i.SPK_Stop                               0x00006b8c   Section        0  micspk.o(i.SPK_Stop)
    i.SYS_Lock                               0x00006b9c   Section        0  sys.o(i.SYS_Lock)
    i.SYS_ResetModule                        0x00006bac   Section        0  sys.o(i.SYS_ResetModule)
    i.SYS_Unlock                             0x00006bc8   Section        0  sys.o(i.SYS_Unlock)
    i.SendCMD                                0x00006bf4   Section        0  appfunctions.o(i.SendCMD)
    i.SendCMD1time                           0x00006c1c   Section        0  appfunctions.o(i.SendCMD1time)
    i.SendCMDByteTimer                       0x00006c40   Section        0  appfunctions.o(i.SendCMDByteTimer)
    i.SendCMDNULL                            0x00006cb8   Section        0  appfunctions.o(i.SendCMDNULL)
    i.SysClk_InitiateRC                      0x00006d24   Section        0  sysclk.o(i.SysClk_InitiateRC)
    i.SystemCoreClockUpdate                  0x00006d78   Section        0  system_isd9100.o(i.SystemCoreClockUpdate)
    i.TIMER_GetModuleClock                   0x00006dc8   Section        0  timer.o(i.TIMER_GetModuleClock)
    i.TIMER_Open                             0x00006e20   Section        0  timer.o(i.TIMER_Open)
    i.TMR0_IRQHandler                        0x00006e80   Section        0  main.o(i.TMR0_IRQHandler)
    i.TMR1_IRQHandler                        0x00006f18   Section        0  main.o(i.TMR1_IRQHandler)
    i.UART0_IRQHandler                       0x00006f7c   Section        0  main.o(i.UART0_IRQHandler)
    i.UART_ClearIntFlag                      0x00006fe4   Section        0  uart.o(i.UART_ClearIntFlag)
    i.UART_Init                              0x0000701c   Section        0  main.o(i.UART_Init)
    i.UART_Open                              0x00007090   Section        0  uart.o(i.UART_Open)
    i.UserEvent_ProcessCallback              0x000070ec   Section        0  appcallback.o(i.UserEvent_ProcessCallback)
    i.VROneCmdApp_GetCMDID                   0x000070f0   Section        0  vronecmdapp.o(i.VROneCmdApp_GetCMDID)
    i.VROneCmdApp_Initiate                   0x0000711a   Section        0  vronecmdapp.o(i.VROneCmdApp_Initiate)
    i.VROneCmdApp_UnpackBin                  0x00007162   Section        0  vronecmdapp.o(i.VROneCmdApp_UnpackBin)
    i.VolumeCtrl_Reset                       0x0000719a   Section        0  volumectrl.o(i.VolumeCtrl_Reset)
    i.VolumeCtrl_VolumeFade                  0x000071b0   Section        0  volumectrl.o(i.VolumeCtrl_VolumeFade)
    i.WDT_IRQHandler                         0x000071d4   Section        0  interrupthandler.o(i.WDT_IRQHandler)
    i.__ARM_common_switch8                   0x000071d6   Section        0  appfunctions.o(i.__ARM_common_switch8)
    i.delayms                                0x000071f0   Section        0  appfunctions.o(i.delayms)
    i.main                                   0x00007214   Section        0  main.o(i.main)
    i.pwm_init                               0x00007260   Section        0  main.o(i.pwm_init)
    i.time_init                              0x00007328   Section        0  main.o(i.time_init)
    i.uart_rev_task                          0x000073ac   Section        0  main.o(i.uart_rev_task)
    .constdata                               0x000073c8   Section       16  appcallback.o(.constdata)
    .constdata                               0x000073d8   Section       68  micspk.o(.constdata)
    .constdata                               0x0000741c   Section       26  volumectrl.o(.constdata)
    .constdata                               0x00007438   Section      168  pwm.o(.constdata)
    .constdata                               0x000074e0   Section       20  timer.o(.constdata)
    .constdata                               0x000074f4   Section       48  md4decode.o(.constdata)
    .constdata                               0x00007524   Section     2324  BsrGo.o(.constdata)
    BSR_1                                    0x00007524   Data          80  BsrGo.o(.constdata)
    BsrLori                                  0x00007574   Data        2180  BsrGo.o(.constdata)
    BsrLori_1                                0x00007df8   Data          64  BsrGo.o(.constdata)
    .constdata                               0x00007e38   Section     2048  BsrBen.o(.constdata)
    BsrKade                                  0x00007e38   Data        2048  BsrBen.o(.constdata)
    .constdata                               0x00008638   Section      100  BsrEli.o(.constdata)
    BsrKory                                  0x00008638   Data         100  BsrEli.o(.constdata)
    .constdata                               0x0000869c   Section        9  BsrJoy.o(.constdata)
    BsrJudy                                  0x0000869c   Data           9  BsrJoy.o(.constdata)
    .constdata                               0x000086a6   Section      644  BsrAna.o(.constdata)
    BsrKala                                  0x000086a6   Data         644  BsrAna.o(.constdata)
    .constdata                               0x0000892a   Section     1028  BsrAnn.o(.constdata)
    BsrKira                                  0x0000892a   Data         258  BsrAnn.o(.constdata)
    BsrKirk                                  0x00008a2c   Data         258  BsrAnn.o(.constdata)
    BsrKobe                                  0x00008b2e   Data         512  BsrAnn.o(.constdata)
    .constdata                               0x00008d30   Section      512  BsrGuy.o(.constdata)
    BsrKyla                                  0x00008d30   Data         512  BsrGuy.o(.constdata)
    .data                                    0x20000000   Section       24  main.o(.data)
    time_10ms                                0x20000005   Data           1  main.o(.data)
    ll                                       0x20000006   Data           1  main.o(.data)
    time_1p25ms                              0x20000007   Data           1  main.o(.data)
    time_0p5ms                               0x20000008   Data           1  main.o(.data)
    time_150ms                               0x20000009   Data           1  main.o(.data)
    tt                                       0x2000000c   Data           2  main.o(.data)
    g_pUART                                  0x20000010   Data           4  main.o(.data)
    fanstatline                              0x20000014   Data           4  main.o(.data)
    .data                                    0x20000018   Section        1  main.o(.data)
    .data                                    0x20000019   Section        1  main.o(.data)
    .data                                    0x2000001a   Section        5  appfunctions.o(.data)
    re_data                                  0x2000001b   Data           4  appfunctions.o(.data)
    .data                                    0x20000020   Section       28  system_isd9100.o(.data)
    .data                                    0x2000003c   Section       12  playback.o(.data)
    s_u8PlayCtrl                             0x2000003c   Data           1  playback.o(.data)
    s_u8FlaushCnt                            0x2000003d   Data           1  playback.o(.data)
    .data                                    0x20000048   Section        8  volumectrl.o(.data)
    .data                                    0x20000050   Section        8  record.o(.data)
    s_pi16AdcBuf                             0x20000050   Data           4  record.o(.data)
    .bss                                     0x20000058   Section      164  main.o(.bss)
    .bss                                     0x200000fc   Section     9984  main.o(.bss)
    .bss                                     0x200027fc   Section       32  interrupthandler.o(.bss)
    .bss                                     0x2000281c   Section       96  libspace.o(.bss)
    HEAP                                     0x20002880   Section      512  startup_isd9100.o(HEAP)
    Heap_Mem                                 0x20002880   Data         512  startup_isd9100.o(HEAP)
    STACK                                    0x20002a80   Section     1024  startup_isd9100.o(STACK)
    Stack_Mem                                0x20002a80   Data        1024  startup_isd9100.o(STACK)
    __initial_sp                             0x20002e80   Data           0  startup_isd9100.o(STACK)

    Global Symbols

    Symbol Name                              Value     Ov Type        Size  Object(Section)

    BuildAttributes$$THM_ISAv3M$S$PE$A:L22$X:L11$S22$IEEE1$IW$USESV6$~STKCKD$USESV7$~SHL$OTIME$ROPI$EBA8$UX$STANDARDLIB$REQ8$PRES8$EABIv2 0x00000000   Number         0  anon$$obj.o ABSOLUTE
    __ARM_use_no_argv                        0x00000000   Number         0  main.o ABSOLUTE
    __Vectors                                0x00000000   Data           4  startup_isd9100.o(RESET)
    _printf_flags                            0x00000000   Number         0  printf_stubs.o ABSOLUTE
    _printf_return_value                     0x00000000   Number         0  printf_stubs.o ABSOLUTE
    _printf_sizespec                         0x00000000   Number         0  printf_stubs.o ABSOLUTE
    _printf_widthprec                        0x00000000   Number         0  printf_stubs.o ABSOLUTE
    __ARM_exceptions_init                     - Undefined Weak Reference
    __alloca_initialize                       - Undefined Weak Reference
    __arm_preinit_                            - Undefined Weak Reference
    __cpp_initialize__aeabi_                  - Undefined Weak Reference
    __cxa_finalize                            - Undefined Weak Reference
    __rt_locale                               - Undefined Weak Reference
    __sigvec_lookup                           - Undefined Weak Reference
    _atexit_init                              - Undefined Weak Reference
    _call_atexit_fns                          - Undefined Weak Reference
    _clock_init                               - Undefined Weak Reference
    _fp_trap_init                             - Undefined Weak Reference
    _fp_trap_shutdown                         - Undefined Weak Reference
    _get_lc_collate                           - Undefined Weak Reference
    _get_lc_ctype                             - Undefined Weak Reference
    _get_lc_monetary                          - Undefined Weak Reference
    _get_lc_numeric                           - Undefined Weak Reference
    _get_lc_time                              - Undefined Weak Reference
    _getenv_init                              - Undefined Weak Reference
    _handle_redirection                       - Undefined Weak Reference
    _init_alloc                               - Undefined Weak Reference
    _init_user_alloc                          - Undefined Weak Reference
    _initio                                   - Undefined Weak Reference
    _printf_post_padding                      - Undefined Weak Reference
    _printf_pre_padding                       - Undefined Weak Reference
    _printf_truncate_unsigned                 - Undefined Weak Reference
    _rand_init                                - Undefined Weak Reference
    _signal_finish                            - Undefined Weak Reference
    _signal_init                              - Undefined Weak Reference
    _terminate_alloc                          - Undefined Weak Reference
    _terminate_user_alloc                     - Undefined Weak Reference
    _terminateio                              - Undefined Weak Reference
    __main                                   0x000000c1   Thumb Code     8  __main.o(!!!main)
    __scatterload                            0x000000c9   Thumb Code     0  __scatter.o(!!!scatter)
    __scatterload_rt2                        0x000000c9   Thumb Code    52  __scatter.o(!!!scatter)
    __scatterload_rt2_thumb_only             0x000000c9   Thumb Code     0  __scatter.o(!!!scatter)
    __scatterload_null                       0x000000d9   Thumb Code     0  __scatter.o(!!!scatter)
    __scatterload_copy                       0x00000105   Thumb Code    26  __scatter_copy.o(!!handler_copy)
    __scatterload_zeroinit                   0x00000121   Thumb Code    28  __scatter_zi.o(!!handler_zi)
    __rt_lib_init                            0x0000013d   Thumb Code     0  libinit.o(.ARM.Collect$$libinit$$00000000)
    __rt_lib_init_alloca_1                   0x0000013f   Thumb Code     0  libinit2.o(.ARM.Collect$$libinit$$0000002E)
    __rt_lib_init_argv_1                     0x0000013f   Thumb Code     0  libinit2.o(.ARM.Collect$$libinit$$0000002C)
    __rt_lib_init_atexit_1                   0x0000013f   Thumb Code     0  libinit2.o(.ARM.Collect$$libinit$$0000001B)
    __rt_lib_init_clock_1                    0x0000013f   Thumb Code     0  libinit2.o(.ARM.Collect$$libinit$$00000021)
    __rt_lib_init_cpp_1                      0x0000013f   Thumb Code     0  libinit2.o(.ARM.Collect$$libinit$$00000032)
    __rt_lib_init_exceptions_1               0x0000013f   Thumb Code     0  libinit2.o(.ARM.Collect$$libinit$$00000030)
    __rt_lib_init_fp_1                       0x0000013f   Thumb Code     0  libinit2.o(.ARM.Collect$$libinit$$00000002)
    __rt_lib_init_fp_trap_1                  0x0000013f   Thumb Code     0  libinit2.o(.ARM.Collect$$libinit$$0000001F)
    __rt_lib_init_getenv_1                   0x0000013f   Thumb Code     0  libinit2.o(.ARM.Collect$$libinit$$00000023)
    __rt_lib_init_heap_1                     0x0000013f   Thumb Code     0  libinit2.o(.ARM.Collect$$libinit$$0000000A)
    __rt_lib_init_lc_collate_1               0x0000013f   Thumb Code     0  libinit2.o(.ARM.Collect$$libinit$$00000011)
    __rt_lib_init_lc_ctype_1                 0x0000013f   Thumb Code     0  libinit2.o(.ARM.Collect$$libinit$$00000013)
    __rt_lib_init_lc_monetary_1              0x0000013f   Thumb Code     0  libinit2.o(.ARM.Collect$$libinit$$00000015)
    __rt_lib_init_lc_numeric_1               0x0000013f   Thumb Code     0  libinit2.o(.ARM.Collect$$libinit$$00000017)
    __rt_lib_init_lc_time_1                  0x0000013f   Thumb Code     0  libinit2.o(.ARM.Collect$$libinit$$00000019)
    __rt_lib_init_preinit_1                  0x0000013f   Thumb Code     0  libinit2.o(.ARM.Collect$$libinit$$00000004)
    __rt_lib_init_rand_1                     0x0000013f   Thumb Code     0  libinit2.o(.ARM.Collect$$libinit$$0000000E)
    __rt_lib_init_return                     0x0000013f   Thumb Code     0  libinit2.o(.ARM.Collect$$libinit$$00000033)
    __rt_lib_init_signal_1                   0x0000013f   Thumb Code     0  libinit2.o(.ARM.Collect$$libinit$$0000001D)
    __rt_lib_init_stdio_1                    0x0000013f   Thumb Code     0  libinit2.o(.ARM.Collect$$libinit$$00000025)
    __rt_lib_init_user_alloc_1               0x0000013f   Thumb Code     0  libinit2.o(.ARM.Collect$$libinit$$0000000C)
    __rt_lib_shutdown                        0x00000141   Thumb Code     0  libshutdown.o(.ARM.Collect$$libshutdown$$00000000)
    __rt_lib_shutdown_cpp_1                  0x00000143   Thumb Code     0  libshutdown2.o(.ARM.Collect$$libshutdown$$00000002)
    __rt_lib_shutdown_fp_trap_1              0x00000143   Thumb Code     0  libshutdown2.o(.ARM.Collect$$libshutdown$$00000007)
    __rt_lib_shutdown_heap_1                 0x00000143   Thumb Code     0  libshutdown2.o(.ARM.Collect$$libshutdown$$0000000F)
    __rt_lib_shutdown_return                 0x00000143   Thumb Code     0  libshutdown2.o(.ARM.Collect$$libshutdown$$00000010)
    __rt_lib_shutdown_signal_1               0x00000143   Thumb Code     0  libshutdown2.o(.ARM.Collect$$libshutdown$$0000000A)
    __rt_lib_shutdown_stdio_1                0x00000143   Thumb Code     0  libshutdown2.o(.ARM.Collect$$libshutdown$$00000004)
    __rt_lib_shutdown_user_alloc_1           0x00000143   Thumb Code     0  libshutdown2.o(.ARM.Collect$$libshutdown$$0000000C)
    __rt_entry                               0x00000145   Thumb Code     0  __rtentry.o(.ARM.Collect$$rtentry$$00000000)
    __rt_entry_presh_1                       0x00000145   Thumb Code     0  __rtentry2.o(.ARM.Collect$$rtentry$$00000002)
    __rt_entry_sh                            0x00000145   Thumb Code     0  __rtentry4.o(.ARM.Collect$$rtentry$$00000004)
    __rt_entry_li                            0x0000014b   Thumb Code     0  __rtentry2.o(.ARM.Collect$$rtentry$$0000000A)
    __rt_entry_postsh_1                      0x0000014b   Thumb Code     0  __rtentry2.o(.ARM.Collect$$rtentry$$00000009)
    __rt_entry_main                          0x0000014f   Thumb Code     0  __rtentry2.o(.ARM.Collect$$rtentry$$0000000D)
    __rt_entry_postli_1                      0x0000014f   Thumb Code     0  __rtentry2.o(.ARM.Collect$$rtentry$$0000000C)
    __rt_exit                                0x00000157   Thumb Code     0  rtexit.o(.ARM.Collect$$rtexit$$00000000)
    __rt_exit_ls                             0x00000159   Thumb Code     0  rtexit2.o(.ARM.Collect$$rtexit$$00000003)
    __rt_exit_prels_1                        0x00000159   Thumb Code     0  rtexit2.o(.ARM.Collect$$rtexit$$00000002)
    __rt_exit_exit                           0x0000015d   Thumb Code     0  rtexit2.o(.ARM.Collect$$rtexit$$00000004)
    __aeabi_memcpy4                          0x00000165   Thumb Code    56  rt_memcpy.o(.emb_text)
    __aeabi_memcpy8                          0x00000165   Thumb Code     0  rt_memcpy.o(.emb_text)
    Reset_Handler                            0x0000019d   Thumb Code    28  startup_isd9100.o(.text)
    NMI_Handler                              0x000001b9   Thumb Code     2  startup_isd9100.o(.text)
    HardFault_Handler                        0x000001bb   Thumb Code     2  startup_isd9100.o(.text)
    SVC_Handler                              0x000001bd   Thumb Code     2  startup_isd9100.o(.text)
    PendSV_Handler                           0x000001bf   Thumb Code     2  startup_isd9100.o(.text)
    SysTick_Handler                          0x000001c1   Thumb Code     2  startup_isd9100.o(.text)
    ACMP_IRQHandler                          0x000001c3   Thumb Code     0  startup_isd9100.o(.text)
    ADC_IRQHandler                           0x000001c3   Thumb Code     0  startup_isd9100.o(.text)
    ALC_IRQHandler                           0x000001c3   Thumb Code     0  startup_isd9100.o(.text)
    BOD_IRQHandler                           0x000001c3   Thumb Code     0  startup_isd9100.o(.text)
    EINT0_IRQHandler                         0x000001c3   Thumb Code     0  startup_isd9100.o(.text)
    EINT1_IRQHandler                         0x000001c3   Thumb Code     0  startup_isd9100.o(.text)
    I2C0_IRQHandler                          0x000001c3   Thumb Code     0  startup_isd9100.o(.text)
    I2S_IRQHandler                           0x000001c3   Thumb Code     0  startup_isd9100.o(.text)
    SPI0_IRQHandler                          0x000001c3   Thumb Code     0  startup_isd9100.o(.text)
    TALARM_IRQHandler                        0x000001c3   Thumb Code     0  startup_isd9100.o(.text)
    __user_initial_stackheap                 0x000001c5   Thumb Code     0  startup_isd9100.o(.text)
    _memset_w                                0x000001fd   Thumb Code    26  rt_memclr.o(.text)
    _memset                                  0x00000217   Thumb Code    30  rt_memclr.o(.text)
    __aeabi_memclr                           0x00000235   Thumb Code     4  rt_memclr.o(.text)
    __rt_memclr                              0x00000235   Thumb Code     0  rt_memclr.o(.text)
    __aeabi_memclr4                          0x00000239   Thumb Code     0  rt_memclr.o(.text)
    __aeabi_memclr8                          0x00000239   Thumb Code     0  rt_memclr.o(.text)
    __rt_memclr_w                            0x00000239   Thumb Code     4  rt_memclr.o(.text)
    __aeabi_uidiv                            0x0000023d   Thumb Code     0  aeabi_sdivfast.o(.text)
    __aeabi_uidivmod                         0x0000023d   Thumb Code    28  aeabi_sdivfast.o(.text)
    __aeabi_idiv                             0x00000259   Thumb Code     0  aeabi_sdivfast.o(.text)
    __aeabi_idivmod                          0x00000259   Thumb Code   460  aeabi_sdivfast.o(.text)
    __use_two_region_memory                  0x00000425   Thumb Code     2  heapauxi.o(.text)
    __rt_heap_escrow$2region                 0x00000427   Thumb Code     2  heapauxi.o(.text)
    __rt_heap_expand$2region                 0x00000429   Thumb Code     2  heapauxi.o(.text)
    __user_setup_stackheap                   0x0000042b   Thumb Code    62  sys_stackheap_outer.o(.text)
    exit                                     0x00000469   Thumb Code    16  exit.o(.text)
    __user_libspace                          0x00000479   Thumb Code     8  libspace.o(.text)
    __user_perproc_libspace                  0x00000479   Thumb Code     0  libspace.o(.text)
    __user_perthread_libspace                0x00000479   Thumb Code     0  libspace.o(.text)
    _sys_exit                                0x00000481   Thumb Code     8  sys_exit.o(.text)
    __I$use$semihosting                      0x0000048d   Thumb Code     0  use_no_semi.o(.text)
    __use_no_semihosting_swi                 0x0000048d   Thumb Code     2  use_no_semi.o(.text)
    __semihosting_library_function           0x0000048f   Thumb Code     0  indicate_semi.o(.text)
    ADC_EnableMICBias                        0x00000491   Thumb Code    12  adc.o(i.ADC_EnableMICBias)
    ADC_Open                                 0x000004a1   Thumb Code     2  adc.o(i.ADC_Open)
    ADC_SetAMUX                              0x000004a5   Thumb Code    66  adc.o(i.ADC_SetAMUX)
    ADC_SetPGAGaindB                         0x000004f1   Thumb Code    42  adc.o(i.ADC_SetPGAGaindB)
    App_Initiate                             0x00000529   Thumb Code    48  appfunctions.o(i.App_Initiate)
    App_Process                              0x0000056d   Thumb Code   508  appfunctions.o(i.App_Process)
    App_StartRecognize                       0x000007a1   Thumb Code    26  appfunctions.o(i.App_StartRecognize)
    BIQ_Reset                                0x000007f5   Thumb Code    22  biq.o(i.BIQ_Reset)
    BIQ_SetCoeff                             0x00000811   Thumb Code    62  biq.o(i.BIQ_SetCoeff)
    BsrAbby                                  0x00000855   Thumb Code    44  BsrJoe.o(i.BsrAbby)
    BsrAbel                                  0x00000881   Thumb Code   126  BsrJoe.o(i.BsrAbel)
    BsrAdam                                  0x000008ff   Thumb Code   200  BsrJoe.o(i.BsrAdam)
    BsrAlma                                  0x000009c7   Thumb Code   210  BsrDon.o(i.BsrAlma)
    BsrAmir                                  0x00000a99   Thumb Code    24  BsrDon.o(i.BsrAmir)
    BsrAmos                                  0x00000ab1   Thumb Code   294  BsrDon.o(i.BsrAmos)
    BsrAna                                   0x00000bd7   Thumb Code    42  BsrJim.o(i.BsrAna)
    BsrAnna                                  0x00000c01   Thumb Code    38  BsrDon.o(i.BsrAnna)
    BsrAnne                                  0x00000c27   Thumb Code    24  BsrDon.o(i.BsrAnne)
    BsrAnnie                                 0x00000c3f   Thumb Code    28  BsrDon.o(i.BsrAnnie)
    BsrAri                                   0x00000c5d   Thumb Code   172  BsrJim.o(i.BsrAri)
    BsrAsa                                   0x00000d0d   Thumb Code   238  BsrJim.o(i.BsrAsa)
    BsrAvea                                  0x00000e01   Thumb Code   170  BsrJim.o(i.BsrAvea)
    BsrAyla                                  0x00000eab   Thumb Code    26  BsrDon.o(i.BsrAyla)
    BsrBaby                                  0x00000ec5   Thumb Code    14  BsrDon.o(i.BsrBaby)
    BsrBrad                                  0x00000f81   Thumb Code    54  BsrBen.o(i.BsrBrad)
    BsrCade                                  0x0000110d   Thumb Code   394  BsrJay.o(i.BsrCade)
    BsrCadea                                 0x00001299   Thumb Code   254  BsrJay.o(i.BsrCadea)
    BsrCale                                  0x0000139d   Thumb Code    68  BsrJay.o(i.BsrCale)
    BsrCara                                  0x000013e1   Thumb Code  1000  BsrJay.o(i.BsrCara)
    BsrCarae                                 0x000017c9   Thumb Code   198  BsrJay.o(i.BsrCarae)
    BsrChad                                  0x00001895   Thumb Code   182  BsrJay.o(i.BsrChad)
    BsrChada                                 0x00001951   Thumb Code    68  BsrJay.o(i.BsrChada)
    BsrChaz                                  0x00001999   Thumb Code   218  BsrJay.o(i.BsrChaz)
    BsrChaza                                 0x00001a79   Thumb Code   182  BsrJay.o(i.BsrChaza)
    BsrChaze                                 0x00001b35   Thumb Code   204  BsrJay.o(i.BsrChaze)
    BsrChazi                                 0x00001c05   Thumb Code   206  BsrJay.o(i.BsrChazi)
    BsrClay                                  0x00001cd5   Thumb Code  1378  BsrJay.o(i.BsrClay)
    BsrCory                                  0x0000223d   Thumb Code   488  BsrJoy.o(i.BsrCory)
    BsrCoty                                  0x00002429   Thumb Code    34  BsrJoy.o(i.BsrCoty)
    BsrDan                                   0x0000244d   Thumb Code    82  BsrJim.o(i.BsrDan)
    BsrDane                                  0x000024a5   Thumb Code     8  BsrJoy.o(i.BsrDane)
    BsrDawn                                  0x000024ad   Thumb Code     8  BsrJoy.o(i.BsrDawn)
    BsrDeja                                  0x000024b5   Thumb Code   108  BsrJoy.o(i.BsrDeja)
    BsrDemi                                  0x00002521   Thumb Code   374  BsrJoy.o(i.BsrDemi)
    BsrDeon                                  0x000026a1   Thumb Code   374  BsrJoy.o(i.BsrDeon)
    BsrDina                                  0x00002817   Thumb Code   586  BsrJoy.o(i.BsrDina)
    BsrDion                                  0x00002a61   Thumb Code   214  BsrJoy.o(i.BsrDion)
    BsrEden                                  0x00002b3d   Thumb Code   350  BsrEva.o(i.BsrEden)
    BsrEli                                   0x00002ca1   Thumb Code    88  BsrJim.o(i.BsrEli)
    BsrElla                                  0x00002cf9   Thumb Code   426  BsrEva.o(i.BsrElla)
    BsrElsa                                  0x00002ea9   Thumb Code   370  BsrEva.o(i.BsrElsa)
    BsrEmma                                  0x00003021   Thumb Code   212  BsrEli.o(i.BsrEmma)
    BsrEric                                  0x000030f9   Thumb Code   130  BsrEli.o(i.BsrEric)
    BsrErica                                 0x0000317d   Thumb Code   306  BsrEli.o(i.BsrErica)
    BsrErik                                  0x000032b9   Thumb Code    46  BsrEli.o(i.BsrErik)
    BsrErin                                  0x000032e7   Thumb Code   230  BsrEli.o(i.BsrErin)
    BsrEva                                   0x000033cd   Thumb Code    34  BsrJim.o(i.BsrEva)
    BsrEvan                                  0x000033ef   Thumb Code    58  BsrEli.o(i.BsrEvan)
    BsrGary                                  0x00003429   Thumb Code   188  BsrAna.o(i.BsrGary)
    BsrGreg                                  0x000034e9   Thumb Code   448  BsrAnn.o(i.BsrGreg)
    BsrGuy                                   0x000036b5   Thumb Code    54  BsrJim.o(i.BsrGuy)
    BsrHugo                                  0x000036ed   Thumb Code   170  BsrGuy.o(i.BsrHugo)
    BsrIris                                  0x0000379d   Thumb Code    54  BsrGuy.o(i.BsrIris)
    BsrIrma                                  0x000037d5   Thumb Code    80  BsrGuy.o(i.BsrIrma)
    BsrIsai                                  0x00003829   Thumb Code    46  BsrGuy.o(i.BsrIsai)
    BsrIvy                                   0x00003857   Thumb Code   188  BsrJim.o(i.BsrIvy)
    BsrJan                                   0x000039f5   Thumb Code    24  BsrJim.o(i.BsrJan)
    BsrJohn                                  0x00003d07   Thumb Code    42  BsrAli.o(i.BsrJohn)
    BsrJose                                  0x00003d31   Thumb Code    54  BsrAli.o(i.BsrJose)
    BsrJosh                                  0x00003d67   Thumb Code   164  BsrAli.o(i.BsrJosh)
    BsrJoyci                                 0x00003e0d   Thumb Code   218  BsrJim.o(i.BsrJoyci)
    BsrLei                                   0x00003f21   Thumb Code    24  BsrJim.o(i.BsrLei)
    BsrMaxi                                  0x00003f39   Thumb Code   122  BsrJim.o(i.BsrMaxi)
    BsrMichael                               0x00003fb3   Thumb Code  1398  BsrJim.o(i.BsrMichael)
    BsrMichelle                              0x00004529   Thumb Code     8  BsrJim.o(i.BsrMichelle)
    BsrMike                                  0x00004531   Thumb Code   172  BsrJim.o(i.BsrMike)
    BsrMya                                   0x000045dd   Thumb Code   136  BsrKai.o(i.BsrMya)
    BsrNia                                   0x00004665   Thumb Code    50  BsrKai.o(i.BsrNia)
    BsrRay                                   0x00004697   Thumb Code   310  BsrKai.o(i.BsrRay)
    BsrRex                                   0x000047cd   Thumb Code    18  BsrKai.o(i.BsrRex)
    BsrRey                                   0x000047df   Thumb Code    16  BsrKai.o(i.BsrRey)
    BsrRon                                   0x000047ef   Thumb Code  1186  BsrKai.o(i.BsrRon)
    BsrRoy                                   0x00004c91   Thumb Code    44  BsrKai.o(i.BsrRoy)
    BsrTed                                   0x00004cbd   Thumb Code    16  BsrKai.o(i.BsrTed)
    BsrTia                                   0x00004ccd   Thumb Code   104  BsrKai.o(i.BsrTia)
    BsrTom                                   0x00004d35   Thumb Code   146  BsrKai.o(i.BsrTom)
    BsrTop                                   0x00004dc7   Thumb Code    94  BsrKai.o(i.BsrTop)
    BsrTre                                   0x00004e25   Thumb Code    18  BsrKai.o(i.BsrTre)
    BsrZoe                                   0x00004e37   Thumb Code     4  BsrJoe.o(i.BsrZoe)
    BufCtrl_UpdateReadWithCount              0x00004e3b   Thumb Code    30  bufctrl.o(i.BufCtrl_UpdateReadWithCount)
    BufCtrl_UpdateWriteWithCount             0x00004e59   Thumb Code    30  bufctrl.o(i.BufCtrl_UpdateWriteWithCount)
    CAPS_IRQHandler                          0x00004e79   Thumb Code    12  interrupthandler.o(i.CAPS_IRQHandler)
    CLK_EnableLDO                            0x00004e89   Thumb Code    44  clk.o(i.CLK_EnableLDO)
    CLK_EnableModuleClock                    0x00004ebd   Thumb Code    24  clk.o(i.CLK_EnableModuleClock)
    CLK_EnableXtalRC                         0x00004ed9   Thumb Code    22  clk.o(i.CLK_EnableXtalRC)
    CLK_GetHCLKFreq                          0x00004ef5   Thumb Code    12  clk.o(i.CLK_GetHCLKFreq)
    CLK_SetHCLK                              0x00004f05   Thumb Code    56  clk.o(i.CLK_SetHCLK)
    CLK_SetModuleClock                       0x00004f41   Thumb Code    74  clk.o(i.CLK_SetModuleClock)
    CSpotter_AddSample                       0x00004f91   Thumb Code    82  CSpotterSDKApi.o(i.CSpotter_AddSample)
    CSpotter_GetMemoryUsage_MultiWithSpeakerAndExtRejModel 0x00004ff5   Thumb Code   178  CSpotterSDKApi.o(i.CSpotter_GetMemoryUsage_MultiWithSpeakerAndExtRejModel)
    CSpotter_GetMemoryUsage_Sep              0x000050b1   Thumb Code    24  CSpotterSDKApi.o(i.CSpotter_GetMemoryUsage_Sep)
    CSpotter_GetResult                       0x000050c9   Thumb Code    30  CSpotterSDKApi.o(i.CSpotter_GetResult)
    CSpotter_Init_MultiWithExtRejModel       0x000050ed   Thumb Code   488  CSpotterSDKApi.o(i.CSpotter_Init_MultiWithExtRejModel)
    CSpotter_Init_Sep                        0x000052f1   Thumb Code    36  CSpotterSDKApi.o(i.CSpotter_Init_Sep)
    CSpotter_Reset                           0x00005315   Thumb Code    40  CSpotterSDKApi.o(i.CSpotter_Reset)
    DPWM_Open                                0x00005349   Thumb Code     2  dpwm.o(i.DPWM_Open)
    GPAB_IRQHandler                          0x0000534d   Thumb Code    18  interrupthandler.o(i.GPAB_IRQHandler)
    GPIO_SetMode                             0x00005369   Thumb Code    40  gpio.o(i.GPIO_SetMode)
    MD4App_DecodeProcess                     0x00005391   Thumb Code   132  md4app.o(i.MD4App_DecodeProcess)
    MD4_DecodeIsEnd                          0x00005501   Thumb Code    22  md4decode.o(i.MD4_DecodeIsEnd)
    MD4_DecodeProcess                        0x00005517   Thumb Code   256  md4decode.o(i.MD4_DecodeProcess)
    MIC_ChangeSR                             0x00005619   Thumb Code   108  micspk.o(i.MIC_ChangeSR)
    MIC_Open                                 0x00005699   Thumb Code   152  micspk.o(i.MIC_Open)
    MIC_Start                                0x0000574d   Thumb Code     8  micspk.o(i.MIC_Start)
    MicGetApp_Initiate                       0x00005759   Thumb Code    22  micgetapp.o(i.MicGetApp_Initiate)
    MicGetApp_ProcessRec                     0x0000576f   Thumb Code    40  micgetapp.o(i.MicGetApp_ProcessRec)
    MicGetApp_StartRec                       0x00005797   Thumb Code    40  micgetapp.o(i.MicGetApp_StartRec)
    NINJA_API_1                              0x000057bf   Thumb Code   102  BsrGo.o(i.NINJA_API_1)
    NINJA_API_11                             0x00005825   Thumb Code   634  BsrGo.o(i.NINJA_API_11)
    NINJA_API_13                             0x00005aa5   Thumb Code   358  BsrGo.o(i.NINJA_API_13)
    NINJA_API_15                             0x00005c15   Thumb Code    30  BsrGo.o(i.NINJA_API_15)
    NINJA_API_19                             0x00005c33   Thumb Code    30  BsrGo.o(i.NINJA_API_19)
    NINJA_API_2                              0x00005c51   Thumb Code    40  BsrGo.o(i.NINJA_API_2)
    NINJA_API_23                             0x00005c79   Thumb Code    38  BsrGo.o(i.NINJA_API_23)
    NINJA_API_26                             0x00005c9f   Thumb Code    48  BsrGo.o(i.NINJA_API_26)
    NINJA_API_3                              0x00005ccf   Thumb Code    36  BsrGo.o(i.NINJA_API_3)
    NINJA_API_47                             0x00005cf3   Thumb Code   112  BsrGo.o(i.NINJA_API_47)
    NINJA_API_48                             0x00005d63   Thumb Code   126  BsrGo.o(i.NINJA_API_48)
    NINJA_API_55                             0x00005de1   Thumb Code    60  BsrGo.o(i.NINJA_API_55)
    NINJA_API_56                             0x00005e1d   Thumb Code    42  BsrGo.o(i.NINJA_API_56)
    NINJA_API_73                             0x00005e49   Thumb Code   978  BsrGo.o(i.NINJA_API_73)
    NINJA_API_75                             0x00006229   Thumb Code   174  BsrGo.o(i.NINJA_API_75)
    OutputPin_Initiate                       0x000062f1   Thumb Code    38  configio.o(i.OutputPin_Initiate)
    PDMA_DisableInt                          0x00006321   Thumb Code    14  pdma.o(i.PDMA_DisableInt)
    PDMA_EnableInt                           0x00006335   Thumb Code    14  pdma.o(i.PDMA_EnableInt)
    PDMA_IRQHandler                          0x00006349   Thumb Code    42  interrupthandler.o(i.PDMA_IRQHandler)
    PDMA_Open                                0x00006381   Thumb Code    12  pdma.o(i.PDMA_Open)
    PDMA_SetTransferAddr                     0x00006391   Thumb Code    28  pdma.o(i.PDMA_SetTransferAddr)
    PDMA_SetTransferCnt                      0x000063b1   Thumb Code    50  pdma.o(i.PDMA_SetTransferCnt)
    PDMA_SetTransferDirection                0x000063e9   Thumb Code    18  pdma.o(i.PDMA_SetTransferDirection)
    PDMA_SetTransferMode                     0x00006401   Thumb Code   148  pdma.o(i.PDMA_SetTransferMode)
    PDMA_Trigger                             0x00006499   Thumb Code    16  pdma.o(i.PDMA_Trigger)
    PWM0_IRQHandler                          0x000064b1   Thumb Code    68  main.o(i.PWM0_IRQHandler)
    PWM_ClearIntFlag                         0x000064fd   Thumb Code     8  pwm.o(i.PWM_ClearIntFlag)
    PWM_ConfigOutputChannel                  0x00006505   Thumb Code   280  pwm.o(i.PWM_ConfigOutputChannel)
    PWM_DisableDeadZone                      0x0000662d   Thumb Code    14  pwm.o(i.PWM_DisableDeadZone)
    PWM_EnableOutput                         0x0000663b   Thumb Code     8  pwm.o(i.PWM_EnableOutput)
    PWM_GetIntFlag                           0x00006643   Thumb Code    14  pwm.o(i.PWM_GetIntFlag)
    PWM_Start                                0x00006651   Thumb Code    38  pwm.o(i.PWM_Start)
    PdmaCtrl_Init                            0x00006679   Thumb Code    28  pdmactrl.o(i.PdmaCtrl_Init)
    PdmaCtrl_Open                            0x0000669d   Thumb Code   132  pdmactrl.o(i.PdmaCtrl_Open)
    PdmaCtrl_Start                           0x00006729   Thumb Code    60  pdmactrl.o(i.PdmaCtrl_Start)
    PdmaCtrl_Stop                            0x00006769   Thumb Code    16  pdmactrl.o(i.PdmaCtrl_Stop)
    Playback_Initiate                        0x0000677d   Thumb Code    10  playback.o(i.Playback_Initiate)
    Playback_Process                         0x00006789   Thumb Code   190  playback.o(i.Playback_Process)
    Playback_Remove                          0x00006855   Thumb Code    26  playback.o(i.Playback_Remove)
    Playback_ResetChannelVolume              0x00006875   Thumb Code    14  playback.o(i.Playback_ResetChannelVolume)
    Playback_StopPlay                        0x00006889   Thumb Code    68  playback.o(i.Playback_StopPlay)
    RTC_IRQHandler                           0x000068d5   Thumb Code     2  interrupthandler.o(i.RTC_IRQHandler)
    Record_Add                               0x000068d9   Thumb Code    18  record.o(i.Record_Add)
    Record_Process                           0x000068f1   Thumb Code    58  record.o(i.Record_Process)
    Record_SetInBufRecord                    0x00006935   Thumb Code    34  record.o(i.Record_SetInBufRecord)
    Record_StartRec                          0x00006959   Thumb Code    54  record.o(i.Record_StartRec)
    SPIFlash_3ByteAddr_Cmd                   0x000069a1   Thumb Code    48  spiflash.o(i.SPIFlash_3ByteAddr_Cmd)
    SPIFlash_Read                            0x000069d1   Thumb Code    30  spiflash.o(i.SPIFlash_Read)
    SPIFlash_ReadData                        0x000069ef   Thumb Code   212  spiflash.o(i.SPIFlash_ReadData)
    SPIFlash_ReadDataCallback                0x00006ac5   Thumb Code    18  appcallback.o(i.SPIFlash_ReadDataCallback)
    SPIFlash_ReadEnd                         0x00006add   Thumb Code    24  spiflash.o(i.SPIFlash_ReadEnd)
    SPIFlash_ReadStart                       0x00006af5   Thumb Code    78  spiflash.o(i.SPIFlash_ReadStart)
    SPK_Open                                 0x00006b45   Thumb Code    56  micspk.o(i.SPK_Open)
    SPK_Stop                                 0x00006b8d   Thumb Code    12  micspk.o(i.SPK_Stop)
    SYS_Lock                                 0x00006b9d   Thumb Code    12  sys.o(i.SYS_Lock)
    SYS_ResetModule                          0x00006bad   Thumb Code    26  sys.o(i.SYS_ResetModule)
    SYS_Unlock                               0x00006bc9   Thumb Code    38  sys.o(i.SYS_Unlock)
    SendCMD                                  0x00006bf5   Thumb Code    40  appfunctions.o(i.SendCMD)
    SendCMD1time                             0x00006c1d   Thumb Code    36  appfunctions.o(i.SendCMD1time)
    SendCMDByteTimer                         0x00006c41   Thumb Code   112  appfunctions.o(i.SendCMDByteTimer)
    SendCMDNULL                              0x00006cb9   Thumb Code    98  appfunctions.o(i.SendCMDNULL)
    SysClk_InitiateRC                        0x00006d25   Thumb Code    76  sysclk.o(i.SysClk_InitiateRC)
    SystemCoreClockUpdate                    0x00006d79   Thumb Code    62  system_isd9100.o(i.SystemCoreClockUpdate)
    TIMER_GetModuleClock                     0x00006dc9   Thumb Code    70  timer.o(i.TIMER_GetModuleClock)
    TIMER_Open                               0x00006e21   Thumb Code    94  timer.o(i.TIMER_Open)
    TMR0_IRQHandler                          0x00006e81   Thumb Code   134  main.o(i.TMR0_IRQHandler)
    TMR1_IRQHandler                          0x00006f19   Thumb Code    86  main.o(i.TMR1_IRQHandler)
    UART0_IRQHandler                         0x00006f7d   Thumb Code    96  main.o(i.UART0_IRQHandler)
    UART_ClearIntFlag                        0x00006fe5   Thumb Code    50  uart.o(i.UART_ClearIntFlag)
    UART_Init                                0x0000701d   Thumb Code   108  main.o(i.UART_Init)
    UART_Open                                0x00007091   Thumb Code    84  uart.o(i.UART_Open)
    UserEvent_ProcessCallback                0x000070ed   Thumb Code     4  appcallback.o(i.UserEvent_ProcessCallback)
    VROneCmdApp_GetCMDID                     0x000070f1   Thumb Code    42  vronecmdapp.o(i.VROneCmdApp_GetCMDID)
    VROneCmdApp_Initiate                     0x0000711b   Thumb Code    72  vronecmdapp.o(i.VROneCmdApp_Initiate)
    VROneCmdApp_UnpackBin                    0x00007163   Thumb Code    56  vronecmdapp.o(i.VROneCmdApp_UnpackBin)
    VolumeCtrl_Reset                         0x0000719b   Thumb Code    22  volumectrl.o(i.VolumeCtrl_Reset)
    VolumeCtrl_VolumeFade                    0x000071b1   Thumb Code    32  volumectrl.o(i.VolumeCtrl_VolumeFade)
    WDT_IRQHandler                           0x000071d5   Thumb Code     2  interrupthandler.o(i.WDT_IRQHandler)
    __ARM_common_switch8                     0x000071d7   Thumb Code    26  appfunctions.o(i.__ARM_common_switch8)
    delayms                                  0x000071f1   Thumb Code    30  appfunctions.o(i.delayms)
    main                                     0x00007215   Thumb Code    66  main.o(i.main)
    pwm_init                                 0x00007261   Thumb Code   180  main.o(i.pwm_init)
    time_init                                0x00007329   Thumb Code   114  main.o(i.time_init)
    uart_rev_task                            0x000073ad   Thumb Code    24  main.o(i.uart_rev_task)
    g_asAppCallBack                          0x000073c8   Data          16  appcallback.o(.constdata)
    g_u32BiqCoeff                            0x000073e0   Data          60  micspk.o(.constdata)
    g_u16Playback_Volume_DB_Table            0x0000741c   Data          26  volumectrl.o(.constdata)
    au16MD4StepAry                           0x000074f4   Data          32  md4decode.o(.constdata)
    ai8MD4CoefTable                          0x00007514   Data          16  md4decode.o(.constdata)
    Region$$Table$$Base                      0x00008f30   Number         0  anon$$obj.o(Region$$Table)
    Region$$Table$$Limit                     0x00008f50   Number         0  anon$$obj.o(Region$$Table)
    flag_1p25ms                              0x20000000   Data           1  main.o(.data)
    sendbline                                0x20000001   Data           1  main.o(.data)
    flag_150ms                               0x20000002   Data           1  main.o(.data)
    flag_0p5ms                               0x20000003   Data           1  main.o(.data)
    Fan_StautsLine                           0x20000004   Data           1  main.o(.data)
    vr_time                                  0x2000000a   Data           2  main.o(.data)
    Fan_Stauts                               0x20000018   Data           1  main.o(.data)
    g_u8AppCtrl                              0x20000019   Data           1  main.o(.data)
    i32ID                                    0x2000001a   Data           1  appfunctions.o(.data)
    SystemCoreClock                          0x20000020   Data           4  system_isd9100.o(.data)
    CyclesPerUs                              0x20000024   Data           4  system_isd9100.o(.data)
    gau32HiRCSrcTbl                          0x20000028   Data           8  system_isd9100.o(.data)
    gau32ClkSrcTbl                           0x20000030   Data          12  system_isd9100.o(.data)
    g_pi16PcmBuf                             0x20000040   Data           4  playback.o(.data)
    g_psDacBufCtrl                           0x20000044   Data           4  playback.o(.data)
    g_sChannelVolInfo                        0x20000048   Data           8  volumectrl.o(.data)
    g_psAdcBufCtrl                           0x20000054   Data           4  record.o(.data)
    g_sSpiFlash                              0x20000058   Data          12  main.o(.bss)
    ap_uart0                                 0x20000064   Data         128  main.o(.bss)
    pwm0                                     0x200000e4   Data          12  main.o(.bss)
    pwm1                                     0x200000f0   Data          12  main.o(.bss)
    g_sApp                                   0x200000fc   Data        9984  main.o(.bss)
    g_ai16DACSamples                         0x200027fc   Data          16  interrupthandler.o(.bss)
    g_ai16ADCSamples                         0x2000280c   Data          16  interrupthandler.o(.bss)
    __libspace_start                         0x2000281c   Data          96  libspace.o(.bss)
    __temporary_stack_top$libspace           0x2000287c   Data           0  libspace.o(.bss)



==============================================================================

Memory Map of the image

  Image Entry point : 0x0000019d

  Load Region LR_IROM1 (Base: 0x00000000, Size: 0x00008fa8, Max: 0x00024400, ABSOLUTE)

    Execution Region ER_IROM1 (Exec base: 0x00000000, Load base: 0x00000000, Size: 0x00008f50, Max: 0x00024400, ABSOLUTE)

    Exec Addr    Load Addr    Size         Type   Attr      Idx    E Section Name        Object

    0x00000000   0x00000000   0x000000c0   Data   RO          910    RESET               startup_isd9100.o
    0x000000c0   0x000000c0   0x00000008   Code   RO         3974  * !!!main             c_p.l(__main.o)
    0x000000c8   0x000000c8   0x0000003c   Code   RO         4157    !!!scatter          c_p.l(__scatter.o)
    0x00000104   0x00000104   0x0000001a   Code   RO         4159    !!handler_copy      c_p.l(__scatter_copy.o)
    0x0000011e   0x0000011e   0x00000002   PAD
    0x00000120   0x00000120   0x0000001c   Code   RO         4161    !!handler_zi        c_p.l(__scatter_zi.o)
    0x0000013c   0x0000013c   0x00000002   Code   RO         4028    .ARM.Collect$$libinit$$00000000  c_p.l(libinit.o)
    0x0000013e   0x0000013e   0x00000000   Code   RO         4042    .ARM.Collect$$libinit$$00000002  c_p.l(libinit2.o)
    0x0000013e   0x0000013e   0x00000000   Code   RO         4044    .ARM.Collect$$libinit$$00000004  c_p.l(libinit2.o)
    0x0000013e   0x0000013e   0x00000000   Code   RO         4047    .ARM.Collect$$libinit$$0000000A  c_p.l(libinit2.o)
    0x0000013e   0x0000013e   0x00000000   Code   RO         4049    .ARM.Collect$$libinit$$0000000C  c_p.l(libinit2.o)
    0x0000013e   0x0000013e   0x00000000   Code   RO         4051    .ARM.Collect$$libinit$$0000000E  c_p.l(libinit2.o)
    0x0000013e   0x0000013e   0x00000000   Code   RO         4054    .ARM.Collect$$libinit$$00000011  c_p.l(libinit2.o)
    0x0000013e   0x0000013e   0x00000000   Code   RO         4056    .ARM.Collect$$libinit$$00000013  c_p.l(libinit2.o)
    0x0000013e   0x0000013e   0x00000000   Code   RO         4058    .ARM.Collect$$libinit$$00000015  c_p.l(libinit2.o)
    0x0000013e   0x0000013e   0x00000000   Code   RO         4060    .ARM.Collect$$libinit$$00000017  c_p.l(libinit2.o)
    0x0000013e   0x0000013e   0x00000000   Code   RO         4062    .ARM.Collect$$libinit$$00000019  c_p.l(libinit2.o)
    0x0000013e   0x0000013e   0x00000000   Code   RO         4064    .ARM.Collect$$libinit$$0000001B  c_p.l(libinit2.o)
    0x0000013e   0x0000013e   0x00000000   Code   RO         4066    .ARM.Collect$$libinit$$0000001D  c_p.l(libinit2.o)
    0x0000013e   0x0000013e   0x00000000   Code   RO         4068    .ARM.Collect$$libinit$$0000001F  c_p.l(libinit2.o)
    0x0000013e   0x0000013e   0x00000000   Code   RO         4070    .ARM.Collect$$libinit$$00000021  c_p.l(libinit2.o)
    0x0000013e   0x0000013e   0x00000000   Code   RO         4072    .ARM.Collect$$libinit$$00000023  c_p.l(libinit2.o)
    0x0000013e   0x0000013e   0x00000000   Code   RO         4074    .ARM.Collect$$libinit$$00000025  c_p.l(libinit2.o)
    0x0000013e   0x0000013e   0x00000000   Code   RO         4078    .ARM.Collect$$libinit$$0000002C  c_p.l(libinit2.o)
    0x0000013e   0x0000013e   0x00000000   Code   RO         4080    .ARM.Collect$$libinit$$0000002E  c_p.l(libinit2.o)
    0x0000013e   0x0000013e   0x00000000   Code   RO         4082    .ARM.Collect$$libinit$$00000030  c_p.l(libinit2.o)
    0x0000013e   0x0000013e   0x00000000   Code   RO         4084    .ARM.Collect$$libinit$$00000032  c_p.l(libinit2.o)
    0x0000013e   0x0000013e   0x00000002   Code   RO         4085    .ARM.Collect$$libinit$$00000033  c_p.l(libinit2.o)
    0x00000140   0x00000140   0x00000002   Code   RO         4114    .ARM.Collect$$libshutdown$$00000000  c_p.l(libshutdown.o)
    0x00000142   0x00000142   0x00000000   Code   RO         4140    .ARM.Collect$$libshutdown$$00000002  c_p.l(libshutdown2.o)
    0x00000142   0x00000142   0x00000000   Code   RO         4142    .ARM.Collect$$libshutdown$$00000004  c_p.l(libshutdown2.o)
    0x00000142   0x00000142   0x00000000   Code   RO         4145    .ARM.Collect$$libshutdown$$00000007  c_p.l(libshutdown2.o)
    0x00000142   0x00000142   0x00000000   Code   RO         4148    .ARM.Collect$$libshutdown$$0000000A  c_p.l(libshutdown2.o)
    0x00000142   0x00000142   0x00000000   Code   RO         4150    .ARM.Collect$$libshutdown$$0000000C  c_p.l(libshutdown2.o)
    0x00000142   0x00000142   0x00000000   Code   RO         4153    .ARM.Collect$$libshutdown$$0000000F  c_p.l(libshutdown2.o)
    0x00000142   0x00000142   0x00000002   Code   RO         4154    .ARM.Collect$$libshutdown$$00000010  c_p.l(libshutdown2.o)
    0x00000144   0x00000144   0x00000000   Code   RO         3982    .ARM.Collect$$rtentry$$00000000  c_p.l(__rtentry.o)
    0x00000144   0x00000144   0x00000000   Code   RO         3994    .ARM.Collect$$rtentry$$00000002  c_p.l(__rtentry2.o)
    0x00000144   0x00000144   0x00000006   Code   RO         4006    .ARM.Collect$$rtentry$$00000004  c_p.l(__rtentry4.o)
    0x0000014a   0x0000014a   0x00000000   Code   RO         3996    .ARM.Collect$$rtentry$$00000009  c_p.l(__rtentry2.o)
    0x0000014a   0x0000014a   0x00000004   Code   RO         3997    .ARM.Collect$$rtentry$$0000000A  c_p.l(__rtentry2.o)
    0x0000014e   0x0000014e   0x00000000   Code   RO         3999    .ARM.Collect$$rtentry$$0000000C  c_p.l(__rtentry2.o)
    0x0000014e   0x0000014e   0x00000008   Code   RO         4000    .ARM.Collect$$rtentry$$0000000D  c_p.l(__rtentry2.o)
    0x00000156   0x00000156   0x00000002   Code   RO         4033    .ARM.Collect$$rtexit$$00000000  c_p.l(rtexit.o)
    0x00000158   0x00000158   0x00000000   Code   RO         4089    .ARM.Collect$$rtexit$$00000002  c_p.l(rtexit2.o)
    0x00000158   0x00000158   0x00000004   Code   RO         4090    .ARM.Collect$$rtexit$$00000003  c_p.l(rtexit2.o)
    0x0000015c   0x0000015c   0x00000006   Code   RO         4091    .ARM.Collect$$rtexit$$00000004  c_p.l(rtexit2.o)
    0x00000162   0x00000162   0x00000002   PAD
    0x00000164   0x00000164   0x00000038   Code   RO         3962    .emb_text           c_p.l(rt_memcpy.o)
    0x0000019c   0x0000019c   0x00000060   Code   RO          911  * .text               startup_isd9100.o
    0x000001fc   0x000001fc   0x00000040   Code   RO         3966    .text               c_p.l(rt_memclr.o)
    0x0000023c   0x0000023c   0x000001e8   Code   RO         3968    .text               c_p.l(aeabi_sdivfast.o)
    0x00000424   0x00000424   0x00000006   Code   RO         3972    .text               c_p.l(heapauxi.o)
    0x0000042a   0x0000042a   0x0000003e   Code   RO         4012    .text               c_p.l(sys_stackheap_outer.o)
    0x00000468   0x00000468   0x00000010   Code   RO         4017    .text               c_p.l(exit.o)
    0x00000478   0x00000478   0x00000008   Code   RO         4029    .text               c_p.l(libspace.o)
    0x00000480   0x00000480   0x0000000c   Code   RO         4086    .text               c_p.l(sys_exit.o)
    0x0000048c   0x0000048c   0x00000002   Code   RO         4103    .text               c_p.l(use_no_semi.o)
    0x0000048e   0x0000048e   0x00000000   Code   RO         4105    .text               c_p.l(indicate_semi.o)
    0x0000048e   0x0000048e   0x00000002   PAD
    0x00000490   0x00000490   0x00000010   Code   RO         1947    i.ADC_EnableMICBias  adc.o
    0x000004a0   0x000004a0   0x00000002   Code   RO         1951    i.ADC_Open          adc.o
    0x000004a2   0x000004a2   0x00000002   PAD
    0x000004a4   0x000004a4   0x0000004c   Code   RO         1955    i.ADC_SetAMUX       adc.o
    0x000004f0   0x000004f0   0x00000038   Code   RO         1957    i.ADC_SetPGAGaindB  adc.o
    0x00000528   0x00000528   0x00000044   Code   RO          280    i.App_Initiate      appfunctions.o
    0x0000056c   0x0000056c   0x00000234   Code   RO          282    i.App_Process       appfunctions.o
    0x000007a0   0x000007a0   0x00000024   Code   RO          284    i.App_StartRecognize  appfunctions.o
    0x000007c4   0x000007c4   0x00000030   Code   RO         1137    i.BIQFilter_Setting  micspk.o
    0x000007f4   0x000007f4   0x0000001c   Code   RO         2052    i.BIQ_Reset         biq.o
    0x00000810   0x00000810   0x00000044   Code   RO         2053    i.BIQ_SetCoeff      biq.o
    0x00000854   0x00000854   0x0000002c   Code   RO         3760    i.BsrAbby           libCSpotterSDK_16k_24d_ISD9xxC_arm-cm0_V6.4.4_b20180328.lib(BsrJoe.o)
    0x00000880   0x00000880   0x0000007e   Code   RO         3761    i.BsrAbel           libCSpotterSDK_16k_24d_ISD9xxC_arm-cm0_V6.4.4_b20180328.lib(BsrJoe.o)
    0x000008fe   0x000008fe   0x000000c8   Code   RO         3762    i.BsrAdam           libCSpotterSDK_16k_24d_ISD9xxC_arm-cm0_V6.4.4_b20180328.lib(BsrJoe.o)
    0x000009c6   0x000009c6   0x000000d2   Code   RO         3634    i.BsrAlma           libCSpotterSDK_16k_24d_ISD9xxC_arm-cm0_V6.4.4_b20180328.lib(BsrDon.o)
    0x00000a98   0x00000a98   0x00000018   Code   RO         3635    i.BsrAmir           libCSpotterSDK_16k_24d_ISD9xxC_arm-cm0_V6.4.4_b20180328.lib(BsrDon.o)
    0x00000ab0   0x00000ab0   0x00000126   Code   RO         3636    i.BsrAmos           libCSpotterSDK_16k_24d_ISD9xxC_arm-cm0_V6.4.4_b20180328.lib(BsrDon.o)
    0x00000bd6   0x00000bd6   0x0000002a   Code   RO         3670    i.BsrAna            libCSpotterSDK_16k_24d_ISD9xxC_arm-cm0_V6.4.4_b20180328.lib(BsrJim.o)
    0x00000c00   0x00000c00   0x00000026   Code   RO         3638    i.BsrAnna           libCSpotterSDK_16k_24d_ISD9xxC_arm-cm0_V6.4.4_b20180328.lib(BsrDon.o)
    0x00000c26   0x00000c26   0x00000018   Code   RO         3639    i.BsrAnne           libCSpotterSDK_16k_24d_ISD9xxC_arm-cm0_V6.4.4_b20180328.lib(BsrDon.o)
    0x00000c3e   0x00000c3e   0x0000001c   Code   RO         3640    i.BsrAnnie          libCSpotterSDK_16k_24d_ISD9xxC_arm-cm0_V6.4.4_b20180328.lib(BsrDon.o)
    0x00000c5a   0x00000c5a   0x00000002   PAD
    0x00000c5c   0x00000c5c   0x000000b0   Code   RO         3671    i.BsrAri            libCSpotterSDK_16k_24d_ISD9xxC_arm-cm0_V6.4.4_b20180328.lib(BsrJim.o)
    0x00000d0c   0x00000d0c   0x000000f4   Code   RO         3672    i.BsrAsa            libCSpotterSDK_16k_24d_ISD9xxC_arm-cm0_V6.4.4_b20180328.lib(BsrJim.o)
    0x00000e00   0x00000e00   0x000000aa   Code   RO         3674    i.BsrAvea           libCSpotterSDK_16k_24d_ISD9xxC_arm-cm0_V6.4.4_b20180328.lib(BsrJim.o)
    0x00000eaa   0x00000eaa   0x0000001a   Code   RO         3646    i.BsrAyla           libCSpotterSDK_16k_24d_ISD9xxC_arm-cm0_V6.4.4_b20180328.lib(BsrDon.o)
    0x00000ec4   0x00000ec4   0x0000000e   Code   RO         3647    i.BsrBaby           libCSpotterSDK_16k_24d_ISD9xxC_arm-cm0_V6.4.4_b20180328.lib(BsrDon.o)
    0x00000ed2   0x00000ed2   0x000000ac   Code   RO         3675    i.BsrBen            libCSpotterSDK_16k_24d_ISD9xxC_arm-cm0_V6.4.4_b20180328.lib(BsrJim.o)
    0x00000f7e   0x00000f7e   0x00000002   PAD
    0x00000f80   0x00000f80   0x0000003c   Code   RO         3631    i.BsrBrad           libCSpotterSDK_16k_24d_ISD9xxC_arm-cm0_V6.4.4_b20180328.lib(BsrBen.o)
    0x00000fbc   0x00000fbc   0x00000150   Code   RO         3829    i.BsrBret           libCSpotterSDK_16k_24d_ISD9xxC_arm-cm0_V6.4.4_b20180328.lib(BsrJay.o)
    0x0000110c   0x0000110c   0x0000018a   Code   RO         3830    i.BsrCade           libCSpotterSDK_16k_24d_ISD9xxC_arm-cm0_V6.4.4_b20180328.lib(BsrJay.o)
    0x00001296   0x00001296   0x00000002   PAD
    0x00001298   0x00001298   0x00000104   Code   RO         3831    i.BsrCadea          libCSpotterSDK_16k_24d_ISD9xxC_arm-cm0_V6.4.4_b20180328.lib(BsrJay.o)
    0x0000139c   0x0000139c   0x00000044   Code   RO         3832    i.BsrCale           libCSpotterSDK_16k_24d_ISD9xxC_arm-cm0_V6.4.4_b20180328.lib(BsrJay.o)
    0x000013e0   0x000013e0   0x000003e8   Code   RO         3833    i.BsrCara           libCSpotterSDK_16k_24d_ISD9xxC_arm-cm0_V6.4.4_b20180328.lib(BsrJay.o)
    0x000017c8   0x000017c8   0x000000cc   Code   RO         3834    i.BsrCarae          libCSpotterSDK_16k_24d_ISD9xxC_arm-cm0_V6.4.4_b20180328.lib(BsrJay.o)
    0x00001894   0x00001894   0x000000bc   Code   RO         3835    i.BsrChad           libCSpotterSDK_16k_24d_ISD9xxC_arm-cm0_V6.4.4_b20180328.lib(BsrJay.o)
    0x00001950   0x00001950   0x00000048   Code   RO         3836    i.BsrChada          libCSpotterSDK_16k_24d_ISD9xxC_arm-cm0_V6.4.4_b20180328.lib(BsrJay.o)
    0x00001998   0x00001998   0x000000e0   Code   RO         3837    i.BsrChaz           libCSpotterSDK_16k_24d_ISD9xxC_arm-cm0_V6.4.4_b20180328.lib(BsrJay.o)
    0x00001a78   0x00001a78   0x000000bc   Code   RO         3838    i.BsrChaza          libCSpotterSDK_16k_24d_ISD9xxC_arm-cm0_V6.4.4_b20180328.lib(BsrJay.o)
    0x00001b34   0x00001b34   0x000000d0   Code   RO         3839    i.BsrChaze          libCSpotterSDK_16k_24d_ISD9xxC_arm-cm0_V6.4.4_b20180328.lib(BsrJay.o)
    0x00001c04   0x00001c04   0x000000ce   Code   RO         3840    i.BsrChazi          libCSpotterSDK_16k_24d_ISD9xxC_arm-cm0_V6.4.4_b20180328.lib(BsrJay.o)
    0x00001cd2   0x00001cd2   0x00000002   PAD
    0x00001cd4   0x00001cd4   0x00000568   Code   RO         3841    i.BsrClay           libCSpotterSDK_16k_24d_ISD9xxC_arm-cm0_V6.4.4_b20180328.lib(BsrJay.o)
    0x0000223c   0x0000223c   0x000001ec   Code   RO         3857    i.BsrCory           libCSpotterSDK_16k_24d_ISD9xxC_arm-cm0_V6.4.4_b20180328.lib(BsrJoy.o)
    0x00002428   0x00002428   0x00000022   Code   RO         3858    i.BsrCoty           libCSpotterSDK_16k_24d_ISD9xxC_arm-cm0_V6.4.4_b20180328.lib(BsrJoy.o)
    0x0000244a   0x0000244a   0x00000002   PAD
    0x0000244c   0x0000244c   0x00000058   Code   RO         3677    i.BsrDan            libCSpotterSDK_16k_24d_ISD9xxC_arm-cm0_V6.4.4_b20180328.lib(BsrJim.o)
    0x000024a4   0x000024a4   0x00000008   Code   RO         3862    i.BsrDane           libCSpotterSDK_16k_24d_ISD9xxC_arm-cm0_V6.4.4_b20180328.lib(BsrJoy.o)
    0x000024ac   0x000024ac   0x00000008   Code   RO         3864    i.BsrDawn           libCSpotterSDK_16k_24d_ISD9xxC_arm-cm0_V6.4.4_b20180328.lib(BsrJoy.o)
    0x000024b4   0x000024b4   0x0000006c   Code   RO         3865    i.BsrDeja           libCSpotterSDK_16k_24d_ISD9xxC_arm-cm0_V6.4.4_b20180328.lib(BsrJoy.o)
    0x00002520   0x00002520   0x00000180   Code   RO         3866    i.BsrDemi           libCSpotterSDK_16k_24d_ISD9xxC_arm-cm0_V6.4.4_b20180328.lib(BsrJoy.o)
    0x000026a0   0x000026a0   0x00000176   Code   RO         3867    i.BsrDeon           libCSpotterSDK_16k_24d_ISD9xxC_arm-cm0_V6.4.4_b20180328.lib(BsrJoy.o)
    0x00002816   0x00002816   0x0000024a   Code   RO         3868    i.BsrDina           libCSpotterSDK_16k_24d_ISD9xxC_arm-cm0_V6.4.4_b20180328.lib(BsrJoy.o)
    0x00002a60   0x00002a60   0x000000dc   Code   RO         3869    i.BsrDion           libCSpotterSDK_16k_24d_ISD9xxC_arm-cm0_V6.4.4_b20180328.lib(BsrJoy.o)
    0x00002b3c   0x00002b3c   0x00000164   Code   RO         3821    i.BsrEden           libCSpotterSDK_16k_24d_ISD9xxC_arm-cm0_V6.4.4_b20180328.lib(BsrEva.o)
    0x00002ca0   0x00002ca0   0x00000058   Code   RO         3680    i.BsrEli            libCSpotterSDK_16k_24d_ISD9xxC_arm-cm0_V6.4.4_b20180328.lib(BsrJim.o)
    0x00002cf8   0x00002cf8   0x000001b0   Code   RO         3822    i.BsrElla           libCSpotterSDK_16k_24d_ISD9xxC_arm-cm0_V6.4.4_b20180328.lib(BsrEva.o)
    0x00002ea8   0x00002ea8   0x00000178   Code   RO         3823    i.BsrElsa           libCSpotterSDK_16k_24d_ISD9xxC_arm-cm0_V6.4.4_b20180328.lib(BsrEva.o)
    0x00003020   0x00003020   0x000000d8   Code   RO         3808    i.BsrEmma           libCSpotterSDK_16k_24d_ISD9xxC_arm-cm0_V6.4.4_b20180328.lib(BsrEli.o)
    0x000030f8   0x000030f8   0x00000082   Code   RO         3809    i.BsrEric           libCSpotterSDK_16k_24d_ISD9xxC_arm-cm0_V6.4.4_b20180328.lib(BsrEli.o)
    0x0000317a   0x0000317a   0x00000002   PAD
    0x0000317c   0x0000317c   0x0000013c   Code   RO         3810    i.BsrErica          libCSpotterSDK_16k_24d_ISD9xxC_arm-cm0_V6.4.4_b20180328.lib(BsrEli.o)
    0x000032b8   0x000032b8   0x0000002e   Code   RO         3811    i.BsrErik           libCSpotterSDK_16k_24d_ISD9xxC_arm-cm0_V6.4.4_b20180328.lib(BsrEli.o)
    0x000032e6   0x000032e6   0x000000e6   Code   RO         3812    i.BsrErin           libCSpotterSDK_16k_24d_ISD9xxC_arm-cm0_V6.4.4_b20180328.lib(BsrEli.o)
    0x000033cc   0x000033cc   0x00000022   Code   RO         3681    i.BsrEva            libCSpotterSDK_16k_24d_ISD9xxC_arm-cm0_V6.4.4_b20180328.lib(BsrJim.o)
    0x000033ee   0x000033ee   0x0000003a   Code   RO         3813    i.BsrEvan           libCSpotterSDK_16k_24d_ISD9xxC_arm-cm0_V6.4.4_b20180328.lib(BsrEli.o)
    0x00003428   0x00003428   0x000000c0   Code   RO         3888    i.BsrGary           libCSpotterSDK_16k_24d_ISD9xxC_arm-cm0_V6.4.4_b20180328.lib(BsrAna.o)
    0x000034e8   0x000034e8   0x000001cc   Code   RO         3893    i.BsrGreg           libCSpotterSDK_16k_24d_ISD9xxC_arm-cm0_V6.4.4_b20180328.lib(BsrAnn.o)
    0x000036b4   0x000036b4   0x00000036   Code   RO         3683    i.BsrGuy            libCSpotterSDK_16k_24d_ISD9xxC_arm-cm0_V6.4.4_b20180328.lib(BsrJim.o)
    0x000036ea   0x000036ea   0x00000002   PAD
    0x000036ec   0x000036ec   0x000000b0   Code   RO         3902    i.BsrHugo           libCSpotterSDK_16k_24d_ISD9xxC_arm-cm0_V6.4.4_b20180328.lib(BsrGuy.o)
    0x0000379c   0x0000379c   0x00000036   Code   RO         3903    i.BsrIris           libCSpotterSDK_16k_24d_ISD9xxC_arm-cm0_V6.4.4_b20180328.lib(BsrGuy.o)
    0x000037d2   0x000037d2   0x00000002   PAD
    0x000037d4   0x000037d4   0x00000054   Code   RO         3904    i.BsrIrma           libCSpotterSDK_16k_24d_ISD9xxC_arm-cm0_V6.4.4_b20180328.lib(BsrGuy.o)
    0x00003828   0x00003828   0x0000002e   Code   RO         3905    i.BsrIsai           libCSpotterSDK_16k_24d_ISD9xxC_arm-cm0_V6.4.4_b20180328.lib(BsrGuy.o)
    0x00003856   0x00003856   0x000000bc   Code   RO         3685    i.BsrIvy            libCSpotterSDK_16k_24d_ISD9xxC_arm-cm0_V6.4.4_b20180328.lib(BsrJim.o)
    0x00003912   0x00003912   0x000000e2   Code   RO         3871    i.BsrJamii          libCSpotterSDK_16k_24d_ISD9xxC_arm-cm0_V6.4.4_b20180328.lib(BsrJoy.o)
    0x000039f4   0x000039f4   0x00000018   Code   RO         3686    i.BsrJan            libCSpotterSDK_16k_24d_ISD9xxC_arm-cm0_V6.4.4_b20180328.lib(BsrJim.o)
    0x00003a0c   0x00003a0c   0x0000018c   Code   RO         3842    i.BsrJeni           libCSpotterSDK_16k_24d_ISD9xxC_arm-cm0_V6.4.4_b20180328.lib(BsrJay.o)
    0x00003b98   0x00003b98   0x0000016e   Code   RO         3776    i.BsrJoan           libCSpotterSDK_16k_24d_ISD9xxC_arm-cm0_V6.4.4_b20180328.lib(BsrKai.o)
    0x00003d06   0x00003d06   0x0000002a   Code   RO         3490    i.BsrJohn           libCSpotterSDK_16k_24d_ISD9xxC_arm-cm0_V6.4.4_b20180328.lib(BsrAli.o)
    0x00003d30   0x00003d30   0x00000036   Code   RO         3491    i.BsrJose           libCSpotterSDK_16k_24d_ISD9xxC_arm-cm0_V6.4.4_b20180328.lib(BsrAli.o)
    0x00003d66   0x00003d66   0x000000a4   Code   RO         3492    i.BsrJosh           libCSpotterSDK_16k_24d_ISD9xxC_arm-cm0_V6.4.4_b20180328.lib(BsrAli.o)
    0x00003e0a   0x00003e0a   0x00000002   PAD
    0x00003e0c   0x00003e0c   0x000000e0   Code   RO         3697    i.BsrJoyci          libCSpotterSDK_16k_24d_ISD9xxC_arm-cm0_V6.4.4_b20180328.lib(BsrJim.o)
    0x00003eec   0x00003eec   0x00000034   Code   RO         3824    i.BsrJuanitez       libCSpotterSDK_16k_24d_ISD9xxC_arm-cm0_V6.4.4_b20180328.lib(BsrEva.o)
    0x00003f20   0x00003f20   0x00000018   Code   RO         3702    i.BsrLei            libCSpotterSDK_16k_24d_ISD9xxC_arm-cm0_V6.4.4_b20180328.lib(BsrJim.o)
    0x00003f38   0x00003f38   0x0000007a   Code   RO         3707    i.BsrMaxi           libCSpotterSDK_16k_24d_ISD9xxC_arm-cm0_V6.4.4_b20180328.lib(BsrJim.o)
    0x00003fb2   0x00003fb2   0x00000576   Code   RO         3708    i.BsrMichael        libCSpotterSDK_16k_24d_ISD9xxC_arm-cm0_V6.4.4_b20180328.lib(BsrJim.o)
    0x00004528   0x00004528   0x00000008   Code   RO         3709    i.BsrMichelle       libCSpotterSDK_16k_24d_ISD9xxC_arm-cm0_V6.4.4_b20180328.lib(BsrJim.o)
    0x00004530   0x00004530   0x000000ac   Code   RO         3711    i.BsrMike           libCSpotterSDK_16k_24d_ISD9xxC_arm-cm0_V6.4.4_b20180328.lib(BsrJim.o)
    0x000045dc   0x000045dc   0x00000088   Code   RO         3778    i.BsrMya            libCSpotterSDK_16k_24d_ISD9xxC_arm-cm0_V6.4.4_b20180328.lib(BsrKai.o)
    0x00004664   0x00004664   0x00000032   Code   RO         3779    i.BsrNia            libCSpotterSDK_16k_24d_ISD9xxC_arm-cm0_V6.4.4_b20180328.lib(BsrKai.o)
    0x00004696   0x00004696   0x00000136   Code   RO         3782    i.BsrRay            libCSpotterSDK_16k_24d_ISD9xxC_arm-cm0_V6.4.4_b20180328.lib(BsrKai.o)
    0x000047cc   0x000047cc   0x00000012   Code   RO         3783    i.BsrRex            libCSpotterSDK_16k_24d_ISD9xxC_arm-cm0_V6.4.4_b20180328.lib(BsrKai.o)
    0x000047de   0x000047de   0x00000010   Code   RO         3784    i.BsrRey            libCSpotterSDK_16k_24d_ISD9xxC_arm-cm0_V6.4.4_b20180328.lib(BsrKai.o)
    0x000047ee   0x000047ee   0x000004a2   Code   RO         3785    i.BsrRon            libCSpotterSDK_16k_24d_ISD9xxC_arm-cm0_V6.4.4_b20180328.lib(BsrKai.o)
    0x00004c90   0x00004c90   0x0000002c   Code   RO         3786    i.BsrRoy            libCSpotterSDK_16k_24d_ISD9xxC_arm-cm0_V6.4.4_b20180328.lib(BsrKai.o)
    0x00004cbc   0x00004cbc   0x00000010   Code   RO         3787    i.BsrTed            libCSpotterSDK_16k_24d_ISD9xxC_arm-cm0_V6.4.4_b20180328.lib(BsrKai.o)
    0x00004ccc   0x00004ccc   0x00000068   Code   RO         3788    i.BsrTia            libCSpotterSDK_16k_24d_ISD9xxC_arm-cm0_V6.4.4_b20180328.lib(BsrKai.o)
    0x00004d34   0x00004d34   0x00000092   Code   RO         3789    i.BsrTom            libCSpotterSDK_16k_24d_ISD9xxC_arm-cm0_V6.4.4_b20180328.lib(BsrKai.o)
    0x00004dc6   0x00004dc6   0x0000005e   Code   RO         3790    i.BsrTop            libCSpotterSDK_16k_24d_ISD9xxC_arm-cm0_V6.4.4_b20180328.lib(BsrKai.o)
    0x00004e24   0x00004e24   0x00000012   Code   RO         3791    i.BsrTre            libCSpotterSDK_16k_24d_ISD9xxC_arm-cm0_V6.4.4_b20180328.lib(BsrKai.o)
    0x00004e36   0x00004e36   0x00000004   Code   RO         3767    i.BsrZoe            libCSpotterSDK_16k_24d_ISD9xxC_arm-cm0_V6.4.4_b20180328.lib(BsrJoe.o)
    0x00004e3a   0x00004e3a   0x0000001e   Code   RO         1087    i.BufCtrl_UpdateReadWithCount  bufctrl.o
    0x00004e58   0x00004e58   0x0000001e   Code   RO         1088    i.BufCtrl_UpdateWriteWithCount  bufctrl.o
    0x00004e76   0x00004e76   0x00000002   PAD
    0x00004e78   0x00004e78   0x00000010   Code   RO          513    i.CAPS_IRQHandler   interrupthandler.o
    0x00004e88   0x00004e88   0x00000034   Code   RO         2153    i.CLK_EnableLDO     clk.o
    0x00004ebc   0x00004ebc   0x0000001c   Code   RO         2154    i.CLK_EnableModuleClock  clk.o
    0x00004ed8   0x00004ed8   0x0000001c   Code   RO         2155    i.CLK_EnableXtalRC  clk.o
    0x00004ef4   0x00004ef4   0x00000010   Code   RO         2156    i.CLK_GetHCLKFreq   clk.o
    0x00004f04   0x00004f04   0x0000003c   Code   RO         2159    i.CLK_SetHCLK       clk.o
    0x00004f40   0x00004f40   0x00000050   Code   RO         2160    i.CLK_SetModuleClock  clk.o
    0x00004f90   0x00004f90   0x00000064   Code   RO         3404    i.CSpotter_AddSample  libCSpotterSDK_16k_24d_ISD9xxC_arm-cm0_V6.4.4_b20180328.lib(CSpotterSDKApi.o)
    0x00004ff4   0x00004ff4   0x000000bc   Code   RO         3408    i.CSpotter_GetMemoryUsage_MultiWithSpeakerAndExtRejModel  libCSpotterSDK_16k_24d_ISD9xxC_arm-cm0_V6.4.4_b20180328.lib(CSpotterSDKApi.o)
    0x000050b0   0x000050b0   0x00000018   Code   RO         3409    i.CSpotter_GetMemoryUsage_Sep  libCSpotterSDK_16k_24d_ISD9xxC_arm-cm0_V6.4.4_b20180328.lib(CSpotterSDKApi.o)
    0x000050c8   0x000050c8   0x00000024   Code   RO         3415    i.CSpotter_GetResult  libCSpotterSDK_16k_24d_ISD9xxC_arm-cm0_V6.4.4_b20180328.lib(CSpotterSDKApi.o)
    0x000050ec   0x000050ec   0x00000204   Code   RO         3423    i.CSpotter_Init_MultiWithExtRejModel  libCSpotterSDK_16k_24d_ISD9xxC_arm-cm0_V6.4.4_b20180328.lib(CSpotterSDKApi.o)
    0x000052f0   0x000052f0   0x00000024   Code   RO         3424    i.CSpotter_Init_Sep  libCSpotterSDK_16k_24d_ISD9xxC_arm-cm0_V6.4.4_b20180328.lib(CSpotterSDKApi.o)
    0x00005314   0x00005314   0x00000034   Code   RO         3429    i.CSpotter_Reset    libCSpotterSDK_16k_24d_ISD9xxC_arm-cm0_V6.4.4_b20180328.lib(CSpotterSDKApi.o)
    0x00005348   0x00005348   0x00000002   Code   RO         2304    i.DPWM_Open         dpwm.o
    0x0000534a   0x0000534a   0x00000002   PAD
    0x0000534c   0x0000534c   0x0000001c   Code   RO          514    i.GPAB_IRQHandler   interrupthandler.o
    0x00005368   0x00005368   0x00000028   Code   RO         2458    i.GPIO_SetMode      gpio.o
    0x00005390   0x00005390   0x00000088   Code   RO          775    i.MD4App_DecodeProcess  md4app.o
    0x00005418   0x00005418   0x00000020   Code   RO         3387    i.MD4_CheckResLdr   MD4_Keil.lib(md4decode.o)
    0x00005438   0x00005438   0x000000c8   Code   RO         3388    i.MD4_DecodeFrame   MD4_Keil.lib(md4decode.o)
    0x00005500   0x00005500   0x00000016   Code   RO         3390    i.MD4_DecodeIsEnd   MD4_Keil.lib(md4decode.o)
    0x00005516   0x00005516   0x00000100   Code   RO         3391    i.MD4_DecodeProcess  MD4_Keil.lib(md4decode.o)
    0x00005616   0x00005616   0x00000002   PAD
    0x00005618   0x00005618   0x00000080   Code   RO         1138    i.MIC_ChangeSR      micspk.o
    0x00005698   0x00005698   0x000000b4   Code   RO         1140    i.MIC_Open          micspk.o
    0x0000574c   0x0000574c   0x0000000c   Code   RO         1141    i.MIC_Start         micspk.o
    0x00005758   0x00005758   0x00000016   Code   RO          718    i.MicGetApp_Initiate  micgetapp.o
    0x0000576e   0x0000576e   0x00000028   Code   RO          719    i.MicGetApp_ProcessRec  micgetapp.o
    0x00005796   0x00005796   0x00000028   Code   RO          720    i.MicGetApp_StartRec  micgetapp.o
    0x000057be   0x000057be   0x00000066   Code   RO         3498    i.NINJA_API_1       libCSpotterSDK_16k_24d_ISD9xxC_arm-cm0_V6.4.4_b20180328.lib(BsrGo.o)
    0x00005824   0x00005824   0x00000280   Code   RO         3500    i.NINJA_API_11      libCSpotterSDK_16k_24d_ISD9xxC_arm-cm0_V6.4.4_b20180328.lib(BsrGo.o)
    0x00005aa4   0x00005aa4   0x00000170   Code   RO         3502    i.NINJA_API_13      libCSpotterSDK_16k_24d_ISD9xxC_arm-cm0_V6.4.4_b20180328.lib(BsrGo.o)
    0x00005c14   0x00005c14   0x0000001e   Code   RO         3504    i.NINJA_API_15      libCSpotterSDK_16k_24d_ISD9xxC_arm-cm0_V6.4.4_b20180328.lib(BsrGo.o)
    0x00005c32   0x00005c32   0x0000001e   Code   RO         3508    i.NINJA_API_19      libCSpotterSDK_16k_24d_ISD9xxC_arm-cm0_V6.4.4_b20180328.lib(BsrGo.o)
    0x00005c50   0x00005c50   0x00000028   Code   RO         3509    i.NINJA_API_2       libCSpotterSDK_16k_24d_ISD9xxC_arm-cm0_V6.4.4_b20180328.lib(BsrGo.o)
    0x00005c78   0x00005c78   0x00000026   Code   RO         3512    i.NINJA_API_23      libCSpotterSDK_16k_24d_ISD9xxC_arm-cm0_V6.4.4_b20180328.lib(BsrGo.o)
    0x00005c9e   0x00005c9e   0x00000030   Code   RO         3515    i.NINJA_API_26      libCSpotterSDK_16k_24d_ISD9xxC_arm-cm0_V6.4.4_b20180328.lib(BsrGo.o)
    0x00005cce   0x00005cce   0x00000024   Code   RO         3519    i.NINJA_API_3       libCSpotterSDK_16k_24d_ISD9xxC_arm-cm0_V6.4.4_b20180328.lib(BsrGo.o)
    0x00005cf2   0x00005cf2   0x00000070   Code   RO         3536    i.NINJA_API_47      libCSpotterSDK_16k_24d_ISD9xxC_arm-cm0_V6.4.4_b20180328.lib(BsrGo.o)
    0x00005d62   0x00005d62   0x0000007e   Code   RO         3537    i.NINJA_API_48      libCSpotterSDK_16k_24d_ISD9xxC_arm-cm0_V6.4.4_b20180328.lib(BsrGo.o)
    0x00005de0   0x00005de0   0x0000003c   Code   RO         3542    i.NINJA_API_55      libCSpotterSDK_16k_24d_ISD9xxC_arm-cm0_V6.4.4_b20180328.lib(BsrGo.o)
    0x00005e1c   0x00005e1c   0x0000002a   Code   RO         3543    i.NINJA_API_56      libCSpotterSDK_16k_24d_ISD9xxC_arm-cm0_V6.4.4_b20180328.lib(BsrGo.o)
    0x00005e46   0x00005e46   0x00000002   PAD
    0x00005e48   0x00005e48   0x000003e0   Code   RO         3558    i.NINJA_API_73      libCSpotterSDK_16k_24d_ISD9xxC_arm-cm0_V6.4.4_b20180328.lib(BsrGo.o)
    0x00006228   0x00006228   0x000000b4   Code   RO         3560    i.NINJA_API_75      libCSpotterSDK_16k_24d_ISD9xxC_arm-cm0_V6.4.4_b20180328.lib(BsrGo.o)
    0x000062dc   0x000062dc   0x00000014   Code   RO            3    i.NVIC_EnableIRQ    main.o
    0x000062f0   0x000062f0   0x00000030   Code   RO         1022    i.OutputPin_Initiate  configio.o
    0x00006320   0x00006320   0x00000014   Code   RO         2657    i.PDMA_DisableInt   pdma.o
    0x00006334   0x00006334   0x00000014   Code   RO         2658    i.PDMA_EnableInt    pdma.o
    0x00006348   0x00006348   0x00000038   Code   RO          515    i.PDMA_IRQHandler   interrupthandler.o
    0x00006380   0x00006380   0x00000010   Code   RO         2659    i.PDMA_Open         pdma.o
    0x00006390   0x00006390   0x00000020   Code   RO         2660    i.PDMA_SetTransferAddr  pdma.o
    0x000063b0   0x000063b0   0x00000038   Code   RO         2661    i.PDMA_SetTransferCnt  pdma.o
    0x000063e8   0x000063e8   0x00000018   Code   RO         2662    i.PDMA_SetTransferDirection  pdma.o
    0x00006400   0x00006400   0x00000098   Code   RO         2663    i.PDMA_SetTransferMode  pdma.o
    0x00006498   0x00006498   0x00000018   Code   RO         2664    i.PDMA_Trigger      pdma.o
    0x000064b0   0x000064b0   0x0000004c   Code   RO            4    i.PWM0_IRQHandler   main.o
    0x000064fc   0x000064fc   0x00000008   Code   RO         2725    i.PWM_ClearIntFlag  pwm.o
    0x00006504   0x00006504   0x00000128   Code   RO         2727    i.PWM_ConfigOutputChannel  pwm.o
    0x0000662c   0x0000662c   0x0000000e   Code   RO         2730    i.PWM_DisableDeadZone  pwm.o
    0x0000663a   0x0000663a   0x00000008   Code   RO         2737    i.PWM_EnableOutput  pwm.o
    0x00006642   0x00006642   0x0000000e   Code   RO         2740    i.PWM_GetIntFlag    pwm.o
    0x00006650   0x00006650   0x00000026   Code   RO         2741    i.PWM_Start         pwm.o
    0x00006676   0x00006676   0x00000002   PAD
    0x00006678   0x00006678   0x00000024   Code   RO         1232    i.PdmaCtrl_Init     pdmactrl.o
    0x0000669c   0x0000669c   0x0000008c   Code   RO         1233    i.PdmaCtrl_Open     pdmactrl.o
    0x00006728   0x00006728   0x00000040   Code   RO         1234    i.PdmaCtrl_Start    pdmactrl.o
    0x00006768   0x00006768   0x00000014   Code   RO         1235    i.PdmaCtrl_Stop     pdmactrl.o
    0x0000677c   0x0000677c   0x0000000a   Code   RO         1283    i.Playback_Initiate  playback.o
    0x00006786   0x00006786   0x00000002   PAD
    0x00006788   0x00006788   0x000000cc   Code   RO         1287    i.Playback_Process  playback.o
    0x00006854   0x00006854   0x00000020   Code   RO         1288    i.Playback_Remove   playback.o
    0x00006874   0x00006874   0x00000014   Code   RO         1289    i.Playback_ResetChannelVolume  playback.o
    0x00006888   0x00006888   0x0000004c   Code   RO         1294    i.Playback_StopPlay  playback.o
    0x000068d4   0x000068d4   0x00000002   Code   RO          516    i.RTC_IRQHandler    interrupthandler.o
    0x000068d6   0x000068d6   0x00000002   PAD
    0x000068d8   0x000068d8   0x00000018   Code   RO         1529    i.Record_Add        record.o
    0x000068f0   0x000068f0   0x00000044   Code   RO         1530    i.Record_Process    record.o
    0x00006934   0x00006934   0x00000022   Code   RO         1532    i.Record_SetInBufRecord  record.o
    0x00006956   0x00006956   0x00000002   PAD
    0x00006958   0x00006958   0x00000048   Code   RO         1533    i.Record_StartRec   record.o
    0x000069a0   0x000069a0   0x00000030   Code   RO         1583    i.SPIFlash_3ByteAddr_Cmd  spiflash.o
    0x000069d0   0x000069d0   0x0000001e   Code   RO         1596    i.SPIFlash_Read     spiflash.o
    0x000069ee   0x000069ee   0x000000d4   Code   RO         1597    i.SPIFlash_ReadData  spiflash.o
    0x00006ac2   0x00006ac2   0x00000002   PAD
    0x00006ac4   0x00006ac4   0x00000018   Code   RO          403    i.SPIFlash_ReadDataCallback  appcallback.o
    0x00006adc   0x00006adc   0x00000018   Code   RO         1599    i.SPIFlash_ReadEnd  spiflash.o
    0x00006af4   0x00006af4   0x0000004e   Code   RO         1600    i.SPIFlash_ReadStart  spiflash.o
    0x00006b42   0x00006b42   0x00000002   PAD
    0x00006b44   0x00006b44   0x00000048   Code   RO         1145    i.SPK_Open          micspk.o
    0x00006b8c   0x00006b8c   0x00000010   Code   RO         1149    i.SPK_Stop          micspk.o
    0x00006b9c   0x00006b9c   0x00000010   Code   RO         3024    i.SYS_Lock          sys.o
    0x00006bac   0x00006bac   0x0000001a   Code   RO         3029    i.SYS_ResetModule   sys.o
    0x00006bc6   0x00006bc6   0x00000002   PAD
    0x00006bc8   0x00006bc8   0x0000002c   Code   RO         3030    i.SYS_Unlock        sys.o
    0x00006bf4   0x00006bf4   0x00000028   Code   RO          287    i.SendCMD           appfunctions.o
    0x00006c1c   0x00006c1c   0x00000024   Code   RO          288    i.SendCMD1time      appfunctions.o
    0x00006c40   0x00006c40   0x00000078   Code   RO          289    i.SendCMDByteTimer  appfunctions.o
    0x00006cb8   0x00006cb8   0x0000006c   Code   RO          290    i.SendCMDNULL       appfunctions.o
    0x00006d24   0x00006d24   0x00000054   Code   RO          917    i.SysClk_InitiateRC  sysclk.o
    0x00006d78   0x00006d78   0x00000050   Code   RO          878    i.SystemCoreClockUpdate  system_isd9100.o
    0x00006dc8   0x00006dc8   0x00000058   Code   RO         3129    i.TIMER_GetModuleClock  timer.o
    0x00006e20   0x00006e20   0x0000005e   Code   RO         3131    i.TIMER_Open        timer.o
    0x00006e7e   0x00006e7e   0x00000002   PAD
    0x00006e80   0x00006e80   0x00000098   Code   RO            6    i.TMR0_IRQHandler   main.o
    0x00006f18   0x00006f18   0x00000064   Code   RO            7    i.TMR1_IRQHandler   main.o
    0x00006f7c   0x00006f7c   0x00000068   Code   RO            8    i.UART0_IRQHandler  main.o
    0x00006fe4   0x00006fe4   0x00000038   Code   RO         3172    i.UART_ClearIntFlag  uart.o
    0x0000701c   0x0000701c   0x00000074   Code   RO            9    i.UART_Init         main.o
    0x00007090   0x00007090   0x0000005c   Code   RO         3176    i.UART_Open         uart.o
    0x000070ec   0x000070ec   0x00000004   Code   RO          404    i.UserEvent_ProcessCallback  appcallback.o
    0x000070f0   0x000070f0   0x0000002a   Code   RO          846    i.VROneCmdApp_GetCMDID  vronecmdapp.o
    0x0000711a   0x0000711a   0x00000048   Code   RO          847    i.VROneCmdApp_Initiate  vronecmdapp.o
    0x00007162   0x00007162   0x00000038   Code   RO          848    i.VROneCmdApp_UnpackBin  vronecmdapp.o
    0x0000719a   0x0000719a   0x00000016   Code   RO         1452    i.VolumeCtrl_Reset  volumectrl.o
    0x000071b0   0x000071b0   0x00000024   Code   RO         1454    i.VolumeCtrl_VolumeFade  volumectrl.o
    0x000071d4   0x000071d4   0x00000002   Code   RO          517    i.WDT_IRQHandler    interrupthandler.o
    0x000071d6   0x000071d6   0x0000001a   Code   RO          377    i.__ARM_common_switch8  appfunctions.o
    0x000071f0   0x000071f0   0x00000024   Code   RO          292    i.delayms           appfunctions.o
    0x00007214   0x00007214   0x0000004c   Code   RO           10    i.main              main.o
    0x00007260   0x00007260   0x000000c8   Code   RO           11    i.pwm_init          main.o
    0x00007328   0x00007328   0x00000084   Code   RO           12    i.time_init         main.o
    0x000073ac   0x000073ac   0x0000001c   Code   RO           13    i.uart_rev_task     main.o
    0x000073c8   0x000073c8   0x00000010   Data   RO          405    .constdata          appcallback.o
    0x000073d8   0x000073d8   0x00000044   Data   RO         1150    .constdata          micspk.o
    0x0000741c   0x0000741c   0x0000001a   Data   RO         1455    .constdata          volumectrl.o
    0x00007436   0x00007436   0x00000002   PAD
    0x00007438   0x00007438   0x000000a8   Data   RO         2743    .constdata          pwm.o
    0x000074e0   0x000074e0   0x00000014   Data   RO         3132    .constdata          timer.o
    0x000074f4   0x000074f4   0x00000030   Data   RO         3394    .constdata          MD4_Keil.lib(md4decode.o)
    0x00007524   0x00007524   0x00000914   Data   RO         3563    .constdata          libCSpotterSDK_16k_24d_ISD9xxC_arm-cm0_V6.4.4_b20180328.lib(BsrGo.o)
    0x00007e38   0x00007e38   0x00000800   Data   RO         3632    .constdata          libCSpotterSDK_16k_24d_ISD9xxC_arm-cm0_V6.4.4_b20180328.lib(BsrBen.o)
    0x00008638   0x00008638   0x00000064   Data   RO         3814    .constdata          libCSpotterSDK_16k_24d_ISD9xxC_arm-cm0_V6.4.4_b20180328.lib(BsrEli.o)
    0x0000869c   0x0000869c   0x00000009   Data   RO         3872    .constdata          libCSpotterSDK_16k_24d_ISD9xxC_arm-cm0_V6.4.4_b20180328.lib(BsrJoy.o)
    0x000086a5   0x000086a5   0x00000001   PAD
    0x000086a6   0x000086a6   0x00000284   Data   RO         3890    .constdata          libCSpotterSDK_16k_24d_ISD9xxC_arm-cm0_V6.4.4_b20180328.lib(BsrAna.o)
    0x0000892a   0x0000892a   0x00000404   Data   RO         3897    .constdata          libCSpotterSDK_16k_24d_ISD9xxC_arm-cm0_V6.4.4_b20180328.lib(BsrAnn.o)
    0x00008d2e   0x00008d2e   0x00000002   PAD
    0x00008d30   0x00008d30   0x00000200   Data   RO         3906    .constdata          libCSpotterSDK_16k_24d_ISD9xxC_arm-cm0_V6.4.4_b20180328.lib(BsrGuy.o)
    0x00008f30   0x00008f30   0x00000020   Data   RO         4155    Region$$Table       anon$$obj.o


    Execution Region RW_IRAM1 (Exec base: 0x20000000, Load base: 0x00008f50, Size: 0x00002e80, Max: 0x00003000, ABSOLUTE)

    Exec Addr    Load Addr    Size         Type   Attr      Idx    E Section Name        Object

    0x20000000   0x00008f50   0x00000018   Data   RW           17    .data               main.o
    0x20000018   0x00008f68   0x00000001   Data   RW           22    .data               main.o
    0x20000019   0x00008f69   0x00000001   Data   RW           23    .data               main.o
    0x2000001a   0x00008f6a   0x00000005   Data   RW          299    .data               appfunctions.o
    0x2000001f   0x00008f6f   0x00000001   PAD
    0x20000020   0x00008f70   0x0000001c   Data   RW          880    .data               system_isd9100.o
    0x2000003c   0x00008f8c   0x0000000c   Data   RW         1296    .data               playback.o
    0x20000048   0x00008f98   0x00000008   Data   RW         1456    .data               volumectrl.o
    0x20000050   0x00008fa0   0x00000008   Data   RW         1535    .data               record.o
    0x20000058        -       0x000000a4   Zero   RW           15    .bss                main.o
    0x200000fc        -       0x00002700   Zero   RW           16    .bss                main.o
    0x200027fc        -       0x00000020   Zero   RW          518    .bss                interrupthandler.o
    0x2000281c        -       0x00000060   Zero   RW         4030    .bss                c_p.l(libspace.o)
    0x2000287c   0x00008fa8   0x00000004   PAD
    0x20002880        -       0x00000200   Zero   RW          909    HEAP                startup_isd9100.o
    0x20002a80        -       0x00000400   Zero   RW          908    STACK               startup_isd9100.o


==============================================================================

Image component sizes


      Code (inc. data)   RO Data    RW Data    ZI Data      Debug   Object Name

       150         28          0          0          0       2260   adc.o
        28          6         16          0          0     109480   appcallback.o
      1034        120          0          5          0      11124   appfunctions.o
        96         12          0          0          0       1579   biq.o
        60          0          0          0          0       3853   bufctrl.o
       264         32          0          0          0       3760   clk.o
        48         10          0          0          0        533   configio.o
         2          0          0          0          0        460   dpwm.o
        40          0          0          0          0       1039   gpio.o
       104         28          0          0         32     106129   interrupthandler.o
      1004        114          0         26      10148     126257   main.o
       136          4          0          0          0       9877   md4app.o
       102          0          0          0          0       5649   micgetapp.o
       456         80         68          0          0       4232   micspk.o
       344         54          0          0          0       5478   pdma.o
       260         24          0          0          0       2897   pdmactrl.o
       342         34          0         12          0       4382   playback.o
         0          0          0          0          0       5720   powerdown.o
       378         16        168          0          0       4627   pwm.o
       198         34          0          8          0       3344   record.o
       392          0          0          0          0       4478   spiflash.o
        96         46        192          0       1536        736   startup_isd9100.o
        86         10          0          0          0       1994   sys.o
        84          8          0          0          0        692   sysclk.o
        80         18          0         28          0       1605   system_isd9100.o
       182         18         20          0          0       2040   timer.o
       148         14          0          0          0       1776   uart.o
        58          4         26          8          0       6665   volumectrl.o
       170          0          0          0          0       2734   vronecmdapp.o

    ----------------------------------------------------------------------
      6364        714        524         88      11716     435400   Object Totals
         0          0         32          0          0          0   (incl. Generated)
        22          0          2          1          0          0   (incl. Padding)

    ----------------------------------------------------------------------

      Code (inc. data)   RO Data    RW Data    ZI Data      Debug   Library Member Name

       510         28         48          0          0        284   md4decode.o
         8          0          0          0          0         68   __main.o
         0          0          0          0          0          0   __rtentry.o
        12          0          0          0          0          0   __rtentry2.o
         6          0          0          0          0          0   __rtentry4.o
        60          8          0          0          0          0   __scatter.o
        26          0          0          0          0          0   __scatter_copy.o
        28          0          0          0          0          0   __scatter_zi.o
       488          0          0          0          0         92   aeabi_sdivfast.o
        16          0          0          0          0         68   exit.o
         6          0          0          0          0        136   heapauxi.o
         0          0          0          0          0          0   indicate_semi.o
         2          0          0          0          0          0   libinit.o
         2          0          0          0          0          0   libinit2.o
         2          0          0          0          0          0   libshutdown.o
         2          0          0          0          0          0   libshutdown2.o
         8          4          0          0         96         68   libspace.o
        64          0          0          0          0        108   rt_memclr.o
        56          0          0          0          0         68   rt_memcpy.o
         2          0          0          0          0          0   rtexit.o
        10          0          0          0          0          0   rtexit2.o
        12          4          0          0          0         60   sys_exit.o
        62          0          0          0          0         80   sys_stackheap_outer.o
         2          0          0          0          0         68   use_no_semi.o
       260          0          0          0          0        272   BsrAli.o
       192          4        644          0          0         80   BsrAna.o
       460         12       1028          0          0         88   BsrAnn.o
        60          6       2048          0          0         60   BsrBen.o
       658          0          0          0          0        588   BsrDon.o
       996         14        100          0          0        472   BsrEli.o
      1216         18          0          0          0        316   BsrEva.o
      2844         36       2324          0          0       1200   BsrGo.o
       360         10        512          0          0        300   BsrGuy.o
      5128         74          0          0          0       1176   BsrJay.o
      3228         22          0          0          0       1256   BsrJim.o
       374          0          0          0          0        296   BsrJoe.o
      2440         20          9          0          0        764   BsrJoy.o
      2504          0          0          0          0       1012   BsrKai.o
       952         74          0          0          0        532   CSpotterSDKApi.o

    ----------------------------------------------------------------------
     23084        334       6716          0        100       9512   Library Totals
        28          0          3          0          4          0   (incl. Padding)

    ----------------------------------------------------------------------

      Code (inc. data)   RO Data    RW Data    ZI Data      Debug   Library Name

       510         28         48          0          0        284   MD4_Keil.lib
       874         16          0          0         96        816   c_p.l
     21672        290       6665          0          0       8412   libCSpotterSDK_16k_24d_ISD9xxC_arm-cm0_V6.4.4_b20180328.lib

    ----------------------------------------------------------------------
     23084        334       6716          0        100       9512   Library Totals

    ----------------------------------------------------------------------

==============================================================================


      Code (inc. data)   RO Data    RW Data    ZI Data      Debug   

     29448       1048       7240         88      11816     435564   Grand Totals
     29448       1048       7240         88      11816     435564   ELF Image Totals
     29448       1048       7240         88          0          0   ROM Totals

==============================================================================

    Total RO  Size (Code + RO Data)                36688 (  35.83kB)
    Total RW  Size (RW Data + ZI Data)             11904 (  11.63kB)
    Total ROM Size (Code + RO Data + RW Data)      36776 (  35.91kB)

==============================================================================

