Component: ARM Compiler 5.06 update 6 (build 750) Tool: armlink [4d35ed]

==============================================================================

Small function inlining results

Inlined function __aeabi_idiv0 from aeabi_idiv0.o at offset 0x1e2 in aeabi_sdivfast.o(.text).
Inlined Instruction: BX       lr
Inlined function __aeabi_idiv0 from aeabi_idiv0.o at offset 0x1e2 in aeabi_sdivfast_div0.o(.text).
Inlined Instruction: BX       lr
Inlined function _platform_pre_stackheap_init from boardinit1.o at offset 0x0 in __rtentry2.o(.ARM.Collect$$rtentry$$00000001).
Inlined Instruction: BX       lr
Inlined function _fp_init from fpinit.o at offset 0x0 in libinit2.o(.ARM.Collect$$libinit$$00000001).
Inlined Instruction: BX       lr
Inlined function _platform_pre_lib_shutdown from boardshut.o at offset 0x0 in rtexit2.o(.ARM.Collect$$rtexit$$00000001).
Inlined Instruction: BX       lr
Inlined function __ARM_get_argv from no_argv.o at offset 0x2 in argv_veneer.o(.text).
Inlined Instruction: BX       lr
Inlined total of 6 calls.

==============================================================================

Section Cross References

    main.o(i.PWM0_IRQHandler) refers to pwm.o(i.PWM_ClearIntFlag) for PWM_ClearIntFlag
    main.o(i.PWM0_IRQHandler) refers to main.o(.bss) for .bss
    main.o(i.SPIFlash_Initiate) refers to clk.o(i.CLK_EnableModuleClock) for CLK_EnableModuleClock
    main.o(i.SPIFlash_Initiate) refers to sys.o(i.SYS_ResetModule) for SYS_ResetModule
    main.o(i.SPIFlash_Initiate) refers to spiflash.o(i.SPIFlash_Open) for SPIFlash_Open
    main.o(i.SPIFlash_Initiate) refers to spiflash.o(i.SPIFlash_PowerDown) for SPIFlash_PowerDown
    main.o(i.SPIFlash_Initiate) refers to spiflash.o(i.SPIFlash_Read) for SPIFlash_Read
    main.o(i.SPIFlash_Initiate) refers to spiflash.o(i.SPIFlash_GetChipInfo) for SPIFlash_GetChipInfo
    main.o(i.SPIFlash_Initiate) refers to main.o(.bss) for .bss
    main.o(i.TMR0_IRQHandler) refers to main.o(.bss) for .bss
    main.o(i.TMR0_IRQHandler) refers to main.o(.data) for .data
    main.o(i.UART0_IRQHandler) refers to main.o(.bss) for .bss
    main.o(i.UART_Init) refers to clk.o(i.CLK_EnableModuleClock) for CLK_EnableModuleClock
    main.o(i.UART_Init) refers to uart.o(i.UART_Open) for UART_Open
    main.o(i.UART_Init) refers to uart.o(i.UART_ClearIntFlag) for UART_ClearIntFlag
    main.o(i.main) refers to sysclk.o(i.SysClk_InitiateRC) for SysClk_InitiateRC
    main.o(i.main) refers to clk.o(i.CLK_EnableLDO) for CLK_EnableLDO
    main.o(i.main) refers to main.o(i.SPIFlash_Initiate) for SPIFlash_Initiate
    main.o(i.main) refers to configio.o(i.OutputPin_Initiate) for OutputPin_Initiate
    main.o(i.main) refers to configio.o(i.InputKey_Initiate) for InputKey_Initiate
    main.o(i.main) refers to pdmactrl.o(i.PdmaCtrl_Init) for PdmaCtrl_Init
    main.o(i.main) refers to micspk.o(i.SPK_Open) for SPK_Open
    main.o(i.main) refers to micspk.o(i.MIC_Open) for MIC_Open
    main.o(i.main) refers to main.o(i.UART_Init) for UART_Init
    main.o(i.main) refers to main.o(i.time_init) for time_init
    main.o(i.main) refers to main.o(i.pwm_init) for pwm_init
    main.o(i.main) refers to appfunctions.o(i.App_Initiate) for App_Initiate
    main.o(i.main) refers to noretval__2printf.o(.text) for __2printf
    main.o(i.main) refers to appfunctions.o(i.App_Process) for App_Process
    main.o(i.main) refers to main.o(i.uart_rev_task) for uart_rev_task
    main.o(i.pwm_init) refers to clk.o(i.CLK_SetModuleClock) for CLK_SetModuleClock
    main.o(i.pwm_init) refers to clk.o(i.CLK_EnableModuleClock) for CLK_EnableModuleClock
    main.o(i.pwm_init) refers to sys.o(i.SYS_ResetModule) for SYS_ResetModule
    main.o(i.pwm_init) refers to pwm.o(i.PWM_ConfigOutputChannel) for PWM_ConfigOutputChannel
    main.o(i.pwm_init) refers to pwm.o(i.PWM_EnableOutput) for PWM_EnableOutput
    main.o(i.pwm_init) refers to pwm.o(i.PWM_Start) for PWM_Start
    main.o(i.pwm_init) refers to main.o(.bss) for .bss
    main.o(i.time_init) refers to clk.o(i.CLK_EnableModuleClock) for CLK_EnableModuleClock
    main.o(i.time_init) refers to clk.o(i.CLK_SetModuleClock) for CLK_SetModuleClock
    main.o(i.time_init) refers to timer.o(i.TIMER_Open) for TIMER_Open
    main.o(i.uart_rev_task) refers to main.o(.bss) for .bss
    main.o(i.uart_send) refers to main.o(.bss) for .bss
    main.o(i.uart_send) refers to main.o(.data) for .data
    appfunctions.o(i.App_Initiate) refers to playback.o(i.Playback_Initiate) for Playback_Initiate
    appfunctions.o(i.App_Initiate) refers to micgetapp.o(i.MicGetApp_Initiate) for MicGetApp_Initiate
    appfunctions.o(i.App_Initiate) refers to audiorom.o(i.AudioRom_GetAudioNum) for AudioRom_GetAudioNum
    appfunctions.o(i.App_Initiate) refers to vronecmdapp.o(i.VROneCmdApp_UnpackBin) for VROneCmdApp_UnpackBin
    appfunctions.o(i.App_Initiate) refers to appfunctions.o(i.App_StartRecognize) for App_StartRecognize
    appfunctions.o(i.App_Initiate) refers to main.o(.data) for g_u8AppCtrl
[...]
    __rt_exit_exit                           0x0000016d   Thumb Code     0  rtexit2.o(.ARM.Collect$$rtexit$$00000004)
    __aeabi_memcpy4                          0x00000175   Thumb Code    56  rt_memcpy.o(.emb_text)
    __aeabi_memcpy8                          0x00000175   Thumb Code     0  rt_memcpy.o(.emb_text)
    Reset_Handler                            0x000001ad   Thumb Code    28  startup_isd9100.o(.text)
    NMI_Handler                              0x000001c9   Thumb Code     2  startup_isd9100.o(.text)
    HardFault_Handler                        0x000001cb   Thumb Code     2  startup_isd9100.o(.text)
    SVC_Handler                              0x000001cd   Thumb Code     2  startup_isd9100.o(.text)
    PendSV_Handler                           0x000001cf   Thumb Code     2  startup_isd9100.o(.text)
    SysTick_Handler                          0x000001d1   Thumb Code     2  startup_isd9100.o(.text)
    ACMP_IRQHandler                          0x000001d3   Thumb Code     0  startup_isd9100.o(.text)
    ADC_IRQHandler                           0x000001d3   Thumb Code     0  startup_isd9100.o(.text)
    ALC_IRQHandler                           0x000001d3   Thumb Code     0  startup_isd9100.o(.text)
    BOD_IRQHandler                           0x000001d3   Thumb Code     0  startup_isd9100.o(.text)
    EINT0_IRQHandler                         0x000001d3   Thumb Code     0  startup_isd9100.o(.text)
    EINT1_IRQHandler                         0x000001d3   Thumb Code     0  startup_isd9100.o(.text)
    I2C0_IRQHandler                          0x000001d3   Thumb Code     0  startup_isd9100.o(.text)
    I2S_IRQHandler                           0x000001d3   Thumb Code     0  startup_isd9100.o(.text)
    SPI0_IRQHandler                          0x000001d3   Thumb Code     0  startup_isd9100.o(.text)
    TALARM_IRQHandler                        0x000001d3   Thumb Code     0  startup_isd9100.o(.text)
    __user_initial_stackheap                 0x000001d5   Thumb Code     0  startup_isd9100.o(.text)
    __2printf                                0x0000020d   Thumb Code    22  noretval__2printf.o(.text)
    _printf_str                              0x00000229   Thumb Code    82  _printf_str.o(.text)
    __printf                                 0x0000027b   Thumb Code   270  __printf_wp.o(.text)
    _memset_w                                0x00000389   Thumb Code    26  rt_memclr.o(.text)
    _memset                                  0x000003a3   Thumb Code    30  rt_memclr.o(.text)
    __aeabi_memclr                           0x000003c1   Thumb Code     4  rt_memclr.o(.text)
    __rt_memclr                              0x000003c1   Thumb Code     0  rt_memclr.o(.text)
    __aeabi_memclr4                          0x000003c5   Thumb Code     0  rt_memclr.o(.text)
    __aeabi_memclr8                          0x000003c5   Thumb Code     0  rt_memclr.o(.text)
    __rt_memclr_w                            0x000003c5   Thumb Code     4  rt_memclr.o(.text)
    __aeabi_uidiv                            0x000003c9   Thumb Code     0  aeabi_sdivfast.o(.text)
    __aeabi_uidivmod                         0x000003c9   Thumb Code    28  aeabi_sdivfast.o(.text)
    __aeabi_idiv                             0x000003e5   Thumb Code     0  aeabi_sdivfast.o(.text)
    __aeabi_idivmod                          0x000003e5   Thumb Code   460  aeabi_sdivfast.o(.text)
    __use_two_region_memory                  0x000005b1   Thumb Code     2  heapauxi.o(.text)
    __rt_heap_escrow$2region                 0x000005b3   Thumb Code     2  heapauxi.o(.text)
    __rt_heap_expand$2region                 0x000005b5   Thumb Code     2  heapauxi.o(.text)
    __aeabi_d2uiz                            0x000005b9   Thumb Code     0  dfixui.o(.text)
    _dfixu                                   0x000005b9   Thumb Code    68  dfixui.o(.text)
    __aeabi_i2d_normalise                    0x00000601   Thumb Code    66  dflti.o(.text)
    __aeabi_i2d                              0x00000643   Thumb Code    16  dflti.o(.text)
    _dflt                                    0x00000643   Thumb Code     0  dflti.o(.text)
    __aeabi_ui2d                             0x00000653   Thumb Code     6  dflti.o(.text)
    _dfltu                                   0x00000653   Thumb Code     0  dflti.o(.text)
    __aeabi_dmul                             0x00000659   Thumb Code     0  dmul.o(.text)
    _dmul                                    0x00000659   Thumb Code   558  dmul.o(.text)
    _printf_cs_common                        0x000008a1   Thumb Code    22  _printf_char.o(.text)
    _printf_char                             0x000008b7   Thumb Code    16  _printf_char.o(.text)
    _printf_string                           0x000008c7   Thumb Code     8  _printf_char.o(.text)
    _printf_char_file                        0x000008d1   Thumb Code    34  _printf_char_file.o(.text)
    _printf_char_common                      0x00000903   Thumb Code    32  _printf_char_common.o(.text)
    __user_setup_stackheap                   0x00000929   Thumb Code    62  sys_stackheap_outer.o(.text)
    exit                                     0x00000967   Thumb Code    16  exit.o(.text)
    __user_libspace                          0x00000979   Thumb Code     8  libspace.o(.text)
    __user_perproc_libspace                  0x00000979   Thumb Code     0  libspace.o(.text)
    __user_perthread_libspace                0x00000979   Thumb Code     0  libspace.o(.text)
    _sys_exit                                0x00000981   Thumb Code     8  sys_exit.o(.text)
    __I$use$semihosting                      0x0000098d   Thumb Code     0  use_no_semi.o(.text)
    __use_no_semihosting_swi                 0x0000098d   Thumb Code     2  use_no_semi.o(.text)
    ADC_Close                                0x0000098f   Thumb Code     2  adc.o(i.ADC_Close)
    __semihosting_library_function           0x0000098f   Thumb Code     0  indicate_semi.o(.text)
    ADC_DisableInt                           0x00000991   Thumb Code    54  adc.o(i.ADC_DisableInt)
    ADC_DisableMICBias                       0x000009d1   Thumb Code    10  adc.o(i.ADC_DisableMICBias)
    ADC_EnableMICBias                        0x000009e1   Thumb Code    12  adc.o(i.ADC_EnableMICBias)
    ADC_Open                                 0x000009f1   Thumb Code     2  adc.o(i.ADC_Open)
    ADC_SetALCTargetLevel                    0x000009f5   Thumb Code    56  adc.o(i.ADC_SetALCTargetLevel)
    ADC_SetAMUX                              0x00000a39   Thumb Code    66  adc.o(i.ADC_SetAMUX)
    ADC_SetPGAGaindB                         0x00000a85   Thumb Code    42  adc.o(i.ADC_SetPGAGaindB)
    App_Initiate                             0x00000abd   Thumb Code    56  appfunctions.o(i.App_Initiate)
    App_PowerDown                            0x00000b0d   Thumb Code    38  appfunctions.o(i.App_PowerDown)
    App_Process                              0x00000b39   Thumb Code   364  appfunctions.o(i.App_Process)
    App_StartPlay                            0x00000d25   Thumb Code    46  appfunctions.o(i.App_StartPlay)
    App_StartRecognize                       0x00000d5d   Thumb Code    26  appfunctions.o(i.App_StartRecognize)
    App_StopPlay                             0x00000d81   Thumb Code    16  appfunctions.o(i.App_StopPlay)
    App_StopRecognize                        0x00000d95   Thumb Code    18  appfunctions.o(i.App_StopRecognize)
    AudioRom_GetAudioChunkInfo               0x00000db1   Thumb Code    46  audiorom.o(i.AudioRom_GetAudioChunkInfo)
    AudioRom_GetAudioNum                     0x00000ddf   Thumb Code    14  audiorom.o(i.AudioRom_GetAudioNum)
    AudioRom_GetRomHeader                    0x00000ded   Thumb Code    28  audiorom.o(i.AudioRom_GetRomHeader)
    BIQ_Reset                                0x00000e39   Thumb Code    22  biq.o(i.BIQ_Reset)
    BIQ_SetCoeff                             0x00000e55   Thumb Code    62  biq.o(i.BIQ_SetCoeff)
    BsrAbby                                  0x00000e99   Thumb Code    44  BsrJoe.o(i.BsrAbby)
    BsrAbel                                  0x00000ec5   Thumb Code   126  BsrJoe.o(i.BsrAbel)
    BsrAdam                                  0x00000f43   Thumb Code   200  BsrJoe.o(i.BsrAdam)
    BsrAlma                                  0x0000100b   Thumb Code   210  BsrDon.o(i.BsrAlma)
    BsrAmir                                  0x000010dd   Thumb Code    24  BsrDon.o(i.BsrAmir)
    BsrAmos                                  0x000010f5   Thumb Code   294  BsrDon.o(i.BsrAmos)
    BsrAna                                   0x0000121b   Thumb Code    42  BsrJim.o(i.BsrAna)
    BsrAnna                                  0x00001245   Thumb Code    38  BsrDon.o(i.BsrAnna)
    BsrAnne                                  0x0000126b   Thumb Code    24  BsrDon.o(i.BsrAnne)
    BsrAnnie                                 0x00001283   Thumb Code    28  BsrDon.o(i.BsrAnnie)
    BsrAri                                   0x000012a1   Thumb Code   172  BsrJim.o(i.BsrAri)
    BsrAsa                                   0x00001351   Thumb Code   238  BsrJim.o(i.BsrAsa)
    BsrAvea                                  0x00001445   Thumb Code   170  BsrJim.o(i.BsrAvea)
    BsrAyla                                  0x000014ef   Thumb Code    26  BsrDon.o(i.BsrAyla)
    BsrBaby                                  0x00001509   Thumb Code    14  BsrDon.o(i.BsrBaby)
    BsrBrad                                  0x000015c5   Thumb Code    54  BsrBen.o(i.BsrBrad)
    BsrCade                                  0x00001751   Thumb Code   394  BsrJay.o(i.BsrCade)
    BsrCadea                                 0x000018dd   Thumb Code   254  BsrJay.o(i.BsrCadea)
    BsrCale                                  0x000019e1   Thumb Code    68  BsrJay.o(i.BsrCale)
    BsrCara                                  0x00001a25   Thumb Code  1000  BsrJay.o(i.BsrCara)
    BsrCarae                                 0x00001e0d   Thumb Code   198  BsrJay.o(i.BsrCarae)
    BsrChad                                  0x00001ed9   Thumb Code   182  BsrJay.o(i.BsrChad)
    BsrChada                                 0x00001f95   Thumb Code    68  BsrJay.o(i.BsrChada)
    BsrChaz                                  0x00001fdd   Thumb Code   218  BsrJay.o(i.BsrChaz)
    BsrChaza                                 0x000020bd   Thumb Code   182  BsrJay.o(i.BsrChaza)
    BsrChaze                                 0x00002179   Thumb Code   204  BsrJay.o(i.BsrChaze)
    BsrChazi                                 0x00002249   Thumb Code   206  BsrJay.o(i.BsrChazi)
    BsrClay                                  0x00002319   Thumb Code  1378  BsrJay.o(i.BsrClay)
    BsrCory                                  0x00002881   Thumb Code   488  BsrJoy.o(i.BsrCory)
    BsrCoty                                  0x00002a6d   Thumb Code    34  BsrJoy.o(i.BsrCoty)
    BsrDan                                   0x00002a91   Thumb Code    82  BsrJim.o(i.BsrDan)
    BsrDane                                  0x00002ae9   Thumb Code     8  BsrJoy.o(i.BsrDane)
    BsrDawn                                  0x00002af1   Thumb Code     8  BsrJoy.o(i.BsrDawn)
    BsrDeja                                  0x00002af9   Thumb Code   108  BsrJoy.o(i.BsrDeja)
    BsrDemi                                  0x00002b65   Thumb Code   374  BsrJoy.o(i.BsrDemi)
    BsrDeon                                  0x00002ce5   Thumb Code   374  BsrJoy.o(i.BsrDeon)
    BsrDina                                  0x00002e5b   Thumb Code   586  BsrJoy.o(i.BsrDina)
    BsrDion                                  0x000030a5   Thumb Code   214  BsrJoy.o(i.BsrDion)
    BsrEden                                  0x00003181   Thumb Code   350  BsrEva.o(i.BsrEden)
    BsrEli                                   0x000032e5   Thumb Code    88  BsrJim.o(i.BsrEli)
    BsrElla                                  0x0000333d   Thumb Code   426  BsrEva.o(i.BsrElla)
    BsrElsa                                  0x000034ed   Thumb Code   370  BsrEva.o(i.BsrElsa)
    BsrEmma                                  0x00003665   Thumb Code   212  BsrEli.o(i.BsrEmma)
    BsrEric                                  0x0000373d   Thumb Code   130  BsrEli.o(i.BsrEric)
    BsrErica                                 0x000037c1   Thumb Code   306  BsrEli.o(i.BsrErica)
    BsrErik                                  0x000038fd   Thumb Code    46  BsrEli.o(i.BsrErik)
    BsrErin                                  0x0000392b   Thumb Code   230  BsrEli.o(i.BsrErin)
    BsrEva                                   0x00003a11   Thumb Code    34  BsrJim.o(i.BsrEva)
    BsrEvan                                  0x00003a33   Thumb Code    58  BsrEli.o(i.BsrEvan)
    BsrGary                                  0x00003a6d   Thumb Code   188  BsrAna.o(i.BsrGary)
    BsrGreg                                  0x00003b2d   Thumb Code   448  BsrAnn.o(i.BsrGreg)
    BsrGuy                                   0x00003cf9   Thumb Code    54  BsrJim.o(i.BsrGuy)
    BsrHugo                                  0x00003d31   Thumb Code   170  BsrGuy.o(i.BsrHugo)
    BsrIris                                  0x00003de1   Thumb Code    54  BsrGuy.o(i.BsrIris)
    BsrIrma                                  0x00003e19   Thumb Code    80  BsrGuy.o(i.BsrIrma)
    BsrIsai                                  0x00003e6d   Thumb Code    46  BsrGuy.o(i.BsrIsai)
    BsrIvy                                   0x00003e9b   Thumb Code   188  BsrJim.o(i.BsrIvy)
    BsrJan                                   0x00004039   Thumb Code    24  BsrJim.o(i.BsrJan)
    BsrJohn                                  0x0000434b   Thumb Code    42  BsrAli.o(i.BsrJohn)
    BsrJose                                  0x00004375   Thumb Code    54  BsrAli.o(i.BsrJose)
    BsrJosh                                  0x000043ab   Thumb Code   164  BsrAli.o(i.BsrJosh)
    BsrJoyci                                 0x00004451   Thumb Code   218  BsrJim.o(i.BsrJoyci)
    BsrLei                                   0x00004565   Thumb Code    24  BsrJim.o(i.BsrLei)
    BsrMaxi                                  0x0000457d   Thumb Code   122  BsrJim.o(i.BsrMaxi)
    BsrMichael                               0x000045f7   Thumb Code  1398  BsrJim.o(i.BsrMichael)
    BsrMichelle                              0x00004b6d   Thumb Code     8  BsrJim.o(i.BsrMichelle)
    BsrMike                                  0x00004b75   Thumb Code   172  BsrJim.o(i.BsrMike)
    BsrMya                                   0x00004c21   Thumb Code   136  BsrKai.o(i.BsrMya)
    BsrNia                                   0x00004ca9   Thumb Code    50  BsrKai.o(i.BsrNia)
    BsrRay                                   0x00004cdb   Thumb Code   310  BsrKai.o(i.BsrRay)
    BsrRex                                   0x00004e11   Thumb Code    18  BsrKai.o(i.BsrRex)
    BsrRey                                   0x00004e23   Thumb Code    16  BsrKai.o(i.BsrRey)
    BsrRon                                   0x00004e33   Thumb Code  1186  BsrKai.o(i.BsrRon)
    BsrRoy                                   0x000052d5   Thumb Code    44  BsrKai.o(i.BsrRoy)
    BsrTed                                   0x00005301   Thumb Code    16  BsrKai.o(i.BsrTed)
    BsrTia                                   0x00005311   Thumb Code   104  BsrKai.o(i.BsrTia)
    BsrTom                                   0x00005379   Thumb Code   146  BsrKai.o(i.BsrTom)
    BsrTop                                   0x0000540b   Thumb Code    94  BsrKai.o(i.BsrTop)
    BsrTre                                   0x00005469   Thumb Code    18  BsrKai.o(i.BsrTre)
    BsrZoe                                   0x0000547b   Thumb Code     4  BsrJoe.o(i.BsrZoe)
    BufCtrl_UpdateReadWithCount              0x0000547f   Thumb Code    30  bufctrl.o(i.BufCtrl_UpdateReadWithCount)
    BufCtrl_UpdateWriteWithCount             0x0000549d   Thumb Code    30  bufctrl.o(i.BufCtrl_UpdateWriteWithCount)
    CAPS_IRQHandler                          0x000054bd   Thumb Code    12  interrupthandler.o(i.CAPS_IRQHandler)
    CLK_DeepSleep                            0x000054cd   Thumb Code    42  clk.o(i.CLK_DeepSleep)
    CLK_DisableLDO                           0x00005505   Thumb Code    22  clk.o(i.CLK_DisableLDO)
    CLK_DisableModuleClock                   0x00005521   Thumb Code    24  clk.o(i.CLK_DisableModuleClock)
    CLK_EnableLDO                            0x0000553d   Thumb Code    44  clk.o(i.CLK_EnableLDO)
    CLK_EnableModuleClock                    0x00005571   Thumb Code    24  clk.o(i.CLK_EnableModuleClock)
    CLK_EnableXtalRC                         0x0000558d   Thumb Code    22  clk.o(i.CLK_EnableXtalRC)
    CLK_GetHCLKFreq                          0x000055a9   Thumb Code    12  clk.o(i.CLK_GetHCLKFreq)
    CLK_SetHCLK                              0x000055b9   Thumb Code    56  clk.o(i.CLK_SetHCLK)
    CLK_SetModuleClock                       0x000055f5   Thumb Code    74  clk.o(i.CLK_SetModuleClock)
    CLK_SetSysTickClockSrc                   0x00005645   Thumb Code    26  clk.o(i.CLK_SetSysTickClockSrc)
    CLK_SysTickDelay                         0x00005665   Thumb Code    26  clk.o(i.CLK_SysTickDelay)
    CSpotter_AddSample                       0x00005689   Thumb Code    82  CSpotterSDKApi.o(i.CSpotter_AddSample)
    CSpotter_GetMemoryUsage_MultiWithSpeakerAndExtRejModel 0x000056ed   Thumb Code   178  CSpotterSDKApi.o(i.CSpotter_GetMemoryUsage_MultiWithSpeakerAndExtRejModel)
    CSpotter_GetMemoryUsage_Sep              0x000057a9   Thumb Code    24  CSpotterSDKApi.o(i.CSpotter_GetMemoryUsage_Sep)
    CSpotter_GetResult                       0x000057c1   Thumb Code    30  CSpotterSDKApi.o(i.CSpotter_GetResult)
    CSpotter_Init_MultiWithExtRejModel       0x000057e5   Thumb Code   488  CSpotterSDKApi.o(i.CSpotter_Init_MultiWithExtRejModel)
    CSpotter_Init_Sep                        0x000059e9   Thumb Code    36  CSpotterSDKApi.o(i.CSpotter_Init_Sep)
    CSpotter_Release                         0x00005a0d   Thumb Code    36  CSpotterSDKApi.o(i.CSpotter_Release)
    CSpotter_Reset                           0x00005a35   Thumb Code    40  CSpotterSDKApi.o(i.CSpotter_Reset)
    DPWM_Open                                0x00005a69   Thumb Code     2  dpwm.o(i.DPWM_Open)
    DPWM_SetSampleRate                       0x00005a6d   Thumb Code    50  dpwm.o(i.DPWM_SetSampleRate)
    Default_KeyHandler                       0x00005aa9   Thumb Code   204  inputkeyactions.o(i.Default_KeyHandler)
    FMC_Close                                0x00005b8d   Thumb Code    14  fmc.o(i.FMC_Close)
    FMC_Erase                                0x00005ba1   Thumb Code    68  fmc.o(i.FMC_Erase)
    FMC_Open                                 0x00005be9   Thumb Code    14  fmc.o(i.FMC_Open)
    FMC_Write                                0x00005bfd   Thumb Code    36  fmc.o(i.FMC_Write)
    GPAB_IRQHandler                          0x00005c25   Thumb Code    18  interrupthandler.o(i.GPAB_IRQHandler)
    GPIO_DisableInt                          0x00005c41   Thumb Code    22  gpio.o(i.GPIO_DisableInt)
    GPIO_EnableInt                           0x00005c5d   Thumb Code    26  gpio.o(i.GPIO_EnableInt)
    GPIO_SetMode                             0x00005c77   Thumb Code    40  gpio.o(i.GPIO_SetMode)
    InputKey_Change                          0x00005ca1   Thumb Code    26  configio.o(i.InputKey_Change)
    InputKey_Initiate                        0x00005cc1   Thumb Code   148  configio.o(i.InputKey_Initiate)
    Keypad_InitKeypad                        0x00005d6d   Thumb Code    14  keypad.o(i.Keypad_InitKeypad)
    Keypad_InitTgr                           0x00005d85   Thumb Code    42  keypad.o(i.Keypad_InitTgr)
    Keypad_ResetTgr                          0x00005db9   Thumb Code    14  keypad.o(i.Keypad_ResetTgr)
    Keypad_TgrDecDebounceCounter             0x00005dd1   Thumb Code    30  keypad.o(i.Keypad_TgrDecDebounceCounter)
    MD4App_DecodeInitiate                    0x00005df9   Thumb Code    34  md4app.o(i.MD4App_DecodeInitiate)
    MD4App_DecodeProcess                     0x00005e1d   Thumb Code   132  md4app.o(i.MD4App_DecodeProcess)
    MD4App_DecodeStartPlayByAddr             0x00005ea5   Thumb Code   108  md4app.o(i.MD4App_DecodeStartPlayByAddr)
    MD4App_DecodeStartPlayByID               0x00005f15   Thumb Code    42  md4app.o(i.MD4App_DecodeStartPlayByID)
    MD4App_DecodeStopPlay                    0x00005f45   Thumb Code    26  md4app.o(i.MD4App_DecodeStopPlay)
    MD4_DecodeInitiate                       0x00006049   Thumb Code   154  md4decode.o(i.MD4_DecodeInitiate)
    MD4_DecodeIsEnd                          0x000060e9   Thumb Code    22  md4decode.o(i.MD4_DecodeIsEnd)
    MD4_DecodeProcess                        0x000060ff   Thumb Code   256  md4decode.o(i.MD4_DecodeProcess)
    MIC_ChangeSR                             0x00006201   Thumb Code   108  micspk.o(i.MIC_ChangeSR)
    MIC_Close                                0x00006281   Thumb Code    58  micspk.o(i.MIC_Close)
    MIC_Open                                 0x000062c9   Thumb Code   216  micspk.o(i.MIC_Open)
    MIC_Start                                0x000063c9   Thumb Code     8  micspk.o(i.MIC_Start)
    MIC_Stop                                 0x000063d5   Thumb Code    10  micspk.o(i.MIC_Stop)
    MicGetApp_Initiate                       0x000063e5   Thumb Code    22  micgetapp.o(i.MicGetApp_Initiate)
    MicGetApp_ProcessRec                     0x000063fb   Thumb Code    40  micgetapp.o(i.MicGetApp_ProcessRec)
    MicGetApp_StartRec                       0x00006423   Thumb Code    40  micgetapp.o(i.MicGetApp_StartRec)
    MicGetApp_StopRec                        0x0000644b   Thumb Code    16  micgetapp.o(i.MicGetApp_StopRec)
    NINJA_API_1                              0x0000645b   Thumb Code   102  BsrGo.o(i.NINJA_API_1)
    NINJA_API_11                             0x000064c1   Thumb Code   634  BsrGo.o(i.NINJA_API_11)
    NINJA_API_13                             0x00006741   Thumb Code   358  BsrGo.o(i.NINJA_API_13)
    NINJA_API_15                             0x000068b1   Thumb Code    30  BsrGo.o(i.NINJA_API_15)
    NINJA_API_19                             0x000068cf   Thumb Code    30  BsrGo.o(i.NINJA_API_19)
    NINJA_API_2                              0x000068ed   Thumb Code    40  BsrGo.o(i.NINJA_API_2)
    NINJA_API_23                             0x00006915   Thumb Code    38  BsrGo.o(i.NINJA_API_23)
    NINJA_API_26                             0x0000693b   Thumb Code    48  BsrGo.o(i.NINJA_API_26)
    NINJA_API_3                              0x0000696b   Thumb Code    36  BsrGo.o(i.NINJA_API_3)
    NINJA_API_47                             0x0000698f   Thumb Code   112  BsrGo.o(i.NINJA_API_47)
    NINJA_API_48                             0x000069ff   Thumb Code   126  BsrGo.o(i.NINJA_API_48)
    NINJA_API_55                             0x00006a7d   Thumb Code    60  BsrGo.o(i.NINJA_API_55)
    NINJA_API_56                             0x00006ab9   Thumb Code    42  BsrGo.o(i.NINJA_API_56)
    NINJA_API_73                             0x00006ae5   Thumb Code   978  BsrGo.o(i.NINJA_API_73)
    NINJA_API_75                             0x00006ec5   Thumb Code   174  BsrGo.o(i.NINJA_API_75)
    OutputPin_Initiate                       0x00006f8d   Thumb Code    28  configio.o(i.OutputPin_Initiate)
    OutputPin_Set                            0x00006fad   Thumb Code    16  configio.o(i.OutputPin_Set)
    PDMA_DisableInt                          0x00006fbd   Thumb Code    14  pdma.o(i.PDMA_DisableInt)
    PDMA_EnableInt                           0x00006fd1   Thumb Code    14  pdma.o(i.PDMA_EnableInt)
    PDMA_IRQHandler                          0x00006fe5   Thumb Code    42  interrupthandler.o(i.PDMA_IRQHandler)
    PDMA_Open                                0x0000701d   Thumb Code    12  pdma.o(i.PDMA_Open)
    PDMA_SetTransferAddr                     0x0000702d   Thumb Code    28  pdma.o(i.PDMA_SetTransferAddr)
    PDMA_SetTransferCnt                      0x0000704d   Thumb Code    50  pdma.o(i.PDMA_SetTransferCnt)
    PDMA_SetTransferDirection                0x00007085   Thumb Code    18  pdma.o(i.PDMA_SetTransferDirection)
    PDMA_SetTransferMode                     0x0000709d   Thumb Code   148  pdma.o(i.PDMA_SetTransferMode)
    PDMA_Trigger                             0x00007135   Thumb Code    16  pdma.o(i.PDMA_Trigger)
    PWM0_IRQHandler                          0x0000714d   Thumb Code    22  main.o(i.PWM0_IRQHandler)
    PWM_ClearIntFlag                         0x0000716d   Thumb Code     8  pwm.o(i.PWM_ClearIntFlag)
    PWM_ConfigOutputChannel                  0x00007175   Thumb Code   280  pwm.o(i.PWM_ConfigOutputChannel)
    PWM_EnableOutput                         0x0000729d   Thumb Code     8  pwm.o(i.PWM_EnableOutput)
    PWM_Start                                0x000072a5   Thumb Code    38  pwm.o(i.PWM_Start)
    PdmaCtrl_Close                           0x000072cd   Thumb Code    30  pdmactrl.o(i.PdmaCtrl_Close)
    PdmaCtrl_Init                            0x000072f5   Thumb Code    28  pdmactrl.o(i.PdmaCtrl_Init)
    PdmaCtrl_Open                            0x00007319   Thumb Code   132  pdmactrl.o(i.PdmaCtrl_Open)
    PdmaCtrl_Start                           0x000073a5   Thumb Code    60  pdmactrl.o(i.PdmaCtrl_Start)
    PdmaCtrl_Stop                            0x000073e5   Thumb Code    16  pdmactrl.o(i.PdmaCtrl_Stop)
    PdmaCtrl_UnInit                          0x000073f9   Thumb Code    22  pdmactrl.o(i.PdmaCtrl_UnInit)
    Playback_Add                             0x00007419   Thumb Code    48  playback.o(i.Playback_Add)
    Playback_Initiate                        0x0000744d   Thumb Code    10  playback.o(i.Playback_Initiate)
    Playback_Process                         0x00007459   Thumb Code   190  playback.o(i.Playback_Process)
    Playback_Remove                          0x00007525   Thumb Code    26  playback.o(i.Playback_Remove)
    Playback_ResetChannelVolume              0x00007545   Thumb Code    14  playback.o(i.Playback_ResetChannelVolume)
    Playback_SetOutputBuf                    0x00007559   Thumb Code    40  playback.o(i.Playback_SetOutputBuf)
    Playback_StartPlay                       0x00007581   Thumb Code    72  playback.o(i.Playback_StartPlay)
    Playback_StopPlay                        0x000075d9   Thumb Code    68  playback.o(i.Playback_StopPlay)
    PowerDown                                0x00007625   Thumb Code    14  powerdown.o(i.PowerDown)
    PowerDown_Enter                          0x00007635   Thumb Code   110  powerdown.o(i.PowerDown_Enter)
    PowerDown_Exit                           0x000076b1   Thumb Code    50  powerdown.o(i.PowerDown_Exit)
    PowerDown_GPIOConfigWakePin              0x000076e9   Thumb Code    52  powerdown.o(i.PowerDown_GPIOConfigWakePin)
    PowerDown_GPIOPostProc                   0x00007721   Thumb Code    28  powerdown.o(i.PowerDown_GPIOPostProc)
    PowerDown_GPIOPreProc                    0x00007741   Thumb Code    56  powerdown.o(i.PowerDown_GPIOPreProc)
    PowerDown_GPIOStableCount                0x00007789   Thumb Code    52  powerdown.o(i.PowerDown_GPIOStableCount)
    PreLoad_VRBin                            0x000077c9   Thumb Code   172  preload.o(i.PreLoad_VRBin)
    RTC_IRQHandler                           0x00007879   Thumb Code     2  interrupthandler.o(i.RTC_IRQHandler)
    Record_Add                               0x0000787d   Thumb Code    18  record.o(i.Record_Add)
    Record_Process                           0x00007895   Thumb Code    58  record.o(i.Record_Process)
    Record_SetInBufRecord                    0x000078d9   Thumb Code    34  record.o(i.Record_SetInBufRecord)
    Record_StartRec                          0x000078fd   Thumb Code    54  record.o(i.Record_StartRec)
    Record_StopRec                           0x00007945   Thumb Code    24  record.o(i.Record_StopRec)
    SPIFlash_3ByteAddr_Cmd                   0x00007961   Thumb Code    48  spiflash.o(i.SPIFlash_3ByteAddr_Cmd)
    SPIFlash_GetChipInfo                     0x00007991   Thumb Code    44  spiflash.o(i.SPIFlash_GetChipInfo)
    SPIFlash_Initiate                        0x000079bd   Thumb Code   102  main.o(i.SPIFlash_Initiate)
    SPIFlash_Open                            0x00007a39   Thumb Code   112  spiflash.o(i.SPIFlash_Open)
    SPIFlash_PowerDown                       0x00007aa9   Thumb Code    20  spiflash.o(i.SPIFlash_PowerDown)
    SPIFlash_Read                            0x00007abd   Thumb Code    30  spiflash.o(i.SPIFlash_Read)
    SPIFlash_ReadData                        0x00007adb   Thumb Code   212  spiflash.o(i.SPIFlash_ReadData)
    SPIFlash_ReadDataCallback                0x00007bb1   Thumb Code    18  appcallback.o(i.SPIFlash_ReadDataCallback)
    SPIFlash_ReadEnd                         0x00007bc9   Thumb Code    24  spiflash.o(i.SPIFlash_ReadEnd)
    SPIFlash_ReadStart                       0x00007be1   Thumb Code    78  spiflash.o(i.SPIFlash_ReadStart)
    SPIFlash_SendRecOneData                  0x00007c2f   Thumb Code    82  spiflash.o(i.SPIFlash_SendRecOneData)
    SPI_Close                                0x00007c81   Thumb Code    26  spi.o(i.SPI_Close)
    SPI_GetBusClock                          0x00007ca1   Thumb Code    22  spi.o(i.SPI_GetBusClock)
    SPI_Open                                 0x00007cb7   Thumb Code    36  spi.o(i.SPI_Open)
    SPI_SetBusClock                          0x00007cdd   Thumb Code    74  spi.o(i.SPI_SetBusClock)
    SPI_SetVarClock                          0x00007d2d   Thumb Code    58  spi.o(i.SPI_SetVarClock)
    SPK_ChangeSR                             0x00007d6d   Thumb Code    42  micspk.o(i.SPK_ChangeSR)
    SPK_Close                                0x00007da5   Thumb Code    28  micspk.o(i.SPK_Close)
    SPK_Open                                 0x00007dc9   Thumb Code    56  micspk.o(i.SPK_Open)
    SPK_Start                                0x00007e11   Thumb Code    26  micspk.o(i.SPK_Start)
    SPK_Stop                                 0x00007e31   Thumb Code    12  micspk.o(i.SPK_Stop)
    SYS_Lock                                 0x00007e41   Thumb Code    12  sys.o(i.SYS_Lock)
    SYS_ResetModule                          0x00007e51   Thumb Code    26  sys.o(i.SYS_ResetModule)
    SYS_Unlock                               0x00007e6d   Thumb Code    38  sys.o(i.SYS_Unlock)
    SendChar_ToUART                          0x00007e99   Thumb Code    26  retarget.o(i.SendChar_ToUART)
    SysClk_InitiateRC                        0x00007eb9   Thumb Code    76  sysclk.o(i.SysClk_InitiateRC)
    SystemCoreClockUpdate                    0x00007f0d   Thumb Code    62  system_isd9100.o(i.SystemCoreClockUpdate)
    TIMER_GetModuleClock                     0x00007f5d   Thumb Code    70  timer.o(i.TIMER_GetModuleClock)
    TIMER_GetWorkingFreq                     0x00007fb5   Thumb Code    24  timer.o(i.TIMER_GetWorkingFreq)
    TIMER_Open                               0x00007fcd   Thumb Code    94  timer.o(i.TIMER_Open)
    TMR0_IRQHandler                          0x0000802d   Thumb Code   150  main.o(i.TMR0_IRQHandler)
    TMR1_IRQHandler                          0x000080d5   Thumb Code    22  interrupthandler.o(i.TMR1_IRQHandler)
    UART0_IRQHandler                         0x000080f5   Thumb Code    96  main.o(i.UART0_IRQHandler)
    UART_ClearIntFlag                        0x0000815d   Thumb Code    50  uart.o(i.UART_ClearIntFlag)
    UART_Init                                0x00008195   Thumb Code   108  main.o(i.UART_Init)
    UART_Open                                0x0000820d   Thumb Code    84  uart.o(i.UART_Open)
    UserEvent_ProcessCallback                0x00008269   Thumb Code     4  appcallback.o(i.UserEvent_ProcessCallback)
    VROneCmdApp_GetCMDID                     0x0000826d   Thumb Code    42  vronecmdapp.o(i.VROneCmdApp_GetCMDID)
    VROneCmdApp_Initiate                     0x00008297   Thumb Code    72  vronecmdapp.o(i.VROneCmdApp_Initiate)
    VROneCmdApp_UnpackBin                    0x000082df   Thumb Code    56  vronecmdapp.o(i.VROneCmdApp_UnpackBin)
    VolumeCtrl_Reset                         0x00008317   Thumb Code    22  volumectrl.o(i.VolumeCtrl_Reset)
    VolumeCtrl_VolumeFade                    0x0000832d   Thumb Code    32  volumectrl.o(i.VolumeCtrl_VolumeFade)
    WDT_IRQHandler                           0x00008351   Thumb Code     2  interrupthandler.o(i.WDT_IRQHandler)
    __ARM_common_switch8                     0x00008353   Thumb Code    26  appfunctions.o(i.__ARM_common_switch8)
    _is_digit                                0x0000836d   Thumb Code    14  __printf_wp.o(i._is_digit)
    ferror                                   0x0000837b   Thumb Code     6  retarget.o(i.ferror)
    fputc                                    0x00008381   Thumb Code    12  retarget.o(i.fputc)
    main                                     0x0000838d   Thumb Code    80  main.o(i.main)
    pwm_init                                 0x000083f5   Thumb Code   106  main.o(i.pwm_init)
    time_init                                0x00008479   Thumb Code    62  main.o(i.time_init)
    uart_rev_task                            0x000084c5   Thumb Code    24  main.o(i.uart_rev_task)
    __I$use$fp                               0x000084e0   Number         0  usenofp.o(x$fpl$usenofp)
    g_asAppCallBack                          0x000084e0   Data          16  appcallback.o(.constdata)
    g_au8TriggerKeyStateIndex                0x000084f0   Data           1  configio.o(.constdata)
    g_asTriggerKeyHandler                    0x000084f4   Data         228  configio.o(.constdata)
    g_u32BiqCoeff                            0x000085e0   Data          60  micspk.o(.constdata)
    g_u16Playback_Volume_DB_Table            0x0000861c   Data          26  volumectrl.o(.constdata)
    au16MD4StepAry                           0x000086f4   Data          32  md4decode.o(.constdata)
    ai8MD4CoefTable                          0x00008714   Data          16  md4decode.o(.constdata)
    Region$$Table$$Base                      0x0000a268   Number         0  anon$$obj.o(Region$$Table)
    Region$$Table$$Limit                     0x0000a288   Number         0  anon$$obj.o(Region$$Table)
    spk_sta                                  0x20000000   Data           1  main.o(.data)
    vr_time                                  0x20000004   Data           2  main.o(.data)
    PB_PIN_STA                               0x20000006   Data           2  main.o(.data)
    g_u8AppCtrl                              0x20000010   Data           1  main.o(.data)
    u8TotalAudioNum                          0x20000014   Data           1  appfunctions.o(.data)
    i32ID                                    0x20000015   Data           1  appfunctions.o(.data)
    AudioResStr                              0x2000001c   Data          72  appfunctions.o(.data)
    VR_count                                 0x20000064   Data           4  interrupthandler.o(.data)
    SystemCoreClock                          0x20000068   Data           4  system_isd9100.o(.data)
    CyclesPerUs                              0x2000006c   Data           4  system_isd9100.o(.data)
    gau32HiRCSrcTbl                          0x20000070   Data           8  system_isd9100.o(.data)
    gau32ClkSrcTbl                           0x20000078   Data          12  system_isd9100.o(.data)
    g_pi16PcmBuf                             0x20000088   Data           4  playback.o(.data)
    g_psDacBufCtrl                           0x2000008c   Data           4  playback.o(.data)
    g_sChannelVolInfo                        0x20000090   Data           8  volumectrl.o(.data)
    g_psAdcBufCtrl                           0x2000009c   Data           4  record.o(.data)
    g_u16DebounceCount                       0x200000a6   Data           2  keypad.o(.data)
    g_u16PressingCount                       0x200000a8   Data           2  keypad.o(.data)
    __stdout                                 0x200000ac   Data           4  retarget.o(.data)
    g_sSpiFlash                              0x200000b0   Data          12  main.o(.bss)
    ap_uart0                                 0x200000bc   Data         128  main.o(.bss)
    pwm0                                     0x2000013c   Data          12  main.o(.bss)
    g_sApp                                   0x20000148   Data        9984  main.o(.bss)
    g_ai16DACSamples                         0x20002848   Data          16  interrupthandler.o(.bss)
    g_ai16ADCSamples                         0x20002858   Data          16  interrupthandler.o(.bss)
    __libspace_start                         0x200028e0   Data          96  libspace.o(.bss)
    __temporary_stack_top$libspace           0x20002940   Data           0  libspace.o(.bss)



==============================================================================

Memory Map of the image

  Image Entry point : 0x000001ad

  Load Region LR_IROM1 (Base: 0x00000000, Size: 0x0000a338, Max: 0x00023400, ABSOLUTE)

    Execution Region ER_IROM1 (Exec base: 0x00000000, Load base: 0x00000000, Size: 0x0000a288, Max: 0x00023400, ABSOLUTE)

    Exec Addr    Load Addr    Size         Type   Attr      Idx    E Section Name        Object

    0x00000000   0x00000000   0x000000c0   Data   RO          865    RESET               startup_isd9100.o
    0x000000c0   0x000000c0   0x00000008   Code   RO         3917  * !!!main             c_p.l(__main.o)
    0x000000c8   0x000000c8   0x0000003c   Code   RO         4102    !!!scatter          c_p.l(__scatter.o)
    0x00000104   0x00000104   0x0000001a   Code   RO         4104    !!handler_copy      c_p.l(__scatter_copy.o)
    0x0000011e   0x0000011e   0x00000002   PAD
    0x00000120   0x00000120   0x0000001c   Code   RO         4106    !!handler_zi        c_p.l(__scatter_zi.o)
    0x0000013c   0x0000013c   0x00000002   Code   RO         3904    .ARM.Collect$$_printf_percent$$00000000  c_p.l(_printf_percent.o)
    0x0000013e   0x0000013e   0x0000000a   Code   RO         3902    .ARM.Collect$$_printf_percent$$00000014  c_p.l(_printf_s.o)
    0x00000148   0x00000148   0x00000004   Code   RO         3936    .ARM.Collect$$_printf_percent$$00000017  c_p.l(_printf_percent_end.o)
    0x0000014c   0x0000014c   0x00000002   Code   RO         3973    .ARM.Collect$$libinit$$00000000  c_p.l(libinit.o)
    0x0000014e   0x0000014e   0x00000000   Code   RO         3987    .ARM.Collect$$libinit$$00000002  c_p.l(libinit2.o)
    0x0000014e   0x0000014e   0x00000000   Code   RO         3989    .ARM.Collect$$libinit$$00000004  c_p.l(libinit2.o)
    0x0000014e   0x0000014e   0x00000000   Code   RO         3992    .ARM.Collect$$libinit$$0000000A  c_p.l(libinit2.o)
    0x0000014e   0x0000014e   0x00000000   Code   RO         3994    .ARM.Collect$$libinit$$0000000C  c_p.l(libinit2.o)
    0x0000014e   0x0000014e   0x00000000   Code   RO         3996    .ARM.Collect$$libinit$$0000000E  c_p.l(libinit2.o)
    0x0000014e   0x0000014e   0x00000000   Code   RO         3999    .ARM.Collect$$libinit$$00000011  c_p.l(libinit2.o)
    0x0000014e   0x0000014e   0x00000000   Code   RO         4001    .ARM.Collect$$libinit$$00000013  c_p.l(libinit2.o)
    0x0000014e   0x0000014e   0x00000000   Code   RO         4003    .ARM.Collect$$libinit$$00000015  c_p.l(libinit2.o)
    0x0000014e   0x0000014e   0x00000000   Code   RO         4005    .ARM.Collect$$libinit$$00000017  c_p.l(libinit2.o)
    0x0000014e   0x0000014e   0x00000000   Code   RO         4007    .ARM.Collect$$libinit$$00000019  c_p.l(libinit2.o)
    0x0000014e   0x0000014e   0x00000000   Code   RO         4009    .ARM.Collect$$libinit$$0000001B  c_p.l(libinit2.o)
    0x0000014e   0x0000014e   0x00000000   Code   RO         4011    .ARM.Collect$$libinit$$0000001D  c_p.l(libinit2.o)
    0x0000014e   0x0000014e   0x00000000   Code   RO         4013    .ARM.Collect$$libinit$$0000001F  c_p.l(libinit2.o)
    0x0000014e   0x0000014e   0x00000000   Code   RO         4015    .ARM.Collect$$libinit$$00000021  c_p.l(libinit2.o)
    0x0000014e   0x0000014e   0x00000000   Code   RO         4017    .ARM.Collect$$libinit$$00000023  c_p.l(libinit2.o)
    0x0000014e   0x0000014e   0x00000000   Code   RO         4019    .ARM.Collect$$libinit$$00000025  c_p.l(libinit2.o)
    0x0000014e   0x0000014e   0x00000000   Code   RO         4023    .ARM.Collect$$libinit$$0000002C  c_p.l(libinit2.o)
    0x0000014e   0x0000014e   0x00000000   Code   RO         4025    .ARM.Collect$$libinit$$0000002E  c_p.l(libinit2.o)
    0x0000014e   0x0000014e   0x00000000   Code   RO         4027    .ARM.Collect$$libinit$$00000030  c_p.l(libinit2.o)
    0x0000014e   0x0000014e   0x00000000   Code   RO         4029    .ARM.Collect$$libinit$$00000032  c_p.l(libinit2.o)
    0x0000014e   0x0000014e   0x00000002   Code   RO         4030    .ARM.Collect$$libinit$$00000033  c_p.l(libinit2.o)
    0x00000150   0x00000150   0x00000002   Code   RO         4059    .ARM.Collect$$libshutdown$$00000000  c_p.l(libshutdown.o)
    0x00000152   0x00000152   0x00000000   Code   RO         4085    .ARM.Collect$$libshutdown$$00000002  c_p.l(libshutdown2.o)
    0x00000152   0x00000152   0x00000000   Code   RO         4087    .ARM.Collect$$libshutdown$$00000004  c_p.l(libshutdown2.o)
    0x00000152   0x00000152   0x00000000   Code   RO         4090    .ARM.Collect$$libshutdown$$00000007  c_p.l(libshutdown2.o)
    0x00000152   0x00000152   0x00000000   Code   RO         4093    .ARM.Collect$$libshutdown$$0000000A  c_p.l(libshutdown2.o)
    0x00000152   0x00000152   0x00000000   Code   RO         4095    .ARM.Collect$$libshutdown$$0000000C  c_p.l(libshutdown2.o)
    0x00000152   0x00000152   0x00000000   Code   RO         4098    .ARM.Collect$$libshutdown$$0000000F  c_p.l(libshutdown2.o)
    0x00000152   0x00000152   0x00000002   Code   RO         4099    .ARM.Collect$$libshutdown$$00000010  c_p.l(libshutdown2.o)
    0x00000154   0x00000154   0x00000000   Code   RO         3925    .ARM.Collect$$rtentry$$00000000  c_p.l(__rtentry.o)
    0x00000154   0x00000154   0x00000000   Code   RO         3939    .ARM.Collect$$rtentry$$00000002  c_p.l(__rtentry2.o)
    0x00000154   0x00000154   0x00000006   Code   RO         3951    .ARM.Collect$$rtentry$$00000004  c_p.l(__rtentry4.o)
    0x0000015a   0x0000015a   0x00000000   Code   RO         3941    .ARM.Collect$$rtentry$$00000009  c_p.l(__rtentry2.o)
    0x0000015a   0x0000015a   0x00000004   Code   RO         3942    .ARM.Collect$$rtentry$$0000000A  c_p.l(__rtentry2.o)
    0x0000015e   0x0000015e   0x00000000   Code   RO         3944    .ARM.Collect$$rtentry$$0000000C  c_p.l(__rtentry2.o)
    0x0000015e   0x0000015e   0x00000008   Code   RO         3945    .ARM.Collect$$rtentry$$0000000D  c_p.l(__rtentry2.o)
    0x00000166   0x00000166   0x00000002   Code   RO         3978    .ARM.Collect$$rtexit$$00000000  c_p.l(rtexit.o)
    0x00000168   0x00000168   0x00000000   Code   RO         4034    .ARM.Collect$$rtexit$$00000002  c_p.l(rtexit2.o)
    0x00000168   0x00000168   0x00000004   Code   RO         4035    .ARM.Collect$$rtexit$$00000003  c_p.l(rtexit2.o)
    0x0000016c   0x0000016c   0x00000006   Code   RO         4036    .ARM.Collect$$rtexit$$00000004  c_p.l(rtexit2.o)
    0x00000172   0x00000172   0x00000002   PAD
    0x00000174   0x00000174   0x00000038   Code   RO         3905    .emb_text           c_p.l(rt_memcpy.o)
    0x000001ac   0x000001ac   0x00000060   Code   RO          866  * .text               startup_isd9100.o
    0x0000020c   0x0000020c   0x0000001c   Code   RO         3855    .text               c_p.l(noretval__2printf.o)
    0x00000228   0x00000228   0x00000052   Code   RO         3859    .text               c_p.l(_printf_str.o)
    0x0000027a   0x0000027a   0x0000010e   Code   RO         3890    .text               c_p.l(__printf_wp.o)
    0x00000388   0x00000388   0x00000040   Code   RO         3909    .text               c_p.l(rt_memclr.o)
    0x000003c8   0x000003c8   0x000001e8   Code   RO         3911    .text               c_p.l(aeabi_sdivfast.o)
    0x000005b0   0x000005b0   0x00000006   Code   RO         3915    .text               c_p.l(heapauxi.o)
    0x000005b6   0x000005b6   0x00000002   PAD
    0x000005b8   0x000005b8   0x00000048   Code   RO         3919    .text               fz_ps.l(dfixui.o)
    0x00000600   0x00000600   0x00000058   Code   RO         3921    .text               fz_ps.l(dflti.o)
    0x00000658   0x00000658   0x00000248   Code   RO         3923    .text               fz_ps.l(dmul.o)
    0x000008a0   0x000008a0   0x0000002e   Code   RO         3932    .text               c_p.l(_printf_char.o)
    0x000008ce   0x000008ce   0x00000002   PAD
    0x000008d0   0x000008d0   0x00000028   Code   RO         3934    .text               c_p.l(_printf_char_file.o)
    0x000008f8   0x000008f8   0x00000030   Code   RO         3955    .text               c_p.l(_printf_char_common.o)
    0x00000928   0x00000928   0x0000003e   Code   RO         3957    .text               c_p.l(sys_stackheap_outer.o)
    0x00000966   0x00000966   0x00000010   Code   RO         3962    .text               c_p.l(exit.o)
    0x00000976   0x00000976   0x00000002   PAD
    0x00000978   0x00000978   0x00000008   Code   RO         3974    .text               c_p.l(libspace.o)
    0x00000980   0x00000980   0x0000000c   Code   RO         4031    .text               c_p.l(sys_exit.o)
    0x0000098c   0x0000098c   0x00000002   Code   RO         4048    .text               c_p.l(use_no_semi.o)
    0x0000098e   0x0000098e   0x00000000   Code   RO         4050    .text               c_p.l(indicate_semi.o)
    0x0000098e   0x0000098e   0x00000002   Code   RO         1883    i.ADC_Close         adc.o
    0x00000990   0x00000990   0x00000040   Code   RO         1884    i.ADC_DisableInt    adc.o
    0x000009d0   0x000009d0   0x00000010   Code   RO         1885    i.ADC_DisableMICBias  adc.o
    0x000009e0   0x000009e0   0x00000010   Code   RO         1887    i.ADC_EnableMICBias  adc.o
    0x000009f0   0x000009f0   0x00000002   Code   RO         1891    i.ADC_Open          adc.o
    0x000009f2   0x000009f2   0x00000002   PAD
    0x000009f4   0x000009f4   0x00000044   Code   RO         1894    i.ADC_SetALCTargetLevel  adc.o
    0x00000a38   0x00000a38   0x0000004c   Code   RO         1895    i.ADC_SetAMUX       adc.o
    0x00000a84   0x00000a84   0x00000038   Code   RO         1897    i.ADC_SetPGAGaindB  adc.o
    0x00000abc   0x00000abc   0x00000050   Code   RO          266    i.App_Initiate      appfunctions.o
    0x00000b0c   0x00000b0c   0x0000002c   Code   RO          267    i.App_PowerDown     appfunctions.o
    0x00000b38   0x00000b38   0x000001ec   Code   RO          268    i.App_Process       appfunctions.o
    0x00000d24   0x00000d24   0x00000038   Code   RO          269    i.App_StartPlay     appfunctions.o
    0x00000d5c   0x00000d5c   0x00000024   Code   RO          270    i.App_StartRecognize  appfunctions.o
    0x00000d80   0x00000d80   0x00000014   Code   RO          271    i.App_StopPlay      appfunctions.o
    0x00000d94   0x00000d94   0x0000001c   Code   RO          272    i.App_StopRecognize  appfunctions.o
    0x00000db0   0x00000db0   0x0000002e   Code   RO          940    i.AudioRom_GetAudioChunkInfo  audiorom.o
    0x00000dde   0x00000dde   0x0000000e   Code   RO          941    i.AudioRom_GetAudioNum  audiorom.o
    0x00000dec   0x00000dec   0x0000001c   Code   RO          942    i.AudioRom_GetRomHeader  audiorom.o
    0x00000e08   0x00000e08   0x00000030   Code   RO         1077    i.BIQFilter_Setting  micspk.o
    0x00000e38   0x00000e38   0x0000001c   Code   RO         1992    i.BIQ_Reset         biq.o
    0x00000e54   0x00000e54   0x00000044   Code   RO         1993    i.BIQ_SetCoeff      biq.o
    0x00000e98   0x00000e98   0x0000002c   Code   RO         3700    i.BsrAbby           libCSpotterSDK_16k_24d_ISD9xxC_arm-cm0_V6.4.4_b20180328.lib(BsrJoe.o)
    0x00000ec4   0x00000ec4   0x0000007e   Code   RO         3701    i.BsrAbel           libCSpotterSDK_16k_24d_ISD9xxC_arm-cm0_V6.4.4_b20180328.lib(BsrJoe.o)
    0x00000f42   0x00000f42   0x000000c8   Code   RO         3702    i.BsrAdam           libCSpotterSDK_16k_24d_ISD9xxC_arm-cm0_V6.4.4_b20180328.lib(BsrJoe.o)
    0x0000100a   0x0000100a   0x000000d2   Code   RO         3574    i.BsrAlma           libCSpotterSDK_16k_24d_ISD9xxC_arm-cm0_V6.4.4_b20180328.lib(BsrDon.o)
    0x000010dc   0x000010dc   0x00000018   Code   RO         3575    i.BsrAmir           libCSpotterSDK_16k_24d_ISD9xxC_arm-cm0_V6.4.4_b20180328.lib(BsrDon.o)
    0x000010f4   0x000010f4   0x00000126   Code   RO         3576    i.BsrAmos           libCSpotterSDK_16k_24d_ISD9xxC_arm-cm0_V6.4.4_b20180328.lib(BsrDon.o)
    0x0000121a   0x0000121a   0x0000002a   Code   RO         3610    i.BsrAna            libCSpotterSDK_16k_24d_ISD9xxC_arm-cm0_V6.4.4_b20180328.lib(BsrJim.o)
    0x00001244   0x00001244   0x00000026   Code   RO         3578    i.BsrAnna           libCSpotterSDK_16k_24d_ISD9xxC_arm-cm0_V6.4.4_b20180328.lib(BsrDon.o)
    0x0000126a   0x0000126a   0x00000018   Code   RO         3579    i.BsrAnne           libCSpotterSDK_16k_24d_ISD9xxC_arm-cm0_V6.4.4_b20180328.lib(BsrDon.o)
    0x00001282   0x00001282   0x0000001c   Code   RO         3580    i.BsrAnnie          libCSpotterSDK_16k_24d_ISD9xxC_arm-cm0_V6.4.4_b20180328.lib(BsrDon.o)
    0x0000129e   0x0000129e   0x00000002   PAD
    0x000012a0   0x000012a0   0x000000b0   Code   RO         3611    i.BsrAri            libCSpotterSDK_16k_24d_ISD9xxC_arm-cm0_V6.4.4_b20180328.lib(BsrJim.o)
    0x00001350   0x00001350   0x000000f4   Code   RO         3612    i.BsrAsa            libCSpotterSDK_16k_24d_ISD9xxC_arm-cm0_V6.4.4_b20180328.lib(BsrJim.o)
    0x00001444   0x00001444   0x000000aa   Code   RO         3614    i.BsrAvea           libCSpotterSDK_16k_24d_ISD9xxC_arm-cm0_V6.4.4_b20180328.lib(BsrJim.o)
    0x000014ee   0x000014ee   0x0000001a   Code   RO         3586    i.BsrAyla           libCSpotterSDK_16k_24d_ISD9xxC_arm-cm0_V6.4.4_b20180328.lib(BsrDon.o)
    0x00001508   0x00001508   0x0000000e   Code   RO         3587    i.BsrBaby           libCSpotterSDK_16k_24d_ISD9xxC_arm-cm0_V6.4.4_b20180328.lib(BsrDon.o)
    0x00001516   0x00001516   0x000000ac   Code   RO         3615    i.BsrBen            libCSpotterSDK_16k_24d_ISD9xxC_arm-cm0_V6.4.4_b20180328.lib(BsrJim.o)
    0x000015c2   0x000015c2   0x00000002   PAD
    0x000015c4   0x000015c4   0x0000003c   Code   RO         3571    i.BsrBrad           libCSpotterSDK_16k_24d_ISD9xxC_arm-cm0_V6.4.4_b20180328.lib(BsrBen.o)
    0x00001600   0x00001600   0x00000150   Code   RO         3769    i.BsrBret           libCSpotterSDK_16k_24d_ISD9xxC_arm-cm0_V6.4.4_b20180328.lib(BsrJay.o)
    0x00001750   0x00001750   0x0000018a   Code   RO         3770    i.BsrCade           libCSpotterSDK_16k_24d_ISD9xxC_arm-cm0_V6.4.4_b20180328.lib(BsrJay.o)
    0x000018da   0x000018da   0x00000002   PAD
    0x000018dc   0x000018dc   0x00000104   Code   RO         3771    i.BsrCadea          libCSpotterSDK_16k_24d_ISD9xxC_arm-cm0_V6.4.4_b20180328.lib(BsrJay.o)
    0x000019e0   0x000019e0   0x00000044   Code   RO         3772    i.BsrCale           libCSpotterSDK_16k_24d_ISD9xxC_arm-cm0_V6.4.4_b20180328.lib(BsrJay.o)
    0x00001a24   0x00001a24   0x000003e8   Code   RO         3773    i.BsrCara           libCSpotterSDK_16k_24d_ISD9xxC_arm-cm0_V6.4.4_b20180328.lib(BsrJay.o)
    0x00001e0c   0x00001e0c   0x000000cc   Code   RO         3774    i.BsrCarae          libCSpotterSDK_16k_24d_ISD9xxC_arm-cm0_V6.4.4_b20180328.lib(BsrJay.o)
    0x00001ed8   0x00001ed8   0x000000bc   Code   RO         3775    i.BsrChad           libCSpotterSDK_16k_24d_ISD9xxC_arm-cm0_V6.4.4_b20180328.lib(BsrJay.o)
    0x00001f94   0x00001f94   0x00000048   Code   RO         3776    i.BsrChada          libCSpotterSDK_16k_24d_ISD9xxC_arm-cm0_V6.4.4_b20180328.lib(BsrJay.o)
    0x00001fdc   0x00001fdc   0x000000e0   Code   RO         3777    i.BsrChaz           libCSpotterSDK_16k_24d_ISD9xxC_arm-cm0_V6.4.4_b20180328.lib(BsrJay.o)
    0x000020bc   0x000020bc   0x000000bc   Code   RO         3778    i.BsrChaza          libCSpotterSDK_16k_24d_ISD9xxC_arm-cm0_V6.4.4_b20180328.lib(BsrJay.o)
    0x00002178   0x00002178   0x000000d0   Code   RO         3779    i.BsrChaze          libCSpotterSDK_16k_24d_ISD9xxC_arm-cm0_V6.4.4_b20180328.lib(BsrJay.o)
    0x00002248   0x00002248   0x000000ce   Code   RO         3780    i.BsrChazi          libCSpotterSDK_16k_24d_ISD9xxC_arm-cm0_V6.4.4_b20180328.lib(BsrJay.o)
    0x00002316   0x00002316   0x00000002   PAD
    0x00002318   0x00002318   0x00000568   Code   RO         3781    i.BsrClay           libCSpotterSDK_16k_24d_ISD9xxC_arm-cm0_V6.4.4_b20180328.lib(BsrJay.o)
    0x00002880   0x00002880   0x000001ec   Code   RO         3797    i.BsrCory           libCSpotterSDK_16k_24d_ISD9xxC_arm-cm0_V6.4.4_b20180328.lib(BsrJoy.o)
    0x00002a6c   0x00002a6c   0x00000022   Code   RO         3798    i.BsrCoty           libCSpotterSDK_16k_24d_ISD9xxC_arm-cm0_V6.4.4_b20180328.lib(BsrJoy.o)
    0x00002a8e   0x00002a8e   0x00000002   PAD
    0x00002a90   0x00002a90   0x00000058   Code   RO         3617    i.BsrDan            libCSpotterSDK_16k_24d_ISD9xxC_arm-cm0_V6.4.4_b20180328.lib(BsrJim.o)
    0x00002ae8   0x00002ae8   0x00000008   Code   RO         3802    i.BsrDane           libCSpotterSDK_16k_24d_ISD9xxC_arm-cm0_V6.4.4_b20180328.lib(BsrJoy.o)
    0x00002af0   0x00002af0   0x00000008   Code   RO         3804    i.BsrDawn           libCSpotterSDK_16k_24d_ISD9xxC_arm-cm0_V6.4.4_b20180328.lib(BsrJoy.o)
    0x00002af8   0x00002af8   0x0000006c   Code   RO         3805    i.BsrDeja           libCSpotterSDK_16k_24d_ISD9xxC_arm-cm0_V6.4.4_b20180328.lib(BsrJoy.o)
    0x00002b64   0x00002b64   0x00000180   Code   RO         3806    i.BsrDemi           libCSpotterSDK_16k_24d_ISD9xxC_arm-cm0_V6.4.4_b20180328.lib(BsrJoy.o)
    0x00002ce4   0x00002ce4   0x00000176   Code   RO         3807    i.BsrDeon           libCSpotterSDK_16k_24d_ISD9xxC_arm-cm0_V6.4.4_b20180328.lib(BsrJoy.o)
    0x00002e5a   0x00002e5a   0x0000024a   Code   RO         3808    i.BsrDina           libCSpotterSDK_16k_24d_ISD9xxC_arm-cm0_V6.4.4_b20180328.lib(BsrJoy.o)
    0x000030a4   0x000030a4   0x000000dc   Code   RO         3809    i.BsrDion           libCSpotterSDK_16k_24d_ISD9xxC_arm-cm0_V6.4.4_b20180328.lib(BsrJoy.o)
    0x00003180   0x00003180   0x00000164   Code   RO         3761    i.BsrEden           libCSpotterSDK_16k_24d_ISD9xxC_arm-cm0_V6.4.4_b20180328.lib(BsrEva.o)
    0x000032e4   0x000032e4   0x00000058   Code   RO         3620    i.BsrEli            libCSpotterSDK_16k_24d_ISD9xxC_arm-cm0_V6.4.4_b20180328.lib(BsrJim.o)
    0x0000333c   0x0000333c   0x000001b0   Code   RO         3762    i.BsrElla           libCSpotterSDK_16k_24d_ISD9xxC_arm-cm0_V6.4.4_b20180328.lib(BsrEva.o)
    0x000034ec   0x000034ec   0x00000178   Code   RO         3763    i.BsrElsa           libCSpotterSDK_16k_24d_ISD9xxC_arm-cm0_V6.4.4_b20180328.lib(BsrEva.o)
    0x00003664   0x00003664   0x000000d8   Code   RO         3748    i.BsrEmma           libCSpotterSDK_16k_24d_ISD9xxC_arm-cm0_V6.4.4_b20180328.lib(BsrEli.o)
    0x0000373c   0x0000373c   0x00000082   Code   RO         3749    i.BsrEric           libCSpotterSDK_16k_24d_ISD9xxC_arm-cm0_V6.4.4_b20180328.lib(BsrEli.o)
    0x000037be   0x000037be   0x00000002   PAD
    0x000037c0   0x000037c0   0x0000013c   Code   RO         3750    i.BsrErica          libCSpotterSDK_16k_24d_ISD9xxC_arm-cm0_V6.4.4_b20180328.lib(BsrEli.o)
    0x000038fc   0x000038fc   0x0000002e   Code   RO         3751    i.BsrErik           libCSpotterSDK_16k_24d_ISD9xxC_arm-cm0_V6.4.4_b20180328.lib(BsrEli.o)
    0x0000392a   0x0000392a   0x000000e6   Code   RO         3752    i.BsrErin           libCSpotterSDK_16k_24d_ISD9xxC_arm-cm0_V6.4.4_b20180328.lib(BsrEli.o)
    0x00003a10   0x00003a10   0x00000022   Code   RO         3621    i.BsrEva            libCSpotterSDK_16k_24d_ISD9xxC_arm-cm0_V6.4.4_b20180328.lib(BsrJim.o)
    0x00003a32   0x00003a32   0x0000003a   Code   RO         3753    i.BsrEvan           libCSpotterSDK_16k_24d_ISD9xxC_arm-cm0_V6.4.4_b20180328.lib(BsrEli.o)
    0x00003a6c   0x00003a6c   0x000000c0   Code   RO         3828    i.BsrGary           libCSpotterSDK_16k_24d_ISD9xxC_arm-cm0_V6.4.4_b20180328.lib(BsrAna.o)
    0x00003b2c   0x00003b2c   0x000001cc   Code   RO         3833    i.BsrGreg           libCSpotterSDK_16k_24d_ISD9xxC_arm-cm0_V6.4.4_b20180328.lib(BsrAnn.o)
    0x00003cf8   0x00003cf8   0x00000036   Code   RO         3623    i.BsrGuy            libCSpotterSDK_16k_24d_ISD9xxC_arm-cm0_V6.4.4_b20180328.lib(BsrJim.o)
    0x00003d2e   0x00003d2e   0x00000002   PAD
    0x00003d30   0x00003d30   0x000000b0   Code   RO         3842    i.BsrHugo           libCSpotterSDK_16k_24d_ISD9xxC_arm-cm0_V6.4.4_b20180328.lib(BsrGuy.o)
    0x00003de0   0x00003de0   0x00000036   Code   RO         3843    i.BsrIris           libCSpotterSDK_16k_24d_ISD9xxC_arm-cm0_V6.4.4_b20180328.lib(BsrGuy.o)
    0x00003e16   0x00003e16   0x00000002   PAD
    0x00003e18   0x00003e18   0x00000054   Code   RO         3844    i.BsrIrma           libCSpotterSDK_16k_24d_ISD9xxC_arm-cm0_V6.4.4_b20180328.lib(BsrGuy.o)
    0x00003e6c   0x00003e6c   0x0000002e   Code   RO         3845    i.BsrIsai           libCSpotterSDK_16k_24d_ISD9xxC_arm-cm0_V6.4.4_b20180328.lib(BsrGuy.o)
    0x00003e9a   0x00003e9a   0x000000bc   Code   RO         3625    i.BsrIvy            libCSpotterSDK_16k_24d_ISD9xxC_arm-cm0_V6.4.4_b20180328.lib(BsrJim.o)
    0x00003f56   0x00003f56   0x000000e2   Code   RO         3811    i.BsrJamii          libCSpotterSDK_16k_24d_ISD9xxC_arm-cm0_V6.4.4_b20180328.lib(BsrJoy.o)
    0x00004038   0x00004038   0x00000018   Code   RO         3626    i.BsrJan            libCSpotterSDK_16k_24d_ISD9xxC_arm-cm0_V6.4.4_b20180328.lib(BsrJim.o)
    0x00004050   0x00004050   0x0000018c   Code   RO         3782    i.BsrJeni           libCSpotterSDK_16k_24d_ISD9xxC_arm-cm0_V6.4.4_b20180328.lib(BsrJay.o)
    0x000041dc   0x000041dc   0x0000016e   Code   RO         3716    i.BsrJoan           libCSpotterSDK_16k_24d_ISD9xxC_arm-cm0_V6.4.4_b20180328.lib(BsrKai.o)
    0x0000434a   0x0000434a   0x0000002a   Code   RO         3430    i.BsrJohn           libCSpotterSDK_16k_24d_ISD9xxC_arm-cm0_V6.4.4_b20180328.lib(BsrAli.o)
    0x00004374   0x00004374   0x00000036   Code   RO         3431    i.BsrJose           libCSpotterSDK_16k_24d_ISD9xxC_arm-cm0_V6.4.4_b20180328.lib(BsrAli.o)
    0x000043aa   0x000043aa   0x000000a4   Code   RO         3432    i.BsrJosh           libCSpotterSDK_16k_24d_ISD9xxC_arm-cm0_V6.4.4_b20180328.lib(BsrAli.o)
    0x0000444e   0x0000444e   0x00000002   PAD
    0x00004450   0x00004450   0x000000e0   Code   RO         3637    i.BsrJoyci          libCSpotterSDK_16k_24d_ISD9xxC_arm-cm0_V6.4.4_b20180328.lib(BsrJim.o)
    0x00004530   0x00004530   0x00000034   Code   RO         3764    i.BsrJuanitez       libCSpotterSDK_16k_24d_ISD9xxC_arm-cm0_V6.4.4_b20180328.lib(BsrEva.o)
    0x00004564   0x00004564   0x00000018   Code   RO         3642    i.BsrLei            libCSpotterSDK_16k_24d_ISD9xxC_arm-cm0_V6.4.4_b20180328.lib(BsrJim.o)
    0x0000457c   0x0000457c   0x0000007a   Code   RO         3647    i.BsrMaxi           libCSpotterSDK_16k_24d_ISD9xxC_arm-cm0_V6.4.4_b20180328.lib(BsrJim.o)
    0x000045f6   0x000045f6   0x00000576   Code   RO         3648    i.BsrMichael        libCSpotterSDK_16k_24d_ISD9xxC_arm-cm0_V6.4.4_b20180328.lib(BsrJim.o)
    0x00004b6c   0x00004b6c   0x00000008   Code   RO         3649    i.BsrMichelle       libCSpotterSDK_16k_24d_ISD9xxC_arm-cm0_V6.4.4_b20180328.lib(BsrJim.o)
    0x00004b74   0x00004b74   0x000000ac   Code   RO         3651    i.BsrMike           libCSpotterSDK_16k_24d_ISD9xxC_arm-cm0_V6.4.4_b20180328.lib(BsrJim.o)
    0x00004c20   0x00004c20   0x00000088   Code   RO         3718    i.BsrMya            libCSpotterSDK_16k_24d_ISD9xxC_arm-cm0_V6.4.4_b20180328.lib(BsrKai.o)
    0x00004ca8   0x00004ca8   0x00000032   Code   RO         3719    i.BsrNia            libCSpotterSDK_16k_24d_ISD9xxC_arm-cm0_V6.4.4_b20180328.lib(BsrKai.o)
    0x00004cda   0x00004cda   0x00000136   Code   RO         3722    i.BsrRay            libCSpotterSDK_16k_24d_ISD9xxC_arm-cm0_V6.4.4_b20180328.lib(BsrKai.o)
    0x00004e10   0x00004e10   0x00000012   Code   RO         3723    i.BsrRex            libCSpotterSDK_16k_24d_ISD9xxC_arm-cm0_V6.4.4_b20180328.lib(BsrKai.o)
    0x00004e22   0x00004e22   0x00000010   Code   RO         3724    i.BsrRey            libCSpotterSDK_16k_24d_ISD9xxC_arm-cm0_V6.4.4_b20180328.lib(BsrKai.o)
    0x00004e32   0x00004e32   0x000004a2   Code   RO         3725    i.BsrRon            libCSpotterSDK_16k_24d_ISD9xxC_arm-cm0_V6.4.4_b20180328.lib(BsrKai.o)
    0x000052d4   0x000052d4   0x0000002c   Code   RO         3726    i.BsrRoy            libCSpotterSDK_16k_24d_ISD9xxC_arm-cm0_V6.4.4_b20180328.lib(BsrKai.o)
    0x00005300   0x00005300   0x00000010   Code   RO         3727    i.BsrTed            libCSpotterSDK_16k_24d_ISD9xxC_arm-cm0_V6.4.4_b20180328.lib(BsrKai.o)
    0x00005310   0x00005310   0x00000068   Code   RO         3728    i.BsrTia            libCSpotterSDK_16k_24d_ISD9xxC_arm-cm0_V6.4.4_b20180328.lib(BsrKai.o)
    0x00005378   0x00005378   0x00000092   Code   RO         3729    i.BsrTom            libCSpotterSDK_16k_24d_ISD9xxC_arm-cm0_V6.4.4_b20180328.lib(BsrKai.o)
    0x0000540a   0x0000540a   0x0000005e   Code   RO         3730    i.BsrTop            libCSpotterSDK_16k_24d_ISD9xxC_arm-cm0_V6.4.4_b20180328.lib(BsrKai.o)
    0x00005468   0x00005468   0x00000012   Code   RO         3731    i.BsrTre            libCSpotterSDK_16k_24d_ISD9xxC_arm-cm0_V6.4.4_b20180328.lib(BsrKai.o)
    0x0000547a   0x0000547a   0x00000004   Code   RO         3707    i.BsrZoe            libCSpotterSDK_16k_24d_ISD9xxC_arm-cm0_V6.4.4_b20180328.lib(BsrJoe.o)
    0x0000547e   0x0000547e   0x0000001e   Code   RO         1027    i.BufCtrl_UpdateReadWithCount  bufctrl.o
    0x0000549c   0x0000549c   0x0000001e   Code   RO         1028    i.BufCtrl_UpdateWriteWithCount  bufctrl.o
    0x000054ba   0x000054ba   0x00000002   PAD
    0x000054bc   0x000054bc   0x00000010   Code   RO          459    i.CAPS_IRQHandler   interrupthandler.o
    0x000054cc   0x000054cc   0x00000038   Code   RO         2089    i.CLK_DeepSleep     clk.o
    0x00005504   0x00005504   0x0000001c   Code   RO         2090    i.CLK_DisableLDO    clk.o
    0x00005520   0x00005520   0x0000001c   Code   RO         2091    i.CLK_DisableModuleClock  clk.o
    0x0000553c   0x0000553c   0x00000034   Code   RO         2093    i.CLK_EnableLDO     clk.o
    0x00005570   0x00005570   0x0000001c   Code   RO         2094    i.CLK_EnableModuleClock  clk.o
    0x0000558c   0x0000558c   0x0000001c   Code   RO         2095    i.CLK_EnableXtalRC  clk.o
    0x000055a8   0x000055a8   0x00000010   Code   RO         2096    i.CLK_GetHCLKFreq   clk.o
    0x000055b8   0x000055b8   0x0000003c   Code   RO         2099    i.CLK_SetHCLK       clk.o
    0x000055f4   0x000055f4   0x00000050   Code   RO         2100    i.CLK_SetModuleClock  clk.o
    0x00005644   0x00005644   0x00000020   Code   RO         2101    i.CLK_SetSysTickClockSrc  clk.o
    0x00005664   0x00005664   0x00000024   Code   RO         2104    i.CLK_SysTickDelay  clk.o
    0x00005688   0x00005688   0x00000064   Code   RO         3344    i.CSpotter_AddSample  libCSpotterSDK_16k_24d_ISD9xxC_arm-cm0_V6.4.4_b20180328.lib(CSpotterSDKApi.o)
    0x000056ec   0x000056ec   0x000000bc   Code   RO         3348    i.CSpotter_GetMemoryUsage_MultiWithSpeakerAndExtRejModel  libCSpotterSDK_16k_24d_ISD9xxC_arm-cm0_V6.4.4_b20180328.lib(CSpotterSDKApi.o)
    0x000057a8   0x000057a8   0x00000018   Code   RO         3349    i.CSpotter_GetMemoryUsage_Sep  libCSpotterSDK_16k_24d_ISD9xxC_arm-cm0_V6.4.4_b20180328.lib(CSpotterSDKApi.o)
    0x000057c0   0x000057c0   0x00000024   Code   RO         3355    i.CSpotter_GetResult  libCSpotterSDK_16k_24d_ISD9xxC_arm-cm0_V6.4.4_b20180328.lib(CSpotterSDKApi.o)
    0x000057e4   0x000057e4   0x00000204   Code   RO         3363    i.CSpotter_Init_MultiWithExtRejModel  libCSpotterSDK_16k_24d_ISD9xxC_arm-cm0_V6.4.4_b20180328.lib(CSpotterSDKApi.o)
    0x000059e8   0x000059e8   0x00000024   Code   RO         3364    i.CSpotter_Init_Sep  libCSpotterSDK_16k_24d_ISD9xxC_arm-cm0_V6.4.4_b20180328.lib(CSpotterSDKApi.o)
    0x00005a0c   0x00005a0c   0x00000028   Code   RO         3368    i.CSpotter_Release  libCSpotterSDK_16k_24d_ISD9xxC_arm-cm0_V6.4.4_b20180328.lib(CSpotterSDKApi.o)
    0x00005a34   0x00005a34   0x00000034   Code   RO         3369    i.CSpotter_Reset    libCSpotterSDK_16k_24d_ISD9xxC_arm-cm0_V6.4.4_b20180328.lib(CSpotterSDKApi.o)
    0x00005a68   0x00005a68   0x00000002   Code   RO         2244    i.DPWM_Open         dpwm.o
    0x00005a6a   0x00005a6a   0x00000002   PAD
    0x00005a6c   0x00005a6c   0x0000003c   Code   RO         2245    i.DPWM_SetSampleRate  dpwm.o
    0x00005aa8   0x00005aa8   0x000000e4   Code   RO          433    i.Default_KeyHandler  inputkeyactions.o
    0x00005b8c   0x00005b8c   0x00000014   Code   RO         2286    i.FMC_Close         fmc.o
    0x00005ba0   0x00005ba0   0x00000048   Code   RO         2291    i.FMC_Erase         fmc.o
    0x00005be8   0x00005be8   0x00000014   Code   RO         2293    i.FMC_Open          fmc.o
    0x00005bfc   0x00005bfc   0x00000028   Code   RO         2300    i.FMC_Write         fmc.o
    0x00005c24   0x00005c24   0x0000001c   Code   RO          460    i.GPAB_IRQHandler   interrupthandler.o
    0x00005c40   0x00005c40   0x0000001c   Code   RO         2396    i.GPIO_DisableInt   gpio.o
    0x00005c5c   0x00005c5c   0x0000001a   Code   RO         2397    i.GPIO_EnableInt    gpio.o
    0x00005c76   0x00005c76   0x00000028   Code   RO         2398    i.GPIO_SetMode      gpio.o
    0x00005c9e   0x00005c9e   0x00000002   PAD
    0x00005ca0   0x00005ca0   0x00000020   Code   RO          975    i.InputKey_Change   configio.o
    0x00005cc0   0x00005cc0   0x000000ac   Code   RO          976    i.InputKey_Initiate  configio.o
    0x00005d6c   0x00005d6c   0x00000018   Code   RO         1703    i.Keypad_InitKeypad  keypad.o
    0x00005d84   0x00005d84   0x00000034   Code   RO         1704    i.Keypad_InitTgr    keypad.o
    0x00005db8   0x00005db8   0x00000018   Code   RO         1710    i.Keypad_ResetTgr   keypad.o
    0x00005dd0   0x00005dd0   0x00000028   Code   RO         1716    i.Keypad_TgrDecDebounceCounter  keypad.o
    0x00005df8   0x00005df8   0x00000022   Code   RO          729    i.MD4App_DecodeInitiate  md4app.o
    0x00005e1a   0x00005e1a   0x00000002   PAD
    0x00005e1c   0x00005e1c   0x00000088   Code   RO          730    i.MD4App_DecodeProcess  md4app.o
    0x00005ea4   0x00005ea4   0x00000070   Code   RO          731    i.MD4App_DecodeStartPlayByAddr  md4app.o
    0x00005f14   0x00005f14   0x00000030   Code   RO          732    i.MD4App_DecodeStartPlayByID  md4app.o
    0x00005f44   0x00005f44   0x0000001a   Code   RO          733    i.MD4App_DecodeStopPlay  md4app.o
    0x00005f5e   0x00005f5e   0x00000020   Code   RO         3327    i.MD4_CheckResLdr   MD4_Keil.lib(md4decode.o)
    0x00005f7e   0x00005f7e   0x00000002   PAD
    0x00005f80   0x00005f80   0x000000c8   Code   RO         3328    i.MD4_DecodeFrame   MD4_Keil.lib(md4decode.o)
    0x00006048   0x00006048   0x000000a0   Code   RO         3329    i.MD4_DecodeInitiate  MD4_Keil.lib(md4decode.o)
    0x000060e8   0x000060e8   0x00000016   Code   RO         3330    i.MD4_DecodeIsEnd   MD4_Keil.lib(md4decode.o)
    0x000060fe   0x000060fe   0x00000100   Code   RO         3331    i.MD4_DecodeProcess  MD4_Keil.lib(md4decode.o)
    0x000061fe   0x000061fe   0x00000002   PAD
    0x00006200   0x00006200   0x00000080   Code   RO         1078    i.MIC_ChangeSR      micspk.o
    0x00006280   0x00006280   0x00000048   Code   RO         1079    i.MIC_Close         micspk.o
    0x000062c8   0x000062c8   0x00000100   Code   RO         1080    i.MIC_Open          micspk.o
    0x000063c8   0x000063c8   0x0000000c   Code   RO         1081    i.MIC_Start         micspk.o
    0x000063d4   0x000063d4   0x00000010   Code   RO         1082    i.MIC_Stop          micspk.o
    0x000063e4   0x000063e4   0x00000016   Code   RO          670    i.MicGetApp_Initiate  micgetapp.o
    0x000063fa   0x000063fa   0x00000028   Code   RO          671    i.MicGetApp_ProcessRec  micgetapp.o
    0x00006422   0x00006422   0x00000028   Code   RO          672    i.MicGetApp_StartRec  micgetapp.o
    0x0000644a   0x0000644a   0x00000010   Code   RO          673    i.MicGetApp_StopRec  micgetapp.o
    0x0000645a   0x0000645a   0x00000066   Code   RO         3438    i.NINJA_API_1       libCSpotterSDK_16k_24d_ISD9xxC_arm-cm0_V6.4.4_b20180328.lib(BsrGo.o)
    0x000064c0   0x000064c0   0x00000280   Code   RO         3440    i.NINJA_API_11      libCSpotterSDK_16k_24d_ISD9xxC_arm-cm0_V6.4.4_b20180328.lib(BsrGo.o)
    0x00006740   0x00006740   0x00000170   Code   RO         3442    i.NINJA_API_13      libCSpotterSDK_16k_24d_ISD9xxC_arm-cm0_V6.4.4_b20180328.lib(BsrGo.o)
    0x000068b0   0x000068b0   0x0000001e   Code   RO         3444    i.NINJA_API_15      libCSpotterSDK_16k_24d_ISD9xxC_arm-cm0_V6.4.4_b20180328.lib(BsrGo.o)
    0x000068ce   0x000068ce   0x0000001e   Code   RO         3448    i.NINJA_API_19      libCSpotterSDK_16k_24d_ISD9xxC_arm-cm0_V6.4.4_b20180328.lib(BsrGo.o)
    0x000068ec   0x000068ec   0x00000028   Code   RO         3449    i.NINJA_API_2       libCSpotterSDK_16k_24d_ISD9xxC_arm-cm0_V6.4.4_b20180328.lib(BsrGo.o)
    0x00006914   0x00006914   0x00000026   Code   RO         3452    i.NINJA_API_23      libCSpotterSDK_16k_24d_ISD9xxC_arm-cm0_V6.4.4_b20180328.lib(BsrGo.o)
    0x0000693a   0x0000693a   0x00000030   Code   RO         3455    i.NINJA_API_26      libCSpotterSDK_16k_24d_ISD9xxC_arm-cm0_V6.4.4_b20180328.lib(BsrGo.o)
    0x0000696a   0x0000696a   0x00000024   Code   RO         3459    i.NINJA_API_3       libCSpotterSDK_16k_24d_ISD9xxC_arm-cm0_V6.4.4_b20180328.lib(BsrGo.o)
    0x0000698e   0x0000698e   0x00000070   Code   RO         3476    i.NINJA_API_47      libCSpotterSDK_16k_24d_ISD9xxC_arm-cm0_V6.4.4_b20180328.lib(BsrGo.o)
    0x000069fe   0x000069fe   0x0000007e   Code   RO         3477    i.NINJA_API_48      libCSpotterSDK_16k_24d_ISD9xxC_arm-cm0_V6.4.4_b20180328.lib(BsrGo.o)
    0x00006a7c   0x00006a7c   0x0000003c   Code   RO         3482    i.NINJA_API_55      libCSpotterSDK_16k_24d_ISD9xxC_arm-cm0_V6.4.4_b20180328.lib(BsrGo.o)
    0x00006ab8   0x00006ab8   0x0000002a   Code   RO         3483    i.NINJA_API_56      libCSpotterSDK_16k_24d_ISD9xxC_arm-cm0_V6.4.4_b20180328.lib(BsrGo.o)
    0x00006ae2   0x00006ae2   0x00000002   PAD
    0x00006ae4   0x00006ae4   0x000003e0   Code   RO         3498    i.NINJA_API_73      libCSpotterSDK_16k_24d_ISD9xxC_arm-cm0_V6.4.4_b20180328.lib(BsrGo.o)
    0x00006ec4   0x00006ec4   0x000000b4   Code   RO         3500    i.NINJA_API_75      libCSpotterSDK_16k_24d_ISD9xxC_arm-cm0_V6.4.4_b20180328.lib(BsrGo.o)
    0x00006f78   0x00006f78   0x00000014   Code   RO          555    i.NVIC_DisableIRQ   powerdown.o
    0x00006f8c   0x00006f8c   0x00000020   Code   RO          977    i.OutputPin_Initiate  configio.o
    0x00006fac   0x00006fac   0x00000010   Code   RO          978    i.OutputPin_Set     configio.o
    0x00006fbc   0x00006fbc   0x00000014   Code   RO         2597    i.PDMA_DisableInt   pdma.o
    0x00006fd0   0x00006fd0   0x00000014   Code   RO         2598    i.PDMA_EnableInt    pdma.o
    0x00006fe4   0x00006fe4   0x00000038   Code   RO          461    i.PDMA_IRQHandler   interrupthandler.o
    0x0000701c   0x0000701c   0x00000010   Code   RO         2599    i.PDMA_Open         pdma.o
    0x0000702c   0x0000702c   0x00000020   Code   RO         2600    i.PDMA_SetTransferAddr  pdma.o
    0x0000704c   0x0000704c   0x00000038   Code   RO         2601    i.PDMA_SetTransferCnt  pdma.o
    0x00007084   0x00007084   0x00000018   Code   RO         2602    i.PDMA_SetTransferDirection  pdma.o
    0x0000709c   0x0000709c   0x00000098   Code   RO         2603    i.PDMA_SetTransferMode  pdma.o
    0x00007134   0x00007134   0x00000018   Code   RO         2604    i.PDMA_Trigger      pdma.o
    0x0000714c   0x0000714c   0x00000020   Code   RO            3    i.PWM0_IRQHandler   main.o
    0x0000716c   0x0000716c   0x00000008   Code   RO         2665    i.PWM_ClearIntFlag  pwm.o
    0x00007174   0x00007174   0x00000128   Code   RO         2667    i.PWM_ConfigOutputChannel  pwm.o
    0x0000729c   0x0000729c   0x00000008   Code   RO         2677    i.PWM_EnableOutput  pwm.o
    0x000072a4   0x000072a4   0x00000026   Code   RO         2681    i.PWM_Start         pwm.o
    0x000072ca   0x000072ca   0x00000002   PAD
    0x000072cc   0x000072cc   0x00000028   Code   RO         1171    i.PdmaCtrl_Close    pdmactrl.o
    0x000072f4   0x000072f4   0x00000024   Code   RO         1172    i.PdmaCtrl_Init     pdmactrl.o
    0x00007318   0x00007318   0x0000008c   Code   RO         1173    i.PdmaCtrl_Open     pdmactrl.o
    0x000073a4   0x000073a4   0x00000040   Code   RO         1174    i.PdmaCtrl_Start    pdmactrl.o
    0x000073e4   0x000073e4   0x00000014   Code   RO         1175    i.PdmaCtrl_Stop     pdmactrl.o
    0x000073f8   0x000073f8   0x00000020   Code   RO         1176    i.PdmaCtrl_UnInit   pdmactrl.o
    0x00007418   0x00007418   0x00000034   Code   RO         1221    i.Playback_Add      playback.o
    0x0000744c   0x0000744c   0x0000000a   Code   RO         1223    i.Playback_Initiate  playback.o
    0x00007456   0x00007456   0x00000002   PAD
    0x00007458   0x00007458   0x000000cc   Code   RO         1227    i.Playback_Process  playback.o
    0x00007524   0x00007524   0x00000020   Code   RO         1228    i.Playback_Remove   playback.o
    0x00007544   0x00007544   0x00000014   Code   RO         1229    i.Playback_ResetChannelVolume  playback.o
    0x00007558   0x00007558   0x00000028   Code   RO         1230    i.Playback_SetOutputBuf  playback.o
    0x00007580   0x00007580   0x00000058   Code   RO         1233    i.Playback_StartPlay  playback.o
    0x000075d8   0x000075d8   0x0000004c   Code   RO         1234    i.Playback_StopPlay  playback.o
    0x00007624   0x00007624   0x0000000e   Code   RO          556    i.PowerDown         powerdown.o
    0x00007632   0x00007632   0x00000002   PAD
    0x00007634   0x00007634   0x0000007c   Code   RO          557    i.PowerDown_Enter   powerdown.o
    0x000076b0   0x000076b0   0x00000038   Code   RO          558    i.PowerDown_Exit    powerdown.o
    0x000076e8   0x000076e8   0x00000038   Code   RO          559    i.PowerDown_GPIOConfigWakePin  powerdown.o
    0x00007720   0x00007720   0x00000020   Code   RO          560    i.PowerDown_GPIOPostProc  powerdown.o
    0x00007740   0x00007740   0x00000048   Code   RO          561    i.PowerDown_GPIOPreProc  powerdown.o
    0x00007788   0x00007788   0x00000040   Code   RO          562    i.PowerDown_GPIOStableCount  powerdown.o
    0x000077c8   0x000077c8   0x000000b0   Code   RO          646    i.PreLoad_VRBin     preload.o
    0x00007878   0x00007878   0x00000002   Code   RO          462    i.RTC_IRQHandler    interrupthandler.o
    0x0000787a   0x0000787a   0x00000002   PAD
    0x0000787c   0x0000787c   0x00000018   Code   RO         1469    i.Record_Add        record.o
    0x00007894   0x00007894   0x00000044   Code   RO         1470    i.Record_Process    record.o
    0x000078d8   0x000078d8   0x00000022   Code   RO         1472    i.Record_SetInBufRecord  record.o
    0x000078fa   0x000078fa   0x00000002   PAD
    0x000078fc   0x000078fc   0x00000048   Code   RO         1473    i.Record_StartRec   record.o
    0x00007944   0x00007944   0x0000001c   Code   RO         1474    i.Record_StopRec    record.o
    0x00007960   0x00007960   0x00000030   Code   RO         1523    i.SPIFlash_3ByteAddr_Cmd  spiflash.o
    0x00007990   0x00007990   0x0000002c   Code   RO         1531    i.SPIFlash_GetChipInfo  spiflash.o
    0x000079bc   0x000079bc   0x0000007c   Code   RO            4    i.SPIFlash_Initiate  main.o
    0x00007a38   0x00007a38   0x00000070   Code   RO         1534    i.SPIFlash_Open     spiflash.o
    0x00007aa8   0x00007aa8   0x00000014   Code   RO         1535    i.SPIFlash_PowerDown  spiflash.o
    0x00007abc   0x00007abc   0x0000001e   Code   RO         1536    i.SPIFlash_Read     spiflash.o
    0x00007ada   0x00007ada   0x000000d4   Code   RO         1537    i.SPIFlash_ReadData  spiflash.o
    0x00007bae   0x00007bae   0x00000002   PAD
    0x00007bb0   0x00007bb0   0x00000018   Code   RO          349    i.SPIFlash_ReadDataCallback  appcallback.o
    0x00007bc8   0x00007bc8   0x00000018   Code   RO         1539    i.SPIFlash_ReadEnd  spiflash.o
    0x00007be0   0x00007be0   0x0000004e   Code   RO         1540    i.SPIFlash_ReadStart  spiflash.o
    0x00007c2e   0x00007c2e   0x00000052   Code   RO         1542    i.SPIFlash_SendRecOneData  spiflash.o
    0x00007c80   0x00007c80   0x00000020   Code   RO         2911    i.SPI_Close         spi.o
    0x00007ca0   0x00007ca0   0x00000016   Code   RO         2912    i.SPI_GetBusClock   spi.o
    0x00007cb6   0x00007cb6   0x00000024   Code   RO         2914    i.SPI_Open          spi.o
    0x00007cda   0x00007cda   0x00000002   PAD
    0x00007cdc   0x00007cdc   0x00000050   Code   RO         2915    i.SPI_SetBusClock   spi.o
    0x00007d2c   0x00007d2c   0x00000040   Code   RO         2916    i.SPI_SetVarClock   spi.o
    0x00007d6c   0x00007d6c   0x00000038   Code   RO         1083    i.SPK_ChangeSR      micspk.o
    0x00007da4   0x00007da4   0x00000024   Code   RO         1084    i.SPK_Close         micspk.o
    0x00007dc8   0x00007dc8   0x00000048   Code   RO         1085    i.SPK_Open          micspk.o
    0x00007e10   0x00007e10   0x00000020   Code   RO         1088    i.SPK_Start         micspk.o
    0x00007e30   0x00007e30   0x00000010   Code   RO         1089    i.SPK_Stop          micspk.o
    0x00007e40   0x00007e40   0x00000010   Code   RO         2964    i.SYS_Lock          sys.o
    0x00007e50   0x00007e50   0x0000001a   Code   RO         2969    i.SYS_ResetModule   sys.o
    0x00007e6a   0x00007e6a   0x00000002   PAD
    0x00007e6c   0x00007e6c   0x0000002c   Code   RO         2970    i.SYS_Unlock        sys.o
    0x00007e98   0x00007e98   0x00000020   Code   RO         3246    i.SendChar_ToUART   retarget.o
    0x00007eb8   0x00007eb8   0x00000054   Code   RO          872    i.SysClk_InitiateRC  sysclk.o
    0x00007f0c   0x00007f0c   0x00000050   Code   RO          833    i.SystemCoreClockUpdate  system_isd9100.o
    0x00007f5c   0x00007f5c   0x00000058   Code   RO         3069    i.TIMER_GetModuleClock  timer.o
    0x00007fb4   0x00007fb4   0x00000018   Code   RO         3070    i.TIMER_GetWorkingFreq  timer.o
    0x00007fcc   0x00007fcc   0x0000005e   Code   RO         3071    i.TIMER_Open        timer.o
    0x0000802a   0x0000802a   0x00000002   PAD
    0x0000802c   0x0000802c   0x000000a8   Code   RO            5    i.TMR0_IRQHandler   main.o
    0x000080d4   0x000080d4   0x00000020   Code   RO          463    i.TMR1_IRQHandler   interrupthandler.o
    0x000080f4   0x000080f4   0x00000068   Code   RO            6    i.UART0_IRQHandler  main.o
    0x0000815c   0x0000815c   0x00000038   Code   RO         3112    i.UART_ClearIntFlag  uart.o
    0x00008194   0x00008194   0x00000078   Code   RO            7    i.UART_Init         main.o
    0x0000820c   0x0000820c   0x0000005c   Code   RO         3116    i.UART_Open         uart.o
    0x00008268   0x00008268   0x00000004   Code   RO          350    i.UserEvent_ProcessCallback  appcallback.o
    0x0000826c   0x0000826c   0x0000002a   Code   RO          801    i.VROneCmdApp_GetCMDID  vronecmdapp.o
    0x00008296   0x00008296   0x00000048   Code   RO          802    i.VROneCmdApp_Initiate  vronecmdapp.o
    0x000082de   0x000082de   0x00000038   Code   RO          803    i.VROneCmdApp_UnpackBin  vronecmdapp.o
    0x00008316   0x00008316   0x00000016   Code   RO         1392    i.VolumeCtrl_Reset  volumectrl.o
    0x0000832c   0x0000832c   0x00000024   Code   RO         1394    i.VolumeCtrl_VolumeFade  volumectrl.o
    0x00008350   0x00008350   0x00000002   Code   RO          464    i.WDT_IRQHandler    interrupthandler.o
    0x00008352   0x00008352   0x0000001a   Code   RO          325    i.__ARM_common_switch8  appfunctions.o
    0x0000836c   0x0000836c   0x0000000e   Code   RO         3892    i._is_digit         c_p.l(__printf_wp.o)
    0x0000837a   0x0000837a   0x00000006   Code   RO         3248    i.ferror            retarget.o
    0x00008380   0x00008380   0x0000000c   Code   RO         3250    i.fputc             retarget.o
    0x0000838c   0x0000838c   0x00000068   Code   RO            8    i.main              main.o
    0x000083f4   0x000083f4   0x00000084   Code   RO            9    i.pwm_init          main.o
    0x00008478   0x00008478   0x0000004c   Code   RO           10    i.time_init         main.o
    0x000084c4   0x000084c4   0x0000001c   Code   RO           11    i.uart_rev_task     main.o
    0x000084e0   0x000084e0   0x00000000   Code   RO         3937    x$fpl$usenofp       fz_ps.l(usenofp.o)
    0x000084e0   0x000084e0   0x00000010   Data   RO          351    .constdata          appcallback.o
    0x000084f0   0x000084f0   0x000000e8   Data   RO          981    .constdata          configio.o
    0x000085d8   0x000085d8   0x00000044   Data   RO         1090    .constdata          micspk.o
    0x0000861c   0x0000861c   0x0000001a   Data   RO         1395    .constdata          volumectrl.o
    0x00008636   0x00008636   0x00000002   PAD
    0x00008638   0x00008638   0x000000a8   Data   RO         2683    .constdata          pwm.o
    0x000086e0   0x000086e0   0x00000014   Data   RO         3072    .constdata          timer.o
    0x000086f4   0x000086f4   0x00000030   Data   RO         3334    .constdata          MD4_Keil.lib(md4decode.o)
    0x00008724   0x00008724   0x00000914   Data   RO         3503    .constdata          libCSpotterSDK_16k_24d_ISD9xxC_arm-cm0_V6.4.4_b20180328.lib(BsrGo.o)
    0x00009038   0x00009038   0x00000800   Data   RO         3572    .constdata          libCSpotterSDK_16k_24d_ISD9xxC_arm-cm0_V6.4.4_b20180328.lib(BsrBen.o)
    0x00009838   0x00009838   0x00000064   Data   RO         3754    .constdata          libCSpotterSDK_16k_24d_ISD9xxC_arm-cm0_V6.4.4_b20180328.lib(BsrEli.o)
    0x0000989c   0x0000989c   0x00000009   Data   RO         3812    .constdata          libCSpotterSDK_16k_24d_ISD9xxC_arm-cm0_V6.4.4_b20180328.lib(BsrJoy.o)
    0x000098a5   0x000098a5   0x00000001   PAD
    0x000098a6   0x000098a6   0x00000284   Data   RO         3830    .constdata          libCSpotterSDK_16k_24d_ISD9xxC_arm-cm0_V6.4.4_b20180328.lib(BsrAna.o)
    0x00009b2a   0x00009b2a   0x00000404   Data   RO         3837    .constdata          libCSpotterSDK_16k_24d_ISD9xxC_arm-cm0_V6.4.4_b20180328.lib(BsrAnn.o)
    0x00009f2e   0x00009f2e   0x00000002   PAD
    0x00009f30   0x00009f30   0x00000200   Data   RO         3846    .constdata          libCSpotterSDK_16k_24d_ISD9xxC_arm-cm0_V6.4.4_b20180328.lib(BsrGuy.o)
    0x0000a130   0x0000a130   0x00000136   Data   RO          274    .conststring        appfunctions.o
    0x0000a266   0x0000a266   0x00000002   PAD
    0x0000a268   0x0000a268   0x00000020   Data   RO         4100    Region$$Table       anon$$obj.o


    Execution Region RW_IRAM1 (Exec base: 0x20000000, Load base: 0x0000a288, Size: 0x00002f40, Max: 0x00003000, ABSOLUTE)

    Exec Addr    Load Addr    Size         Type   Attr      Idx    E Section Name        Object

    0x20000000   0x0000a288   0x00000010   Data   RW           15    .data               main.o
    0x20000010   0x0000a298   0x00000001   Data   RW           18    .data               main.o
    0x20000011   0x0000a299   0x00000003   PAD
    0x20000014   0x0000a29c   0x00000050   Data   RW          275    .data               appfunctions.o
    0x20000064   0x0000a2ec   0x00000004   Data   RW          466    .data               interrupthandler.o
    0x20000068   0x0000a2f0   0x0000001c   Data   RW          835    .data               system_isd9100.o
    0x20000084   0x0000a30c   0x0000000c   Data   RW         1236    .data               playback.o
    0x20000090   0x0000a318   0x00000008   Data   RW         1396    .data               volumectrl.o
    0x20000098   0x0000a320   0x00000008   Data   RW         1475    .data               record.o
    0x200000a0   0x0000a328   0x0000000a   Data   RW         1724    .data               keypad.o
    0x200000aa   0x0000a332   0x00000002   PAD
    0x200000ac   0x0000a334   0x00000004   Data   RW         3253    .data               retarget.o
    0x200000b0        -       0x00000098   Zero   RW           13    .bss                main.o
    0x20000148        -       0x00002700   Zero   RW           14    .bss                main.o
    0x20002848        -       0x00000020   Zero   RW          465    .bss                interrupthandler.o
    0x20002868        -       0x00000078   Zero   RW         1723    .bss                keypad.o
    0x200028e0        -       0x00000060   Zero   RW         3975    .bss                c_p.l(libspace.o)
    0x20002940        -       0x00000200   Zero   RW          864    HEAP                startup_isd9100.o
    0x20002b40        -       0x00000400   Zero   RW          863    STACK               startup_isd9100.o


==============================================================================

Image component sizes


      Code (inc. data)   RO Data    RW Data    ZI Data      Debug   Object Name

       300         56          0          0          0       4354   adc.o
        28          6         16          0          0     113256   appcallback.o
       782        206        310         80          0       8005   appfunctions.o
        88          0          0          0          0       2648   audiorom.o
        96         12          0          0          0       1579   biq.o
        60          0          0          0          0       3853   bufctrl.o
       444         72          0          0          0       6518   clk.o
       252         34        232          0          0      10307   configio.o
        62         10          0          0          0       1137   dpwm.o
       152         20          0          0          0       2075   fmc.o
        94          6          0          0          0       2206   gpio.o
       228         24          0          0          0       1174   inputkeyactions.o
       136         38          0          4         32     107703   interrupthandler.o
       140         40          0         10        120       4449   keypad.o
       888        138          0         17      10136     125332   main.o
       356         14          0          0          0      12665   md4app.o
       118          0          0          0          0       6181   micgetapp.o
       744        140         68          0          0       6902   micspk.o
       344         54          0          0          0       5478   pdma.o
       332         44          0          0          0       4040   pdmactrl.o
       522         54          0         12          0       6494   playback.o
       438         62          0          0          0      13474   powerdown.o
       176          4          0          0          0       1056   preload.o
       350         16        168          0          0       3504   pwm.o
       226         38          0          8          0       3853   record.o
        50          6          0          4          0       3846   retarget.o
       234         18          0          0          0       3881   spi.o
       650          0          0          0          0       7232   spiflash.o
        96         46        192          0       1536        736   startup_isd9100.o
        86         10          0          0          0       1994   sys.o
        84          8          0          0          0        692   sysclk.o
        80         18          0         28          0       1605   system_isd9100.o
       206         18         20          0          0       2627   timer.o
       148         14          0          0          0       1776   uart.o
        58          4         26          8          0       6665   volumectrl.o
       170          0          0          0          0       2734   vronecmdapp.o

    ----------------------------------------------------------------------
      9246       1230       1068        176      11824     492031   Object Totals
         0          0         32          0          0          0   (incl. Generated)
        28          0          4          5          0          0   (incl. Padding)

    ----------------------------------------------------------------------

      Code (inc. data)   RO Data    RW Data    ZI Data      Debug   Library Member Name

       670         34         48          0          0        360   md4decode.o
         8          0          0          0          0         68   __main.o
       284          0          0          0          0        136   __printf_wp.o
         0          0          0          0          0          0   __rtentry.o
        12          0          0          0          0          0   __rtentry2.o
         6          0          0          0          0          0   __rtentry4.o
        60          8          0          0          0          0   __scatter.o
        26          0          0          0          0          0   __scatter_copy.o
        28          0          0          0          0          0   __scatter_zi.o
        46          0          0          0          0        100   _printf_char.o
        48          6          0          0          0         88   _printf_char_common.o
        40          6          0          0          0         72   _printf_char_file.o
         2          0          0          0          0          0   _printf_percent.o
         4          0          0          0          0          0   _printf_percent_end.o
        10          0          0          0          0          0   _printf_s.o
        82          0          0          0          0         72   _printf_str.o
       488          0          0          0          0         92   aeabi_sdivfast.o
        16          0          0          0          0         68   exit.o
         6          0          0          0          0        136   heapauxi.o
         0          0          0          0          0          0   indicate_semi.o
         2          0          0          0          0          0   libinit.o
         2          0          0          0          0          0   libinit2.o
         2          0          0          0          0          0   libshutdown.o
         2          0          0          0          0          0   libshutdown2.o
         8          4          0          0         96         68   libspace.o
        28          6          0          0          0         84   noretval__2printf.o
        64          0          0          0          0        108   rt_memclr.o
        56          0          0          0          0         68   rt_memcpy.o
         2          0          0          0          0          0   rtexit.o
        10          0          0          0          0          0   rtexit2.o
        12          4          0          0          0         60   sys_exit.o
        62          0          0          0          0         80   sys_stackheap_outer.o
         2          0          0          0          0         68   use_no_semi.o
        72          4          0          0          0         68   dfixui.o
        88          0          0          0          0         92   dflti.o
       584         26          0          0          0         84   dmul.o
         0          0          0          0          0          0   usenofp.o
       260          0          0          0          0        272   BsrAli.o
       192          4        644          0          0         80   BsrAna.o
       460         12       1028          0          0         88   BsrAnn.o
        60          6       2048          0          0         60   BsrBen.o
       658          0          0          0          0        588   BsrDon.o
       996         14        100          0          0        472   BsrEli.o
      1216         18          0          0          0        316   BsrEva.o
      2844         36       2324          0          0       1200   BsrGo.o
       360         10        512          0          0        300   BsrGuy.o
      5128         74          0          0          0       1176   BsrJay.o
      3228         22          0          0          0       1256   BsrJim.o
       374          0          0          0          0        296   BsrJoe.o
      2440         20          9          0          0        764   BsrJoy.o
      2504          0          0          0          0       1012   BsrKai.o
       992         78          0          0          0        600   CSpotterSDKApi.o

    ----------------------------------------------------------------------
     24578        392       6716          0         96      10452   Library Totals
        34          0          3          0          0          0   (incl. Padding)

    ----------------------------------------------------------------------

      Code (inc. data)   RO Data    RW Data    ZI Data      Debug   Library Name

       670         34         48          0          0        360   MD4_Keil.lib
      1418         34          0          0         96       1368   c_p.l
       744         30          0          0          0        244   fz_ps.l
     21712        294       6665          0          0       8480   libCSpotterSDK_16k_24d_ISD9xxC_arm-cm0_V6.4.4_b20180328.lib

    ----------------------------------------------------------------------
     24578        392       6716          0         96      10452   Library Totals

    ----------------------------------------------------------------------

==============================================================================


      Code (inc. data)   RO Data    RW Data    ZI Data      Debug   

     33824       1622       7784        176      11920     489967   Grand Totals
     33824       1622       7784        176      11920     489967   ELF Image Totals
     33824       1622       7784        176          0          0   ROM Totals

==============================================================================

    Total RO  Size (Code + RO Data)                41608 (  40.63kB)
    Total RW  Size (RW Data + ZI Data)             12096 (  11.81kB)
    Total ROM Size (Code + RO Data + RW Data)      41784 (  40.80kB)

==============================================================================

