<!doctype html public "-//w3c//dtd html 4.0 transitional//en">
<html><head>
<title>Static Call Graph - [.\VR\VoiceRecognition.axf]</title></head>
<body><HR>
<H1>Static Call Graph for image .\VR\VoiceRecognition.axf</H1><HR>
<BR><P>#&#060CALLGRAPH&#062# ARM Linker, 5060750: Last Updated: Wed Dec 12 15:02:41 2018
<BR><P>
<H3>Maximum Stack Usage =        680 bytes + Unknown(Functions without stacksize, Cycles, Untraceable Function Pointers)</H3><H3>
Call chain for Maximum Stack Depth:</H3>
__rt_entry_main &rArr; main &rArr; App_Initiate &rArr; App_StartRecognize &rArr; VROneCmdApp_Initiate &rArr; CSpotter_Init_Sep &rArr; CSpotter_Init_MultiWithExtRejModel &rArr; NINJA_API_73 &rArr; BsrRay &rArr; BsrDina
<P>
<H3>
Functions with no stack information
</H3><UL>
 <LI><a href="#[26]">__user_initial_stackheap</a>
</UL>
</UL>
<P>
<H3>
Mutually Recursive functions
</H3> <LI><a href="#[6]">NMI_Handler</a>&nbsp;&nbsp;&nbsp;&rArr;&nbsp;&nbsp;&nbsp;<a href="#[6]">NMI_Handler</a><BR>
 <LI><a href="#[7]">HardFault_Handler</a>&nbsp;&nbsp;&nbsp;&rArr;&nbsp;&nbsp;&nbsp;<a href="#[7]">HardFault_Handler</a><BR>
 <LI><a href="#[8]">SVC_Handler</a>&nbsp;&nbsp;&nbsp;&rArr;&nbsp;&nbsp;&nbsp;<a href="#[8]">SVC_Handler</a><BR>
 <LI><a href="#[9]">PendSV_Handler</a>&nbsp;&nbsp;&nbsp;&rArr;&nbsp;&nbsp;&nbsp;<a href="#[9]">PendSV_Handler</a><BR>
 <LI><a href="#[a]">SysTick_Handler</a>&nbsp;&nbsp;&nbsp;&rArr;&nbsp;&nbsp;&nbsp;<a href="#[a]">SysTick_Handler</a><BR>
 <LI><a href="#[12]">Default_Handler</a>&nbsp;&nbsp;&nbsp;&rArr;&nbsp;&nbsp;&nbsp;<a href="#[12]">Default_Handler</a><BR>
</UL>
<P>
<H3>
Function Pointers
</H3><UL>
 <LI><a href="#[19]">ACMP_IRQHandler</a> from startup_isd9100.o(.text) referenced from startup_isd9100.o(RESET)
 <LI><a href="#[1d]">ADC_IRQHandler</a> from startup_isd9100.o(.text) referenced from startup_isd9100.o(RESET)
 <LI><a href="#[10]">ALC_IRQHandler</a> from startup_isd9100.o(.text) referenced from startup_isd9100.o(RESET)
 <LI><a href="#[b]">BOD_IRQHandler</a> from startup_isd9100.o(.text) referenced from startup_isd9100.o(RESET)
 <LI><a href="#[1c]">CAPS_IRQHandler</a> from interrupthandler.o(i.CAPS_IRQHandler) referenced from startup_isd9100.o(RESET)
 <LI><a href="#[12]">Default_Handler</a> from startup_isd9100.o(.text) referenced 13 times from startup_isd9100.o(RESET)
 <LI><a href="#[d]">EINT0_IRQHandler</a> from startup_isd9100.o(.text) referenced from startup_isd9100.o(RESET)
 <LI><a href="#[e]">EINT1_IRQHandler</a> from startup_isd9100.o(.text) referenced from startup_isd9100.o(RESET)
 <LI><a href="#[f]">GPAB_IRQHandler</a> from interrupthandler.o(i.GPAB_IRQHandler) referenced from startup_isd9100.o(RESET)
 <LI><a href="#[7]">HardFault_Handler</a> from startup_isd9100.o(.text) referenced from startup_isd9100.o(RESET)
 <LI><a href="#[17]">I2C0_IRQHandler</a> from startup_isd9100.o(.text) referenced from startup_isd9100.o(RESET)
 <LI><a href="#[1b]">I2S_IRQHandler</a> from startup_isd9100.o(.text) referenced from startup_isd9100.o(RESET)
 <LI><a href="#[6]">NMI_Handler</a> from startup_isd9100.o(.text) referenced from startup_isd9100.o(RESET)
 <LI><a href="#[1a]">PDMA_IRQHandler</a> from interrupthandler.o(i.PDMA_IRQHandler) referenced from startup_isd9100.o(RESET)
 <LI><a href="#[11]">PWM0_IRQHandler</a> from main.o(i.PWM0_IRQHandler) referenced from startup_isd9100.o(RESET)
 <LI><a href="#[9]">PendSV_Handler</a> from startup_isd9100.o(.text) referenced from startup_isd9100.o(RESET)
 <LI><a href="#[1e]">RTC_IRQHandler</a> from interrupthandler.o(i.RTC_IRQHandler) referenced from startup_isd9100.o(RESET)
 <LI><a href="#[24]">Reset_Handler</a> from startup_isd9100.o(.text) referenced from startup_isd9100.o(RESET)
 <LI><a href="#[16]">SPI0_IRQHandler</a> from startup_isd9100.o(.text) referenced from startup_isd9100.o(RESET)
 <LI><a href="#[22]">SPIFlash_ReadDataCallback</a> from appcallback.o(i.SPIFlash_ReadDataCallback) referenced from appcallback.o(.constdata)
 <LI><a href="#[22]">SPIFlash_ReadDataCallback</a> from appcallback.o(i.SPIFlash_ReadDataCallback) referenced from appfunctions.o(i.App_Initiate)
 <LI><a href="#[8]">SVC_Handler</a> from startup_isd9100.o(.text) referenced from startup_isd9100.o(RESET)
 <LI><a href="#[a]">SysTick_Handler</a> from startup_isd9100.o(.text) referenced from startup_isd9100.o(RESET)
 <LI><a href="#[18]">TALARM_IRQHandler</a> from startup_isd9100.o(.text) referenced from startup_isd9100.o(RESET)
 <LI><a href="#[13]">TMR0_IRQHandler</a> from main.o(i.TMR0_IRQHandler) referenced from startup_isd9100.o(RESET)
 <LI><a href="#[14]">TMR1_IRQHandler</a> from main.o(i.TMR1_IRQHandler) referenced from startup_isd9100.o(RESET)
 <LI><a href="#[15]">UART0_IRQHandler</a> from main.o(i.UART0_IRQHandler) referenced from startup_isd9100.o(RESET)
 <LI><a href="#[23]">UserEvent_ProcessCallback</a> from appcallback.o(i.UserEvent_ProcessCallback) referenced from appcallback.o(.constdata)
 <LI><a href="#[c]">WDT_IRQHandler</a> from interrupthandler.o(i.WDT_IRQHandler) referenced from startup_isd9100.o(RESET)
 <LI><a href="#[25]">__main</a> from __main.o(!!!main) referenced from startup_isd9100.o(.text)
 <LI><a href="#[21]">_printf_input_char</a> from _printf_char_common.o(.text) referenced from _printf_char_common.o(.text)
 <LI><a href="#[20]">fputc</a> from retarget.o(i.fputc) referenced from _printf_char_file.o(.text)
</UL>
<P>
<H3>
Global Symbols
</H3>
<P><STRONG><a name="[25]"></a>__main</STRONG> (Thumb, 8 bytes, Stack size 0 bytes, __main.o(!!!main))
<BR><BR>[Calls]<UL><LI><a href="#[27]">&gt;&gt;</a>&nbsp;&nbsp;&nbsp;__scatterload
<LI><a href="#[28]">&gt;&gt;</a>&nbsp;&nbsp;&nbsp;__rt_entry
</UL>

<P><STRONG><a name="[27]"></a>__scatterload</STRONG> (Thumb, 0 bytes, Stack size unknown bytes, __scatter.o(!!!scatter))
<BR><BR>[Called By]<UL><LI><a href="#[25]">&gt;&gt;</a>&nbsp;&nbsp;&nbsp;__main
</UL>

<P><STRONG><a name="[29]"></a>__scatterload_rt2</STRONG> (Thumb, 52 bytes, Stack size unknown bytes, __scatter.o(!!!scatter), UNUSED)
<BR><BR>[Calls]<UL><LI><a href="#[28]">&gt;&gt;</a>&nbsp;&nbsp;&nbsp;__rt_entry
</UL>

<P><STRONG><a name="[130]"></a>__scatterload_rt2_thumb_only</STRONG> (Thumb, 0 bytes, Stack size unknown bytes, __scatter.o(!!!scatter), UNUSED)

<P><STRONG><a name="[131]"></a>__scatterload_null</STRONG> (Thumb, 0 bytes, Stack size unknown bytes, __scatter.o(!!!scatter), UNUSED)

<P><STRONG><a name="[2a]"></a>__scatterload_copy</STRONG> (Thumb, 26 bytes, Stack size unknown bytes, __scatter_copy.o(!!handler_copy), UNUSED)
<BR><BR>[Calls]<UL><LI><a href="#[2a]">&gt;&gt;</a>&nbsp;&nbsp;&nbsp;__scatterload_copy
</UL>
<BR>[Called By]<UL><LI><a href="#[2a]">&gt;&gt;</a>&nbsp;&nbsp;&nbsp;__scatterload_copy
</UL>

<P><STRONG><a name="[132]"></a>__scatterload_zeroinit</STRONG> (Thumb, 28 bytes, Stack size unknown bytes, __scatter_zi.o(!!handler_zi), UNUSED)

<P><STRONG><a name="[40]"></a>_printf_percent</STRONG> (Thumb, 0 bytes, Stack size unknown bytes, _printf_percent.o(.ARM.Collect$$_printf_percent$$00000000))
<BR><BR>[Called By]<UL><LI><a href="#[3e]">&gt;&gt;</a>&nbsp;&nbsp;&nbsp;__printf
</UL>

<P><STRONG><a name="[2b]"></a>_printf_s</STRONG> (Thumb, 0 bytes, Stack size unknown bytes, _printf_s.o(.ARM.Collect$$_printf_percent$$00000014))
<BR><BR>[Stack]<UL><LI>Max Depth = 24 + Unknown Stack Size
<LI>Call Chain = _printf_s &rArr; _printf_string &rArr; _printf_cs_common &rArr; _printf_str
</UL>
<BR>[Calls]<UL><LI><a href="#[2c]">&gt;&gt;</a>&nbsp;&nbsp;&nbsp;_printf_percent_end
<LI><a href="#[2d]">&gt;&gt;</a>&nbsp;&nbsp;&nbsp;_printf_string
</UL>

<P><STRONG><a name="[2c]"></a>_printf_percent_end</STRONG> (Thumb, 0 bytes, Stack size unknown bytes, _printf_percent_end.o(.ARM.Collect$$_printf_percent$$00000017))
<BR><BR>[Called By]<UL><LI><a href="#[2b]">&gt;&gt;</a>&nbsp;&nbsp;&nbsp;_printf_s
</UL>

<P><STRONG><a name="[31]"></a>__rt_lib_init</STRONG> (Thumb, 0 bytes, Stack size unknown bytes, libinit.o(.ARM.Collect$$libinit$$00000000))
<BR><BR>[Called By]<UL><LI><a href="#[30]">&gt;&gt;</a>&nbsp;&nbsp;&nbsp;__rt_entry_li
</UL>

<P><STRONG><a name="[133]"></a>__rt_lib_init_alloca_1</STRONG> (Thumb, 0 bytes, Stack size unknown bytes, libinit2.o(.ARM.Collect$$libinit$$0000002E))

<P><STRONG><a name="[134]"></a>__rt_lib_init_argv_1</STRONG> (Thumb, 0 bytes, Stack size unknown bytes, libinit2.o(.ARM.Collect$$libinit$$0000002C))

<P><STRONG><a name="[135]"></a>__rt_lib_init_atexit_1</STRONG> (Thumb, 0 bytes, Stack size unknown bytes, libinit2.o(.ARM.Collect$$libinit$$0000001B))

<P><STRONG><a name="[136]"></a>__rt_lib_init_clock_1</STRONG> (Thumb, 0 bytes, Stack size unknown bytes, libinit2.o(.ARM.Collect$$libinit$$00000021))

<P><STRONG><a name="[137]"></a>__rt_lib_init_cpp_1</STRONG> (Thumb, 0 bytes, Stack size unknown bytes, libinit2.o(.ARM.Collect$$libinit$$00000032))

<P><STRONG><a name="[138]"></a>__rt_lib_init_exceptions_1</STRONG> (Thumb, 0 bytes, Stack size unknown bytes, libinit2.o(.ARM.Collect$$libinit$$00000030))

<P><STRONG><a name="[139]"></a>__rt_lib_init_fp_1</STRONG> (Thumb, 0 bytes, Stack size unknown bytes, libinit2.o(.ARM.Collect$$libinit$$00000002))

<P><STRONG><a name="[13a]"></a>__rt_lib_init_fp_trap_1</STRONG> (Thumb, 0 bytes, Stack size unknown bytes, libinit2.o(.ARM.Collect$$libinit$$0000001F))

<P><STRONG><a name="[13b]"></a>__rt_lib_init_getenv_1</STRONG> (Thumb, 0 bytes, Stack size unknown bytes, libinit2.o(.ARM.Collect$$libinit$$00000023))

<P><STRONG><a name="[13c]"></a>__rt_lib_init_heap_1</STRONG> (Thumb, 0 bytes, Stack size unknown bytes, libinit2.o(.ARM.Collect$$libinit$$0000000A))

<P><STRONG><a name="[13d]"></a>__rt_lib_init_lc_collate_1</STRONG> (Thumb, 0 bytes, Stack size unknown bytes, libinit2.o(.ARM.Collect$$libinit$$00000011))

<P><STRONG><a name="[13e]"></a>__rt_lib_init_lc_ctype_1</STRONG> (Thumb, 0 bytes, Stack size unknown bytes, libinit2.o(.ARM.Collect$$libinit$$00000013))

<P><STRONG><a name="[13f]"></a>__rt_lib_init_lc_monetary_1</STRONG> (Thumb, 0 bytes, Stack size unknown bytes, libinit2.o(.ARM.Collect$$libinit$$00000015))

<P><STRONG><a name="[140]"></a>__rt_lib_init_lc_numeric_1</STRONG> (Thumb, 0 bytes, Stack size unknown bytes, libinit2.o(.ARM.Collect$$libinit$$00000017))

<P><STRONG><a name="[141]"></a>__rt_lib_init_lc_time_1</STRONG> (Thumb, 0 bytes, Stack size unknown bytes, libinit2.o(.ARM.Collect$$libinit$$00000019))

<P><STRONG><a name="[142]"></a>__rt_lib_init_preinit_1</STRONG> (Thumb, 0 bytes, Stack size unknown bytes, libinit2.o(.ARM.Collect$$libinit$$00000004))

<P><STRONG><a name="[143]"></a>__rt_lib_init_rand_1</STRONG> (Thumb, 0 bytes, Stack size unknown bytes, libinit2.o(.ARM.Collect$$libinit$$0000000E))

<P><STRONG><a name="[144]"></a>__rt_lib_init_return</STRONG> (Thumb, 0 bytes, Stack size unknown bytes, libinit2.o(.ARM.Collect$$libinit$$00000033))

<P><STRONG><a name="[145]"></a>__rt_lib_init_signal_1</STRONG> (Thumb, 0 bytes, Stack size unknown bytes, libinit2.o(.ARM.Collect$$libinit$$0000001D))

<P><STRONG><a name="[146]"></a>__rt_lib_init_stdio_1</STRONG> (Thumb, 0 bytes, Stack size unknown bytes, libinit2.o(.ARM.Collect$$libinit$$00000025))

<P><STRONG><a name="[147]"></a>__rt_lib_init_user_alloc_1</STRONG> (Thumb, 0 bytes, Stack size unknown bytes, libinit2.o(.ARM.Collect$$libinit$$0000000C))

<P><STRONG><a name="[36]"></a>__rt_lib_shutdown</STRONG> (Thumb, 0 bytes, Stack size unknown bytes, libshutdown.o(.ARM.Collect$$libshutdown$$00000000))
<BR><BR>[Called By]<UL><LI><a href="#[35]">&gt;&gt;</a>&nbsp;&nbsp;&nbsp;__rt_exit_ls
</UL>

<P><STRONG><a name="[148]"></a>__rt_lib_shutdown_cpp_1</STRONG> (Thumb, 0 bytes, Stack size unknown bytes, libshutdown2.o(.ARM.Collect$$libshutdown$$00000002))

<P><STRONG><a name="[149]"></a>__rt_lib_shutdown_fp_trap_1</STRONG> (Thumb, 0 bytes, Stack size unknown bytes, libshutdown2.o(.ARM.Collect$$libshutdown$$00000007))

<P><STRONG><a name="[14a]"></a>__rt_lib_shutdown_heap_1</STRONG> (Thumb, 0 bytes, Stack size unknown bytes, libshutdown2.o(.ARM.Collect$$libshutdown$$0000000F))

<P><STRONG><a name="[14b]"></a>__rt_lib_shutdown_return</STRONG> (Thumb, 0 bytes, Stack size unknown bytes, libshutdown2.o(.ARM.Collect$$libshutdown$$00000010))

<P><STRONG><a name="[14c]"></a>__rt_lib_shutdown_signal_1</STRONG> (Thumb, 0 bytes, Stack size unknown bytes, libshutdown2.o(.ARM.Collect$$libshutdown$$0000000A))

<P><STRONG><a name="[14d]"></a>__rt_lib_shutdown_stdio_1</STRONG> (Thumb, 0 bytes, Stack size unknown bytes, libshutdown2.o(.ARM.Collect$$libshutdown$$00000004))

<P><STRONG><a name="[14e]"></a>__rt_lib_shutdown_user_alloc_1</STRONG> (Thumb, 0 bytes, Stack size unknown bytes, libshutdown2.o(.ARM.Collect$$libshutdown$$0000000C))

<P><STRONG><a name="[28]"></a>__rt_entry</STRONG> (Thumb, 0 bytes, Stack size unknown bytes, __rtentry.o(.ARM.Collect$$rtentry$$00000000))
<BR><BR>[Called By]<UL><LI><a href="#[29]">&gt;&gt;</a>&nbsp;&nbsp;&nbsp;__scatterload_rt2
<LI><a href="#[25]">&gt;&gt;</a>&nbsp;&nbsp;&nbsp;__main
</UL>

<P><STRONG><a name="[14f]"></a>__rt_entry_presh_1</STRONG> (Thumb, 0 bytes, Stack size unknown bytes, __rtentry2.o(.ARM.Collect$$rtentry$$00000002))

<P><STRONG><a name="[2e]"></a>__rt_entry_sh</STRONG> (Thumb, 0 bytes, Stack size unknown bytes, __rtentry4.o(.ARM.Collect$$rtentry$$00000004))
<BR><BR>[Stack]<UL><LI>Max Depth = 8 + Unknown Stack Size
<LI>Call Chain = __rt_entry_sh &rArr; __user_setup_stackheap
</UL>
<BR>[Calls]<UL><LI><a href="#[2f]">&gt;&gt;</a>&nbsp;&nbsp;&nbsp;__user_setup_stackheap
</UL>

<P><STRONG><a name="[30]"></a>__rt_entry_li</STRONG> (Thumb, 0 bytes, Stack size unknown bytes, __rtentry2.o(.ARM.Collect$$rtentry$$0000000A))
<BR><BR>[Calls]<UL><LI><a href="#[31]">&gt;&gt;</a>&nbsp;&nbsp;&nbsp;__rt_lib_init
</UL>

<P><STRONG><a name="[150]"></a>__rt_entry_postsh_1</STRONG> (Thumb, 0 bytes, Stack size unknown bytes, __rtentry2.o(.ARM.Collect$$rtentry$$00000009))

<P><STRONG><a name="[32]"></a>__rt_entry_main</STRONG> (Thumb, 0 bytes, Stack size unknown bytes, __rtentry2.o(.ARM.Collect$$rtentry$$0000000D))
<BR><BR>[Stack]<UL><LI>Max Depth = 680 + Unknown Stack Size
<LI>Call Chain = __rt_entry_main &rArr; main &rArr; App_Initiate &rArr; App_StartRecognize &rArr; VROneCmdApp_Initiate &rArr; CSpotter_Init_Sep &rArr; CSpotter_Init_MultiWithExtRejModel &rArr; NINJA_API_73 &rArr; BsrRay &rArr; BsrDina
</UL>
<BR>[Calls]<UL><LI><a href="#[33]">&gt;&gt;</a>&nbsp;&nbsp;&nbsp;main
<LI><a href="#[34]">&gt;&gt;</a>&nbsp;&nbsp;&nbsp;exit
</UL>

<P><STRONG><a name="[151]"></a>__rt_entry_postli_1</STRONG> (Thumb, 0 bytes, Stack size unknown bytes, __rtentry2.o(.ARM.Collect$$rtentry$$0000000C))

<P><STRONG><a name="[4c]"></a>__rt_exit</STRONG> (Thumb, 0 bytes, Stack size unknown bytes, rtexit.o(.ARM.Collect$$rtexit$$00000000))
<BR><BR>[Called By]<UL><LI><a href="#[34]">&gt;&gt;</a>&nbsp;&nbsp;&nbsp;exit
</UL>

<P><STRONG><a name="[35]"></a>__rt_exit_ls</STRONG> (Thumb, 0 bytes, Stack size unknown bytes, rtexit2.o(.ARM.Collect$$rtexit$$00000003))
<BR><BR>[Calls]<UL><LI><a href="#[36]">&gt;&gt;</a>&nbsp;&nbsp;&nbsp;__rt_lib_shutdown
</UL>

<P><STRONG><a name="[152]"></a>__rt_exit_prels_1</STRONG> (Thumb, 0 bytes, Stack size unknown bytes, rtexit2.o(.ARM.Collect$$rtexit$$00000002))

<P><STRONG><a name="[37]"></a>__rt_exit_exit</STRONG> (Thumb, 0 bytes, Stack size unknown bytes, rtexit2.o(.ARM.Collect$$rtexit$$00000004))
<BR><BR>[Calls]<UL><LI><a href="#[38]">&gt;&gt;</a>&nbsp;&nbsp;&nbsp;_sys_exit
</UL>

<P><STRONG><a name="[127]"></a>__aeabi_memcpy4</STRONG> (Thumb, 56 bytes, Stack size 0 bytes, rt_memcpy.o(.emb_text))
<BR><BR>[Called By]<UL><LI><a href="#[126]">&gt;&gt;</a>&nbsp;&nbsp;&nbsp;TIMER_GetModuleClock
</UL>

<P><STRONG><a name="[153]"></a>__aeabi_memcpy8</STRONG> (Thumb, 0 bytes, Stack size 0 bytes, rt_memcpy.o(.emb_text), UNUSED)

<P><STRONG><a name="[24]"></a>Reset_Handler</STRONG> (Thumb, 28 bytes, Stack size 0 bytes, startup_isd9100.o(.text))

<P><STRONG><a name="[6]"></a>NMI_Handler</STRONG> (Thumb, 2 bytes, Stack size 0 bytes, startup_isd9100.o(.text))
<BR><BR>[Calls]<UL><LI><a href="#[6]">&gt;&gt;</a>&nbsp;&nbsp;&nbsp;NMI_Handler
</UL>
<BR>[Called By]<UL><LI><a href="#[6]">&gt;&gt;</a>&nbsp;&nbsp;&nbsp;NMI_Handler
</UL>
<BR>[Address Reference Count : 1]<UL><LI> startup_isd9100.o(RESET)
</UL>
<P><STRONG><a name="[7]"></a>HardFault_Handler</STRONG> (Thumb, 2 bytes, Stack size 0 bytes, startup_isd9100.o(.text))
<BR><BR>[Calls]<UL><LI><a href="#[7]">&gt;&gt;</a>&nbsp;&nbsp;&nbsp;HardFault_Handler
</UL>
<BR>[Called By]<UL><LI><a href="#[7]">&gt;&gt;</a>&nbsp;&nbsp;&nbsp;HardFault_Handler
</UL>
<BR>[Address Reference Count : 1]<UL><LI> startup_isd9100.o(RESET)
</UL>
<P><STRONG><a name="[8]"></a>SVC_Handler</STRONG> (Thumb, 2 bytes, Stack size 0 bytes, startup_isd9100.o(.text))
<BR><BR>[Calls]<UL><LI><a href="#[8]">&gt;&gt;</a>&nbsp;&nbsp;&nbsp;SVC_Handler
</UL>
<BR>[Called By]<UL><LI><a href="#[8]">&gt;&gt;</a>&nbsp;&nbsp;&nbsp;SVC_Handler
</UL>
<BR>[Address Reference Count : 1]<UL><LI> startup_isd9100.o(RESET)
</UL>
<P><STRONG><a name="[9]"></a>PendSV_Handler</STRONG> (Thumb, 2 bytes, Stack size 0 bytes, startup_isd9100.o(.text))
<BR><BR>[Calls]<UL><LI><a href="#[9]">&gt;&gt;</a>&nbsp;&nbsp;&nbsp;PendSV_Handler
</UL>
<BR>[Called By]<UL><LI><a href="#[9]">&gt;&gt;</a>&nbsp;&nbsp;&nbsp;PendSV_Handler
</UL>
<BR>[Address Reference Count : 1]<UL><LI> startup_isd9100.o(RESET)
</UL>
<P><STRONG><a name="[a]"></a>SysTick_Handler</STRONG> (Thumb, 2 bytes, Stack size 0 bytes, startup_isd9100.o(.text))
<BR><BR>[Calls]<UL><LI><a href="#[a]">&gt;&gt;</a>&nbsp;&nbsp;&nbsp;SysTick_Handler
</UL>
<BR>[Called By]<UL><LI><a href="#[a]">&gt;&gt;</a>&nbsp;&nbsp;&nbsp;SysTick_Handler
</UL>
<BR>[Address Reference Count : 1]<UL><LI> startup_isd9100.o(RESET)
</UL>
<P><STRONG><a name="[19]"></a>ACMP_IRQHandler</STRONG> (Thumb, 0 bytes, Stack size 0 bytes, startup_isd9100.o(.text))
<BR>[Address Reference Count : 1]<UL><LI> startup_isd9100.o(RESET)
</UL>
<P><STRONG><a name="[1d]"></a>ADC_IRQHandler</STRONG> (Thumb, 0 bytes, Stack size 0 bytes, startup_isd9100.o(.text))
<BR>[Address Reference Count : 1]<UL><LI> startup_isd9100.o(RESET)
</UL>
<P><STRONG><a name="[10]"></a>ALC_IRQHandler</STRONG> (Thumb, 0 bytes, Stack size 0 bytes, startup_isd9100.o(.text))
<BR>[Address Reference Count : 1]<UL><LI> startup_isd9100.o(RESET)
</UL>
<P><STRONG><a name="[b]"></a>BOD_IRQHandler</STRONG> (Thumb, 0 bytes, Stack size 0 bytes, startup_isd9100.o(.text))
<BR>[Address Reference Count : 1]<UL><LI> startup_isd9100.o(RESET)
</UL>
<P><STRONG><a name="[d]"></a>EINT0_IRQHandler</STRONG> (Thumb, 0 bytes, Stack size 0 bytes, startup_isd9100.o(.text))
<BR>[Address Reference Count : 1]<UL><LI> startup_isd9100.o(RESET)
</UL>
<P><STRONG><a name="[e]"></a>EINT1_IRQHandler</STRONG> (Thumb, 0 bytes, Stack size 0 bytes, startup_isd9100.o(.text))
<BR>[Address Reference Count : 1]<UL><LI> startup_isd9100.o(RESET)
</UL>
<P><STRONG><a name="[17]"></a>I2C0_IRQHandler</STRONG> (Thumb, 0 bytes, Stack size 0 bytes, startup_isd9100.o(.text))
<BR>[Address Reference Count : 1]<UL><LI> startup_isd9100.o(RESET)
</UL>
<P><STRONG><a name="[1b]"></a>I2S_IRQHandler</STRONG> (Thumb, 0 bytes, Stack size 0 bytes, startup_isd9100.o(.text))
<BR>[Address Reference Count : 1]<UL><LI> startup_isd9100.o(RESET)
</UL>
<P><STRONG><a name="[16]"></a>SPI0_IRQHandler</STRONG> (Thumb, 0 bytes, Stack size 0 bytes, startup_isd9100.o(.text))
<BR>[Address Reference Count : 1]<UL><LI> startup_isd9100.o(RESET)
</UL>
<P><STRONG><a name="[18]"></a>TALARM_IRQHandler</STRONG> (Thumb, 0 bytes, Stack size 0 bytes, startup_isd9100.o(.text))
<BR>[Address Reference Count : 1]<UL><LI> startup_isd9100.o(RESET)
</UL>
<P><STRONG><a name="[26]"></a>__user_initial_stackheap</STRONG> (Thumb, 0 bytes, Stack size unknown bytes, startup_isd9100.o(.text))
<BR><BR>[Called By]<UL><LI><a href="#[2f]">&gt;&gt;</a>&nbsp;&nbsp;&nbsp;__user_setup_stackheap
</UL>

<P><STRONG><a name="[39]"></a>__2printf</STRONG> (Thumb, 22 bytes, Stack size 24 bytes, noretval__2printf.o(.text))
<BR><BR>[Stack]<UL><LI>Max Depth = 136 + Unknown Stack Size
<LI>Call Chain = __2printf &rArr; _printf_char_file &rArr; _printf_char_common &rArr; __printf
</UL>
<BR>[Calls]<UL><LI><a href="#[3a]">&gt;&gt;</a>&nbsp;&nbsp;&nbsp;_printf_char_file
</UL>
<BR>[Called By]<UL><LI><a href="#[56]">&gt;&gt;</a>&nbsp;&nbsp;&nbsp;App_Process
<LI><a href="#[33]">&gt;&gt;</a>&nbsp;&nbsp;&nbsp;main
</UL>

<P><STRONG><a name="[3b]"></a>_printf_str</STRONG> (Thumb, 82 bytes, Stack size 16 bytes, _printf_str.o(.text))
<BR><BR>[Stack]<UL><LI>Max Depth = 16<LI>Call Chain = _printf_str
</UL>
<BR>[Calls]<UL><LI><a href="#[3c]">&gt;&gt;</a>&nbsp;&nbsp;&nbsp;_printf_pre_padding (Weak Reference)
<LI><a href="#[3d]">&gt;&gt;</a>&nbsp;&nbsp;&nbsp;_printf_post_padding (Weak Reference)
</UL>
<BR>[Called By]<UL><LI><a href="#[45]">&gt;&gt;</a>&nbsp;&nbsp;&nbsp;_printf_cs_common
</UL>

<P><STRONG><a name="[3e]"></a>__printf</STRONG> (Thumb, 270 bytes, Stack size 32 bytes, __printf_wp.o(.text))
<BR><BR>[Stack]<UL><LI>Max Depth = 32 + Unknown Stack Size
<LI>Call Chain = __printf
</UL>
<BR>[Calls]<UL><LI><a href="#[40]">&gt;&gt;</a>&nbsp;&nbsp;&nbsp;_printf_percent
<LI><a href="#[3f]">&gt;&gt;</a>&nbsp;&nbsp;&nbsp;_is_digit
</UL>
<BR>[Called By]<UL><LI><a href="#[48]">&gt;&gt;</a>&nbsp;&nbsp;&nbsp;_printf_char_common
</UL>

<P><STRONG><a name="[42]"></a>_memset_w</STRONG> (Thumb, 26 bytes, Stack size 0 bytes, rt_memclr.o(.text))
<BR><BR>[Called By]<UL><LI><a href="#[44]">&gt;&gt;</a>&nbsp;&nbsp;&nbsp;__rt_memclr_w
<LI><a href="#[41]">&gt;&gt;</a>&nbsp;&nbsp;&nbsp;_memset
</UL>

<P><STRONG><a name="[41]"></a>_memset</STRONG> (Thumb, 30 bytes, Stack size 0 bytes, rt_memclr.o(.text))
<BR><BR>[Calls]<UL><LI><a href="#[42]">&gt;&gt;</a>&nbsp;&nbsp;&nbsp;_memset_w
</UL>
<BR>[Called By]<UL><LI><a href="#[43]">&gt;&gt;</a>&nbsp;&nbsp;&nbsp;__aeabi_memclr
</UL>

<P><STRONG><a name="[43]"></a>__aeabi_memclr</STRONG> (Thumb, 4 bytes, Stack size 0 bytes, rt_memclr.o(.text))
<BR><BR>[Calls]<UL><LI><a href="#[41]">&gt;&gt;</a>&nbsp;&nbsp;&nbsp;_memset
</UL>
<BR>[Called By]<UL><LI><a href="#[10c]">&gt;&gt;</a>&nbsp;&nbsp;&nbsp;VolumeCtrl_Reset
<LI><a href="#[d9]">&gt;&gt;</a>&nbsp;&nbsp;&nbsp;Playback_SetOutputBuf
<LI><a href="#[d5]">&gt;&gt;</a>&nbsp;&nbsp;&nbsp;MD4_DecodeProcess
<LI><a href="#[e5]">&gt;&gt;</a>&nbsp;&nbsp;&nbsp;Record_SetInBufRecord
</UL>

<P><STRONG><a name="[154]"></a>__rt_memclr</STRONG> (Thumb, 0 bytes, Stack size 0 bytes, rt_memclr.o(.text), UNUSED)

<P><STRONG><a name="[d2]"></a>__aeabi_memclr4</STRONG> (Thumb, 0 bytes, Stack size 0 bytes, rt_memclr.o(.text))
<BR><BR>[Called By]<UL><LI><a href="#[52]">&gt;&gt;</a>&nbsp;&nbsp;&nbsp;MicGetApp_Initiate
<LI><a href="#[60]">&gt;&gt;</a>&nbsp;&nbsp;&nbsp;MD4App_DecodeInitiate
<LI><a href="#[d8]">&gt;&gt;</a>&nbsp;&nbsp;&nbsp;MD4_DecodeInitiate
</UL>

<P><STRONG><a name="[155]"></a>__aeabi_memclr8</STRONG> (Thumb, 0 bytes, Stack size 0 bytes, rt_memclr.o(.text), UNUSED)

<P><STRONG><a name="[44]"></a>__rt_memclr_w</STRONG> (Thumb, 4 bytes, Stack size 0 bytes, rt_memclr.o(.text), UNUSED)
<BR><BR>[Calls]<UL><LI><a href="#[42]">&gt;&gt;</a>&nbsp;&nbsp;&nbsp;_memset_w
</UL>

<P><STRONG><a name="[156]"></a>__aeabi_uidiv</STRONG> (Thumb, 0 bytes, Stack size 0 bytes, aeabi_sdivfast.o(.text), UNUSED)

<P><STRONG><a name="[95]"></a>__aeabi_uidivmod</STRONG> (Thumb, 28 bytes, Stack size 0 bytes, aeabi_sdivfast.o(.text))
<BR><BR>[Called By]<UL><LI><a href="#[123]">&gt;&gt;</a>&nbsp;&nbsp;&nbsp;delayms
<LI><a href="#[12a]">&gt;&gt;</a>&nbsp;&nbsp;&nbsp;UART_Open
<LI><a href="#[128]">&gt;&gt;</a>&nbsp;&nbsp;&nbsp;TIMER_Open
<LI><a href="#[125]">&gt;&gt;</a>&nbsp;&nbsp;&nbsp;SysClk_InitiateRC
<LI><a href="#[d1]">&gt;&gt;</a>&nbsp;&nbsp;&nbsp;DPWM_SetSampleRate
<LI><a href="#[108]">&gt;&gt;</a>&nbsp;&nbsp;&nbsp;SPK_ChangeSR
<LI><a href="#[dd]">&gt;&gt;</a>&nbsp;&nbsp;&nbsp;MIC_ChangeSR
<LI><a href="#[ba]">&gt;&gt;</a>&nbsp;&nbsp;&nbsp;SystemCoreClockUpdate
<LI><a href="#[11d]">&gt;&gt;</a>&nbsp;&nbsp;&nbsp;SPI_SetVarClock
<LI><a href="#[11e]">&gt;&gt;</a>&nbsp;&nbsp;&nbsp;SPI_SetBusClock
<LI><a href="#[11c]">&gt;&gt;</a>&nbsp;&nbsp;&nbsp;SPI_GetBusClock
<LI><a href="#[94]">&gt;&gt;</a>&nbsp;&nbsp;&nbsp;BsrDina
<LI><a href="#[bd]">&gt;&gt;</a>&nbsp;&nbsp;&nbsp;NINJA_API_13
<LI><a href="#[93]">&gt;&gt;</a>&nbsp;&nbsp;&nbsp;BsrJamii
</UL>

<P><STRONG><a name="[157]"></a>__aeabi_idiv</STRONG> (Thumb, 0 bytes, Stack size 8 bytes, aeabi_sdivfast.o(.text), UNUSED)

<P><STRONG><a name="[4e]"></a>__aeabi_idivmod</STRONG> (Thumb, 460 bytes, Stack size 8 bytes, aeabi_sdivfast.o(.text))
<BR><BR>[Stack]<UL><LI>Max Depth = 8<LI>Call Chain = __aeabi_idivmod
</UL>
<BR>[Called By]<UL><LI><a href="#[4f]">&gt;&gt;</a>&nbsp;&nbsp;&nbsp;ADC_SetPGAGaindB
<LI><a href="#[4d]">&gt;&gt;</a>&nbsp;&nbsp;&nbsp;ADC_SetALCTargetLevel
<LI><a href="#[8e]">&gt;&gt;</a>&nbsp;&nbsp;&nbsp;BsrJeni
<LI><a href="#[9b]">&gt;&gt;</a>&nbsp;&nbsp;&nbsp;BsrGreg
<LI><a href="#[9d]">&gt;&gt;</a>&nbsp;&nbsp;&nbsp;BsrErin
<LI><a href="#[9f]">&gt;&gt;</a>&nbsp;&nbsp;&nbsp;BsrEmma
<LI><a href="#[a6]">&gt;&gt;</a>&nbsp;&nbsp;&nbsp;BsrJoan
<LI><a href="#[89]">&gt;&gt;</a>&nbsp;&nbsp;&nbsp;BsrClay
<LI><a href="#[86]">&gt;&gt;</a>&nbsp;&nbsp;&nbsp;BsrChaza
<LI><a href="#[70]">&gt;&gt;</a>&nbsp;&nbsp;&nbsp;BsrErica
<LI><a href="#[76]">&gt;&gt;</a>&nbsp;&nbsp;&nbsp;BsrElsa
<LI><a href="#[75]">&gt;&gt;</a>&nbsp;&nbsp;&nbsp;BsrElla
<LI><a href="#[b0]">&gt;&gt;</a>&nbsp;&nbsp;&nbsp;BsrRon
<LI><a href="#[e9]">&gt;&gt;</a>&nbsp;&nbsp;&nbsp;NINJA_API_11
<LI><a href="#[c6]">&gt;&gt;</a>&nbsp;&nbsp;&nbsp;NINJA_API_55
</UL>

<P><STRONG><a name="[158]"></a>__use_two_region_memory</STRONG> (Thumb, 2 bytes, Stack size 0 bytes, heapauxi.o(.text), UNUSED)

<P><STRONG><a name="[159]"></a>__rt_heap_escrow$2region</STRONG> (Thumb, 2 bytes, Stack size 0 bytes, heapauxi.o(.text), UNUSED)

<P><STRONG><a name="[15a]"></a>__rt_heap_expand$2region</STRONG> (Thumb, 2 bytes, Stack size 0 bytes, heapauxi.o(.text), UNUSED)

<P><STRONG><a name="[45]"></a>_printf_cs_common</STRONG> (Thumb, 22 bytes, Stack size 8 bytes, _printf_char.o(.text))
<BR><BR>[Stack]<UL><LI>Max Depth = 24<LI>Call Chain = _printf_cs_common &rArr; _printf_str
</UL>
<BR>[Calls]<UL><LI><a href="#[46]">&gt;&gt;</a>&nbsp;&nbsp;&nbsp;_printf_mbtowc (Weak Reference)
<LI><a href="#[3b]">&gt;&gt;</a>&nbsp;&nbsp;&nbsp;_printf_str
</UL>
<BR>[Called By]<UL><LI><a href="#[2d]">&gt;&gt;</a>&nbsp;&nbsp;&nbsp;_printf_string
<LI><a href="#[47]">&gt;&gt;</a>&nbsp;&nbsp;&nbsp;_printf_char
</UL>

<P><STRONG><a name="[47]"></a>_printf_char</STRONG> (Thumb, 16 bytes, Stack size 0 bytes, _printf_char.o(.text), UNUSED)
<BR><BR>[Calls]<UL><LI><a href="#[45]">&gt;&gt;</a>&nbsp;&nbsp;&nbsp;_printf_cs_common
</UL>

<P><STRONG><a name="[2d]"></a>_printf_string</STRONG> (Thumb, 8 bytes, Stack size 0 bytes, _printf_char.o(.text))
<BR><BR>[Stack]<UL><LI>Max Depth = 24<LI>Call Chain = _printf_string &rArr; _printf_cs_common &rArr; _printf_str
</UL>
<BR>[Calls]<UL><LI><a href="#[45]">&gt;&gt;</a>&nbsp;&nbsp;&nbsp;_printf_cs_common
</UL>
<BR>[Called By]<UL><LI><a href="#[2b]">&gt;&gt;</a>&nbsp;&nbsp;&nbsp;_printf_s
</UL>

<P><STRONG><a name="[3a]"></a>_printf_char_file</STRONG> (Thumb, 34 bytes, Stack size 16 bytes, _printf_char_file.o(.text))
<BR><BR>[Stack]<UL><LI>Max Depth = 112 + Unknown Stack Size
<LI>Call Chain = _printf_char_file &rArr; _printf_char_common &rArr; __printf
</UL>
<BR>[Calls]<UL><LI><a href="#[49]">&gt;&gt;</a>&nbsp;&nbsp;&nbsp;ferror
<LI><a href="#[48]">&gt;&gt;</a>&nbsp;&nbsp;&nbsp;_printf_char_common
</UL>
<BR>[Called By]<UL><LI><a href="#[39]">&gt;&gt;</a>&nbsp;&nbsp;&nbsp;__2printf
</UL>

<P><STRONG><a name="[48]"></a>_printf_char_common</STRONG> (Thumb, 32 bytes, Stack size 64 bytes, _printf_char_common.o(.text))
<BR><BR>[Stack]<UL><LI>Max Depth = 96 + Unknown Stack Size
<LI>Call Chain = _printf_char_common &rArr; __printf
</UL>
<BR>[Calls]<UL><LI><a href="#[3e]">&gt;&gt;</a>&nbsp;&nbsp;&nbsp;__printf
</UL>
<BR>[Called By]<UL><LI><a href="#[3a]">&gt;&gt;</a>&nbsp;&nbsp;&nbsp;_printf_char_file
</UL>

<P><STRONG><a name="[2f]"></a>__user_setup_stackheap</STRONG> (Thumb, 62 bytes, Stack size 8 bytes, sys_stackheap_outer.o(.text))
<BR><BR>[Stack]<UL><LI>Max Depth = 8 + Unknown Stack Size
<LI>Call Chain = __user_setup_stackheap
</UL>
<BR>[Calls]<UL><LI><a href="#[26]">&gt;&gt;</a>&nbsp;&nbsp;&nbsp;__user_initial_stackheap
<LI><a href="#[4a]">&gt;&gt;</a>&nbsp;&nbsp;&nbsp;__user_perproc_libspace
</UL>
<BR>[Called By]<UL><LI><a href="#[2e]">&gt;&gt;</a>&nbsp;&nbsp;&nbsp;__rt_entry_sh
</UL>

<P><STRONG><a name="[34]"></a>exit</STRONG> (Thumb, 16 bytes, Stack size 8 bytes, exit.o(.text))
<BR><BR>[Stack]<UL><LI>Max Depth = 8 + Unknown Stack Size
<LI>Call Chain = exit
</UL>
<BR>[Calls]<UL><LI><a href="#[4c]">&gt;&gt;</a>&nbsp;&nbsp;&nbsp;__rt_exit
<LI><a href="#[4b]">&gt;&gt;</a>&nbsp;&nbsp;&nbsp;_call_atexit_fns (Weak Reference)
</UL>
<BR>[Called By]<UL><LI><a href="#[32]">&gt;&gt;</a>&nbsp;&nbsp;&nbsp;__rt_entry_main
</UL>

<P><STRONG><a name="[15b]"></a>__user_libspace</STRONG> (Thumb, 8 bytes, Stack size 0 bytes, libspace.o(.text), UNUSED)

<P><STRONG><a name="[4a]"></a>__user_perproc_libspace</STRONG> (Thumb, 0 bytes, Stack size 0 bytes, libspace.o(.text))
<BR><BR>[Called By]<UL><LI><a href="#[2f]">&gt;&gt;</a>&nbsp;&nbsp;&nbsp;__user_setup_stackheap
</UL>

<P><STRONG><a name="[15c]"></a>__user_perthread_libspace</STRONG> (Thumb, 0 bytes, Stack size 0 bytes, libspace.o(.text), UNUSED)

<P><STRONG><a name="[38]"></a>_sys_exit</STRONG> (Thumb, 8 bytes, Stack size 0 bytes, sys_exit.o(.text))
<BR><BR>[Called By]<UL><LI><a href="#[37]">&gt;&gt;</a>&nbsp;&nbsp;&nbsp;__rt_exit_exit
</UL>

<P><STRONG><a name="[15d]"></a>__I$use$semihosting</STRONG> (Thumb, 0 bytes, Stack size 0 bytes, use_no_semi.o(.text), UNUSED)

<P><STRONG><a name="[15e]"></a>__use_no_semihosting_swi</STRONG> (Thumb, 2 bytes, Stack size 0 bytes, use_no_semi.o(.text), UNUSED)

<P><STRONG><a name="[15f]"></a>__semihosting_library_function</STRONG> (Thumb, 0 bytes, Stack size unknown bytes, indicate_semi.o(.text), UNUSED)

<P><STRONG><a name="[e0]"></a>ADC_EnableMICBias</STRONG> (Thumb, 12 bytes, Stack size 0 bytes, adc.o(i.ADC_EnableMICBias))
<BR><BR>[Called By]<UL><LI><a href="#[de]">&gt;&gt;</a>&nbsp;&nbsp;&nbsp;MIC_Open
</UL>

<P><STRONG><a name="[e2]"></a>ADC_Open</STRONG> (Thumb, 2 bytes, Stack size 0 bytes, adc.o(i.ADC_Open))
<BR><BR>[Called By]<UL><LI><a href="#[de]">&gt;&gt;</a>&nbsp;&nbsp;&nbsp;MIC_Open
</UL>

<P><STRONG><a name="[4d]"></a>ADC_SetALCTargetLevel</STRONG> (Thumb, 56 bytes, Stack size 8 bytes, adc.o(i.ADC_SetALCTargetLevel))
<BR><BR>[Stack]<UL><LI>Max Depth = 16<LI>Call Chain = ADC_SetALCTargetLevel &rArr; __aeabi_idivmod
</UL>
<BR>[Calls]<UL><LI><a href="#[4e]">&gt;&gt;</a>&nbsp;&nbsp;&nbsp;__aeabi_idivmod
</UL>
<BR>[Called By]<UL><LI><a href="#[de]">&gt;&gt;</a>&nbsp;&nbsp;&nbsp;MIC_Open
</UL>

<P><STRONG><a name="[e1]"></a>ADC_SetAMUX</STRONG> (Thumb, 66 bytes, Stack size 8 bytes, adc.o(i.ADC_SetAMUX))
<BR><BR>[Stack]<UL><LI>Max Depth = 8<LI>Call Chain = ADC_SetAMUX
</UL>
<BR>[Called By]<UL><LI><a href="#[de]">&gt;&gt;</a>&nbsp;&nbsp;&nbsp;MIC_Open
</UL>

<P><STRONG><a name="[4f]"></a>ADC_SetPGAGaindB</STRONG> (Thumb, 42 bytes, Stack size 8 bytes, adc.o(i.ADC_SetPGAGaindB))
<BR><BR>[Stack]<UL><LI>Max Depth = 16<LI>Call Chain = ADC_SetPGAGaindB &rArr; __aeabi_idivmod
</UL>
<BR>[Calls]<UL><LI><a href="#[4e]">&gt;&gt;</a>&nbsp;&nbsp;&nbsp;__aeabi_idivmod
</UL>
<BR>[Called By]<UL><LI><a href="#[de]">&gt;&gt;</a>&nbsp;&nbsp;&nbsp;MIC_Open
</UL>

<P><STRONG><a name="[50]"></a>App_Initiate</STRONG> (Thumb, 60 bytes, Stack size 8 bytes, appfunctions.o(i.App_Initiate))
<BR><BR>[Stack]<UL><LI>Max Depth = 680<LI>Call Chain = App_Initiate &rArr; App_StartRecognize &rArr; VROneCmdApp_Initiate &rArr; CSpotter_Init_Sep &rArr; CSpotter_Init_MultiWithExtRejModel &rArr; NINJA_API_73 &rArr; BsrRay &rArr; BsrDina
</UL>
<BR>[Calls]<UL><LI><a href="#[54]">&gt;&gt;</a>&nbsp;&nbsp;&nbsp;VROneCmdApp_UnpackBin
<LI><a href="#[51]">&gt;&gt;</a>&nbsp;&nbsp;&nbsp;Playback_Initiate
<LI><a href="#[52]">&gt;&gt;</a>&nbsp;&nbsp;&nbsp;MicGetApp_Initiate
<LI><a href="#[53]">&gt;&gt;</a>&nbsp;&nbsp;&nbsp;AudioRom_GetAudioNum
<LI><a href="#[55]">&gt;&gt;</a>&nbsp;&nbsp;&nbsp;App_StartRecognize
</UL>
<BR>[Called By]<UL><LI><a href="#[33]">&gt;&gt;</a>&nbsp;&nbsp;&nbsp;main
</UL>

<P><STRONG><a name="[56]"></a>App_Process</STRONG> (Thumb, 330 bytes, Stack size 24 bytes, appfunctions.o(i.App_Process))
<BR><BR>[Stack]<UL><LI>Max Depth = 608 + Unknown Stack Size
<LI>Call Chain = App_Process &rArr; VROneCmdApp_GetCMDID &rArr; CSpotter_AddSample &rArr; NINJA_API_13 &rArr; NINJA_API_11 &rArr; BsrAsa &rArr; BsrCara &rArr; BsrBret
</UL>
<BR>[Calls]<UL><LI><a href="#[5b]">&gt;&gt;</a>&nbsp;&nbsp;&nbsp;VROneCmdApp_GetCMDID
<LI><a href="#[59]">&gt;&gt;</a>&nbsp;&nbsp;&nbsp;MicGetApp_StartRec
<LI><a href="#[5a]">&gt;&gt;</a>&nbsp;&nbsp;&nbsp;MicGetApp_ProcessRec
<LI><a href="#[57]">&gt;&gt;</a>&nbsp;&nbsp;&nbsp;MD4App_DecodeProcess
<LI><a href="#[5c]">&gt;&gt;</a>&nbsp;&nbsp;&nbsp;__ARM_common_switch8
<LI><a href="#[5e]">&gt;&gt;</a>&nbsp;&nbsp;&nbsp;SendCMD
<LI><a href="#[58]">&gt;&gt;</a>&nbsp;&nbsp;&nbsp;App_StopPlay
<LI><a href="#[5d]">&gt;&gt;</a>&nbsp;&nbsp;&nbsp;App_StartPlay
<LI><a href="#[39]">&gt;&gt;</a>&nbsp;&nbsp;&nbsp;__2printf
</UL>
<BR>[Called By]<UL><LI><a href="#[33]">&gt;&gt;</a>&nbsp;&nbsp;&nbsp;main
</UL>

<P><STRONG><a name="[5d]"></a>App_StartPlay</STRONG> (Thumb, 46 bytes, Stack size 8 bytes, appfunctions.o(i.App_StartPlay))
<BR><BR>[Stack]<UL><LI>Max Depth = 184<LI>Call Chain = App_StartPlay &rArr; MD4App_DecodeStartPlayByID &rArr; MD4App_DecodeStartPlayByAddr &rArr; MD4App_DecodeProcess &rArr; MD4_DecodeProcess &rArr; MD4_DecodeFrame &rArr; MD4_CheckResLdr
</UL>
<BR>[Calls]<UL><LI><a href="#[62]">&gt;&gt;</a>&nbsp;&nbsp;&nbsp;Playback_StartPlay
<LI><a href="#[5f]">&gt;&gt;</a>&nbsp;&nbsp;&nbsp;MicGetApp_StopRec
<LI><a href="#[61]">&gt;&gt;</a>&nbsp;&nbsp;&nbsp;MD4App_DecodeStartPlayByID
<LI><a href="#[60]">&gt;&gt;</a>&nbsp;&nbsp;&nbsp;MD4App_DecodeInitiate
</UL>
<BR>[Called By]<UL><LI><a href="#[56]">&gt;&gt;</a>&nbsp;&nbsp;&nbsp;App_Process
</UL>

<P><STRONG><a name="[55]"></a>App_StartRecognize</STRONG> (Thumb, 26 bytes, Stack size 8 bytes, appfunctions.o(i.App_StartRecognize))
<BR><BR>[Stack]<UL><LI>Max Depth = 672<LI>Call Chain = App_StartRecognize &rArr; VROneCmdApp_Initiate &rArr; CSpotter_Init_Sep &rArr; CSpotter_Init_MultiWithExtRejModel &rArr; NINJA_API_73 &rArr; BsrRay &rArr; BsrDina
</UL>
<BR>[Calls]<UL><LI><a href="#[63]">&gt;&gt;</a>&nbsp;&nbsp;&nbsp;VROneCmdApp_Initiate
<LI><a href="#[59]">&gt;&gt;</a>&nbsp;&nbsp;&nbsp;MicGetApp_StartRec
</UL>
<BR>[Called By]<UL><LI><a href="#[50]">&gt;&gt;</a>&nbsp;&nbsp;&nbsp;App_Initiate
</UL>

<P><STRONG><a name="[58]"></a>App_StopPlay</STRONG> (Thumb, 16 bytes, Stack size 8 bytes, appfunctions.o(i.App_StopPlay))
<BR><BR>[Stack]<UL><LI>Max Depth = 32<LI>Call Chain = App_StopPlay &rArr; MD4App_DecodeStopPlay &rArr; Playback_Remove &rArr; Playback_StopPlay
</UL>
<BR>[Calls]<UL><LI><a href="#[64]">&gt;&gt;</a>&nbsp;&nbsp;&nbsp;Playback_StopPlay
<LI><a href="#[65]">&gt;&gt;</a>&nbsp;&nbsp;&nbsp;MD4App_DecodeStopPlay
</UL>
<BR>[Called By]<UL><LI><a href="#[56]">&gt;&gt;</a>&nbsp;&nbsp;&nbsp;App_Process
</UL>

<P><STRONG><a name="[66]"></a>AudioRom_GetAudioChunkInfo</STRONG> (Thumb, 46 bytes, Stack size 40 bytes, audiorom.o(i.AudioRom_GetAudioChunkInfo))
<BR><BR>[Stack]<UL><LI>Max Depth = 56<LI>Call Chain = AudioRom_GetAudioChunkInfo &rArr; AudioRom_GetRomHeader
</UL>
<BR>[Calls]<UL><LI><a href="#[67]">&gt;&gt;</a>&nbsp;&nbsp;&nbsp;AudioRom_GetRomHeader
</UL>
<BR>[Called By]<UL><LI><a href="#[61]">&gt;&gt;</a>&nbsp;&nbsp;&nbsp;MD4App_DecodeStartPlayByID
</UL>

<P><STRONG><a name="[53]"></a>AudioRom_GetAudioNum</STRONG> (Thumb, 14 bytes, Stack size 8 bytes, audiorom.o(i.AudioRom_GetAudioNum))
<BR><BR>[Stack]<UL><LI>Max Depth = 8<LI>Call Chain = AudioRom_GetAudioNum
</UL>
<BR>[Called By]<UL><LI><a href="#[50]">&gt;&gt;</a>&nbsp;&nbsp;&nbsp;App_Initiate
</UL>

<P><STRONG><a name="[67]"></a>AudioRom_GetRomHeader</STRONG> (Thumb, 28 bytes, Stack size 16 bytes, audiorom.o(i.AudioRom_GetRomHeader))
<BR><BR>[Stack]<UL><LI>Max Depth = 16<LI>Call Chain = AudioRom_GetRomHeader
</UL>
<BR>[Called By]<UL><LI><a href="#[66]">&gt;&gt;</a>&nbsp;&nbsp;&nbsp;AudioRom_GetAudioChunkInfo
</UL>

<P><STRONG><a name="[6a]"></a>BIQ_Reset</STRONG> (Thumb, 22 bytes, Stack size 0 bytes, biq.o(i.BIQ_Reset))
<BR><BR>[Called By]<UL><LI><a href="#[68]">&gt;&gt;</a>&nbsp;&nbsp;&nbsp;BIQFilter_Setting
</UL>

<P><STRONG><a name="[6b]"></a>BIQ_SetCoeff</STRONG> (Thumb, 62 bytes, Stack size 16 bytes, biq.o(i.BIQ_SetCoeff))
<BR><BR>[Stack]<UL><LI>Max Depth = 16<LI>Call Chain = BIQ_SetCoeff
</UL>
<BR>[Called By]<UL><LI><a href="#[68]">&gt;&gt;</a>&nbsp;&nbsp;&nbsp;BIQFilter_Setting
</UL>

<P><STRONG><a name="[f4]"></a>BsrAbby</STRONG> (Thumb, 44 bytes, Stack size 0 bytes, BsrJoe.o(i.BsrAbby))
<BR><BR>[Called By]<UL><LI><a href="#[c8]">&gt;&gt;</a>&nbsp;&nbsp;&nbsp;NINJA_API_73
</UL>

<P><STRONG><a name="[6d]"></a>BsrAbel</STRONG> (Thumb, 126 bytes, Stack size 12 bytes, BsrJoe.o(i.BsrAbel))
<BR><BR>[Stack]<UL><LI>Max Depth = 12<LI>Call Chain = BsrAbel
</UL>
<BR>[Called By]<UL><LI><a href="#[8f]">&gt;&gt;</a>&nbsp;&nbsp;&nbsp;BsrCory
<LI><a href="#[83]">&gt;&gt;</a>&nbsp;&nbsp;&nbsp;BsrChaze
<LI><a href="#[85]">&gt;&gt;</a>&nbsp;&nbsp;&nbsp;BsrChaz
<LI><a href="#[80]">&gt;&gt;</a>&nbsp;&nbsp;&nbsp;BsrCara
<LI><a href="#[b0]">&gt;&gt;</a>&nbsp;&nbsp;&nbsp;BsrRon
<LI><a href="#[aa]">&gt;&gt;</a>&nbsp;&nbsp;&nbsp;BsrMya
<LI><a href="#[a9]">&gt;&gt;</a>&nbsp;&nbsp;&nbsp;BsrMichael
<LI><a href="#[a7]">&gt;&gt;</a>&nbsp;&nbsp;&nbsp;BsrJoyci
<LI><a href="#[73]">&gt;&gt;</a>&nbsp;&nbsp;&nbsp;BsrAmos
<LI><a href="#[6c]">&gt;&gt;</a>&nbsp;&nbsp;&nbsp;BsrAlma
</UL>

<P><STRONG><a name="[72]"></a>BsrAdam</STRONG> (Thumb, 200 bytes, Stack size 8 bytes, BsrJoe.o(i.BsrAdam))
<BR><BR>[Stack]<UL><LI>Max Depth = 8<LI>Call Chain = BsrAdam
</UL>
<BR>[Called By]<UL><LI><a href="#[91]">&gt;&gt;</a>&nbsp;&nbsp;&nbsp;BsrCoty
<LI><a href="#[8f]">&gt;&gt;</a>&nbsp;&nbsp;&nbsp;BsrCory
<LI><a href="#[83]">&gt;&gt;</a>&nbsp;&nbsp;&nbsp;BsrChaze
<LI><a href="#[85]">&gt;&gt;</a>&nbsp;&nbsp;&nbsp;BsrChaz
<LI><a href="#[80]">&gt;&gt;</a>&nbsp;&nbsp;&nbsp;BsrCara
<LI><a href="#[b0]">&gt;&gt;</a>&nbsp;&nbsp;&nbsp;BsrRon
<LI><a href="#[ab]">&gt;&gt;</a>&nbsp;&nbsp;&nbsp;BsrNia
<LI><a href="#[aa]">&gt;&gt;</a>&nbsp;&nbsp;&nbsp;BsrMya
<LI><a href="#[a9]">&gt;&gt;</a>&nbsp;&nbsp;&nbsp;BsrMichael
<LI><a href="#[a7]">&gt;&gt;</a>&nbsp;&nbsp;&nbsp;BsrJoyci
<LI><a href="#[78]">&gt;&gt;</a>&nbsp;&nbsp;&nbsp;BsrAna
<LI><a href="#[73]">&gt;&gt;</a>&nbsp;&nbsp;&nbsp;BsrAmos
<LI><a href="#[71]">&gt;&gt;</a>&nbsp;&nbsp;&nbsp;BsrAmir
</UL>

<P><STRONG><a name="[6c]"></a>BsrAlma</STRONG> (Thumb, 210 bytes, Stack size 40 bytes, BsrDon.o(i.BsrAlma))
<BR><BR>[Stack]<UL><LI>Max Depth = 88<LI>Call Chain = BsrAlma &rArr; BsrErica &rArr; __aeabi_idivmod
</UL>
<BR>[Calls]<UL><LI><a href="#[6f]">&gt;&gt;</a>&nbsp;&nbsp;&nbsp;BsrZoe
<LI><a href="#[70]">&gt;&gt;</a>&nbsp;&nbsp;&nbsp;BsrErica
<LI><a href="#[6d]">&gt;&gt;</a>&nbsp;&nbsp;&nbsp;BsrAbel
<LI><a href="#[6e]">&gt;&gt;</a>&nbsp;&nbsp;&nbsp;BsrJohn
</UL>
<BR>[Called By]<UL><LI><a href="#[c8]">&gt;&gt;</a>&nbsp;&nbsp;&nbsp;NINJA_API_73
</UL>

<P><STRONG><a name="[71]"></a>BsrAmir</STRONG> (Thumb, 24 bytes, Stack size 8 bytes, BsrDon.o(i.BsrAmir))
<BR><BR>[Stack]<UL><LI>Max Depth = 16<LI>Call Chain = BsrAmir &rArr; BsrAdam
</UL>
<BR>[Calls]<UL><LI><a href="#[72]">&gt;&gt;</a>&nbsp;&nbsp;&nbsp;BsrAdam
</UL>
<BR>[Called By]<UL><LI><a href="#[c8]">&gt;&gt;</a>&nbsp;&nbsp;&nbsp;NINJA_API_73
<LI><a href="#[cd]">&gt;&gt;</a>&nbsp;&nbsp;&nbsp;NINJA_API_2
</UL>

<P><STRONG><a name="[73]"></a>BsrAmos</STRONG> (Thumb, 294 bytes, Stack size 48 bytes, BsrDon.o(i.BsrAmos))
<BR><BR>[Stack]<UL><LI>Max Depth = 216<LI>Call Chain = BsrAmos &rArr; BsrEden &rArr; BsrGreg &rArr; __aeabi_idivmod
</UL>
<BR>[Calls]<UL><LI><a href="#[76]">&gt;&gt;</a>&nbsp;&nbsp;&nbsp;BsrElsa
<LI><a href="#[75]">&gt;&gt;</a>&nbsp;&nbsp;&nbsp;BsrElla
<LI><a href="#[74]">&gt;&gt;</a>&nbsp;&nbsp;&nbsp;BsrEden
<LI><a href="#[72]">&gt;&gt;</a>&nbsp;&nbsp;&nbsp;BsrAdam
<LI><a href="#[6d]">&gt;&gt;</a>&nbsp;&nbsp;&nbsp;BsrAbel
<LI><a href="#[77]">&gt;&gt;</a>&nbsp;&nbsp;&nbsp;BsrJose
</UL>
<BR>[Called By]<UL><LI><a href="#[bd]">&gt;&gt;</a>&nbsp;&nbsp;&nbsp;NINJA_API_13
</UL>

<P><STRONG><a name="[78]"></a>BsrAna</STRONG> (Thumb, 42 bytes, Stack size 16 bytes, BsrJim.o(i.BsrAna))
<BR><BR>[Stack]<UL><LI>Max Depth = 24<LI>Call Chain = BsrAna &rArr; BsrAdam
</UL>
<BR>[Calls]<UL><LI><a href="#[72]">&gt;&gt;</a>&nbsp;&nbsp;&nbsp;BsrAdam
</UL>
<BR>[Called By]<UL><LI><a href="#[c8]">&gt;&gt;</a>&nbsp;&nbsp;&nbsp;NINJA_API_73
<LI><a href="#[cd]">&gt;&gt;</a>&nbsp;&nbsp;&nbsp;NINJA_API_2
</UL>

<P><STRONG><a name="[79]"></a>BsrAnna</STRONG> (Thumb, 38 bytes, Stack size 8 bytes, BsrDon.o(i.BsrAnna))
<BR><BR>[Stack]<UL><LI>Max Depth = 56<LI>Call Chain = BsrAnna &rArr; BsrErica &rArr; __aeabi_idivmod
</UL>
<BR>[Calls]<UL><LI><a href="#[70]">&gt;&gt;</a>&nbsp;&nbsp;&nbsp;BsrErica
</UL>
<BR>[Called By]<UL><LI><a href="#[c8]">&gt;&gt;</a>&nbsp;&nbsp;&nbsp;NINJA_API_73
</UL>

<P><STRONG><a name="[7a]"></a>BsrAnne</STRONG> (Thumb, 24 bytes, Stack size 8 bytes, BsrDon.o(i.BsrAnne))
<BR><BR>[Stack]<UL><LI>Max Depth = 8<LI>Call Chain = BsrAnne
</UL>
<BR>[Calls]<UL><LI><a href="#[6f]">&gt;&gt;</a>&nbsp;&nbsp;&nbsp;BsrZoe
</UL>
<BR>[Called By]<UL><LI><a href="#[c2]">&gt;&gt;</a>&nbsp;&nbsp;&nbsp;NINJA_API_75
</UL>

<P><STRONG><a name="[7b]"></a>BsrAnnie</STRONG> (Thumb, 28 bytes, Stack size 8 bytes, BsrDon.o(i.BsrAnnie))
<BR><BR>[Stack]<UL><LI>Max Depth = 8<LI>Call Chain = BsrAnnie
</UL>
<BR>[Calls]<UL><LI><a href="#[6f]">&gt;&gt;</a>&nbsp;&nbsp;&nbsp;BsrZoe
</UL>
<BR>[Called By]<UL><LI><a href="#[c2]">&gt;&gt;</a>&nbsp;&nbsp;&nbsp;NINJA_API_75
</UL>

<P><STRONG><a name="[88]"></a>BsrAri</STRONG> (Thumb, 172 bytes, Stack size 12 bytes, BsrJim.o(i.BsrAri))
<BR><BR>[Stack]<UL><LI>Max Depth = 12<LI>Call Chain = BsrAri
</UL>
<BR>[Called By]<UL><LI><a href="#[7c]">&gt;&gt;</a>&nbsp;&nbsp;&nbsp;BsrAsa
<LI><a href="#[e9]">&gt;&gt;</a>&nbsp;&nbsp;&nbsp;NINJA_API_11
<LI><a href="#[c8]">&gt;&gt;</a>&nbsp;&nbsp;&nbsp;NINJA_API_73
<LI><a href="#[d0]">&gt;&gt;</a>&nbsp;&nbsp;&nbsp;NINJA_API_3
</UL>

<P><STRONG><a name="[7c]"></a>BsrAsa</STRONG> (Thumb, 238 bytes, Stack size 16 bytes, BsrJim.o(i.BsrAsa))
<BR><BR>[Stack]<UL><LI>Max Depth = 256<LI>Call Chain = BsrAsa &rArr; BsrCara &rArr; BsrBret
</UL>
<BR>[Calls]<UL><LI><a href="#[89]">&gt;&gt;</a>&nbsp;&nbsp;&nbsp;BsrClay
<LI><a href="#[87]">&gt;&gt;</a>&nbsp;&nbsp;&nbsp;BsrChazi
<LI><a href="#[83]">&gt;&gt;</a>&nbsp;&nbsp;&nbsp;BsrChaze
<LI><a href="#[86]">&gt;&gt;</a>&nbsp;&nbsp;&nbsp;BsrChaza
<LI><a href="#[85]">&gt;&gt;</a>&nbsp;&nbsp;&nbsp;BsrChaz
<LI><a href="#[82]">&gt;&gt;</a>&nbsp;&nbsp;&nbsp;BsrChada
<LI><a href="#[84]">&gt;&gt;</a>&nbsp;&nbsp;&nbsp;BsrChad
<LI><a href="#[81]">&gt;&gt;</a>&nbsp;&nbsp;&nbsp;BsrCarae
<LI><a href="#[80]">&gt;&gt;</a>&nbsp;&nbsp;&nbsp;BsrCara
<LI><a href="#[7f]">&gt;&gt;</a>&nbsp;&nbsp;&nbsp;BsrCale
<LI><a href="#[7d]">&gt;&gt;</a>&nbsp;&nbsp;&nbsp;BsrCadea
<LI><a href="#[7e]">&gt;&gt;</a>&nbsp;&nbsp;&nbsp;BsrCade
<LI><a href="#[88]">&gt;&gt;</a>&nbsp;&nbsp;&nbsp;BsrAri
</UL>
<BR>[Called By]<UL><LI><a href="#[e9]">&gt;&gt;</a>&nbsp;&nbsp;&nbsp;NINJA_API_11
</UL>

<P><STRONG><a name="[8a]"></a>BsrAvea</STRONG> (Thumb, 170 bytes, Stack size 40 bytes, BsrJim.o(i.BsrAvea))
<BR><BR>[Stack]<UL><LI>Max Depth = 68<LI>Call Chain = BsrAvea &rArr; BsrBen &rArr; BsrMaxi
</UL>
<BR>[Calls]<UL><LI><a href="#[8b]">&gt;&gt;</a>&nbsp;&nbsp;&nbsp;BsrBen
<LI><a href="#[6f]">&gt;&gt;</a>&nbsp;&nbsp;&nbsp;BsrZoe
</UL>
<BR>[Called By]<UL><LI><a href="#[c2]">&gt;&gt;</a>&nbsp;&nbsp;&nbsp;NINJA_API_75
</UL>

<P><STRONG><a name="[f0]"></a>BsrAyla</STRONG> (Thumb, 26 bytes, Stack size 0 bytes, BsrDon.o(i.BsrAyla))
<BR><BR>[Called By]<UL><LI><a href="#[cc]">&gt;&gt;</a>&nbsp;&nbsp;&nbsp;NINJA_API_26
</UL>

<P><STRONG><a name="[f1]"></a>BsrBaby</STRONG> (Thumb, 14 bytes, Stack size 0 bytes, BsrDon.o(i.BsrBaby))
<BR><BR>[Called By]<UL><LI><a href="#[c8]">&gt;&gt;</a>&nbsp;&nbsp;&nbsp;NINJA_API_73
<LI><a href="#[c9]">&gt;&gt;</a>&nbsp;&nbsp;&nbsp;NINJA_API_48
<LI><a href="#[c5]">&gt;&gt;</a>&nbsp;&nbsp;&nbsp;NINJA_API_47
</UL>

<P><STRONG><a name="[a3]"></a>BsrBrad</STRONG> (Thumb, 54 bytes, Stack size 0 bytes, BsrBen.o(i.BsrBrad))
<BR><BR>[Called By]<UL><LI><a href="#[a0]">&gt;&gt;</a>&nbsp;&nbsp;&nbsp;BsrErik
<LI><a href="#[e9]">&gt;&gt;</a>&nbsp;&nbsp;&nbsp;NINJA_API_11
</UL>

<P><STRONG><a name="[7e]"></a>BsrCade</STRONG> (Thumb, 394 bytes, Stack size 40 bytes, BsrJay.o(i.BsrCade))
<BR><BR>[Stack]<UL><LI>Max Depth = 40<LI>Call Chain = BsrCade
</UL>
<BR>[Called By]<UL><LI><a href="#[7c]">&gt;&gt;</a>&nbsp;&nbsp;&nbsp;BsrAsa
</UL>

<P><STRONG><a name="[7d]"></a>BsrCadea</STRONG> (Thumb, 254 bytes, Stack size 28 bytes, BsrJay.o(i.BsrCadea))
<BR><BR>[Stack]<UL><LI>Max Depth = 28<LI>Call Chain = BsrCadea
</UL>
<BR>[Called By]<UL><LI><a href="#[7c]">&gt;&gt;</a>&nbsp;&nbsp;&nbsp;BsrAsa
</UL>

<P><STRONG><a name="[7f]"></a>BsrCale</STRONG> (Thumb, 68 bytes, Stack size 4 bytes, BsrJay.o(i.BsrCale))
<BR><BR>[Stack]<UL><LI>Max Depth = 4<LI>Call Chain = BsrCale
</UL>
<BR>[Called By]<UL><LI><a href="#[7c]">&gt;&gt;</a>&nbsp;&nbsp;&nbsp;BsrAsa
</UL>

<P><STRONG><a name="[80]"></a>BsrCara</STRONG> (Thumb, 1000 bytes, Stack size 136 bytes, BsrJay.o(i.BsrCara))
<BR><BR>[Stack]<UL><LI>Max Depth = 240<LI>Call Chain = BsrCara &rArr; BsrBret
</UL>
<BR>[Calls]<UL><LI><a href="#[8d]">&gt;&gt;</a>&nbsp;&nbsp;&nbsp;BsrBret
<LI><a href="#[72]">&gt;&gt;</a>&nbsp;&nbsp;&nbsp;BsrAdam
<LI><a href="#[6d]">&gt;&gt;</a>&nbsp;&nbsp;&nbsp;BsrAbel
<LI><a href="#[6e]">&gt;&gt;</a>&nbsp;&nbsp;&nbsp;BsrJohn
</UL>
<BR>[Called By]<UL><LI><a href="#[7c]">&gt;&gt;</a>&nbsp;&nbsp;&nbsp;BsrAsa
</UL>

<P><STRONG><a name="[81]"></a>BsrCarae</STRONG> (Thumb, 198 bytes, Stack size 88 bytes, BsrJay.o(i.BsrCarae))
<BR><BR>[Stack]<UL><LI>Max Depth = 192<LI>Call Chain = BsrCarae &rArr; BsrBret
</UL>
<BR>[Calls]<UL><LI><a href="#[8d]">&gt;&gt;</a>&nbsp;&nbsp;&nbsp;BsrBret
</UL>
<BR>[Called By]<UL><LI><a href="#[7c]">&gt;&gt;</a>&nbsp;&nbsp;&nbsp;BsrAsa
</UL>

<P><STRONG><a name="[84]"></a>BsrChad</STRONG> (Thumb, 182 bytes, Stack size 20 bytes, BsrJay.o(i.BsrChad))
<BR><BR>[Stack]<UL><LI>Max Depth = 20<LI>Call Chain = BsrChad
</UL>
<BR>[Called By]<UL><LI><a href="#[7c]">&gt;&gt;</a>&nbsp;&nbsp;&nbsp;BsrAsa
</UL>

<P><STRONG><a name="[82]"></a>BsrChada</STRONG> (Thumb, 68 bytes, Stack size 16 bytes, BsrJay.o(i.BsrChada))
<BR><BR>[Stack]<UL><LI>Max Depth = 16<LI>Call Chain = BsrChada
</UL>
<BR>[Called By]<UL><LI><a href="#[7c]">&gt;&gt;</a>&nbsp;&nbsp;&nbsp;BsrAsa
</UL>

<P><STRONG><a name="[85]"></a>BsrChaz</STRONG> (Thumb, 218 bytes, Stack size 32 bytes, BsrJay.o(i.BsrChaz))
<BR><BR>[Stack]<UL><LI>Max Depth = 44<LI>Call Chain = BsrChaz &rArr; BsrAbel
</UL>
<BR>[Calls]<UL><LI><a href="#[72]">&gt;&gt;</a>&nbsp;&nbsp;&nbsp;BsrAdam
<LI><a href="#[6d]">&gt;&gt;</a>&nbsp;&nbsp;&nbsp;BsrAbel
</UL>
<BR>[Called By]<UL><LI><a href="#[7c]">&gt;&gt;</a>&nbsp;&nbsp;&nbsp;BsrAsa
</UL>

<P><STRONG><a name="[86]"></a>BsrChaza</STRONG> (Thumb, 182 bytes, Stack size 48 bytes, BsrJay.o(i.BsrChaza))
<BR><BR>[Stack]<UL><LI>Max Depth = 56<LI>Call Chain = BsrChaza &rArr; __aeabi_idivmod
</UL>
<BR>[Calls]<UL><LI><a href="#[4e]">&gt;&gt;</a>&nbsp;&nbsp;&nbsp;__aeabi_idivmod
</UL>
<BR>[Called By]<UL><LI><a href="#[7c]">&gt;&gt;</a>&nbsp;&nbsp;&nbsp;BsrAsa
</UL>

<P><STRONG><a name="[83]"></a>BsrChaze</STRONG> (Thumb, 204 bytes, Stack size 32 bytes, BsrJay.o(i.BsrChaze))
<BR><BR>[Stack]<UL><LI>Max Depth = 44<LI>Call Chain = BsrChaze &rArr; BsrAbel
</UL>
<BR>[Calls]<UL><LI><a href="#[72]">&gt;&gt;</a>&nbsp;&nbsp;&nbsp;BsrAdam
<LI><a href="#[6d]">&gt;&gt;</a>&nbsp;&nbsp;&nbsp;BsrAbel
</UL>
<BR>[Called By]<UL><LI><a href="#[7c]">&gt;&gt;</a>&nbsp;&nbsp;&nbsp;BsrAsa
</UL>

<P><STRONG><a name="[87]"></a>BsrChazi</STRONG> (Thumb, 206 bytes, Stack size 40 bytes, BsrJay.o(i.BsrChazi))
<BR><BR>[Stack]<UL><LI>Max Depth = 40<LI>Call Chain = BsrChazi
</UL>
<BR>[Called By]<UL><LI><a href="#[7c]">&gt;&gt;</a>&nbsp;&nbsp;&nbsp;BsrAsa
</UL>

<P><STRONG><a name="[89]"></a>BsrClay</STRONG> (Thumb, 1378 bytes, Stack size 104 bytes, BsrJay.o(i.BsrClay))
<BR><BR>[Stack]<UL><LI>Max Depth = 216<LI>Call Chain = BsrClay &rArr; BsrJeni &rArr; __aeabi_idivmod
</UL>
<BR>[Calls]<UL><LI><a href="#[8e]">&gt;&gt;</a>&nbsp;&nbsp;&nbsp;BsrJeni
<LI><a href="#[4e]">&gt;&gt;</a>&nbsp;&nbsp;&nbsp;__aeabi_idivmod
</UL>
<BR>[Called By]<UL><LI><a href="#[7c]">&gt;&gt;</a>&nbsp;&nbsp;&nbsp;BsrAsa
</UL>

<P><STRONG><a name="[8f]"></a>BsrCory</STRONG> (Thumb, 488 bytes, Stack size 24 bytes, BsrJoy.o(i.BsrCory))
<BR><BR>[Stack]<UL><LI>Max Depth = 40<LI>Call Chain = BsrCory &rArr; BsrJosh
</UL>
<BR>[Calls]<UL><LI><a href="#[72]">&gt;&gt;</a>&nbsp;&nbsp;&nbsp;BsrAdam
<LI><a href="#[6d]">&gt;&gt;</a>&nbsp;&nbsp;&nbsp;BsrAbel
<LI><a href="#[90]">&gt;&gt;</a>&nbsp;&nbsp;&nbsp;BsrJosh
<LI><a href="#[6e]">&gt;&gt;</a>&nbsp;&nbsp;&nbsp;BsrJohn
</UL>
<BR>[Called By]<UL><LI><a href="#[ac]">&gt;&gt;</a>&nbsp;&nbsp;&nbsp;BsrRay
</UL>

<P><STRONG><a name="[91]"></a>BsrCoty</STRONG> (Thumb, 34 bytes, Stack size 8 bytes, BsrJoy.o(i.BsrCoty))
<BR><BR>[Stack]<UL><LI>Max Depth = 16<LI>Call Chain = BsrCoty &rArr; BsrAdam
</UL>
<BR>[Calls]<UL><LI><a href="#[72]">&gt;&gt;</a>&nbsp;&nbsp;&nbsp;BsrAdam
</UL>
<BR>[Called By]<UL><LI><a href="#[ac]">&gt;&gt;</a>&nbsp;&nbsp;&nbsp;BsrRay
<LI><a href="#[ab]">&gt;&gt;</a>&nbsp;&nbsp;&nbsp;BsrNia
<LI><a href="#[aa]">&gt;&gt;</a>&nbsp;&nbsp;&nbsp;BsrMya
</UL>

<P><STRONG><a name="[ee]"></a>BsrDan</STRONG> (Thumb, 82 bytes, Stack size 4 bytes, BsrJim.o(i.BsrDan))
<BR><BR>[Stack]<UL><LI>Max Depth = 4<LI>Call Chain = BsrDan
</UL>
<BR>[Called By]<UL><LI><a href="#[c8]">&gt;&gt;</a>&nbsp;&nbsp;&nbsp;NINJA_API_73
<LI><a href="#[be]">&gt;&gt;</a>&nbsp;&nbsp;&nbsp;NINJA_API_15
</UL>

<P><STRONG><a name="[ad]"></a>BsrDane</STRONG> (Thumb, 8 bytes, Stack size 0 bytes, BsrJoy.o(i.BsrDane))
<BR><BR>[Called By]<UL><LI><a href="#[ac]">&gt;&gt;</a>&nbsp;&nbsp;&nbsp;BsrRay
</UL>

<P><STRONG><a name="[ae]"></a>BsrDawn</STRONG> (Thumb, 8 bytes, Stack size 0 bytes, BsrJoy.o(i.BsrDawn))
<BR><BR>[Called By]<UL><LI><a href="#[ac]">&gt;&gt;</a>&nbsp;&nbsp;&nbsp;BsrRay
</UL>

<P><STRONG><a name="[b1]"></a>BsrDeja</STRONG> (Thumb, 108 bytes, Stack size 16 bytes, BsrJoy.o(i.BsrDeja))
<BR><BR>[Stack]<UL><LI>Max Depth = 16<LI>Call Chain = BsrDeja
</UL>
<BR>[Called By]<UL><LI><a href="#[b0]">&gt;&gt;</a>&nbsp;&nbsp;&nbsp;BsrRon
</UL>

<P><STRONG><a name="[b2]"></a>BsrDemi</STRONG> (Thumb, 374 bytes, Stack size 140 bytes, BsrJoy.o(i.BsrDemi))
<BR><BR>[Stack]<UL><LI>Max Depth = 140<LI>Call Chain = BsrDemi
</UL>
<BR>[Called By]<UL><LI><a href="#[b0]">&gt;&gt;</a>&nbsp;&nbsp;&nbsp;BsrRon
</UL>

<P><STRONG><a name="[92]"></a>BsrDeon</STRONG> (Thumb, 374 bytes, Stack size 112 bytes, BsrJoy.o(i.BsrDeon))
<BR><BR>[Stack]<UL><LI>Max Depth = 152<LI>Call Chain = BsrDeon &rArr; BsrJamii
</UL>
<BR>[Calls]<UL><LI><a href="#[93]">&gt;&gt;</a>&nbsp;&nbsp;&nbsp;BsrJamii
</UL>
<BR>[Called By]<UL><LI><a href="#[ac]">&gt;&gt;</a>&nbsp;&nbsp;&nbsp;BsrRay
</UL>

<P><STRONG><a name="[94]"></a>BsrDina</STRONG> (Thumb, 586 bytes, Stack size 152 bytes, BsrJoy.o(i.BsrDina))
<BR><BR>[Stack]<UL><LI>Max Depth = 152<LI>Call Chain = BsrDina
</UL>
<BR>[Calls]<UL><LI><a href="#[95]">&gt;&gt;</a>&nbsp;&nbsp;&nbsp;__aeabi_uidivmod
</UL>
<BR>[Called By]<UL><LI><a href="#[ac]">&gt;&gt;</a>&nbsp;&nbsp;&nbsp;BsrRay
</UL>

<P><STRONG><a name="[96]"></a>BsrDion</STRONG> (Thumb, 214 bytes, Stack size 88 bytes, BsrJoy.o(i.BsrDion))
<BR><BR>[Stack]<UL><LI>Max Depth = 104<LI>Call Chain = BsrDion &rArr; BsrJosh
</UL>
<BR>[Calls]<UL><LI><a href="#[6f]">&gt;&gt;</a>&nbsp;&nbsp;&nbsp;BsrZoe
<LI><a href="#[90]">&gt;&gt;</a>&nbsp;&nbsp;&nbsp;BsrJosh
</UL>
<BR>[Called By]<UL><LI><a href="#[b3]">&gt;&gt;</a>&nbsp;&nbsp;&nbsp;BsrRoy
</UL>

<P><STRONG><a name="[74]"></a>BsrEden</STRONG> (Thumb, 350 bytes, Stack size 48 bytes, BsrEva.o(i.BsrEden))
<BR><BR>[Stack]<UL><LI>Max Depth = 168<LI>Call Chain = BsrEden &rArr; BsrGreg &rArr; __aeabi_idivmod
</UL>
<BR>[Calls]<UL><LI><a href="#[9a]">&gt;&gt;</a>&nbsp;&nbsp;&nbsp;BsrIsai
<LI><a href="#[97]">&gt;&gt;</a>&nbsp;&nbsp;&nbsp;BsrIrma
<LI><a href="#[98]">&gt;&gt;</a>&nbsp;&nbsp;&nbsp;BsrIris
<LI><a href="#[99]">&gt;&gt;</a>&nbsp;&nbsp;&nbsp;BsrHugo
<LI><a href="#[9b]">&gt;&gt;</a>&nbsp;&nbsp;&nbsp;BsrGreg
<LI><a href="#[a1]">&gt;&gt;</a>&nbsp;&nbsp;&nbsp;BsrGary
<LI><a href="#[9e]">&gt;&gt;</a>&nbsp;&nbsp;&nbsp;BsrEvan
<LI><a href="#[9d]">&gt;&gt;</a>&nbsp;&nbsp;&nbsp;BsrErin
<LI><a href="#[a0]">&gt;&gt;</a>&nbsp;&nbsp;&nbsp;BsrErik
<LI><a href="#[9c]">&gt;&gt;</a>&nbsp;&nbsp;&nbsp;BsrEric
<LI><a href="#[9f]">&gt;&gt;</a>&nbsp;&nbsp;&nbsp;BsrEmma
<LI><a href="#[6e]">&gt;&gt;</a>&nbsp;&nbsp;&nbsp;BsrJohn
</UL>
<BR>[Called By]<UL><LI><a href="#[73]">&gt;&gt;</a>&nbsp;&nbsp;&nbsp;BsrAmos
</UL>

<P><STRONG><a name="[eb]"></a>BsrEli</STRONG> (Thumb, 88 bytes, Stack size 8 bytes, BsrJim.o(i.BsrEli))
<BR><BR>[Stack]<UL><LI>Max Depth = 8<LI>Call Chain = BsrEli
</UL>
<BR>[Called By]<UL><LI><a href="#[e9]">&gt;&gt;</a>&nbsp;&nbsp;&nbsp;NINJA_API_11
<LI><a href="#[bf]">&gt;&gt;</a>&nbsp;&nbsp;&nbsp;NINJA_API_23
</UL>

<P><STRONG><a name="[75]"></a>BsrElla</STRONG> (Thumb, 426 bytes, Stack size 40 bytes, BsrEva.o(i.BsrElla))
<BR><BR>[Stack]<UL><LI>Max Depth = 48<LI>Call Chain = BsrElla &rArr; __aeabi_idivmod
</UL>
<BR>[Calls]<UL><LI><a href="#[a2]">&gt;&gt;</a>&nbsp;&nbsp;&nbsp;BsrJuanitez
<LI><a href="#[4e]">&gt;&gt;</a>&nbsp;&nbsp;&nbsp;__aeabi_idivmod
</UL>
<BR>[Called By]<UL><LI><a href="#[73]">&gt;&gt;</a>&nbsp;&nbsp;&nbsp;BsrAmos
</UL>

<P><STRONG><a name="[76]"></a>BsrElsa</STRONG> (Thumb, 370 bytes, Stack size 56 bytes, BsrEva.o(i.BsrElsa))
<BR><BR>[Stack]<UL><LI>Max Depth = 64<LI>Call Chain = BsrElsa &rArr; __aeabi_idivmod
</UL>
<BR>[Calls]<UL><LI><a href="#[a2]">&gt;&gt;</a>&nbsp;&nbsp;&nbsp;BsrJuanitez
<LI><a href="#[4e]">&gt;&gt;</a>&nbsp;&nbsp;&nbsp;__aeabi_idivmod
</UL>
<BR>[Called By]<UL><LI><a href="#[73]">&gt;&gt;</a>&nbsp;&nbsp;&nbsp;BsrAmos
</UL>

<P><STRONG><a name="[9f]"></a>BsrEmma</STRONG> (Thumb, 212 bytes, Stack size 48 bytes, BsrEli.o(i.BsrEmma))
<BR><BR>[Stack]<UL><LI>Max Depth = 56<LI>Call Chain = BsrEmma &rArr; __aeabi_idivmod
</UL>
<BR>[Calls]<UL><LI><a href="#[4e]">&gt;&gt;</a>&nbsp;&nbsp;&nbsp;__aeabi_idivmod
</UL>
<BR>[Called By]<UL><LI><a href="#[74]">&gt;&gt;</a>&nbsp;&nbsp;&nbsp;BsrEden
</UL>

<P><STRONG><a name="[9c]"></a>BsrEric</STRONG> (Thumb, 130 bytes, Stack size 12 bytes, BsrEli.o(i.BsrEric))
<BR><BR>[Stack]<UL><LI>Max Depth = 12<LI>Call Chain = BsrEric
</UL>
<BR>[Called By]<UL><LI><a href="#[74]">&gt;&gt;</a>&nbsp;&nbsp;&nbsp;BsrEden
</UL>

<P><STRONG><a name="[70]"></a>BsrErica</STRONG> (Thumb, 306 bytes, Stack size 40 bytes, BsrEli.o(i.BsrErica))
<BR><BR>[Stack]<UL><LI>Max Depth = 48<LI>Call Chain = BsrErica &rArr; __aeabi_idivmod
</UL>
<BR>[Calls]<UL><LI><a href="#[4e]">&gt;&gt;</a>&nbsp;&nbsp;&nbsp;__aeabi_idivmod
</UL>
<BR>[Called By]<UL><LI><a href="#[79]">&gt;&gt;</a>&nbsp;&nbsp;&nbsp;BsrAnna
<LI><a href="#[6c]">&gt;&gt;</a>&nbsp;&nbsp;&nbsp;BsrAlma
</UL>

<P><STRONG><a name="[a0]"></a>BsrErik</STRONG> (Thumb, 46 bytes, Stack size 32 bytes, BsrEli.o(i.BsrErik))
<BR><BR>[Stack]<UL><LI>Max Depth = 32<LI>Call Chain = BsrErik
</UL>
<BR>[Calls]<UL><LI><a href="#[a3]">&gt;&gt;</a>&nbsp;&nbsp;&nbsp;BsrBrad
</UL>
<BR>[Called By]<UL><LI><a href="#[74]">&gt;&gt;</a>&nbsp;&nbsp;&nbsp;BsrEden
</UL>

<P><STRONG><a name="[9d]"></a>BsrErin</STRONG> (Thumb, 230 bytes, Stack size 24 bytes, BsrEli.o(i.BsrErin))
<BR><BR>[Stack]<UL><LI>Max Depth = 32<LI>Call Chain = BsrErin &rArr; __aeabi_idivmod
</UL>
<BR>[Calls]<UL><LI><a href="#[4e]">&gt;&gt;</a>&nbsp;&nbsp;&nbsp;__aeabi_idivmod
</UL>
<BR>[Called By]<UL><LI><a href="#[74]">&gt;&gt;</a>&nbsp;&nbsp;&nbsp;BsrEden
</UL>

<P><STRONG><a name="[ea]"></a>BsrEva</STRONG> (Thumb, 34 bytes, Stack size 0 bytes, BsrJim.o(i.BsrEva))
<BR><BR>[Called By]<UL><LI><a href="#[e9]">&gt;&gt;</a>&nbsp;&nbsp;&nbsp;NINJA_API_11
</UL>

<P><STRONG><a name="[9e]"></a>BsrEvan</STRONG> (Thumb, 58 bytes, Stack size 4 bytes, BsrEli.o(i.BsrEvan))
<BR><BR>[Stack]<UL><LI>Max Depth = 4<LI>Call Chain = BsrEvan
</UL>
<BR>[Called By]<UL><LI><a href="#[74]">&gt;&gt;</a>&nbsp;&nbsp;&nbsp;BsrEden
</UL>

<P><STRONG><a name="[a1]"></a>BsrGary</STRONG> (Thumb, 188 bytes, Stack size 44 bytes, BsrAna.o(i.BsrGary))
<BR><BR>[Stack]<UL><LI>Max Depth = 44<LI>Call Chain = BsrGary
</UL>
<BR>[Called By]<UL><LI><a href="#[74]">&gt;&gt;</a>&nbsp;&nbsp;&nbsp;BsrEden
</UL>

<P><STRONG><a name="[9b]"></a>BsrGreg</STRONG> (Thumb, 448 bytes, Stack size 112 bytes, BsrAnn.o(i.BsrGreg))
<BR><BR>[Stack]<UL><LI>Max Depth = 120<LI>Call Chain = BsrGreg &rArr; __aeabi_idivmod
</UL>
<BR>[Calls]<UL><LI><a href="#[4e]">&gt;&gt;</a>&nbsp;&nbsp;&nbsp;__aeabi_idivmod
</UL>
<BR>[Called By]<UL><LI><a href="#[74]">&gt;&gt;</a>&nbsp;&nbsp;&nbsp;BsrEden
</UL>

<P><STRONG><a name="[f6]"></a>BsrGuy</STRONG> (Thumb, 54 bytes, Stack size 0 bytes, BsrJim.o(i.BsrGuy))
<BR><BR>[Called By]<UL><LI><a href="#[c8]">&gt;&gt;</a>&nbsp;&nbsp;&nbsp;NINJA_API_73
</UL>

<P><STRONG><a name="[99]"></a>BsrHugo</STRONG> (Thumb, 170 bytes, Stack size 16 bytes, BsrGuy.o(i.BsrHugo))
<BR><BR>[Stack]<UL><LI>Max Depth = 16<LI>Call Chain = BsrHugo
</UL>
<BR>[Called By]<UL><LI><a href="#[74]">&gt;&gt;</a>&nbsp;&nbsp;&nbsp;BsrEden
</UL>

<P><STRONG><a name="[98]"></a>BsrIris</STRONG> (Thumb, 54 bytes, Stack size 12 bytes, BsrGuy.o(i.BsrIris))
<BR><BR>[Stack]<UL><LI>Max Depth = 12<LI>Call Chain = BsrIris
</UL>
<BR>[Called By]<UL><LI><a href="#[74]">&gt;&gt;</a>&nbsp;&nbsp;&nbsp;BsrEden
</UL>

<P><STRONG><a name="[97]"></a>BsrIrma</STRONG> (Thumb, 80 bytes, Stack size 16 bytes, BsrGuy.o(i.BsrIrma))
<BR><BR>[Stack]<UL><LI>Max Depth = 16<LI>Call Chain = BsrIrma
</UL>
<BR>[Called By]<UL><LI><a href="#[74]">&gt;&gt;</a>&nbsp;&nbsp;&nbsp;BsrEden
</UL>

<P><STRONG><a name="[9a]"></a>BsrIsai</STRONG> (Thumb, 46 bytes, Stack size 0 bytes, BsrGuy.o(i.BsrIsai))
<BR><BR>[Called By]<UL><LI><a href="#[74]">&gt;&gt;</a>&nbsp;&nbsp;&nbsp;BsrEden
</UL>

<P><STRONG><a name="[a4]"></a>BsrIvy</STRONG> (Thumb, 188 bytes, Stack size 32 bytes, BsrJim.o(i.BsrIvy))
<BR><BR>[Stack]<UL><LI>Max Depth = 40<LI>Call Chain = BsrIvy &rArr; BsrMike
</UL>
<BR>[Calls]<UL><LI><a href="#[a5]">&gt;&gt;</a>&nbsp;&nbsp;&nbsp;BsrMike
</UL>
<BR>[Called By]<UL><LI><a href="#[c8]">&gt;&gt;</a>&nbsp;&nbsp;&nbsp;NINJA_API_73
</UL>

<P><STRONG><a name="[ef]"></a>BsrJan</STRONG> (Thumb, 24 bytes, Stack size 0 bytes, BsrJim.o(i.BsrJan))
<BR><BR>[Called By]<UL><LI><a href="#[cb]">&gt;&gt;</a>&nbsp;&nbsp;&nbsp;NINJA_API_19
</UL>

<P><STRONG><a name="[6e]"></a>BsrJohn</STRONG> (Thumb, 42 bytes, Stack size 4 bytes, BsrAli.o(i.BsrJohn))
<BR><BR>[Stack]<UL><LI>Max Depth = 4<LI>Call Chain = BsrJohn
</UL>
<BR>[Called By]<UL><LI><a href="#[8f]">&gt;&gt;</a>&nbsp;&nbsp;&nbsp;BsrCory
<LI><a href="#[80]">&gt;&gt;</a>&nbsp;&nbsp;&nbsp;BsrCara
<LI><a href="#[74]">&gt;&gt;</a>&nbsp;&nbsp;&nbsp;BsrEden
<LI><a href="#[aa]">&gt;&gt;</a>&nbsp;&nbsp;&nbsp;BsrMya
<LI><a href="#[a9]">&gt;&gt;</a>&nbsp;&nbsp;&nbsp;BsrMichael
<LI><a href="#[6c]">&gt;&gt;</a>&nbsp;&nbsp;&nbsp;BsrAlma
<LI><a href="#[c8]">&gt;&gt;</a>&nbsp;&nbsp;&nbsp;NINJA_API_73
<LI><a href="#[c7]">&gt;&gt;</a>&nbsp;&nbsp;&nbsp;CSpotter_Init_MultiWithExtRejModel
</UL>

<P><STRONG><a name="[77]"></a>BsrJose</STRONG> (Thumb, 54 bytes, Stack size 0 bytes, BsrAli.o(i.BsrJose))
<BR><BR>[Called By]<UL><LI><a href="#[b0]">&gt;&gt;</a>&nbsp;&nbsp;&nbsp;BsrRon
<LI><a href="#[73]">&gt;&gt;</a>&nbsp;&nbsp;&nbsp;BsrAmos
<LI><a href="#[bd]">&gt;&gt;</a>&nbsp;&nbsp;&nbsp;NINJA_API_13
</UL>

<P><STRONG><a name="[90]"></a>BsrJosh</STRONG> (Thumb, 164 bytes, Stack size 16 bytes, BsrAli.o(i.BsrJosh))
<BR><BR>[Stack]<UL><LI>Max Depth = 16<LI>Call Chain = BsrJosh
</UL>
<BR>[Called By]<UL><LI><a href="#[96]">&gt;&gt;</a>&nbsp;&nbsp;&nbsp;BsrDion
<LI><a href="#[8f]">&gt;&gt;</a>&nbsp;&nbsp;&nbsp;BsrCory
</UL>

<P><STRONG><a name="[a7]"></a>BsrJoyci</STRONG> (Thumb, 218 bytes, Stack size 24 bytes, BsrJim.o(i.BsrJoyci))
<BR><BR>[Stack]<UL><LI>Max Depth = 36<LI>Call Chain = BsrJoyci &rArr; BsrAbel
</UL>
<BR>[Calls]<UL><LI><a href="#[72]">&gt;&gt;</a>&nbsp;&nbsp;&nbsp;BsrAdam
<LI><a href="#[6d]">&gt;&gt;</a>&nbsp;&nbsp;&nbsp;BsrAbel
</UL>
<BR>[Called By]<UL><LI><a href="#[c8]">&gt;&gt;</a>&nbsp;&nbsp;&nbsp;NINJA_API_73
</UL>

<P><STRONG><a name="[a8]"></a>BsrLei</STRONG> (Thumb, 24 bytes, Stack size 0 bytes, BsrJim.o(i.BsrLei))
<BR><BR>[Called By]<UL><LI><a href="#[8c]">&gt;&gt;</a>&nbsp;&nbsp;&nbsp;BsrMaxi
<LI><a href="#[a5]">&gt;&gt;</a>&nbsp;&nbsp;&nbsp;BsrMike
</UL>

<P><STRONG><a name="[8c]"></a>BsrMaxi</STRONG> (Thumb, 122 bytes, Stack size 12 bytes, BsrJim.o(i.BsrMaxi))
<BR><BR>[Stack]<UL><LI>Max Depth = 12<LI>Call Chain = BsrMaxi
</UL>
<BR>[Calls]<UL><LI><a href="#[a8]">&gt;&gt;</a>&nbsp;&nbsp;&nbsp;BsrLei
</UL>
<BR>[Called By]<UL><LI><a href="#[8b]">&gt;&gt;</a>&nbsp;&nbsp;&nbsp;BsrBen
</UL>

<P><STRONG><a name="[a9]"></a>BsrMichael</STRONG> (Thumb, 1398 bytes, Stack size 120 bytes, BsrJim.o(i.BsrMichael))
<BR><BR>[Stack]<UL><LI>Max Depth = 148<LI>Call Chain = BsrMichael &rArr; BsrBen &rArr; BsrMaxi
</UL>
<BR>[Calls]<UL><LI><a href="#[8b]">&gt;&gt;</a>&nbsp;&nbsp;&nbsp;BsrBen
<LI><a href="#[72]">&gt;&gt;</a>&nbsp;&nbsp;&nbsp;BsrAdam
<LI><a href="#[6d]">&gt;&gt;</a>&nbsp;&nbsp;&nbsp;BsrAbel
<LI><a href="#[6e]">&gt;&gt;</a>&nbsp;&nbsp;&nbsp;BsrJohn
</UL>
<BR>[Called By]<UL><LI><a href="#[c8]">&gt;&gt;</a>&nbsp;&nbsp;&nbsp;NINJA_API_73
</UL>

<P><STRONG><a name="[f7]"></a>BsrMichelle</STRONG> (Thumb, 8 bytes, Stack size 0 bytes, BsrJim.o(i.BsrMichelle))
<BR><BR>[Called By]<UL><LI><a href="#[c8]">&gt;&gt;</a>&nbsp;&nbsp;&nbsp;NINJA_API_73
</UL>

<P><STRONG><a name="[a5]"></a>BsrMike</STRONG> (Thumb, 172 bytes, Stack size 8 bytes, BsrJim.o(i.BsrMike))
<BR><BR>[Stack]<UL><LI>Max Depth = 8<LI>Call Chain = BsrMike
</UL>
<BR>[Calls]<UL><LI><a href="#[a8]">&gt;&gt;</a>&nbsp;&nbsp;&nbsp;BsrLei
</UL>
<BR>[Called By]<UL><LI><a href="#[a4]">&gt;&gt;</a>&nbsp;&nbsp;&nbsp;BsrIvy
</UL>

<P><STRONG><a name="[aa]"></a>BsrMya</STRONG> (Thumb, 136 bytes, Stack size 40 bytes, BsrKai.o(i.BsrMya))
<BR><BR>[Stack]<UL><LI>Max Depth = 56<LI>Call Chain = BsrMya &rArr; BsrCoty &rArr; BsrAdam
</UL>
<BR>[Calls]<UL><LI><a href="#[91]">&gt;&gt;</a>&nbsp;&nbsp;&nbsp;BsrCoty
<LI><a href="#[72]">&gt;&gt;</a>&nbsp;&nbsp;&nbsp;BsrAdam
<LI><a href="#[6d]">&gt;&gt;</a>&nbsp;&nbsp;&nbsp;BsrAbel
<LI><a href="#[6e]">&gt;&gt;</a>&nbsp;&nbsp;&nbsp;BsrJohn
</UL>
<BR>[Called By]<UL><LI><a href="#[c8]">&gt;&gt;</a>&nbsp;&nbsp;&nbsp;NINJA_API_73
</UL>

<P><STRONG><a name="[ab]"></a>BsrNia</STRONG> (Thumb, 50 bytes, Stack size 16 bytes, BsrKai.o(i.BsrNia))
<BR><BR>[Stack]<UL><LI>Max Depth = 32<LI>Call Chain = BsrNia &rArr; BsrCoty &rArr; BsrAdam
</UL>
<BR>[Calls]<UL><LI><a href="#[91]">&gt;&gt;</a>&nbsp;&nbsp;&nbsp;BsrCoty
<LI><a href="#[72]">&gt;&gt;</a>&nbsp;&nbsp;&nbsp;BsrAdam
</UL>
<BR>[Called By]<UL><LI><a href="#[c8]">&gt;&gt;</a>&nbsp;&nbsp;&nbsp;NINJA_API_73
<LI><a href="#[cd]">&gt;&gt;</a>&nbsp;&nbsp;&nbsp;NINJA_API_2
</UL>

<P><STRONG><a name="[ac]"></a>BsrRay</STRONG> (Thumb, 310 bytes, Stack size 200 bytes, BsrKai.o(i.BsrRay))
<BR><BR>[Stack]<UL><LI>Max Depth = 352<LI>Call Chain = BsrRay &rArr; BsrDina
</UL>
<BR>[Calls]<UL><LI><a href="#[94]">&gt;&gt;</a>&nbsp;&nbsp;&nbsp;BsrDina
<LI><a href="#[92]">&gt;&gt;</a>&nbsp;&nbsp;&nbsp;BsrDeon
<LI><a href="#[ae]">&gt;&gt;</a>&nbsp;&nbsp;&nbsp;BsrDawn
<LI><a href="#[ad]">&gt;&gt;</a>&nbsp;&nbsp;&nbsp;BsrDane
<LI><a href="#[91]">&gt;&gt;</a>&nbsp;&nbsp;&nbsp;BsrCoty
<LI><a href="#[8f]">&gt;&gt;</a>&nbsp;&nbsp;&nbsp;BsrCory
<LI><a href="#[af]">&gt;&gt;</a>&nbsp;&nbsp;&nbsp;BsrTom
</UL>
<BR>[Called By]<UL><LI><a href="#[c8]">&gt;&gt;</a>&nbsp;&nbsp;&nbsp;NINJA_API_73
</UL>

<P><STRONG><a name="[f5]"></a>BsrRex</STRONG> (Thumb, 18 bytes, Stack size 0 bytes, BsrKai.o(i.BsrRex))
<BR><BR>[Called By]<UL><LI><a href="#[c8]">&gt;&gt;</a>&nbsp;&nbsp;&nbsp;NINJA_API_73
</UL>

<P><STRONG><a name="[ec]"></a>BsrRey</STRONG> (Thumb, 16 bytes, Stack size 0 bytes, BsrKai.o(i.BsrRey))
<BR><BR>[Called By]<UL><LI><a href="#[bd]">&gt;&gt;</a>&nbsp;&nbsp;&nbsp;NINJA_API_13
</UL>

<P><STRONG><a name="[b0]"></a>BsrRon</STRONG> (Thumb, 1186 bytes, Stack size 104 bytes, BsrKai.o(i.BsrRon))
<BR><BR>[Stack]<UL><LI>Max Depth = 244<LI>Call Chain = BsrRon &rArr; BsrDemi
</UL>
<BR>[Calls]<UL><LI><a href="#[b2]">&gt;&gt;</a>&nbsp;&nbsp;&nbsp;BsrDemi
<LI><a href="#[b1]">&gt;&gt;</a>&nbsp;&nbsp;&nbsp;BsrDeja
<LI><a href="#[a6]">&gt;&gt;</a>&nbsp;&nbsp;&nbsp;BsrJoan
<LI><a href="#[72]">&gt;&gt;</a>&nbsp;&nbsp;&nbsp;BsrAdam
<LI><a href="#[6d]">&gt;&gt;</a>&nbsp;&nbsp;&nbsp;BsrAbel
<LI><a href="#[77]">&gt;&gt;</a>&nbsp;&nbsp;&nbsp;BsrJose
<LI><a href="#[4e]">&gt;&gt;</a>&nbsp;&nbsp;&nbsp;__aeabi_idivmod
</UL>
<BR>[Called By]<UL><LI><a href="#[bd]">&gt;&gt;</a>&nbsp;&nbsp;&nbsp;NINJA_API_13
</UL>

<P><STRONG><a name="[b3]"></a>BsrRoy</STRONG> (Thumb, 44 bytes, Stack size 16 bytes, BsrKai.o(i.BsrRoy))
<BR><BR>[Stack]<UL><LI>Max Depth = 120<LI>Call Chain = BsrRoy &rArr; BsrDion &rArr; BsrJosh
</UL>
<BR>[Calls]<UL><LI><a href="#[96]">&gt;&gt;</a>&nbsp;&nbsp;&nbsp;BsrDion
<LI><a href="#[6f]">&gt;&gt;</a>&nbsp;&nbsp;&nbsp;BsrZoe
</UL>
<BR>[Called By]<UL><LI><a href="#[c2]">&gt;&gt;</a>&nbsp;&nbsp;&nbsp;NINJA_API_75
</UL>

<P><STRONG><a name="[f2]"></a>BsrTed</STRONG> (Thumb, 16 bytes, Stack size 0 bytes, BsrKai.o(i.BsrTed))
<BR><BR>[Called By]<UL><LI><a href="#[c8]">&gt;&gt;</a>&nbsp;&nbsp;&nbsp;NINJA_API_73
<LI><a href="#[c9]">&gt;&gt;</a>&nbsp;&nbsp;&nbsp;NINJA_API_48
<LI><a href="#[c5]">&gt;&gt;</a>&nbsp;&nbsp;&nbsp;NINJA_API_47
</UL>

<P><STRONG><a name="[f3]"></a>BsrTia</STRONG> (Thumb, 104 bytes, Stack size 8 bytes, BsrKai.o(i.BsrTia))
<BR><BR>[Stack]<UL><LI>Max Depth = 8<LI>Call Chain = BsrTia
</UL>
<BR>[Called By]<UL><LI><a href="#[c5]">&gt;&gt;</a>&nbsp;&nbsp;&nbsp;NINJA_API_47
</UL>

<P><STRONG><a name="[af]"></a>BsrTom</STRONG> (Thumb, 146 bytes, Stack size 16 bytes, BsrKai.o(i.BsrTom))
<BR><BR>[Stack]<UL><LI>Max Depth = 16<LI>Call Chain = BsrTom
</UL>
<BR>[Called By]<UL><LI><a href="#[ac]">&gt;&gt;</a>&nbsp;&nbsp;&nbsp;BsrRay
<LI><a href="#[c8]">&gt;&gt;</a>&nbsp;&nbsp;&nbsp;NINJA_API_73
<LI><a href="#[c9]">&gt;&gt;</a>&nbsp;&nbsp;&nbsp;NINJA_API_48
</UL>

<P><STRONG><a name="[ed]"></a>BsrTop</STRONG> (Thumb, 94 bytes, Stack size 16 bytes, BsrKai.o(i.BsrTop))
<BR><BR>[Stack]<UL><LI>Max Depth = 16<LI>Call Chain = BsrTop
</UL>
<BR>[Called By]<UL><LI><a href="#[bd]">&gt;&gt;</a>&nbsp;&nbsp;&nbsp;NINJA_API_13
</UL>

<P><STRONG><a name="[b4]"></a>BsrTre</STRONG> (Thumb, 18 bytes, Stack size 8 bytes, BsrKai.o(i.BsrTre))
<BR><BR>[Stack]<UL><LI>Max Depth = 56<LI>Call Chain = BsrTre &rArr; BsrJoan &rArr; __aeabi_idivmod
</UL>
<BR>[Calls]<UL><LI><a href="#[a6]">&gt;&gt;</a>&nbsp;&nbsp;&nbsp;BsrJoan
</UL>
<BR>[Called By]<UL><LI><a href="#[c5]">&gt;&gt;</a>&nbsp;&nbsp;&nbsp;NINJA_API_47
</UL>

<P><STRONG><a name="[6f]"></a>BsrZoe</STRONG> (Thumb, 4 bytes, Stack size 0 bytes, BsrJoe.o(i.BsrZoe))
<BR><BR>[Called By]<UL><LI><a href="#[96]">&gt;&gt;</a>&nbsp;&nbsp;&nbsp;BsrDion
<LI><a href="#[b3]">&gt;&gt;</a>&nbsp;&nbsp;&nbsp;BsrRoy
<LI><a href="#[8a]">&gt;&gt;</a>&nbsp;&nbsp;&nbsp;BsrAvea
<LI><a href="#[7b]">&gt;&gt;</a>&nbsp;&nbsp;&nbsp;BsrAnnie
<LI><a href="#[7a]">&gt;&gt;</a>&nbsp;&nbsp;&nbsp;BsrAnne
<LI><a href="#[6c]">&gt;&gt;</a>&nbsp;&nbsp;&nbsp;BsrAlma
</UL>

<P><STRONG><a name="[e4]"></a>BufCtrl_UpdateReadWithCount</STRONG> (Thumb, 30 bytes, Stack size 0 bytes, bufctrl.o(i.BufCtrl_UpdateReadWithCount))
<BR><BR>[Called By]<UL><LI><a href="#[fa]">&gt;&gt;</a>&nbsp;&nbsp;&nbsp;Playback_Process
<LI><a href="#[5a]">&gt;&gt;</a>&nbsp;&nbsp;&nbsp;MicGetApp_ProcessRec
</UL>

<P><STRONG><a name="[d6]"></a>BufCtrl_UpdateWriteWithCount</STRONG> (Thumb, 30 bytes, Stack size 0 bytes, bufctrl.o(i.BufCtrl_UpdateWriteWithCount))
<BR><BR>[Called By]<UL><LI><a href="#[fb]">&gt;&gt;</a>&nbsp;&nbsp;&nbsp;Record_Process
<LI><a href="#[57]">&gt;&gt;</a>&nbsp;&nbsp;&nbsp;MD4App_DecodeProcess
</UL>

<P><STRONG><a name="[1c]"></a>CAPS_IRQHandler</STRONG> (Thumb, 12 bytes, Stack size 0 bytes, interrupthandler.o(i.CAPS_IRQHandler))
<BR>[Address Reference Count : 1]<UL><LI> startup_isd9100.o(RESET)
</UL>
<P><STRONG><a name="[b5]"></a>CLK_EnableLDO</STRONG> (Thumb, 44 bytes, Stack size 8 bytes, clk.o(i.CLK_EnableLDO))
<BR><BR>[Stack]<UL><LI>Max Depth = 16<LI>Call Chain = CLK_EnableLDO &rArr; SYS_Unlock
</UL>
<BR>[Calls]<UL><LI><a href="#[b6]">&gt;&gt;</a>&nbsp;&nbsp;&nbsp;SYS_Unlock
<LI><a href="#[b7]">&gt;&gt;</a>&nbsp;&nbsp;&nbsp;SYS_Lock
</UL>
<BR>[Called By]<UL><LI><a href="#[33]">&gt;&gt;</a>&nbsp;&nbsp;&nbsp;main
</UL>

<P><STRONG><a name="[69]"></a>CLK_EnableModuleClock</STRONG> (Thumb, 24 bytes, Stack size 0 bytes, clk.o(i.CLK_EnableModuleClock))
<BR><BR>[Called By]<UL><LI><a href="#[11f]">&gt;&gt;</a>&nbsp;&nbsp;&nbsp;SPK_Open
<LI><a href="#[ff]">&gt;&gt;</a>&nbsp;&nbsp;&nbsp;PdmaCtrl_Init
<LI><a href="#[de]">&gt;&gt;</a>&nbsp;&nbsp;&nbsp;MIC_Open
<LI><a href="#[12d]">&gt;&gt;</a>&nbsp;&nbsp;&nbsp;time_init
<LI><a href="#[12e]">&gt;&gt;</a>&nbsp;&nbsp;&nbsp;pwm_init
<LI><a href="#[129]">&gt;&gt;</a>&nbsp;&nbsp;&nbsp;UART_Init
<LI><a href="#[113]">&gt;&gt;</a>&nbsp;&nbsp;&nbsp;SPIFlash_Initiate
<LI><a href="#[68]">&gt;&gt;</a>&nbsp;&nbsp;&nbsp;BIQFilter_Setting
</UL>

<P><STRONG><a name="[b8]"></a>CLK_EnableXtalRC</STRONG> (Thumb, 22 bytes, Stack size 8 bytes, clk.o(i.CLK_EnableXtalRC))
<BR><BR>[Stack]<UL><LI>Max Depth = 16<LI>Call Chain = CLK_EnableXtalRC &rArr; SYS_Unlock
</UL>
<BR>[Calls]<UL><LI><a href="#[b6]">&gt;&gt;</a>&nbsp;&nbsp;&nbsp;SYS_Unlock
<LI><a href="#[b7]">&gt;&gt;</a>&nbsp;&nbsp;&nbsp;SYS_Lock
</UL>
<BR>[Called By]<UL><LI><a href="#[125]">&gt;&gt;</a>&nbsp;&nbsp;&nbsp;SysClk_InitiateRC
</UL>

<P><STRONG><a name="[b9]"></a>CLK_GetHCLKFreq</STRONG> (Thumb, 12 bytes, Stack size 8 bytes, clk.o(i.CLK_GetHCLKFreq))
<BR><BR>[Stack]<UL><LI>Max Depth = 16<LI>Call Chain = CLK_GetHCLKFreq &rArr; SystemCoreClockUpdate
</UL>
<BR>[Calls]<UL><LI><a href="#[ba]">&gt;&gt;</a>&nbsp;&nbsp;&nbsp;SystemCoreClockUpdate
</UL>
<BR>[Called By]<UL><LI><a href="#[12a]">&gt;&gt;</a>&nbsp;&nbsp;&nbsp;UART_Open
<LI><a href="#[11d]">&gt;&gt;</a>&nbsp;&nbsp;&nbsp;SPI_SetVarClock
<LI><a href="#[11e]">&gt;&gt;</a>&nbsp;&nbsp;&nbsp;SPI_SetBusClock
<LI><a href="#[11c]">&gt;&gt;</a>&nbsp;&nbsp;&nbsp;SPI_GetBusClock
</UL>

<P><STRONG><a name="[bb]"></a>CLK_SetHCLK</STRONG> (Thumb, 56 bytes, Stack size 16 bytes, clk.o(i.CLK_SetHCLK))
<BR><BR>[Stack]<UL><LI>Max Depth = 24<LI>Call Chain = CLK_SetHCLK &rArr; SYS_Unlock
</UL>
<BR>[Calls]<UL><LI><a href="#[b6]">&gt;&gt;</a>&nbsp;&nbsp;&nbsp;SYS_Unlock
<LI><a href="#[b7]">&gt;&gt;</a>&nbsp;&nbsp;&nbsp;SYS_Lock
<LI><a href="#[ba]">&gt;&gt;</a>&nbsp;&nbsp;&nbsp;SystemCoreClockUpdate
</UL>
<BR>[Called By]<UL><LI><a href="#[125]">&gt;&gt;</a>&nbsp;&nbsp;&nbsp;SysClk_InitiateRC
</UL>

<P><STRONG><a name="[120]"></a>CLK_SetModuleClock</STRONG> (Thumb, 74 bytes, Stack size 16 bytes, clk.o(i.CLK_SetModuleClock))
<BR><BR>[Stack]<UL><LI>Max Depth = 16<LI>Call Chain = CLK_SetModuleClock
</UL>
<BR>[Called By]<UL><LI><a href="#[11f]">&gt;&gt;</a>&nbsp;&nbsp;&nbsp;SPK_Open
<LI><a href="#[12d]">&gt;&gt;</a>&nbsp;&nbsp;&nbsp;time_init
<LI><a href="#[12e]">&gt;&gt;</a>&nbsp;&nbsp;&nbsp;pwm_init
</UL>

<P><STRONG><a name="[bc]"></a>CSpotter_AddSample</STRONG> (Thumb, 82 bytes, Stack size 8 bytes, CSpotterSDKApi.o(i.CSpotter_AddSample))
<BR><BR>[Stack]<UL><LI>Max Depth = 568<LI>Call Chain = CSpotter_AddSample &rArr; NINJA_API_13 &rArr; NINJA_API_11 &rArr; BsrAsa &rArr; BsrCara &rArr; BsrBret
</UL>
<BR>[Calls]<UL><LI><a href="#[bf]">&gt;&gt;</a>&nbsp;&nbsp;&nbsp;NINJA_API_23
<LI><a href="#[be]">&gt;&gt;</a>&nbsp;&nbsp;&nbsp;NINJA_API_15
<LI><a href="#[bd]">&gt;&gt;</a>&nbsp;&nbsp;&nbsp;NINJA_API_13
</UL>
<BR>[Called By]<UL><LI><a href="#[5b]">&gt;&gt;</a>&nbsp;&nbsp;&nbsp;VROneCmdApp_GetCMDID
</UL>

<P><STRONG><a name="[c0]"></a>CSpotter_GetMemoryUsage_MultiWithSpeakerAndExtRejModel</STRONG> (Thumb, 178 bytes, Stack size 96 bytes, CSpotterSDKApi.o(i.CSpotter_GetMemoryUsage_MultiWithSpeakerAndExtRejModel))
<BR><BR>[Stack]<UL><LI>Max Depth = 256<LI>Call Chain = CSpotter_GetMemoryUsage_MultiWithSpeakerAndExtRejModel &rArr; NINJA_API_75 &rArr; BsrRoy &rArr; BsrDion &rArr; BsrJosh
</UL>
<BR>[Calls]<UL><LI><a href="#[c2]">&gt;&gt;</a>&nbsp;&nbsp;&nbsp;NINJA_API_75
<LI><a href="#[c1]">&gt;&gt;</a>&nbsp;&nbsp;&nbsp;NINJA_API_1
</UL>
<BR>[Called By]<UL><LI><a href="#[c3]">&gt;&gt;</a>&nbsp;&nbsp;&nbsp;CSpotter_GetMemoryUsage_Sep
<LI><a href="#[c7]">&gt;&gt;</a>&nbsp;&nbsp;&nbsp;CSpotter_Init_MultiWithExtRejModel
</UL>

<P><STRONG><a name="[c3]"></a>CSpotter_GetMemoryUsage_Sep</STRONG> (Thumb, 24 bytes, Stack size 24 bytes, CSpotterSDKApi.o(i.CSpotter_GetMemoryUsage_Sep))
<BR><BR>[Stack]<UL><LI>Max Depth = 280<LI>Call Chain = CSpotter_GetMemoryUsage_Sep &rArr; CSpotter_GetMemoryUsage_MultiWithSpeakerAndExtRejModel &rArr; NINJA_API_75 &rArr; BsrRoy &rArr; BsrDion &rArr; BsrJosh
</UL>
<BR>[Calls]<UL><LI><a href="#[c0]">&gt;&gt;</a>&nbsp;&nbsp;&nbsp;CSpotter_GetMemoryUsage_MultiWithSpeakerAndExtRejModel
</UL>
<BR>[Called By]<UL><LI><a href="#[63]">&gt;&gt;</a>&nbsp;&nbsp;&nbsp;VROneCmdApp_Initiate
</UL>

<P><STRONG><a name="[c4]"></a>CSpotter_GetResult</STRONG> (Thumb, 30 bytes, Stack size 8 bytes, CSpotterSDKApi.o(i.CSpotter_GetResult))
<BR><BR>[Stack]<UL><LI>Max Depth = 104<LI>Call Chain = CSpotter_GetResult &rArr; NINJA_API_47 &rArr; BsrTre &rArr; BsrJoan &rArr; __aeabi_idivmod
</UL>
<BR>[Calls]<UL><LI><a href="#[c6]">&gt;&gt;</a>&nbsp;&nbsp;&nbsp;NINJA_API_55
<LI><a href="#[c5]">&gt;&gt;</a>&nbsp;&nbsp;&nbsp;NINJA_API_47
</UL>
<BR>[Called By]<UL><LI><a href="#[5b]">&gt;&gt;</a>&nbsp;&nbsp;&nbsp;VROneCmdApp_GetCMDID
</UL>

<P><STRONG><a name="[c7]"></a>CSpotter_Init_MultiWithExtRejModel</STRONG> (Thumb, 488 bytes, Stack size 104 bytes, CSpotterSDKApi.o(i.CSpotter_Init_MultiWithExtRejModel))
<BR><BR>[Stack]<UL><LI>Max Depth = 568<LI>Call Chain = CSpotter_Init_MultiWithExtRejModel &rArr; NINJA_API_73 &rArr; BsrRay &rArr; BsrDina
</UL>
<BR>[Calls]<UL><LI><a href="#[c8]">&gt;&gt;</a>&nbsp;&nbsp;&nbsp;NINJA_API_73
<LI><a href="#[ca]">&gt;&gt;</a>&nbsp;&nbsp;&nbsp;NINJA_API_56
<LI><a href="#[c6]">&gt;&gt;</a>&nbsp;&nbsp;&nbsp;NINJA_API_55
<LI><a href="#[c9]">&gt;&gt;</a>&nbsp;&nbsp;&nbsp;NINJA_API_48
<LI><a href="#[c5]">&gt;&gt;</a>&nbsp;&nbsp;&nbsp;NINJA_API_47
<LI><a href="#[cc]">&gt;&gt;</a>&nbsp;&nbsp;&nbsp;NINJA_API_26
<LI><a href="#[cd]">&gt;&gt;</a>&nbsp;&nbsp;&nbsp;NINJA_API_2
<LI><a href="#[cb]">&gt;&gt;</a>&nbsp;&nbsp;&nbsp;NINJA_API_19
<LI><a href="#[be]">&gt;&gt;</a>&nbsp;&nbsp;&nbsp;NINJA_API_15
<LI><a href="#[c1]">&gt;&gt;</a>&nbsp;&nbsp;&nbsp;NINJA_API_1
<LI><a href="#[6e]">&gt;&gt;</a>&nbsp;&nbsp;&nbsp;BsrJohn
<LI><a href="#[c0]">&gt;&gt;</a>&nbsp;&nbsp;&nbsp;CSpotter_GetMemoryUsage_MultiWithSpeakerAndExtRejModel
</UL>
<BR>[Called By]<UL><LI><a href="#[ce]">&gt;&gt;</a>&nbsp;&nbsp;&nbsp;CSpotter_Init_Sep
</UL>

<P><STRONG><a name="[ce]"></a>CSpotter_Init_Sep</STRONG> (Thumb, 36 bytes, Stack size 56 bytes, CSpotterSDKApi.o(i.CSpotter_Init_Sep))
<BR><BR>[Stack]<UL><LI>Max Depth = 624<LI>Call Chain = CSpotter_Init_Sep &rArr; CSpotter_Init_MultiWithExtRejModel &rArr; NINJA_API_73 &rArr; BsrRay &rArr; BsrDina
</UL>
<BR>[Calls]<UL><LI><a href="#[c7]">&gt;&gt;</a>&nbsp;&nbsp;&nbsp;CSpotter_Init_MultiWithExtRejModel
</UL>
<BR>[Called By]<UL><LI><a href="#[63]">&gt;&gt;</a>&nbsp;&nbsp;&nbsp;VROneCmdApp_Initiate
</UL>

<P><STRONG><a name="[cf]"></a>CSpotter_Reset</STRONG> (Thumb, 40 bytes, Stack size 8 bytes, CSpotterSDKApi.o(i.CSpotter_Reset))
<BR><BR>[Stack]<UL><LI>Max Depth = 28<LI>Call Chain = CSpotter_Reset &rArr; NINJA_API_3 &rArr; BsrAri
</UL>
<BR>[Calls]<UL><LI><a href="#[d0]">&gt;&gt;</a>&nbsp;&nbsp;&nbsp;NINJA_API_3
</UL>
<BR>[Called By]<UL><LI><a href="#[63]">&gt;&gt;</a>&nbsp;&nbsp;&nbsp;VROneCmdApp_Initiate
</UL>

<P><STRONG><a name="[121]"></a>DPWM_Open</STRONG> (Thumb, 2 bytes, Stack size 0 bytes, dpwm.o(i.DPWM_Open))
<BR><BR>[Called By]<UL><LI><a href="#[11f]">&gt;&gt;</a>&nbsp;&nbsp;&nbsp;SPK_Open
</UL>

<P><STRONG><a name="[d1]"></a>DPWM_SetSampleRate</STRONG> (Thumb, 50 bytes, Stack size 16 bytes, dpwm.o(i.DPWM_SetSampleRate))
<BR><BR>[Stack]<UL><LI>Max Depth = 24<LI>Call Chain = DPWM_SetSampleRate &rArr; SystemCoreClockUpdate
</UL>
<BR>[Calls]<UL><LI><a href="#[ba]">&gt;&gt;</a>&nbsp;&nbsp;&nbsp;SystemCoreClockUpdate
<LI><a href="#[95]">&gt;&gt;</a>&nbsp;&nbsp;&nbsp;__aeabi_uidivmod
</UL>
<BR>[Called By]<UL><LI><a href="#[108]">&gt;&gt;</a>&nbsp;&nbsp;&nbsp;SPK_ChangeSR
</UL>

<P><STRONG><a name="[f]"></a>GPAB_IRQHandler</STRONG> (Thumb, 18 bytes, Stack size 0 bytes, interrupthandler.o(i.GPAB_IRQHandler))
<BR>[Address Reference Count : 1]<UL><LI> startup_isd9100.o(RESET)
</UL>
<P><STRONG><a name="[f9]"></a>GPIO_SetMode</STRONG> (Thumb, 40 bytes, Stack size 20 bytes, gpio.o(i.GPIO_SetMode))
<BR><BR>[Stack]<UL><LI>Max Depth = 20<LI>Call Chain = GPIO_SetMode
</UL>
<BR>[Called By]<UL><LI><a href="#[f8]">&gt;&gt;</a>&nbsp;&nbsp;&nbsp;OutputPin_Initiate
</UL>

<P><STRONG><a name="[60]"></a>MD4App_DecodeInitiate</STRONG> (Thumb, 34 bytes, Stack size 16 bytes, md4app.o(i.MD4App_DecodeInitiate))
<BR><BR>[Stack]<UL><LI>Max Depth = 16<LI>Call Chain = MD4App_DecodeInitiate
</UL>
<BR>[Calls]<UL><LI><a href="#[d2]">&gt;&gt;</a>&nbsp;&nbsp;&nbsp;__aeabi_memclr4
</UL>
<BR>[Called By]<UL><LI><a href="#[5d]">&gt;&gt;</a>&nbsp;&nbsp;&nbsp;App_StartPlay
</UL>

<P><STRONG><a name="[57]"></a>MD4App_DecodeProcess</STRONG> (Thumb, 132 bytes, Stack size 32 bytes, md4app.o(i.MD4App_DecodeProcess))
<BR><BR>[Stack]<UL><LI>Max Depth = 112<LI>Call Chain = MD4App_DecodeProcess &rArr; MD4_DecodeProcess &rArr; MD4_DecodeFrame &rArr; MD4_CheckResLdr
</UL>
<BR>[Calls]<UL><LI><a href="#[d4]">&gt;&gt;</a>&nbsp;&nbsp;&nbsp;Playback_Remove
<LI><a href="#[d5]">&gt;&gt;</a>&nbsp;&nbsp;&nbsp;MD4_DecodeProcess
<LI><a href="#[d3]">&gt;&gt;</a>&nbsp;&nbsp;&nbsp;MD4_DecodeIsEnd
<LI><a href="#[d6]">&gt;&gt;</a>&nbsp;&nbsp;&nbsp;BufCtrl_UpdateWriteWithCount
</UL>
<BR>[Called By]<UL><LI><a href="#[56]">&gt;&gt;</a>&nbsp;&nbsp;&nbsp;App_Process
<LI><a href="#[d7]">&gt;&gt;</a>&nbsp;&nbsp;&nbsp;MD4App_DecodeStartPlayByAddr
</UL>

<P><STRONG><a name="[d7]"></a>MD4App_DecodeStartPlayByAddr</STRONG> (Thumb, 108 bytes, Stack size 40 bytes, md4app.o(i.MD4App_DecodeStartPlayByAddr))
<BR><BR>[Stack]<UL><LI>Max Depth = 152<LI>Call Chain = MD4App_DecodeStartPlayByAddr &rArr; MD4App_DecodeProcess &rArr; MD4_DecodeProcess &rArr; MD4_DecodeFrame &rArr; MD4_CheckResLdr
</UL>
<BR>[Calls]<UL><LI><a href="#[57]">&gt;&gt;</a>&nbsp;&nbsp;&nbsp;MD4App_DecodeProcess
<LI><a href="#[d9]">&gt;&gt;</a>&nbsp;&nbsp;&nbsp;Playback_SetOutputBuf
<LI><a href="#[da]">&gt;&gt;</a>&nbsp;&nbsp;&nbsp;Playback_Add
<LI><a href="#[d8]">&gt;&gt;</a>&nbsp;&nbsp;&nbsp;MD4_DecodeInitiate
</UL>
<BR>[Called By]<UL><LI><a href="#[61]">&gt;&gt;</a>&nbsp;&nbsp;&nbsp;MD4App_DecodeStartPlayByID
</UL>

<P><STRONG><a name="[61]"></a>MD4App_DecodeStartPlayByID</STRONG> (Thumb, 42 bytes, Stack size 24 bytes, md4app.o(i.MD4App_DecodeStartPlayByID))
<BR><BR>[Stack]<UL><LI>Max Depth = 176<LI>Call Chain = MD4App_DecodeStartPlayByID &rArr; MD4App_DecodeStartPlayByAddr &rArr; MD4App_DecodeProcess &rArr; MD4_DecodeProcess &rArr; MD4_DecodeFrame &rArr; MD4_CheckResLdr
</UL>
<BR>[Calls]<UL><LI><a href="#[66]">&gt;&gt;</a>&nbsp;&nbsp;&nbsp;AudioRom_GetAudioChunkInfo
<LI><a href="#[d7]">&gt;&gt;</a>&nbsp;&nbsp;&nbsp;MD4App_DecodeStartPlayByAddr
</UL>
<BR>[Called By]<UL><LI><a href="#[5d]">&gt;&gt;</a>&nbsp;&nbsp;&nbsp;App_StartPlay
</UL>

<P><STRONG><a name="[65]"></a>MD4App_DecodeStopPlay</STRONG> (Thumb, 26 bytes, Stack size 8 bytes, md4app.o(i.MD4App_DecodeStopPlay))
[...]
</UL>
<BR>[Called By]<UL><LI><a href="#[117]">&gt;&gt;</a>&nbsp;&nbsp;&nbsp;SPI_Open
</UL>

<P><STRONG><a name="[108]"></a>SPK_ChangeSR</STRONG> (Thumb, 42 bytes, Stack size 8 bytes, micspk.o(i.SPK_ChangeSR))
<BR><BR>[Stack]<UL><LI>Max Depth = 32<LI>Call Chain = SPK_ChangeSR &rArr; DPWM_SetSampleRate &rArr; SystemCoreClockUpdate
</UL>
<BR>[Calls]<UL><LI><a href="#[d1]">&gt;&gt;</a>&nbsp;&nbsp;&nbsp;DPWM_SetSampleRate
<LI><a href="#[95]">&gt;&gt;</a>&nbsp;&nbsp;&nbsp;__aeabi_uidivmod
</UL>
<BR>[Called By]<UL><LI><a href="#[da]">&gt;&gt;</a>&nbsp;&nbsp;&nbsp;Playback_Add
</UL>

<P><STRONG><a name="[11f]"></a>SPK_Open</STRONG> (Thumb, 56 bytes, Stack size 8 bytes, micspk.o(i.SPK_Open))
<BR><BR>[Stack]<UL><LI>Max Depth = 60<LI>Call Chain = SPK_Open &rArr; PdmaCtrl_Open &rArr; PDMA_SetTransferMode &rArr; __ARM_common_switch8
</UL>
<BR>[Calls]<UL><LI><a href="#[df]">&gt;&gt;</a>&nbsp;&nbsp;&nbsp;SYS_ResetModule
<LI><a href="#[120]">&gt;&gt;</a>&nbsp;&nbsp;&nbsp;CLK_SetModuleClock
<LI><a href="#[69]">&gt;&gt;</a>&nbsp;&nbsp;&nbsp;CLK_EnableModuleClock
<LI><a href="#[e3]">&gt;&gt;</a>&nbsp;&nbsp;&nbsp;PdmaCtrl_Open
<LI><a href="#[121]">&gt;&gt;</a>&nbsp;&nbsp;&nbsp;DPWM_Open
<LI><a href="#[68]">&gt;&gt;</a>&nbsp;&nbsp;&nbsp;BIQFilter_Setting
</UL>
<BR>[Called By]<UL><LI><a href="#[33]">&gt;&gt;</a>&nbsp;&nbsp;&nbsp;main
</UL>

<P><STRONG><a name="[10d]"></a>SPK_Start</STRONG> (Thumb, 26 bytes, Stack size 0 bytes, micspk.o(i.SPK_Start))
<BR><BR>[Called By]<UL><LI><a href="#[62]">&gt;&gt;</a>&nbsp;&nbsp;&nbsp;Playback_StartPlay
</UL>

<P><STRONG><a name="[10e]"></a>SPK_Stop</STRONG> (Thumb, 12 bytes, Stack size 0 bytes, micspk.o(i.SPK_Stop))
<BR><BR>[Called By]<UL><LI><a href="#[64]">&gt;&gt;</a>&nbsp;&nbsp;&nbsp;Playback_StopPlay
</UL>

<P><STRONG><a name="[b7]"></a>SYS_Lock</STRONG> (Thumb, 12 bytes, Stack size 0 bytes, sys.o(i.SYS_Lock))
<BR><BR>[Called By]<UL><LI><a href="#[b5]">&gt;&gt;</a>&nbsp;&nbsp;&nbsp;CLK_EnableLDO
<LI><a href="#[bb]">&gt;&gt;</a>&nbsp;&nbsp;&nbsp;CLK_SetHCLK
<LI><a href="#[b8]">&gt;&gt;</a>&nbsp;&nbsp;&nbsp;CLK_EnableXtalRC
</UL>

<P><STRONG><a name="[df]"></a>SYS_ResetModule</STRONG> (Thumb, 26 bytes, Stack size 0 bytes, sys.o(i.SYS_ResetModule))
<BR><BR>[Called By]<UL><LI><a href="#[11f]">&gt;&gt;</a>&nbsp;&nbsp;&nbsp;SPK_Open
<LI><a href="#[ff]">&gt;&gt;</a>&nbsp;&nbsp;&nbsp;PdmaCtrl_Init
<LI><a href="#[de]">&gt;&gt;</a>&nbsp;&nbsp;&nbsp;MIC_Open
<LI><a href="#[12e]">&gt;&gt;</a>&nbsp;&nbsp;&nbsp;pwm_init
<LI><a href="#[113]">&gt;&gt;</a>&nbsp;&nbsp;&nbsp;SPIFlash_Initiate
</UL>

<P><STRONG><a name="[b6]"></a>SYS_Unlock</STRONG> (Thumb, 38 bytes, Stack size 8 bytes, sys.o(i.SYS_Unlock))
<BR><BR>[Stack]<UL><LI>Max Depth = 8<LI>Call Chain = SYS_Unlock
</UL>
<BR>[Called By]<UL><LI><a href="#[b5]">&gt;&gt;</a>&nbsp;&nbsp;&nbsp;CLK_EnableLDO
<LI><a href="#[bb]">&gt;&gt;</a>&nbsp;&nbsp;&nbsp;CLK_SetHCLK
<LI><a href="#[b8]">&gt;&gt;</a>&nbsp;&nbsp;&nbsp;CLK_EnableXtalRC
</UL>

<P><STRONG><a name="[5e]"></a>SendCMD</STRONG> (Thumb, 30 bytes, Stack size 16 bytes, appfunctions.o(i.SendCMD))
<BR><BR>[Stack]<UL><LI>Max Depth = 48<LI>Call Chain = SendCMD &rArr; SendCMD1time &rArr; SendCMDByteTimer
</UL>
<BR>[Calls]<UL><LI><a href="#[123]">&gt;&gt;</a>&nbsp;&nbsp;&nbsp;delayms
<LI><a href="#[122]">&gt;&gt;</a>&nbsp;&nbsp;&nbsp;SendCMD1time
</UL>
<BR>[Called By]<UL><LI><a href="#[56]">&gt;&gt;</a>&nbsp;&nbsp;&nbsp;App_Process
</UL>

<P><STRONG><a name="[122]"></a>SendCMD1time</STRONG> (Thumb, 36 bytes, Stack size 12 bytes, appfunctions.o(i.SendCMD1time))
<BR><BR>[Stack]<UL><LI>Max Depth = 32<LI>Call Chain = SendCMD1time &rArr; SendCMDByteTimer
</UL>
<BR>[Calls]<UL><LI><a href="#[124]">&gt;&gt;</a>&nbsp;&nbsp;&nbsp;SendCMDByteTimer
</UL>
<BR>[Called By]<UL><LI><a href="#[5e]">&gt;&gt;</a>&nbsp;&nbsp;&nbsp;SendCMD
</UL>

<P><STRONG><a name="[124]"></a>SendCMDByteTimer</STRONG> (Thumb, 112 bytes, Stack size 20 bytes, appfunctions.o(i.SendCMDByteTimer))
<BR><BR>[Stack]<UL><LI>Max Depth = 20<LI>Call Chain = SendCMDByteTimer
</UL>
<BR>[Called By]<UL><LI><a href="#[122]">&gt;&gt;</a>&nbsp;&nbsp;&nbsp;SendCMD1time
</UL>

<P><STRONG><a name="[12c]"></a>SendChar_ToUART</STRONG> (Thumb, 26 bytes, Stack size 0 bytes, retarget.o(i.SendChar_ToUART))
<BR><BR>[Called By]<UL><LI><a href="#[20]">&gt;&gt;</a>&nbsp;&nbsp;&nbsp;fputc
</UL>

<P><STRONG><a name="[125]"></a>SysClk_InitiateRC</STRONG> (Thumb, 76 bytes, Stack size 16 bytes, sysclk.o(i.SysClk_InitiateRC))
<BR><BR>[Stack]<UL><LI>Max Depth = 40<LI>Call Chain = SysClk_InitiateRC &rArr; CLK_SetHCLK &rArr; SYS_Unlock
</UL>
<BR>[Calls]<UL><LI><a href="#[bb]">&gt;&gt;</a>&nbsp;&nbsp;&nbsp;CLK_SetHCLK
<LI><a href="#[b8]">&gt;&gt;</a>&nbsp;&nbsp;&nbsp;CLK_EnableXtalRC
<LI><a href="#[95]">&gt;&gt;</a>&nbsp;&nbsp;&nbsp;__aeabi_uidivmod
</UL>
<BR>[Called By]<UL><LI><a href="#[33]">&gt;&gt;</a>&nbsp;&nbsp;&nbsp;main
</UL>

<P><STRONG><a name="[ba]"></a>SystemCoreClockUpdate</STRONG> (Thumb, 62 bytes, Stack size 8 bytes, system_isd9100.o(i.SystemCoreClockUpdate))
<BR><BR>[Stack]<UL><LI>Max Depth = 8<LI>Call Chain = SystemCoreClockUpdate
</UL>
<BR>[Calls]<UL><LI><a href="#[95]">&gt;&gt;</a>&nbsp;&nbsp;&nbsp;__aeabi_uidivmod
</UL>
<BR>[Called By]<UL><LI><a href="#[d1]">&gt;&gt;</a>&nbsp;&nbsp;&nbsp;DPWM_SetSampleRate
<LI><a href="#[bb]">&gt;&gt;</a>&nbsp;&nbsp;&nbsp;CLK_SetHCLK
<LI><a href="#[b9]">&gt;&gt;</a>&nbsp;&nbsp;&nbsp;CLK_GetHCLKFreq
</UL>

<P><STRONG><a name="[126]"></a>TIMER_GetModuleClock</STRONG> (Thumb, 70 bytes, Stack size 32 bytes, timer.o(i.TIMER_GetModuleClock))
<BR><BR>[Stack]<UL><LI>Max Depth = 32<LI>Call Chain = TIMER_GetModuleClock
</UL>
<BR>[Calls]<UL><LI><a href="#[127]">&gt;&gt;</a>&nbsp;&nbsp;&nbsp;__aeabi_memcpy4
</UL>
<BR>[Called By]<UL><LI><a href="#[128]">&gt;&gt;</a>&nbsp;&nbsp;&nbsp;TIMER_Open
</UL>

<P><STRONG><a name="[128]"></a>TIMER_Open</STRONG> (Thumb, 94 bytes, Stack size 32 bytes, timer.o(i.TIMER_Open))
<BR><BR>[Stack]<UL><LI>Max Depth = 64<LI>Call Chain = TIMER_Open &rArr; TIMER_GetModuleClock
</UL>
<BR>[Calls]<UL><LI><a href="#[126]">&gt;&gt;</a>&nbsp;&nbsp;&nbsp;TIMER_GetModuleClock
<LI><a href="#[95]">&gt;&gt;</a>&nbsp;&nbsp;&nbsp;__aeabi_uidivmod
</UL>
<BR>[Called By]<UL><LI><a href="#[12d]">&gt;&gt;</a>&nbsp;&nbsp;&nbsp;time_init
</UL>

<P><STRONG><a name="[13]"></a>TMR0_IRQHandler</STRONG> (Thumb, 150 bytes, Stack size 12 bytes, main.o(i.TMR0_IRQHandler))
<BR><BR>[Stack]<UL><LI>Max Depth = 12<LI>Call Chain = TMR0_IRQHandler
</UL>
<BR>[Address Reference Count : 1]<UL><LI> startup_isd9100.o(RESET)
</UL>
<P><STRONG><a name="[14]"></a>TMR1_IRQHandler</STRONG> (Thumb, 50 bytes, Stack size 0 bytes, main.o(i.TMR1_IRQHandler))
<BR>[Address Reference Count : 1]<UL><LI> startup_isd9100.o(RESET)
</UL>
<P><STRONG><a name="[15]"></a>UART0_IRQHandler</STRONG> (Thumb, 96 bytes, Stack size 16 bytes, main.o(i.UART0_IRQHandler))
<BR><BR>[Stack]<UL><LI>Max Depth = 16<LI>Call Chain = UART0_IRQHandler
</UL>
<BR>[Address Reference Count : 1]<UL><LI> startup_isd9100.o(RESET)
</UL>
<P><STRONG><a name="[12b]"></a>UART_ClearIntFlag</STRONG> (Thumb, 50 bytes, Stack size 0 bytes, uart.o(i.UART_ClearIntFlag))
<BR><BR>[Called By]<UL><LI><a href="#[129]">&gt;&gt;</a>&nbsp;&nbsp;&nbsp;UART_Init
</UL>

<P><STRONG><a name="[129]"></a>UART_Init</STRONG> (Thumb, 108 bytes, Stack size 16 bytes, main.o(i.UART_Init))
<BR><BR>[Stack]<UL><LI>Max Depth = 48<LI>Call Chain = UART_Init &rArr; UART_Open &rArr; CLK_GetHCLKFreq &rArr; SystemCoreClockUpdate
</UL>
<BR>[Calls]<UL><LI><a href="#[12a]">&gt;&gt;</a>&nbsp;&nbsp;&nbsp;UART_Open
<LI><a href="#[12b]">&gt;&gt;</a>&nbsp;&nbsp;&nbsp;UART_ClearIntFlag
<LI><a href="#[69]">&gt;&gt;</a>&nbsp;&nbsp;&nbsp;CLK_EnableModuleClock
</UL>
<BR>[Called By]<UL><LI><a href="#[33]">&gt;&gt;</a>&nbsp;&nbsp;&nbsp;main
</UL>

<P><STRONG><a name="[12a]"></a>UART_Open</STRONG> (Thumb, 84 bytes, Stack size 16 bytes, uart.o(i.UART_Open))
<BR><BR>[Stack]<UL><LI>Max Depth = 32<LI>Call Chain = UART_Open &rArr; CLK_GetHCLKFreq &rArr; SystemCoreClockUpdate
</UL>
<BR>[Calls]<UL><LI><a href="#[b9]">&gt;&gt;</a>&nbsp;&nbsp;&nbsp;CLK_GetHCLKFreq
<LI><a href="#[95]">&gt;&gt;</a>&nbsp;&nbsp;&nbsp;__aeabi_uidivmod
</UL>
<BR>[Called By]<UL><LI><a href="#[129]">&gt;&gt;</a>&nbsp;&nbsp;&nbsp;UART_Init
</UL>

<P><STRONG><a name="[23]"></a>UserEvent_ProcessCallback</STRONG> (Thumb, 4 bytes, Stack size 0 bytes, appcallback.o(i.UserEvent_ProcessCallback))
<BR>[Address Reference Count : 1]<UL><LI> appcallback.o(.constdata)
</UL>
<P><STRONG><a name="[5b]"></a>VROneCmdApp_GetCMDID</STRONG> (Thumb, 42 bytes, Stack size 16 bytes, vronecmdapp.o(i.VROneCmdApp_GetCMDID))
<BR><BR>[Stack]<UL><LI>Max Depth = 584<LI>Call Chain = VROneCmdApp_GetCMDID &rArr; CSpotter_AddSample &rArr; NINJA_API_13 &rArr; NINJA_API_11 &rArr; BsrAsa &rArr; BsrCara &rArr; BsrBret
</UL>
<BR>[Calls]<UL><LI><a href="#[c4]">&gt;&gt;</a>&nbsp;&nbsp;&nbsp;CSpotter_GetResult
<LI><a href="#[bc]">&gt;&gt;</a>&nbsp;&nbsp;&nbsp;CSpotter_AddSample
</UL>
<BR>[Called By]<UL><LI><a href="#[56]">&gt;&gt;</a>&nbsp;&nbsp;&nbsp;App_Process
</UL>

<P><STRONG><a name="[63]"></a>VROneCmdApp_Initiate</STRONG> (Thumb, 72 bytes, Stack size 40 bytes, vronecmdapp.o(i.VROneCmdApp_Initiate))
<BR><BR>[Stack]<UL><LI>Max Depth = 664<LI>Call Chain = VROneCmdApp_Initiate &rArr; CSpotter_Init_Sep &rArr; CSpotter_Init_MultiWithExtRejModel &rArr; NINJA_API_73 &rArr; BsrRay &rArr; BsrDina
</UL>
<BR>[Calls]<UL><LI><a href="#[cf]">&gt;&gt;</a>&nbsp;&nbsp;&nbsp;CSpotter_Reset
<LI><a href="#[ce]">&gt;&gt;</a>&nbsp;&nbsp;&nbsp;CSpotter_Init_Sep
<LI><a href="#[c3]">&gt;&gt;</a>&nbsp;&nbsp;&nbsp;CSpotter_GetMemoryUsage_Sep
</UL>
<BR>[Called By]<UL><LI><a href="#[55]">&gt;&gt;</a>&nbsp;&nbsp;&nbsp;App_StartRecognize
</UL>

<P><STRONG><a name="[54]"></a>VROneCmdApp_UnpackBin</STRONG> (Thumb, 56 bytes, Stack size 20 bytes, vronecmdapp.o(i.VROneCmdApp_UnpackBin))
<BR><BR>[Stack]<UL><LI>Max Depth = 20<LI>Call Chain = VROneCmdApp_UnpackBin
</UL>
<BR>[Called By]<UL><LI><a href="#[50]">&gt;&gt;</a>&nbsp;&nbsp;&nbsp;App_Initiate
</UL>

<P><STRONG><a name="[10c]"></a>VolumeCtrl_Reset</STRONG> (Thumb, 22 bytes, Stack size 8 bytes, volumectrl.o(i.VolumeCtrl_Reset))
<BR><BR>[Stack]<UL><LI>Max Depth = 8<LI>Call Chain = VolumeCtrl_Reset
</UL>
<BR>[Calls]<UL><LI><a href="#[43]">&gt;&gt;</a>&nbsp;&nbsp;&nbsp;__aeabi_memclr
</UL>
<BR>[Called By]<UL><LI><a href="#[109]">&gt;&gt;</a>&nbsp;&nbsp;&nbsp;Playback_ResetChannelVolume
</UL>

<P><STRONG><a name="[10a]"></a>VolumeCtrl_VolumeFade</STRONG> (Thumb, 32 bytes, Stack size 0 bytes, volumectrl.o(i.VolumeCtrl_VolumeFade))
<BR><BR>[Called By]<UL><LI><a href="#[fa]">&gt;&gt;</a>&nbsp;&nbsp;&nbsp;Playback_Process
</UL>

<P><STRONG><a name="[c]"></a>WDT_IRQHandler</STRONG> (Thumb, 2 bytes, Stack size 0 bytes, interrupthandler.o(i.WDT_IRQHandler))
<BR>[Address Reference Count : 1]<UL><LI> startup_isd9100.o(RESET)
</UL>
<P><STRONG><a name="[5c]"></a>__ARM_common_switch8</STRONG> (Thumb, 26 bytes, Stack size 8 bytes, appfunctions.o(i.__ARM_common_switch8))
<BR><BR>[Stack]<UL><LI>Max Depth = 8<LI>Call Chain = __ARM_common_switch8
</UL>
<BR>[Called By]<UL><LI><a href="#[56]">&gt;&gt;</a>&nbsp;&nbsp;&nbsp;App_Process
<LI><a href="#[fc]">&gt;&gt;</a>&nbsp;&nbsp;&nbsp;PDMA_SetTransferMode
<LI><a href="#[d5]">&gt;&gt;</a>&nbsp;&nbsp;&nbsp;MD4_DecodeProcess
</UL>

<P><STRONG><a name="[3f]"></a>_is_digit</STRONG> (Thumb, 14 bytes, Stack size 0 bytes, __printf_wp.o(i._is_digit))
<BR><BR>[Called By]<UL><LI><a href="#[3e]">&gt;&gt;</a>&nbsp;&nbsp;&nbsp;__printf
</UL>

<P><STRONG><a name="[123]"></a>delayms</STRONG> (Thumb, 30 bytes, Stack size 8 bytes, appfunctions.o(i.delayms))
<BR><BR>[Stack]<UL><LI>Max Depth = 8<LI>Call Chain = delayms
</UL>
<BR>[Calls]<UL><LI><a href="#[95]">&gt;&gt;</a>&nbsp;&nbsp;&nbsp;__aeabi_uidivmod
</UL>
<BR>[Called By]<UL><LI><a href="#[5e]">&gt;&gt;</a>&nbsp;&nbsp;&nbsp;SendCMD
</UL>

<P><STRONG><a name="[49]"></a>ferror</STRONG> (Thumb, 6 bytes, Stack size 0 bytes, retarget.o(i.ferror))
<BR><BR>[Called By]<UL><LI><a href="#[3a]">&gt;&gt;</a>&nbsp;&nbsp;&nbsp;_printf_char_file
</UL>

<P><STRONG><a name="[20]"></a>fputc</STRONG> (Thumb, 12 bytes, Stack size 4 bytes, retarget.o(i.fputc))
<BR><BR>[Stack]<UL><LI>Max Depth = 4<LI>Call Chain = fputc
</UL>
<BR>[Calls]<UL><LI><a href="#[12c]">&gt;&gt;</a>&nbsp;&nbsp;&nbsp;SendChar_ToUART
</UL>
<BR>[Address Reference Count : 1]<UL><LI> _printf_char_file.o(.text)
</UL>
<P><STRONG><a name="[33]"></a>main</STRONG> (Thumb, 82 bytes, Stack size 0 bytes, main.o(i.main))
<BR><BR>[Stack]<UL><LI>Max Depth = 680 + Unknown Stack Size
<LI>Call Chain = main &rArr; App_Initiate &rArr; App_StartRecognize &rArr; VROneCmdApp_Initiate &rArr; CSpotter_Init_Sep &rArr; CSpotter_Init_MultiWithExtRejModel &rArr; NINJA_API_73 &rArr; BsrRay &rArr; BsrDina
</UL>
<BR>[Calls]<UL><LI><a href="#[125]">&gt;&gt;</a>&nbsp;&nbsp;&nbsp;SysClk_InitiateRC
<LI><a href="#[11f]">&gt;&gt;</a>&nbsp;&nbsp;&nbsp;SPK_Open
<LI><a href="#[ff]">&gt;&gt;</a>&nbsp;&nbsp;&nbsp;PdmaCtrl_Init
<LI><a href="#[f8]">&gt;&gt;</a>&nbsp;&nbsp;&nbsp;OutputPin_Initiate
<LI><a href="#[de]">&gt;&gt;</a>&nbsp;&nbsp;&nbsp;MIC_Open
<LI><a href="#[b5]">&gt;&gt;</a>&nbsp;&nbsp;&nbsp;CLK_EnableLDO
<LI><a href="#[56]">&gt;&gt;</a>&nbsp;&nbsp;&nbsp;App_Process
<LI><a href="#[50]">&gt;&gt;</a>&nbsp;&nbsp;&nbsp;App_Initiate
<LI><a href="#[12f]">&gt;&gt;</a>&nbsp;&nbsp;&nbsp;uart_rev_task
<LI><a href="#[12d]">&gt;&gt;</a>&nbsp;&nbsp;&nbsp;time_init
<LI><a href="#[12e]">&gt;&gt;</a>&nbsp;&nbsp;&nbsp;pwm_init
<LI><a href="#[129]">&gt;&gt;</a>&nbsp;&nbsp;&nbsp;UART_Init
<LI><a href="#[113]">&gt;&gt;</a>&nbsp;&nbsp;&nbsp;SPIFlash_Initiate
<LI><a href="#[39]">&gt;&gt;</a>&nbsp;&nbsp;&nbsp;__2printf
</UL>
<BR>[Called By]<UL><LI><a href="#[32]">&gt;&gt;</a>&nbsp;&nbsp;&nbsp;__rt_entry_main
</UL>

<P><STRONG><a name="[12e]"></a>pwm_init</STRONG> (Thumb, 46 bytes, Stack size 8 bytes, main.o(i.pwm_init))
<BR><BR>[Stack]<UL><LI>Max Depth = 24<LI>Call Chain = pwm_init &rArr; CLK_SetModuleClock
</UL>
<BR>[Calls]<UL><LI><a href="#[df]">&gt;&gt;</a>&nbsp;&nbsp;&nbsp;SYS_ResetModule
<LI><a href="#[120]">&gt;&gt;</a>&nbsp;&nbsp;&nbsp;CLK_SetModuleClock
<LI><a href="#[69]">&gt;&gt;</a>&nbsp;&nbsp;&nbsp;CLK_EnableModuleClock
</UL>
<BR>[Called By]<UL><LI><a href="#[33]">&gt;&gt;</a>&nbsp;&nbsp;&nbsp;main
</UL>

<P><STRONG><a name="[12d]"></a>time_init</STRONG> (Thumb, 110 bytes, Stack size 24 bytes, main.o(i.time_init))
<BR><BR>[Stack]<UL><LI>Max Depth = 88<LI>Call Chain = time_init &rArr; TIMER_Open &rArr; TIMER_GetModuleClock
</UL>
<BR>[Calls]<UL><LI><a href="#[128]">&gt;&gt;</a>&nbsp;&nbsp;&nbsp;TIMER_Open
<LI><a href="#[120]">&gt;&gt;</a>&nbsp;&nbsp;&nbsp;CLK_SetModuleClock
<LI><a href="#[69]">&gt;&gt;</a>&nbsp;&nbsp;&nbsp;CLK_EnableModuleClock
</UL>
<BR>[Called By]<UL><LI><a href="#[33]">&gt;&gt;</a>&nbsp;&nbsp;&nbsp;main
</UL>

<P><STRONG><a name="[12f]"></a>uart_rev_task</STRONG> (Thumb, 24 bytes, Stack size 0 bytes, main.o(i.uart_rev_task))
<BR><BR>[Called By]<UL><LI><a href="#[33]">&gt;&gt;</a>&nbsp;&nbsp;&nbsp;main
</UL>
<P>
<H3>
Local Symbols
</H3>
<P><STRONG><a name="[12]"></a>Default_Handler</STRONG> (Thumb, 2 bytes, Stack size 0 bytes, startup_isd9100.o(.text))
<BR><BR>[Calls]<UL><LI><a href="#[12]">&gt;&gt;</a>&nbsp;&nbsp;&nbsp;Default_Handler
</UL>
<BR>[Called By]<UL><LI><a href="#[12]">&gt;&gt;</a>&nbsp;&nbsp;&nbsp;Default_Handler
</UL>
<BR>[Address Reference Count : 1]<UL><LI> startup_isd9100.o(RESET)
</UL>
<P><STRONG><a name="[68]"></a>BIQFilter_Setting</STRONG> (Thumb, 40 bytes, Stack size 8 bytes, micspk.o(i.BIQFilter_Setting))
<BR><BR>[Stack]<UL><LI>Max Depth = 24<LI>Call Chain = BIQFilter_Setting &rArr; BIQ_SetCoeff
</UL>
<BR>[Calls]<UL><LI><a href="#[69]">&gt;&gt;</a>&nbsp;&nbsp;&nbsp;CLK_EnableModuleClock
<LI><a href="#[6b]">&gt;&gt;</a>&nbsp;&nbsp;&nbsp;BIQ_SetCoeff
<LI><a href="#[6a]">&gt;&gt;</a>&nbsp;&nbsp;&nbsp;BIQ_Reset
</UL>
<BR>[Called By]<UL><LI><a href="#[11f]">&gt;&gt;</a>&nbsp;&nbsp;&nbsp;SPK_Open
<LI><a href="#[de]">&gt;&gt;</a>&nbsp;&nbsp;&nbsp;MIC_Open
</UL>

<P><STRONG><a name="[dc]"></a>MD4_CheckResLdr</STRONG> (Thumb, 32 bytes, Stack size 8 bytes, md4decode.o(i.MD4_CheckResLdr))
<BR><BR>[Stack]<UL><LI>Max Depth = 8<LI>Call Chain = MD4_CheckResLdr
</UL>
<BR>[Called By]<UL><LI><a href="#[d5]">&gt;&gt;</a>&nbsp;&nbsp;&nbsp;MD4_DecodeProcess
<LI><a href="#[db]">&gt;&gt;</a>&nbsp;&nbsp;&nbsp;MD4_DecodeFrame
</UL>

<P><STRONG><a name="[db]"></a>MD4_DecodeFrame</STRONG> (Thumb, 190 bytes, Stack size 32 bytes, md4decode.o(i.MD4_DecodeFrame))
<BR><BR>[Stack]<UL><LI>Max Depth = 40<LI>Call Chain = MD4_DecodeFrame &rArr; MD4_CheckResLdr
</UL>
<BR>[Calls]<UL><LI><a href="#[dc]">&gt;&gt;</a>&nbsp;&nbsp;&nbsp;MD4_CheckResLdr
</UL>
<BR>[Called By]<UL><LI><a href="#[d5]">&gt;&gt;</a>&nbsp;&nbsp;&nbsp;MD4_DecodeProcess
</UL>

<P><STRONG><a name="[8b]"></a>BsrBen</STRONG> (Thumb, 172 bytes, Stack size 16 bytes, BsrJim.o(i.BsrBen))
<BR><BR>[Stack]<UL><LI>Max Depth = 28<LI>Call Chain = BsrBen &rArr; BsrMaxi
</UL>
<BR>[Calls]<UL><LI><a href="#[8c]">&gt;&gt;</a>&nbsp;&nbsp;&nbsp;BsrMaxi
</UL>
<BR>[Called By]<UL><LI><a href="#[a9]">&gt;&gt;</a>&nbsp;&nbsp;&nbsp;BsrMichael
<LI><a href="#[8a]">&gt;&gt;</a>&nbsp;&nbsp;&nbsp;BsrAvea
</UL>

<P><STRONG><a name="[a6]"></a>BsrJoan</STRONG> (Thumb, 366 bytes, Stack size 40 bytes, BsrKai.o(i.BsrJoan))
<BR><BR>[Stack]<UL><LI>Max Depth = 48<LI>Call Chain = BsrJoan &rArr; __aeabi_idivmod
</UL>
<BR>[Calls]<UL><LI><a href="#[4e]">&gt;&gt;</a>&nbsp;&nbsp;&nbsp;__aeabi_idivmod
</UL>
<BR>[Called By]<UL><LI><a href="#[b4]">&gt;&gt;</a>&nbsp;&nbsp;&nbsp;BsrTre
<LI><a href="#[b0]">&gt;&gt;</a>&nbsp;&nbsp;&nbsp;BsrRon
</UL>

<P><STRONG><a name="[a2]"></a>BsrJuanitez</STRONG> (Thumb, 52 bytes, Stack size 4 bytes, BsrEva.o(i.BsrJuanitez))
<BR><BR>[Stack]<UL><LI>Max Depth = 4<LI>Call Chain = BsrJuanitez
</UL>
<BR>[Called By]<UL><LI><a href="#[76]">&gt;&gt;</a>&nbsp;&nbsp;&nbsp;BsrElsa
<LI><a href="#[75]">&gt;&gt;</a>&nbsp;&nbsp;&nbsp;BsrElla
</UL>

<P><STRONG><a name="[8d]"></a>BsrBret</STRONG> (Thumb, 324 bytes, Stack size 104 bytes, BsrJay.o(i.BsrBret))
<BR><BR>[Stack]<UL><LI>Max Depth = 104<LI>Call Chain = BsrBret
</UL>
<BR>[Called By]<UL><LI><a href="#[81]">&gt;&gt;</a>&nbsp;&nbsp;&nbsp;BsrCarae
<LI><a href="#[80]">&gt;&gt;</a>&nbsp;&nbsp;&nbsp;BsrCara
</UL>

<P><STRONG><a name="[8e]"></a>BsrJeni</STRONG> (Thumb, 390 bytes, Stack size 104 bytes, BsrJay.o(i.BsrJeni))
<BR><BR>[Stack]<UL><LI>Max Depth = 112<LI>Call Chain = BsrJeni &rArr; __aeabi_idivmod
</UL>
<BR>[Calls]<UL><LI><a href="#[4e]">&gt;&gt;</a>&nbsp;&nbsp;&nbsp;__aeabi_idivmod
</UL>
<BR>[Called By]<UL><LI><a href="#[89]">&gt;&gt;</a>&nbsp;&nbsp;&nbsp;BsrClay
</UL>

<P><STRONG><a name="[93]"></a>BsrJamii</STRONG> (Thumb, 226 bytes, Stack size 40 bytes, BsrJoy.o(i.BsrJamii))
<BR><BR>[Stack]<UL><LI>Max Depth = 40<LI>Call Chain = BsrJamii
</UL>
<BR>[Calls]<UL><LI><a href="#[95]">&gt;&gt;</a>&nbsp;&nbsp;&nbsp;__aeabi_uidivmod
</UL>
<BR>[Called By]<UL><LI><a href="#[92]">&gt;&gt;</a>&nbsp;&nbsp;&nbsp;BsrDeon
</UL>

<P><STRONG><a name="[21]"></a>_printf_input_char</STRONG> (Thumb, 10 bytes, Stack size 0 bytes, _printf_char_common.o(.text))
<BR>[Address Reference Count : 1]<UL><LI> _printf_char_common.o(.text)
</UL><P>
<H3>
Undefined Global Symbols
</H3>
<P><STRONG><a name="[4b]"></a>_call_atexit_fns</STRONG> (ARM, 0 bytes, Stack size 0 bytes, UNDEFINED)
<BR><BR>[Called By]<UL><LI><a href="#[34]">&gt;&gt;</a>&nbsp;&nbsp;&nbsp;exit
</UL>

<P><STRONG><a name="[46]"></a>_printf_mbtowc</STRONG> (ARM, 0 bytes, Stack size 0 bytes, UNDEFINED)
<BR><BR>[Called By]<UL><LI><a href="#[45]">&gt;&gt;</a>&nbsp;&nbsp;&nbsp;_printf_cs_common
</UL>

<P><STRONG><a name="[3d]"></a>_printf_post_padding</STRONG> (ARM, 0 bytes, Stack size 0 bytes, UNDEFINED)
<BR><BR>[Called By]<UL><LI><a href="#[3b]">&gt;&gt;</a>&nbsp;&nbsp;&nbsp;_printf_str
</UL>

<P><STRONG><a name="[3c]"></a>_printf_pre_padding</STRONG> (ARM, 0 bytes, Stack size 0 bytes, UNDEFINED)
<BR><BR>[Called By]<UL><LI><a href="#[3b]">&gt;&gt;</a>&nbsp;&nbsp;&nbsp;_printf_str
</UL>
<HR></body></html>
