                         Project -- Build Report

Project Path : F:\shovelhp\Documents\GitHub\isd9160vr\CSpotter VR Nuvoton ISD9160 Demo Code\OneCommand\AudioRes\AudioRes.wba
Built time : 2019/08/16 PM 02:25
===============================================================================

-------------------------------------------------------------------------------
  Command indexes definition information
-------------------------------------------------------------------------------
Command indexes are defined in F:\shovelhp\Documents\GitHub\isd9160vr\CSpotter VR Nuvoton ISD9160 Demo Code\
--> Line number is : 0
--> Max. index number is : -01

-------------------------------------------------------------------------------
  Instruments/Events defined in audio files, by file
-------------------------------------------------------------------------------
-------------------------------------------------------------------------------
  Event(s) defined in audio files, by Event
-------------------------------------------------------------------------------
-------------------------------------------------------------------------------
  Instrument(s) defined in audio files, by Instrument
-------------------------------------------------------------------------------
-------------------------------------------------------------------------------
  Drum(s) defined in audio files, by Drum
-------------------------------------------------------------------------------
-------------------------------------------------------------------------------
  Audio files/equations defined in source files
-------------------------------------------------------------------------------

